TAP version 13
# Subtest: MO-1203 exposes the closed immutable Investigation Core contract
ok 1 - MO-1203 exposes the closed immutable Investigation Core contract
  ---
  duration_ms: 1205.9794
  type: 'test'
  ...
# Subtest: MO-1203 lifecycle executes Observe Trace Replay Compare and exact return transitions
ok 2 - MO-1203 lifecycle executes Observe Trace Replay Compare and exact return transitions
  ---
  duration_ms: 12789.9643
  type: 'test'
  ...
# Subtest: MO-1203 Replay and comparison are exact projections of the released deterministic engines
ok 3 - MO-1203 Replay and comparison are exact projections of the released deterministic engines
  ---
  duration_ms: 7790.8146
  type: 'test'
  ...
# Subtest: MO-1203 transition logs are canonical digest-bound deterministic truth
ok 4 - MO-1203 transition logs are canonical digest-bound deterministic truth
  ---
  duration_ms: 4699.6658
  type: 'test'
  ...
# Subtest: MO-1203 invalid commands and transitions fail atomically with closed diagnostics
ok 5 - MO-1203 invalid commands and transitions fail atomically with closed diagnostics
  ---
  duration_ms: 1704.4052
  type: 'test'
  ...
# Subtest: MO-1203 verification is point-in-time evidence and later changes require reverification
ok 6 - MO-1203 verification is point-in-time evidence and later changes require reverification
  ---
  duration_ms: 1137.8046
  type: 'test'
  ...
# Subtest: MO-1203 accepted observations rebuild valid active traces without moving semantic geography
ok 7 - MO-1203 accepted observations rebuild valid active traces without moving semantic geography
  ---
  duration_ms: 572.4005
  type: 'test'
  ...
# Subtest: MO-1203 checkpoints restore exact immutable state and reject stale or forged history
ok 8 - MO-1203 checkpoints restore exact immutable state and reject stale or forged history
  ---
  duration_ms: 1782.528
  type: 'test'
  ...
# Subtest: MO-1203 complete MIP import export verification and capability playback are exact
ok 9 - MO-1203 complete MIP import export verification and capability playback are exact
  ---
  duration_ms: 22631.2747
  type: 'test'
  ...
# Subtest: MO-1203 MIP availability exposes only authored Evolution and active-bound Comparative truth
ok 10 - MO-1203 MIP availability exposes only authored Evolution and active-bound Comparative truth
  ---
  duration_ms: 14325.9207
  type: 'test'
  ...
# Subtest: MO-1203 MIP failures are atomic and observation-only packages never fabricate capabilities
ok 11 - MO-1203 MIP failures are atomic and observation-only packages never fabricate capabilities
  ---
  duration_ms: 453.3094
  type: 'test'
  ...
# Subtest: MO-1203 generic adapter handoff imports observation truth without invented cognition
ok 12 - MO-1203 generic adapter handoff imports observation truth without invented cognition
  ---
  duration_ms: 553.2564
  type: 'test'
  ...
# Subtest: MO-1203 instances, investigations, and caller inputs remain isolated under concurrent use
ok 13 - MO-1203 instances, investigations, and caller inputs remain isolated under concurrent use
  ---
  duration_ms: 718.3654
  type: 'test'
  ...
# Subtest: MO-1203 Investigation Core is headless provider-neutral and renderer-independent
ok 14 - MO-1203 Investigation Core is headless provider-neutral and renderer-independent
  ---
  duration_ms: 98.6344
  type: 'test'
  ...
# Subtest: integrity validation independently rejects section, cognition, and package commitment mismatches
ok 15 - integrity validation independently rejects section, cognition, and package commitment mismatches
  ---
  duration_ms: 116.6693
  type: 'test'
  ...
# Subtest: Workspace ownership is enforced for every persisted cognitive artifact
ok 16 - Workspace ownership is enforced for every persisted cognitive artifact
  ---
  duration_ms: 542.6237
  type: 'test'
  ...
# Subtest: provenance validation enforces role grammar, cardinality, relationship use, and connectivity
ok 17 - provenance validation enforces role grammar, cardinality, relationship use, and connectivity
  ---
  duration_ms: 535.8269
  type: 'test'
  ...
# Subtest: Trace and Replay reconstruction reject bad bindings, indices, terminals, and payload
ok 18 - Trace and Replay reconstruction reject bad bindings, indices, terminals, and payload
  ---
  duration_ms: 861.4049
  type: 'test'
  ...
# Subtest: reverse relationship orientation reconstructs into reverse Trace and Replay directions
ok 19 - reverse relationship orientation reconstructs into reverse Trace and Replay directions
  ---
  duration_ms: 122.1607
  type: 'test'
  ...
# Subtest: Evolution recomputation covers every record difference kind and modified relationships
ok 20 - Evolution recomputation covers every record difference kind and modified relationships
  ---
  duration_ms: 242.8156
  type: 'test'
  ...
# Subtest: Evolution recomputation covers added and removed evidence and relationships
ok 21 - Evolution recomputation covers added and removed evidence and relationships
  ---
  duration_ms: 280.4697
  type: 'test'
  ...
# Subtest: Comparative Reconstruction deterministically emits A-only divergence when the earlier Trace has extra cognition
ok 22 - Comparative Reconstruction deterministically emits A-only divergence when the earlier Trace has extra cognition
  ---
  duration_ms: 180.5712
  type: 'test'
  ...
# Subtest: same-phase diagnostics are deterministically sorted and an earlier phase wins
ok 23 - same-phase diagnostics are deterministically sorted and an earlier phase wins
  ---
  duration_ms: 57.3064
  type: 'test'
  ...
# Subtest: extension contract enforces reverse-DNS names, shape, bijection, versions, and critical support
ok 24 - extension contract enforces reverse-DNS names, shape, bijection, versions, and critical support
  ---
  duration_ms: 95.8329
  type: 'test'
  ...
# Subtest: prohibited content detects security material, runtime residue, active media, and copied cognition
ok 25 - prohibited content detects security material, runtime residue, active media, and copied cognition
  ---
  duration_ms: 1954.203
  type: 'test'
  ...
# Subtest: hostile inputs fail safely without draft spoofing, stack overflow, raw errors, or path traversal
ok 26 - hostile inputs fail safely without draft spoofing, stack overflow, raw errors, or path traversal
  ---
  duration_ms: 125.782
  type: 'test'
  ...
# Subtest: Producer trust, versions, critical support, timestamps, and artifact envelopes remain explicit
ok 27 - Producer trust, versions, critical support, timestamps, and artifact envelopes remain explicit
  ---
  duration_ms: 157.8182
  type: 'test'
  ...
# Subtest: strict UTF-8 round-trips Unicode and rejects BOM, malformed bytes, and lone surrogates
ok 28 - strict UTF-8 round-trips Unicode and rejects BOM, malformed bytes, and lone surrogates
  ---
  duration_ms: 4.0405
  type: 'test'
  ...
# Subtest: strict JSON parsing preserves exact members and reports duplicate names with paths
ok 29 - strict JSON parsing preserves exact members and reports duplicate names with paths
  ---
  duration_ms: 2.0607
  type: 'test'
  ...
# Subtest: strict JSON rejects syntax extensions, invalid Unicode, and invalid MIP numbers
ok 30 - strict JSON rejects syntax extensions, invalid Unicode, and invalid MIP numbers
  ---
  duration_ms: 1.0313
  type: 'test'
  ...
# Subtest: canonical serialization follows RFC 8785 ordering and the MIP numeric subset
ok 31 - canonical serialization follows RFC 8785 ordering and the MIP numeric subset
  ---
  duration_ms: 0.9516
  type: 'test'
  ...
# Subtest: canonical serialization rejects non-JSON and non-interoperable values
ok 32 - canonical serialization rejects non-JSON and non-interoperable values
  ---
  duration_ms: 0.7592
  type: 'test'
  ...
# Subtest: pure JavaScript SHA-256 and MIP domain separation match known vectors
ok 33 - pure JavaScript SHA-256 and MIP domain separation match known vectors
  ---
  duration_ms: 3.1758
  type: 'test'
  ...
# Subtest: canonical clone and deep freeze produce detached immutable JSON values
ok 34 - canonical clone and deep freeze produce detached immutable JSON values
  ---
  duration_ms: 3.3162
  type: 'test'
  ...
# Subtest: published MIP vector minimal-observation.mip.b64 has canonical bytes and exact commitments
ok 35 - published MIP vector minimal-observation.mip.b64 has canonical bytes and exact commitments
  ---
  duration_ms: 34.3527
  type: 'test'
  ...
# Subtest: published MIP vector complete-investigation.mip.b64 has canonical bytes and exact commitments
ok 36 - published MIP vector complete-investigation.mip.b64 has canonical bytes and exact commitments
  ---
  duration_ms: 27.3284
  type: 'test'
  ...
# Subtest: published MIP vector noncritical-extension.mip.b64 has canonical bytes and exact commitments
ok 37 - published MIP vector noncritical-extension.mip.b64 has canonical bytes and exact commitments
  ---
  duration_ms: 4.9618
  type: 'test'
  ...
# Subtest: CCA-MIP-024: multi-branch Trace reconstruction preserves Reflection and evidence provenance order
ok 38 - CCA-MIP-024: multi-branch Trace reconstruction preserves Reflection and evidence provenance order
  ---
  duration_ms: 380.7929
  type: 'test'
  ...
# Subtest: CCA-MIP-026: multi-branch Replay uses fixed role order and first-seen suppression
ok 39 - CCA-MIP-026: multi-branch Replay uses fixed role order and first-seen suppression
  ---
  duration_ms: 183.2676
  type: 'test'
  ...
# Subtest: CCA-MIP-035: an equal-length LCS tie emits Observation A first
ok 40 - CCA-MIP-035: an equal-length LCS tie emits Observation A first
  ---
  duration_ms: 459.8537
  type: 'test'
  ...
# Subtest: CCA-MIP-035: relationship revision and Trace binding reasons use the mandated exact order
ok 41 - CCA-MIP-035: relationship revision and Trace binding reasons use the mandated exact order
  ---
  duration_ms: 353.9426
  type: 'test'
  ...
# Subtest: CCA-MIP-006,038: interoperable integer boundaries and declared decimal strings remain exact
ok 42 - CCA-MIP-006,038: interoperable integer boundaries and declared decimal strings remain exact
  ---
  duration_ms: 223.1348
  type: 'test'
  ...
# Subtest: CCA-MIP-012: colliding source identities require contiguous occurrences in authoritative order
ok 43 - CCA-MIP-012: colliding source identities require contiguous occurrences in authoritative order
  ---
  duration_ms: 98.4752
  type: 'test'
  ...
# Subtest: CCA-MIP-012: inconsistent occurrence references fail in their deterministic semantic phase
ok 44 - CCA-MIP-012: inconsistent occurrence references fail in their deterministic semantic phase
  ---
  duration_ms: 1225.2398
  type: 'test'
  ...
# Subtest: CCA-MIP-018: sequence gaps are valid and preserved exactly
ok 45 - CCA-MIP-018: sequence gaps are valid and preserved exactly
  ---
  duration_ms: 103.9267
  type: 'test'
  ...
# Subtest: CCA-MIP-018: duplicate and descending Observation sequences are rejected
ok 46 - CCA-MIP-018: duplicate and descending Observation sequences are rejected
  ---
  duration_ms: 100.8913
  type: 'test'
  ...
# Subtest: CCA-MIP-018: Producer rejects source chronology inversion before canonical normalization
ok 47 - CCA-MIP-018: Producer rejects source chronology inversion before canonical normalization
  ---
  duration_ms: 6.6417
  type: 'test'
  ...
# Subtest: CCA-MIP-045: adjacent multi-defect vectors prove the exact thirteen-phase precedence
ok 48 - CCA-MIP-045: adjacent multi-defect vectors prove the exact thirteen-phase precedence
  ---
  duration_ms: 840.6245
  type: 'test'
  ...
# Subtest: CCA-MIP-046: every closed diagnostic code has stable shape and an RFC 6901 pointer
ok 49 - CCA-MIP-046: every closed diagnostic code has stable shape and an RFC 6901 pointer
  ---
  duration_ms: 1437.6343
  type: 'test'
  ...
# Subtest: CCA-MIP-046: multiple diagnostics are deterministically ordered by path then code within a phase
ok 50 - CCA-MIP-046: multiple diagnostics are deterministically ordered by path then code within a phase
  ---
  duration_ms: 44.8194
  type: 'test'
  ...
# Subtest: CCA-MIP-051..052: detached-byte publication is atomic and never mutates caller-owned state
ok 51 - CCA-MIP-051..052: detached-byte publication is atomic and never mutates caller-owned state
  ---
  duration_ms: 435.2273
  type: 'test'
  ...
# Subtest: CCA-MIP-051..052: artifact publication failure returns nothing and preserves all preexisting state
ok 52 - CCA-MIP-051..052: artifact publication failure returns nothing and preserves all preexisting state
  ---
  duration_ms: 66.0645
  type: 'test'
  ...
# Subtest: CCA-MIP-052: failed import and verification preserve existing package and expose no partial state
ok 53 - CCA-MIP-052: failed import and verification preserve existing package and expose no partial state
  ---
  duration_ms: 388.1849
  type: 'test'
  ...
# Subtest: CCA-MIP-055: every public round-trip preserves an unknown noncritical extension exactly
ok 54 - CCA-MIP-055: every public round-trip preserves an unknown noncritical extension exactly
  ---
  duration_ms: 241.7411
  type: 'test'
  ...
# Subtest: CCA-MIP-058: compatibility is explicit, lossless, and never silently coerces a wire version
ok 55 - CCA-MIP-058: compatibility is explicit, lossless, and never silently coerces a wire version
  ---
  duration_ms: 306.517
  type: 'test'
  ...
# Subtest: vendored MIP-001 schema is the exact frozen publication
ok 56 - vendored MIP-001 schema is the exact frozen publication
  ---
  duration_ms: 11.9879
  type: 'test'
  ...
# Subtest: independent JSON Schema validation accepts published vector minimal-observation.mip.b64
ok 57 - independent JSON Schema validation accepts published vector minimal-observation.mip.b64
  ---
  duration_ms: 60.0536
  type: 'test'
  ...
# Subtest: independent JSON Schema validation accepts published vector complete-investigation.mip.b64
ok 58 - independent JSON Schema validation accepts published vector complete-investigation.mip.b64
  ---
  duration_ms: 262.7702
  type: 'test'
  ...
# Subtest: independent JSON Schema validation accepts published vector noncritical-extension.mip.b64
ok 59 - independent JSON Schema validation accepts published vector noncritical-extension.mip.b64
  ---
  duration_ms: 21.6881
  type: 'test'
  ...
# Subtest: independent JSON Schema validation rejects closed-core and profile violations
ok 60 - independent JSON Schema validation rejects closed-core and profile violations
  ---
  duration_ms: 17.0407
  type: 'test'
  ...
1..60
# tests 60
# suites 0
# pass 60
# fail 0
# cancelled 0
# skipped 0
# todo 0
# duration_ms 106843.4269
