TAP version 13
# node:internal/modules/package_json_reader:331
#   throw new ERR_MODULE_NOT_FOUND(packageName, fileURLToPath(base), null);
#         ^
# Error [ERR_MODULE_NOT_FOUND]: Cannot find package '@modelcontextprotocol/server' imported from C:\\Users\\melsa\\Documents\\Codex\\cca-mo1305-2b\\repositories\\memoryos-mcp\\tests\\contracts.test.mjs
#     at Object.getPackageJSONURL (node:internal/modules/package_json_reader:331:9)
#     at packageResolve (node:internal/modules/esm/resolve:784:25)
#     at moduleResolve (node:internal/modules/esm/resolve:873:18)
#     at defaultResolve (node:internal/modules/esm/resolve:1006:11)
#     at \#cachedDefaultResolve (node:internal/modules/esm/loader:705:20)
#     at \#resolveAndMaybeBlockOnLoaderThread (node:internal/modules/esm/loader:725:38)
#     at ModuleLoader.resolveSync (node:internal/modules/esm/loader:763:56)
#     at \#resolve (node:internal/modules/esm/loader:687:17)
#     at ModuleLoader.getOrCreateModuleJob (node:internal/modules/esm/loader:607:35)
#     at ModuleJob.syncLink (node:internal/modules/esm/module_job:276:33) {
#   code: 'ERR_MODULE_NOT_FOUND'
# }
# Node.js v24.21.0
# Subtest: repositories\\memoryos-mcp\\tests\\contracts.test.mjs
not ok 1 - repositories\\memoryos-mcp\\tests\\contracts.test.mjs
  ---
  duration_ms: 2904.4697
  type: 'test'
  location: 'C:\\Users\\melsa\\Documents\\Codex\\cca-mo1305-2b\\repositories\\memoryos-mcp\\tests\\contracts.test.mjs:1:1'
  failureType: 'testCodeFailure'
  exitCode: 1
  signal: ~
  error: 'test failed'
  code: 'ERR_TEST_FAILURE'
  ...
# node:internal/modules/package_json_reader:331
#   throw new ERR_MODULE_NOT_FOUND(packageName, fileURLToPath(base), null);
#         ^
# Error [ERR_MODULE_NOT_FOUND]: Cannot find package 'zod' imported from C:\\Users\\melsa\\Documents\\Codex\\cca-mo1305-2b\\repositories\\memoryos-mcp\\src\\contracts.mjs
#     at Object.getPackageJSONURL (node:internal/modules/package_json_reader:331:9)
#     at packageResolve (node:internal/modules/esm/resolve:784:25)
#     at moduleResolve (node:internal/modules/esm/resolve:873:18)
#     at defaultResolve (node:internal/modules/esm/resolve:1006:11)
#     at \#cachedDefaultResolve (node:internal/modules/esm/loader:705:20)
#     at \#resolveAndMaybeBlockOnLoaderThread (node:internal/modules/esm/loader:725:38)
#     at ModuleLoader.resolveSync (node:internal/modules/esm/loader:763:56)
#     at \#resolve (node:internal/modules/esm/loader:687:17)
#     at ModuleLoader.getOrCreateModuleJob (node:internal/modules/esm/loader:607:35)
#     at ModuleJob.syncLink (node:internal/modules/esm/module_job:276:33) {
#   code: 'ERR_MODULE_NOT_FOUND'
# }
# Node.js v24.21.0
# Subtest: repositories\\memoryos-mcp\\tests\\delegation.test.mjs
not ok 2 - repositories\\memoryos-mcp\\tests\\delegation.test.mjs
  ---
  duration_ms: 2417.01
  type: 'test'
  location: 'C:\\Users\\melsa\\Documents\\Codex\\cca-mo1305-2b\\repositories\\memoryos-mcp\\tests\\delegation.test.mjs:1:1'
  failureType: 'testCodeFailure'
  exitCode: 1
  signal: ~
  error: 'test failed'
  code: 'ERR_TEST_FAILURE'
  ...
# node:internal/modules/package_json_reader:331
#   throw new ERR_MODULE_NOT_FOUND(packageName, fileURLToPath(base), null);
#         ^
# Error [ERR_MODULE_NOT_FOUND]: Cannot find package 'zod' imported from C:\\Users\\melsa\\Documents\\Codex\\cca-mo1305-2b\\repositories\\memoryos-mcp\\src\\contracts.mjs
#     at Object.getPackageJSONURL (node:internal/modules/package_json_reader:331:9)
#     at packageResolve (node:internal/modules/esm/resolve:784:25)
#     at moduleResolve (node:internal/modules/esm/resolve:873:18)
#     at defaultResolve (node:internal/modules/esm/resolve:1006:11)
#     at \#cachedDefaultResolve (node:internal/modules/esm/loader:705:20)
#     at \#resolveAndMaybeBlockOnLoaderThread (node:internal/modules/esm/loader:725:38)
#     at ModuleLoader.resolveSync (node:internal/modules/esm/loader:763:56)
#     at \#resolve (node:internal/modules/esm/loader:687:17)
#     at ModuleLoader.getOrCreateModuleJob (node:internal/modules/esm/loader:607:35)
#     at ModuleJob.syncLink (node:internal/modules/esm/module_job:276:33) {
#   code: 'ERR_MODULE_NOT_FOUND'
# }
# Node.js v24.21.0
# Subtest: repositories\\memoryos-mcp\\tests\\dispatcher.test.mjs
not ok 3 - repositories\\memoryos-mcp\\tests\\dispatcher.test.mjs
  ---
  duration_ms: 3365.4663
  type: 'test'
  location: 'C:\\Users\\melsa\\Documents\\Codex\\cca-mo1305-2b\\repositories\\memoryos-mcp\\tests\\dispatcher.test.mjs:1:1'
  failureType: 'testCodeFailure'
  exitCode: 1
  signal: ~
  error: 'test failed'
  code: 'ERR_TEST_FAILURE'
  ...
# Subtest: runtime closure is byte-preserved and pinned to exactly the authoritative source files
ok 4 - runtime closure is byte-preserved and pinned to exactly the authoritative source files
  ---
  duration_ms: 851.8485
  type: 'test'
  ...
# Subtest: missing/changed/extra runtime payload, changed manifest, contract substitution and path types fail closed
ok 5 - missing/changed/extra runtime payload, changed manifest, contract substitution and path types fail closed
  ---
  duration_ms: 2466.8149
  type: 'test'
  ...
# Subtest: junction/symlink runtime root and case-substituted inventory are rejected
ok 6 - junction/symlink runtime root and case-substituted inventory are rejected
  ---
  duration_ms: 449.4317
  type: 'test'
  ...
# Subtest: unsafe member names and environment/preload/runtime substitutions reject without lookup
ok 7 - unsafe member names and environment/preload/runtime substitutions reject without lookup
  ---
  duration_ms: 4.8151
  type: 'test'
  ...
# Subtest: missing resource file and missing finite constant fail startup validation
ok 8 - missing resource file and missing finite constant fail startup validation
  ---
  duration_ms: 65.9601
  type: 'test'
  ...
# Subtest: production dependency closure rejects changed, missing and extra package members
not ok 9 - production dependency closure rejects changed, missing and extra package members
  ---
  duration_ms: 76.7914
  type: 'test'
  location: 'C:\\Users\\melsa\\Documents\\Codex\\cca-mo1305-2b\\repositories\\memoryos-mcp\\tests\\integrity.test.mjs:46:1'
  failureType: 'testCodeFailure'
  error: "ENOENT: no such file or directory, lstat 'C:\\Users\\melsa\\Documents\\Codex\\cca-mo1305-2b\\repositories\\memoryos-mcp\\node_modules\\@modelcontextprotocol\\core'"
  code: 'ENOENT'
  stack: |-
    async lstat (node:internal/fs/promises:1734:18)
    async Promise.all (index 0)
    async checkPaths (node:internal/fs/cp/cp:77:39)
    async cpFn (node:internal/fs/cp/cp:66:17)
    async TestContext.<anonymous> (file:///C:/Users/melsa/Documents/Codex/cca-mo1305-2b/repositories/memoryos-mcp/tests/integrity.test.mjs:49:40)
    async Test.run (node:internal/test_runner/test:1409:7)
    async Test.processPendingSubtests (node:internal/test_runner/test:974:7)
  ...
1..9
# tests 9
# suites 0
# pass 5
# fail 4
# cancelled 0
# skipped 0
# todo 0
# duration_ms 15626.6913
