TAP version 13
# Subtest: closed catalog has six semantic and three operational operations with unique methods/paths/IDs
ok 1 - closed catalog has six semantic and three operational operations with unique methods/paths/IDs
  ---
  duration_ms: 4.1864
  type: 'test'
  ...
# Subtest: strict JSON preserves safe values and creates null-prototype objects
ok 2 - strict JSON preserves safe values and creates null-prototype objects
  ---
  duration_ms: 3.2956
  type: 'test'
  ...
# Subtest: JSON rejects duplicate decoded keys before assignment
ok 3 - JSON rejects duplicate decoded keys before assignment
  ---
  duration_ms: 1.7386
  type: 'test'
  ...
# Subtest: JSON rejects malformed UTF-8, BOM, invalid strings and trailing tokens
ok 4 - JSON rejects malformed UTF-8, BOM, invalid strings and trailing tokens
  ---
  duration_ms: 1.4642
  type: 'test'
  ...
# Subtest: JSON rejects unsupported number lexical forms and unsafe integers
ok 5 - JSON rejects unsupported number lexical forms and unsafe integers
  ---
  duration_ms: 0.9715
  type: 'test'
  ...
# Subtest: JSON exact depth, members, nodes, strings and byte boundaries
ok 6 - JSON exact depth, members, nodes, strings and byte boundaries
  ---
  duration_ms: 1.2973
  type: 'test'
  ...
# Subtest: transport serialization sorts recursively without changing byte products
ok 7 - transport serialization sorts recursively without changing byte products
  ---
  duration_ms: 1.1041
  type: 'test'
  ...
# Subtest: canonical Base64 distinguishes malformed syntax from decoded byte overflow
ok 8 - canonical Base64 distinguishes malformed syntax from decoded byte overflow
  ---
  duration_ms: 21.7525
  type: 'test'
  ...
# Subtest: request schemas are closed, typed and have no coercion or prototype grants
ok 9 - request schemas are closed, typed and have no coercion or prototype grants
  ---
  duration_ms: 2.1808
  type: 'test'
  ...
# Subtest: schema compiler rejects unsupported keywords, external/cyclic refs and open objects
ok 10 - schema compiler rejects unsupported keywords, external/cyclic refs and open objects
  ---
  duration_ms: 1.1094
  type: 'test'
  ...
# Subtest: checked reads reject a real file growth race between descriptor reads
ok 11 - checked reads reject a real file growth race between descriptor reads
  ---
  duration_ms: 10.6786
  type: 'test'
  ...
# Subtest: full OpenAPI projection rejects drift in routes, fields, headers, errors, media, security and budgets
ok 12 - full OpenAPI projection rejects drift in routes, fields, headers, errors, media, security and budgets
  ---
  duration_ms: 458.475
  type: 'test'
  ...
1..12
# tests 12
# suites 0
# pass 12
# fail 0
# cancelled 0
# skipped 0
# todo 0
# duration_ms 7918.1868
