TAP version 13
# Subtest: final release contract
ok 1 - final release contract
  ---
  duration_ms: 2.6348
  type: 'test'
  ...
# Subtest: final release graph
ok 2 - final release graph
  ---
  duration_ms: 0.159
  type: 'test'
  ...
# Subtest: final release correction
ok 3 - final release correction
  ---
  duration_ms: 0.1317
  type: 'test'
  ...
# Subtest: final release openapi
ok 4 - final release openapi
  ---
  duration_ms: 0.2328
  type: 'test'
  ...
# Subtest: final release spdx
ok 5 - final release spdx
  ---
  duration_ms: 0.1868
  type: 'test'
  ...
# Subtest: final release package
ok 6 - final release package
  ---
  duration_ms: 0.1361
  type: 'test'
  ...
# Subtest: final release windows
ok 7 - final release windows
  ---
  duration_ms: 0.3804
  type: 'test'
  ...
# Subtest: final release artifact
ok 8 - final release artifact
  ---
  duration_ms: 0.1714
  type: 'test'
  ...
# Subtest: final release audit
ok 9 - final release audit
  ---
  duration_ms: 0.2716
  type: 'test'
  ...
# Subtest: final release closure
ok 10 - final release closure
  ---
  duration_ms: 0.6132
  type: 'test'
  ...
# Subtest: final release receipts
ok 11 - final release receipts
  ---
  duration_ms: 0.3136
  type: 'test'
  ...
# Subtest: final release inventory
ok 12 - final release inventory
  ---
  duration_ms: 0.2607
  type: 'test'
  ...
# Subtest: final release candidate
ok 13 - final release candidate
  ---
  duration_ms: 0.1774
  type: 'test'
  ...
# Subtest: final release historical
ok 14 - final release historical
  ---
  duration_ms: 0.1156
  type: 'test'
  ...
# Subtest: final release tag
ok 15 - final release tag
  ---
  duration_ms: 0.0981
  type: 'test'
  ...
# Subtest: final release tooling
ok 16 - final release tooling
  ---
  duration_ms: 1.1662
  type: 'test'
  ...
# Subtest: final release scope
ok 17 - final release scope
  ---
  duration_ms: 0.1409
  type: 'test'
  ...
# Subtest: final release rebuild
ok 18 - final release rebuild
  ---
  duration_ms: 0.1276
  type: 'test'
  ...
# Subtest: reject candidate-drift-0
ok 19 - reject candidate-drift-0
  ---
  duration_ms: 0.3996
  type: 'test'
  ...
# Subtest: reject candidate-drift-1
ok 20 - reject candidate-drift-1
  ---
  duration_ms: 0.1278
  type: 'test'
  ...
# Subtest: reject audit-candidate-drift
ok 21 - reject audit-candidate-drift
  ---
  duration_ms: 0.0923
  type: 'test'
  ...
# Subtest: reject false-certification-pass
ok 22 - reject false-certification-pass
  ---
  duration_ms: 0.0832
  type: 'test'
  ...
# Subtest: reject wrong-certification-lineage
ok 23 - reject wrong-certification-lineage
  ---
  duration_ms: 0.1039
  type: 'test'
  ...
# Subtest: reject host-interruption-hidden
ok 24 - reject host-interruption-hidden
  ---
  duration_ms: 0.112
  type: 'test'
  ...
# Subtest: reject pending-refresh-not-resolved
ok 25 - reject pending-refresh-not-resolved
  ---
  duration_ms: 0.1515
  type: 'test'
  ...
# Subtest: reject missing-closure-requirement
ok 26 - reject missing-closure-requirement
  ---
  duration_ms: 0.1638
  type: 'test'
  ...
# Subtest: reject forged-closure-proof
ok 27 - reject forged-closure-proof
  ---
  duration_ms: 0.1511
  type: 'test'
  ...
# Subtest: reject wrong-windows-certification-commit
ok 28 - reject wrong-windows-certification-commit
  ---
  duration_ms: 0.0967
  type: 'test'
  ...
# Subtest: reject blocked-closure
ok 29 - reject blocked-closure
  ---
  duration_ms: 0.0814
  type: 'test'
  ...
# Subtest: reject unknown-receipt-field
ok 30 - reject unknown-receipt-field
  ---
  duration_ms: 0.0866
  type: 'test'
  ...
# Subtest: reject unbounded-advisory-claim
ok 31 - reject unbounded-advisory-claim
  ---
  duration_ms: 0.0716
  type: 'test'
  ...
# Subtest: reject receipt-self-reference
ok 32 - reject receipt-self-reference
  ---
  duration_ms: 0.1371
  type: 'test'
  ...
# Subtest: reject premature-or-wrong-binding
ok 33 - reject premature-or-wrong-binding
  ---
  duration_ms: 0.1652
  type: 'test'
  ...
# Subtest: reject false-platform-pass
ok 34 - reject false-platform-pass
  ---
  duration_ms: 0.0869
  type: 'test'
  ...
# Subtest: reject wrong-final-inventory-archive
ok 35 - reject wrong-final-inventory-archive
  ---
  duration_ms: 0.1884
  type: 'test'
  ...
# Subtest: reject failed-attempt-promoted
ok 36 - reject failed-attempt-promoted
  ---
  duration_ms: 0.178
  type: 'test'
  ...
# Subtest: reject duplicate-json
ok 37 - reject duplicate-json
  ---
  duration_ms: 0.1523
  type: 'test'
  ...
# Subtest: reject noncanonical-json
ok 38 - reject noncanonical-json
  ---
  duration_ms: 0.1105
  type: 'test'
  ...
# Subtest: reject binding-runtime-mutation
ok 39 - reject binding-runtime-mutation
  ---
  duration_ms: 0.0721
  type: 'test'
  ...
# Subtest: reject binding-wrong-parent
ok 40 - reject binding-wrong-parent
  ---
  duration_ms: 0.0843
  type: 'test'
  ...
# Subtest: current inventory and final binding satisfy frozen closed schemas
ok 41 - current inventory and final binding satisfy frozen closed schemas
  ---
  duration_ms: 11.5599
  type: 'test'
  ...
# Subtest: full OpenAPI projection and stale pending negative
ok 42 - full OpenAPI projection and stale pending negative
  ---
  duration_ms: 62.3212
  type: 'test'
  ...
# Subtest: final release gate registered and historical gates retained
ok 43 - final release gate registered and historical gates retained
  ---
  duration_ms: 1.8996
  type: 'test'
  ...
1..43
# tests 43
# suites 0
# pass 43
# fail 0
# cancelled 0
# skipped 0
# todo 0
# duration_ms 27005.6894
