✔ package bin resolves to the production executable entry (8.0587ms)
✔ production CLI depends on the SDK facade and no lower platform layer (6.0146ms)
✔ CLI output preserves direct SDK transition truth (3948.2574ms)
✔ Regression output is the exact public SDK report (5143.4865ms)
✔ Investigation navigation output is the exact public SDK result (2875.1459ms)
✔ version and help expose the deterministic supported command surface (14179.8095ms)
✔ argument failures are stable, non-interactive, and use exit code 1 (32488.6289ms)
✔ observe requires explicit deterministic files and emits stable summaries (5736.5798ms)
✔ input validation failures use exit code 2 and deterministic JSON (10441.0771ms)
✔ all documented exit-code classes are observable (9928.5523ms)
✔ history grammar enumerations equal the SDK contract and the fixed usage message (1.6141ms)
✔ every valid history command fails closed and writes nothing (21581.8632ms)
✔ history grammar rejects malformed commands with MO1308_USAGE (58778.8665ms)
✔ history human errors carry the history code and the fixed message (1514.7774ms)
✔ history help lists the exact frozen grammar (1399.735ms)
✔ non-history error envelopes are unchanged (no historyCode) (1292.2621ms)
✔ history grammar performs no I/O, starts no process and reads no clock (R35, R37) (4.5646ms)
✔ CCA-MOS-CLI-004: every command emits deterministic human output through the production CLI (123064.9999ms)
✔ investigate delegates raw and enveloped Regression Reports with stable JSON (9923.5886ms)
✔ investigate selects Evidence, Reflection, Retrieval, and Evolution through the SDK (9004.1209ms)
✔ investigate selects Replay, Transition, and Verification facts exactly (5387.8051ms)
✔ investigate rejects invalid grammar, reports, categories, and selector combinations (21241.4195ms)
✔ investigate remains bounded for a complete deterministic Regression Report (2302.5392ms)
✔ verify delegates valid and invalid package truth with exit code 3 on failure (8386.5803ms)
✔ import and inspect expose the same deterministic SDK investigation metadata (4367.9521ms)
✔ trace requires and preserves one exact package Trace selector (4606.6409ms)
✔ replay applies repeated SDK actions in caller order and is deterministic (8453.9162ms)
✔ compare uses one package, completes its Replay, and enters exact Evolution (10532.5116ms)
✔ regression delegates two packages to the SDK and preserves deterministic report truth (6308.8113ms)
✔ regression reports identical packages and accepts at most one stdin operand (9853.0206ms)
✔ export is a byte-for-byte SDK round trip for files and stdout (6372.3822ms)
✔ package stdin supports non-interactive verification and import (4214.6312ms)
✔ invalid package import is reported as a package error (2407.9475ms)
✔ policy namespace exposes exactly the seven frozen commands (15425.8741ms)
✔ unexpected Policy operational failure maps to exit 5 and the exact JSON semantic projection (1.9122ms)
✔ validate, digest, identities, and presentation envelopes preserve frozen bytes (11976.135ms)
✔ evaluate preserves PASS, FAIL, CNE, exact artifacts, and outcome-last generation (16678.2137ms)
✔ all detached inspections and both verification modes remain SDK-owned (24659.1936ms)
✔ policy transport rejects collisions, multiple stdin inputs, URLs, and output-only stdin (12188.9411ms)
✔ session preserves opaque checkpoints and restores exact SDK state (9534.1017ms)
✔ checkpoint names cannot restore across live CLI sessions (4550.5162ms)
✔ session executes Trace, complete Replay, and Compare in one live SDK (7842.48ms)
✔ session can verify and byte-preserving export through the SDK (3539.8841ms)
✔ native observations fail export safely without fabricating a MIP (2471.841ms)
✔ session accepts a workflow file and fails malformed JSON deterministically (4447.882ms)
ℹ tests 45
ℹ suites 0
ℹ pass 45
ℹ fail 0
ℹ cancelled 0
ℹ skipped 0
ℹ todo 0
ℹ duration_ms 531927.9464
