✔ L01 identities equal the independent oracle (R02 golden construction) (13.9079ms)
✔ L02 an empty ledger verifies with the genesis digest as head (1.6177ms)
✔ L03 entries are contiguous from 0 and chained by previousEntryDigest (R05) (9.8207ms)
✔ L04 equivalent appends are byte-identical regardless of volatile inputs (R04) (18.7762ms)
✔ L05 append re-validates the admission record and enforces ledger rules (5.7824ms)
✔ L06 tombstone lifecycle: governed entry, chain verifies after purge, purged content is never verified (R18, R19, R20) (8.1044ms)
✔ L07 a crash during purge is reported as purgePending, and a completed purge is not (4.9832ms)
✔ L08 verify checks every retained member and recomputes record digests (R21) (9.7425ms)
✔ L09 tamper corpus: a single-byte flip anywhere in the descriptor or any entry fails closed (R21) (1608.3652ms)
✔ L10 structural tamper: deletion, reorder, gap, foreign splice, descriptor substitution, trailing LF (15.6434ms)
✔ L11 tombstone targets are verified, not trusted (23.335ms)
✔ L12 query: filters, order, retention, tombstone matching and pagination (R22) (35.152ms)
✔ L13 query verifies the chain before answering and rejects malformed queries (R22) (7.4948ms)
✔ L14 decisionConsistency is stored at admission, returned by query without member bytes, and covered by the entry identity (Amendment A4.1) (36.1759ms)
✔ L14b a claim is rejected, never stored with a guessed value, when its readiness result is absent, purged or in another ledger (Amendment A4.1) (45.7968ms)
✔ L14c historyLedgerView gives admission the Workspace, the entries and only retained readiness bytes (Amendment A4.1) (14.7216ms)
✔ L15 export is complete, deterministic and verifiable (R23) (24.2248ms)
✔ L16 verify-export fails closed on every single-byte flip, missing, extra and reordered file (R23) (2072.696ms)
✔ L17 verify-export keeps section 11.1 codes for a consistent manifest over corrupt content (21.1077ms)
✔ L18 limits are enforced (R26): entry size, descriptor size, entries per ledger (16.8505ms)
✔ L19 argument shapes fail with USAGE (9.134ms)
✔ L20 data classes: no time, path, URL or actor appears in any MO-1308-authored bytes (R24, R35) (16.6782ms)
✔ L21 the ledger module is pure and imports only the contract and canonical modules (R28, R29, R35, R37) (2.1875ms)
✔ L22 every Freeze error raised carries only a fixed message (6.132ms)
✔ L23 re-sealed forgeries (valid entry digest) are caught by the chain rules themselves (R05, R10, R20) (24.1829ms)
ℹ tests 25
ℹ suites 0
ℹ pass 25
ℹ fail 0
ℹ cancelled 0
ℹ skipped 0
ℹ todo 0
ℹ duration_ms 5314.2573
