✔ C01 frozen public exports contain exactly two async functions (1.9898ms)
✔ C02 closed counts and every frozen exit (0.6175ms)
✔ C03 deterministic key order includes numeric-looking ASCII keys (0.7343ms)
✔ C04 Unicode scalars are not normalized or escaped unnecessarily (1.2392ms)
✔ C05 parser duplicate-key (0.2759ms)
✔ C05 parser escaped-duplicate-key (0.2158ms)
✔ C05 parser unknown-token (0.1244ms)
✔ C05 parser negative-zero (0.1472ms)
✔ C05 parser negative-integer (0.1989ms)
✔ C05 parser fraction (0.3252ms)
✔ C05 parser exponent (0.2396ms)
✔ C05 parser unsafe-integer (0.1803ms)
✔ C05 parser leading-zero (0.1392ms)
✔ C05 parser unpaired-surrogate (0.1376ms)
✔ C05 parser control-string (0.0718ms)
✔ C05 parser del-string (0.0742ms)
✔ C05 parser non-ascii-key (0.0619ms)
✔ C05 parser trailing-garbage (0.0656ms)
✔ C05 parser trailing-comma (0.0701ms)
✔ C05 parser empty-document (0.0925ms)
✔ C05 parser noncanonical-spaces (0.0963ms)
✔ C05 parser missing-lf (0.0816ms)
✔ C05 parser double-lf (0.0715ms)
✔ C05 parser key-order (0.0928ms)
✔ C05 parser unnecessary-escape (0.076ms)
✔ C05 parser escaped-solidus (0.0747ms)
✔ C05 parser crlf (0.0677ms)
✔ C06 invalid UTF-8 and BOM reject (0.1913ms)
✔ C07 depth limit admits16 and rejects17 (0.3944ms)
✔ C08 members/key/string exact boundaries (1.0427ms)
✔ C09 total values boundary and bounded copy (157.7489ms)
✔ C10 shared buffers/accessors/sparse arrays/cycles/undefined reject (0.5409ms)
✔ C11 SHA256 raw/claim/candidate identity and independent proof layer (0.4028ms)
✔ C12 every error has immutable fields and fixed safe diagnostic (2.4015ms)
✔ C13 errors select numeric exit then ASCII reference within a phase (0.3393ms)
✔ C14 exact configuration accepted and unknown fields/profiles/versions rejected (2.0474ms)
✔ C15 no discovery or output/trust fields in configuration (0.7341ms)
✔ C16 deterministic blocker ID excludes mutable claim provenance (0.4847ms)
✔ C17 error schema is closed and operational outcomes are not readiness states (0.3354ms)
✔ C18 public entry points reject malformed input and prior cancellation (2.1938ms)
✔ C19 shared definitions are deeply immutable (0.1674ms)
✔ C20 generated definitions equal source canonical bytes (1.6644ms)
✔ C21 serializer stops at byte budget before expansive allocation (23.9456ms)
✔ C22 arrays reject hidden properties without reading getters (0.2487ms)
✔ C23 admission errors precede restrictive schema predicates (11.8952ms)
✔ C24 nested evidence version and coverage mappings (1.1567ms)
✔ C25 profile product mismatch precedes schema INPUT (0.694ms)
✔ C26 defensive internal cycle has GRAPH_CYCLE and bound has GRAPH_LIMIT (37.2241ms)
✔ C27 configuration errors precede evidence acquisition errors (18.4855ms)
✔ C28 API holder shape rejects getters/symbols/hidden fields safely (11.3377ms)
✔ C29 well formed bundle traverses integrated verifier and readiness worker (339.3497ms)
✔ C30 malformed verification versions use their own mismatch categories (13.4714ms)
✔ C31 reference aggregation rejects empty vectors and dangling CNE (6.6348ms)
✔ C32 provider representation cannot assert hosted certificate without vectors (0.7129ms)
✔ C33 malformed nested verification records preserve mismatch code and reference (13.2263ms)
✔ C34 nested authority profile errors use PROFILE_MISMATCH during bootstrap (34.9144ms)
✔ C35 verification shape remapping does not hide admission limits (12.2551ms)
✔ C36 known lower GitHub minimum remains valid without fabricated hosted cases (0.4552ms)
✔ fixture catalog is finite, complete and matches independent exact-byte SHA-256 (79.852ms)
✔ 476 non-parser fixture records match closed schema and local foundation classifications (2310.1916ms)
✔ nine malformed byte/parser vectors reject with exact operational codes (2.0754ms)
✔ focused Phase 1 negative fixtures use the appropriate foundation seam (22.22ms)
✔ all sixteen complete bundles pass snapshot, pin and byte-integrity foundations (517.0897ms)
✔ reference aggregation retains all records and realizes all four readiness states (43.4903ms)
✔ canonical result identities and summaries match exact independently constructed fixture bytes (407.9263ms)
✔ all fourteen evidence types and six graph node / five edge types have canonical positives (9.9795ms)
✔ MO-1306 preserves actual production, BF, tag, package and all nineteen source history rows (17.2695ms)
✔ MO-1306 provider limitations and ten disclosures cannot silently become hosted certification (2.7414ms)
✔ metadata-only proof changes and selective dependency reuse keep separate identities (3.6931ms)
✔ human decision bindings leave all readiness and proof bytes unchanged (62.942ms)
✔ tag fixtures distinguish pre/post stage predicates from operational tampering (6.1594ms)
✔ future semantic negatives are classified without claiming a Phase 2 verifier exists (16.8575ms)
✔ N01 pinned native runtime and fixed PowerShell installation (7.5936ms)
✔ N02 closed CLI commands and defaults (1.4807ms)
✔ N03 prototype-sensitive and invented commands reject as usage (0.6735ms)
✔ N04 duplicate unknown missing extra flags reject (0.4389ms)
✔ N05 forbidden runtime environment and Node options reject before I/O (0.3163ms)
✔ N04b inspectable configuration path failures select lowest logical ID (0.4982ms)
✔ N06 relative lexical boundaries and hostile spellings (0.6108ms)
✔ N07 absolute roots full paths overlap and case aliases (0.9111ms)
✔ N08 identity policy rejects any reparse flag hardlink wrong type and changes (1.0769ms)
✔ N09 helper canonical round-trip and closed operation fields (4.7949ms)
✔ N10 helper frame prefix truncation trailing data and caps (0.8143ms)
✔ N11 helper sorted explicit allowlist path and per-file boundaries (3.073ms)
✔ N12 acquisition needs four serial exits and invalid overlap or retry is terminal (8.2619ms)
✔ N13 helper response exact snapshot identity and base64 validation (2.1144ms)
✔ N14 helper decoded aggregate boundary and +1 (319.7647ms)
✔ N15 native fixed PowerShell snapshots and checked inspection sanitization (14491.8831ms)
✔ N16 native helper rejects hostile operation extra fields and oversized frame (3052.879ms)
✔ N17 native CLI evaluates and publishes exact integrated result (16133.5643ms)
✔ N18 publication exclusive create exact pending and single-file commit (42.8738ms)
✔ N19 existing final destination never replaced and pending retained (22.2527ms)
✔ N20 pending collision and mutation fail closed without cleanup (39.3981ms)
✔ N21 publication byte ceiling boundary and +1 before write (46.6058ms)
✔ N22 branded framed inspection required and identity change rejects (13.4119ms)
✔ N23 primitive late checkpoint prevents rename and retains pending (18.533ms)
✔ N24 foundation retains no-network and fixed orchestration boundaries (5.0094ms)
✔ package metadata and deterministic nonrecursive bindings (369.1214ms)
✔ unexpected member is rejected without refreshing the binding (212.6463ms)
✔ changed shipped source fails exact distribution binding (257.6188ms)
✔ schema drift cannot be hidden by rebuilding manifests (219.7528ms)
✔ constants drift cannot be hidden by rebuilding manifests (247.4471ms)
✔ dependencies, lifecycle hooks, extra exports and traversal allowlist are rejected (1110.0045ms)
✔ network and external imports are rejected before manifest regeneration (1102.277ms)
✔ missing fixed helper and mutated manifest rows are rejected (805.0989ms)
✔ A01 exact independent Phase 1 result and summary bytes: could-not-evaluate (81.4023ms)
✔ A01 exact independent Phase 1 result and summary bytes: history-blocker-unavailable (74.9624ms)
✔ A01 exact independent Phase 1 result and summary bytes: informational-ready (73.1128ms)
✔ A01 exact independent Phase 1 result and summary bytes: metadata-only (63.6287ms)
✔ A01 exact independent Phase 1 result and summary bytes: mixed-precedence (59.754ms)
✔ A01 exact independent Phase 1 result and summary bytes: mo1306-qualified (304.6755ms)
✔ A01 exact independent Phase 1 result and summary bytes: not-ready (60.6162ms)
✔ A01 exact independent Phase 1 result and summary bytes: post-tag-absent (64.5867ms)
✔ A01 exact independent Phase 1 result and summary bytes: post-tag-lightweight (73.4951ms)
✔ A01 exact independent Phase 1 result and summary bytes: post-tag-ready (63.1211ms)
✔ A01 exact independent Phase 1 result and summary bytes: post-tag-wrong-target (66.3079ms)
✔ A01 exact independent Phase 1 result and summary bytes: pre-tag-present (58.4085ms)
✔ A01 exact independent Phase 1 result and summary bytes: qualified (74.8707ms)
✔ A01 exact independent Phase 1 result and summary bytes: ready (61.6819ms)
✔ A01 exact independent Phase 1 result and summary bytes: rest-qualified (46.0349ms)
✔ A01 exact independent Phase 1 result and summary bytes: selective-reuse (60.8692ms)
✔ A02 core consumes claims rather than caller gate states and retains complete compiled profile (81.5456ms)
✔ A03 coverage FAIL and UNEVALUABLE drive mandatory artifact (95.2774ms)
✔ A03 coverage FAIL and UNEVALUABLE drive mandatory binding (91.9979ms)
✔ A03 coverage FAIL and UNEVALUABLE drive mandatory history (96.5784ms)
✔ A03 coverage FAIL and UNEVALUABLE drive mandatory provenance (88.8266ms)
✔ A03 coverage FAIL and UNEVALUABLE drive mandatory provider.azure (105.0115ms)
✔ A03 coverage FAIL and UNEVALUABLE drive mandatory provider.generic (101.8204ms)
✔ A03 coverage FAIL and UNEVALUABLE drive mandatory provider.github (100.784ms)
✔ A03 coverage FAIL and UNEVALUABLE drive mandatory provider.gitlab (95.3813ms)
✔ A03 coverage FAIL and UNEVALUABLE drive mandatory provider.jenkins (91.4054ms)
✔ A03 coverage FAIL and UNEVALUABLE drive mandatory resources (96.1537ms)
✔ A03 coverage FAIL and UNEVALUABLE drive mandatory sbom (98.8668ms)
✔ A03 coverage FAIL and UNEVALUABLE drive mandatory scope (92.4971ms)
✔ A03 coverage FAIL and UNEVALUABLE drive mandatory security (88.2302ms)
✔ A03 coverage FAIL and UNEVALUABLE drive mandatory semantic (89.4676ms)
✔ A03 coverage FAIL and UNEVALUABLE drive mandatory supply (115.0459ms)
✔ A03 coverage FAIL and UNEVALUABLE drive mandatory tag (92.8816ms)
✔ A03 coverage FAIL and UNEVALUABLE drive mandatory windows (107.4063ms)
✔ A04 REST coverage failures retain same-host limitation (35.8257ms)
✔ A05 unavailable MISSING is CNE with exact reason (42.2325ms)
✔ A05 unavailable AUTHORITY_UNAVAILABLE is CNE with exact reason (47.5797ms)
✔ A05 unavailable STALE is CNE with exact reason (43.4093ms)
✔ A05 unavailable UNEVALUABLE is CNE with exact reason (52.702ms)
✔ A06 unavailable provider leaves optional observation empty without fabricating certification (45.5157ms)
✔ A07 blockers dominate independent CNE and qualifications without erasing any finding (64.2769ms)
✔ A08 CNE dominates release qualification and informational-only stays READY (93.9664ms)
✔ A09 known provider minimum failures remain blockers, including simultaneous coverage and CNE (241.0244ms)
✔ A10 Generic real execution requirement is independent of coverage verdict (47.9128ms)
✔ A11 false hosted promotion and required provider disclosure omission are rejected (45.7099ms)
✔ A12 scope qualification union rejects missing, extra, weakened and conflicting records (85.5063ms)
✔ A13 identical qualification carriers share one result with every claim and grant reference (45.7099ms)
✔ A14 missing scope or history retains known records and defers only completeness (260.3273ms)
✔ A15 preserved history remains negative; observed recurrence blocks active mandatory gates (205.4627ms)
✔ A16 currently applicable history and duplicate recurrence produce one exact blocker (45.4743ms)
✔ A17 all applicable tag predicates are collected; absent post-tag fabricates no target failure (140.0019ms)
✔ A18 expected negative Policy and operational outcomes remain accepted semantic certification (51.0015ms)
✔ A19 metadata-only proof change preserves readiness and invalidates old external decision (150.8759ms)
✔ A20 nonsemantic input collection order and repeated calls preserve exact result bytes (618.9602ms)
✔ A21 new metadata proof is distinct from normative changed qualification identity (109.7751ms)
✔ A22 exact comparison rejects existing altered and self-hashed false result fixtures (305.7513ms)
✔ A23 result recomputation rejects self-consistent alterations of each normative projection (1047.238ms)
✔ A24 V18 retains exact five providers, ten disclosures, twelve negative history rows and human actions (185.9253ms)
✔ A25 history count 128 is retained exactly and 129 is a resource error (94.6403ms)
✔ A26 global qualification union 128 is complete and 129 cannot be truncated (138.4318ms)
✔ A27 128 unique historical blockers are complete and one additional known failure rejects (148.5652ms)
✔ A28 EVALUATION numeric and logical-reference precedence is independent of collection order (54.2577ms)
✔ A29 projection boundary rejects caller gate vectors, accessors and unknown profiles (12.9662ms)
✔ A30 returned proof input uses the exact independent nonrecursive binding shape (53.4515ms)
✔ A31 all twelve external human decisions bind computed results without changing readiness (990.1086ms)
✔ A32 every one of seven qualification codes is retained with its frozen impact (348.5319ms)
✔ A33 complete blocker CNE qualification cross-product follows frozen precedence and retains all lists (372.1728ms)
✔ A34 permutations preserve exact gate blocker qualification history JSON and text bytes (596.3836ms)
✔ A35 comparison rejects omitted mandatory CNE and substituted candidate profile or identity digest (213.2873ms)
✔ A36 static pure-core import closure excludes acquisition execution network and ambient selectors (3.3905ms)
✔ A37 coverage missing duplicate cross-partition or contradictory verdict uses INTEGRITY (38.2653ms)
✔ A38 nested candidate accessor is rejected before calling user code (3.9087ms)
✔ A39 informational qualification on an inactive gate remains global without activating that gate (55.1961ms)
✔ A40 preserved-history qualification must match exact condition and affected gates (202.4195ms)
✔ A41 unavailable scope never exempts locally invalid or omitted required provider qualifications (33.5021ms)
✔ A42 minimum-met contradictory qualified support is an error; lower minimum unsupported facts are blockers (126.3383ms)
✔ A43 known history only contributes blockers to active mandatory affected gates (66.9106ms)
✔ A44 conflicting qualification scope errors choose the smallest logical ID regardless of carrier order (41.9118ms)
✔ A45 REST unevaluable required coverage yields CNE with same-host qualification retained (81.2988ms)
✔ result boundary: exactly 4 MiB is retained and +1 is OUTPUT/EVALUATION (1620.3256ms)
✔ text boundary: exactly 128 KiB is complete and +1 is OUTPUT/EVALUATION (790.0854ms)
✔ result/proof/input snapshots do not share mutable output objects (44.1179ms)
✔ global derived counts reject 128+1 before malformed rows or byte sizing (13.9393ms)
✔ result construction cannot promote a blocked aggregate to READY (10.4796ms)
✔ A01 all sixteen frozen bundles produce only verified claims and exact independent graph/audit identities (1673.597ms)
✔ A02 operator authority pin is separate and rejects an independently wrong trust root (21.8852ms)
✔ A03 an evidence-controlled authority mutation cannot select its own new pin (7.6871ms)
✔ A04 raw source bytes and raw length are verified independently of intact claim identity (51.5278ms)
✔ A05 raw manifest identity and envelope hash cannot be repaired by a self-consistent claim hash (48.7019ms)
✔ A06 exact canonical claim digest is recomputed under an intact reviewed envelope grant (36.9592ms)
✔ A07 ungranted external evidence cannot satisfy a gate (34.8415ms)
✔ A08 unknown evidence type and evidence version fail closed (63.1042ms)
✔ A09 granting the wrong existing claim for a compiled gate is rejected (36.9207ms)
✔ A10 exact grant source IDs cannot substitute or omit the envelope lineage (37.8043ms)
✔ A11 source bytes cannot appoint themselves as authority provenance (37.9888ms)
✔ A12 authority source Git fields, classification, length, hash and released target bind exactly (449.6428ms)
✔ A13 candidate, manifest and independently reviewed component/contract closures cannot be substituted (112.5096ms)
✔ A14 whole-candidate claims cannot use an earlier candidate root (49.0716ms)
✔ A15 a manifest cannot relabel a claim origin or dependency identity (84.3496ms)
✔ A16 declared dependency role, length and content are checked against the current inventory (106.7495ms)
✔ A17 minimum dependency closure cannot omit any relevant current component (38.1898ms)
✔ A18 changed declared grant closure and dangling dependency IDs reject rather than first-win (70.9479ms)
✔ A19 scope escalation and unapproved/changed assumptions are stale (102.6589ms)
✔ A20 unrelated root assumptions do not stale an approved claim subset (75.4623ms)
✔ A21 selective reuse is explicit and unchanged dependencies retain their exact claims (115.4205ms)
✔ A22 REUSED cannot conceal a whole-candidate claim (36.819ms)
✔ A23 old audit snapshots do not invent expiry and bounded disclosure remains mandatory (78.2814ms)
✔ A24 permitted fresh raw metadata pins change proof audit but preserve normative projection (146.2941ms)
✔ A25 duplicate IDs, copied normalized grants and unconsumed evidence fail closed (85.2966ms)
✔ A26 explicit unavailable slots omit evidence safely and optional provider slots mirror the parent (104.7739ms)
✔ A27 all admitted bytes are snapshots independent of subsequent caller mutations (75.0927ms)
✔ A28 raw source byte ceiling admits exact boundary and rejects plus one (105.2033ms)
✔ A29 explicit source and authority references cannot dangle (79.4755ms)
✔ A30 canonical set orders remain normative and are never silently sorted by the verifier (55.5571ms)
✔ A31 input map insertion and object member order do not affect verified canonical projection (137.0077ms)
✔ A32 raw integrity failure wins over later root candidate mismatch (27.1491ms)
✔ A33 an authority failure wins over a later structurally valid provider contradiction (60.5558ms)
✔ A34 manifest file ceiling admits exactly 128 consumed files and rejects 129 (121.6021ms)
✔ A35 aggregate raw source admission accepts 8 MiB exactly and rejects one additional byte (128.5831ms)
✔ A36 authority source ceiling admits 32 explicit provenance records and rejects 33 (106.6563ms)
✔ F01 MO-1306 preserved configuration receipts have exact granted source lineage (432.5898ms)
✔ F02 correction preserves all normalized identities and every original raw source byte (20.3295ms)
✔ F03 reconstructed original fixture still rejects unused configuration sources (181.9229ms)
✔ G01 exact frozen graph, authority and audit bindings: could-not-evaluate (87.2393ms)
✔ G01 exact frozen graph, authority and audit bindings: history-blocker-unavailable (54.2173ms)
✔ G01 exact frozen graph, authority and audit bindings: informational-ready (56.5282ms)
✔ G01 exact frozen graph, authority and audit bindings: metadata-only (46.9591ms)
✔ G01 exact frozen graph, authority and audit bindings: mixed-precedence (48.7967ms)
✔ G01 exact frozen graph, authority and audit bindings: mo1306-qualified (305.3643ms)
✔ G01 exact frozen graph, authority and audit bindings: not-ready (58.5116ms)
✔ G01 exact frozen graph, authority and audit bindings: post-tag-absent (51.11ms)
✔ G01 exact frozen graph, authority and audit bindings: post-tag-lightweight (52.5693ms)
✔ G01 exact frozen graph, authority and audit bindings: post-tag-ready (51.8656ms)
✔ G01 exact frozen graph, authority and audit bindings: post-tag-wrong-target (52.6104ms)
✔ G01 exact frozen graph, authority and audit bindings: pre-tag-present (52.8611ms)
✔ G01 exact frozen graph, authority and audit bindings: qualified (69.3236ms)
✔ G01 exact frozen graph, authority and audit bindings: ready (50.4729ms)
✔ G01 exact frozen graph, authority and audit bindings: rest-qualified (42.5894ms)
✔ G01 exact frozen graph, authority and audit bindings: selective-reuse (53.1285ms)
✔ G02 exactly six node and five edge types, one root, content sharing and origin provenance (182.6294ms)
✔ G03 metadata and opaque historical cross-links cannot add normative authority or cycles (320.3216ms)
✔ G04 missing normative claim, dependency, authority, grant and edge endpoints reject (26.3675ms)
✔ G05 duplicate node IDs, duplicate edges, malformed content IDs and unknown types reject (24.5048ms)
✔ G06 wrong edge direction, endpoint type, root and candidate identity reject (30.153ms)
✔ G07 every grant and claim must be rooted and every normative node reachable (49.7299ms)
✔ G08 internal normative cycles and self references retain exact GRAPH_CYCLE classification (10.0685ms)
✔ G09 dependency claims cannot mix current candidate and dependency edges (9.7914ms)
✔ G10 graph nodes exactly 2048 pass and 2049 fail before expansion (190.395ms)
✔ G11 graph edges exactly 8192 pass and 8193 fail before expansion (359.355ms)
✔ G12 dependencies per claim exactly 1024 pass and 1025 fail (163.1563ms)
✔ G13 derivation cannot silently drop or duplicate claims, grants or authorities (87.4734ms)
✔ G14 claimed identity, dependency identity and candidate root mismatches reject (33.7906ms)
✔ G15 normalized grant identity omits audit bytes, retains classes and scoped assumptions (3.6729ms)
✔ G16 noncanonical normative array order rejects instead of silently changing identity (17.2395ms)
✔ G17 derivation enforces the edge ceiling while expanding verified claim dependencies (961.9424ms)
✔ G18 arbitrary object property insertion order preserves exact graph and authority bytes (259.4557ms)
✔ HB01: all sixteen Phase 1 bundles preserve exact history, qualifications and independent provider projections (300.9156ms)
✔ HB02: MO-1306 binds nineteen immutable raw rows and exact twelve negative history projections (72.5183ms)
✔ HB03: MO-1306 preserves all independent provider axes and ten disclosures (60.1536ms)
✔ HB04: known recurrence links only active mandatory gates, including an unavailable current gate (12.4327ms)
✔ HB05: observed recurrence preserves historical outcome while excluding optional and inactive links (70.9106ms)
✔ HB06: current-applicable history cannot erase an unavailable gate condition (14.442ms)
✔ HB07 immutable granted history rejects FAIL to PASS rewrite (41.6575ms)
✔ HB07 immutable granted history rejects BLOCKED removal (48.7382ms)
✔ HB07 immutable granted history rejects changed historical disposition (35.5711ms)
✔ HB07 immutable granted history rejects wrong historical source (40.0655ms)
✔ HB07 immutable granted history rejects wrong candidate provenance (33.307ms)
✔ HB07 immutable granted history rejects omitted required unresolved history (33.3054ms)
✔ HB07 immutable granted history rejects fabricated resolution (33.8585ms)
✔ HB07 immutable granted history rejects duplicate conflicting history (33.2696ms)
✔ HB08: malformed PASS history and duplicate conflicting rows remain invalid with fixture-owned updated pins (121.8419ms)
✔ HB09: reviewed history must resolve nested source and authority lineage (116.1735ms)
✔ HB10: supplied scope and history inventories reject omissions and unknown condition references (185.0556ms)
✔ QB01: qualifications reject omission (60.9915ms)
✔ QB01: qualifications reject impact downgrade (67.5644ms)
✔ QB01: qualifications reject wrong provider (59.5643ms)
✔ QB01: qualifications reject wrong gate (62.3699ms)
✔ QB01: qualifications reject unknown code (68.1397ms)
✔ QB01: qualifications reject wrong scope authority (63.4329ms)
✔ QB01: qualifications reject disclosure removal (60.8475ms)
✔ QB01: qualifications reject fabricated authority member (58.579ms)
✔ QB02: scope qualification inventory rejects extra, omitted and conflicting records (185.3512ms)
✔ QB03: an identical qualification shared by granted claims merges exact claim/grant identities (114.7362ms)
✔ QB04: historical disclosures require exact preserved condition and gate set (176.0086ms)
✔ QB05: bounded advisory and REST scope require their exact disclosures (72.2667ms)
✔ QB06: unavailable scope retains known qualified history without inventing completeness (57.3376ms)
✔ QB07: unavailable history retains known disclosures but still validates supplied scope condition inventory (160.519ms)
✔ QB08: both unavailable inventories retain locally valid known qualifications and defer missing inventory references (91.5298ms)
✔ PB01 immutable MO-1306 authority rejects false github execution promotion (38.7678ms)
✔ PB01 immutable MO-1306 authority rejects false gitlab execution promotion (42.4315ms)
✔ PB01 immutable MO-1306 authority rejects false jenkins execution promotion (40.8496ms)
✔ PB01 immutable MO-1306 authority rejects false azure execution promotion (35.1542ms)
✔ PB02: full GitHub hosted certification requires all four exact case facts (59.1477ms)
✔ PB03: provider labels cannot alias, substitute provider identity, or remove Generic certification unnoticed (127.7419ms)
✔ PB04: contract-only providers cannot claim SUPPORTED while not live certified (192.3976ms)
✔ PB05: known lower-minimum unsupported facts are retained for 2A blockers with no fabricated certification (20.3367ms)
✔ PB06: unavailable provider parents produce no fabricated provider observation (11.4365ms)
✔ PB07: independently reviewed validation and execution facts do not imply a universal certification ranking (12.9675ms)
✔ DB01: selection order does not affect projection bytes or mutate input, and outputs are detached (93.3669ms)
✔ DB02: semantic history and qualification set order remains frozen and rejects reordered arrays (116.5895ms)
✔ LB01: history record count accepts 128 and rejects 129 without truncation (41.7695ms)
✔ LB02: assessment qualification union accepts 128 and rejects 129 across individually bounded claims (46.046ms)
✔ LB03: exact original disposition length accepts 256 printable characters and rejects 257 (19.0584ms)
✔ IB01: complete independently pinned MO-1306 verifier retains exact history, provider state and qualifications (872.2142ms)
✔ IB02: complete verifier rejects schema-valid rewritten or removed history despite fresh raw pins (490.0431ms)
✔ IB03: complete verifier rejects all four MO-1306 execution promotions with unchanged reviewed grants (606.8277ms)
✔ IB04: complete verifier uses dedicated qualification mismatch classification (235.6478ms)
✔ IB05: complete verifier uses dedicated history mismatch classification for PASS rewriting (41.3654ms)
✔ IB06: independently pinned source bytes and candidate context bind historical claims (124.6073ms)
✔ L01 authority byte admission includes the exact ceiling and rejects plus one before parse/copy (19.0369ms)
✔ L02 envelope byte ceiling is enforced in acquisition before snapshot copying (53.4932ms)
✔ L03 manifest claim admission is 64 envelopes, independent of the finite gate authority limit (11.8627ms)
✔ L04 grant representation admits 64 and rejects 65 without claiming all grants fit the closed profile (13.2597ms)
✔ L05 claim dependencies and every explicit dependency reference list admit 1024 and reject 1025 (64.1661ms)
✔ L06 root, grant and claim assumption sets admit 32 and reject 33 (9.6721ms)
✔ L07 history representation admits 128 immutable rows and rejects 129 (31.4804ms)
✔ L08 qualification representation admits 128 and rejects 129 without truncation (12.0514ms)
✔ L09 scope qualification/condition reference sets each enforce their exact 128 cap (9.0417ms)
✔ L10 source references admit 128 and authority source references admit 32 at their declared schemas (6.8029ms)
✔ L11 normalized authority and audit digest reference capacities are explicit, not generic INPUT errors (83.8473ms)
✔ L12 independent cap failures never fabricate a partial verified projection (14.5909ms)
✔ P2B projection and independent result evidence: could-not-evaluate (233.8233ms)
✔ P2B projection and independent result evidence: history-blocker-unavailable (183.5974ms)
✔ P2B projection and independent result evidence: informational-ready (182.8737ms)
✔ P2B projection and independent result evidence: metadata-only (207.1502ms)
✔ P2B projection and independent result evidence: mixed-precedence (175.4521ms)
✔ P2B projection and independent result evidence: mo1306-qualified (865.8465ms)
✔ P2B projection and independent result evidence: not-ready (162.3814ms)
✔ P2B projection and independent result evidence: post-tag-absent (154.7476ms)
✔ P2B projection and independent result evidence: post-tag-lightweight (156.0468ms)
✔ P2B projection and independent result evidence: post-tag-ready (160.4357ms)
✔ P2B projection and independent result evidence: post-tag-wrong-target (152.3135ms)
✔ P2B projection and independent result evidence: pre-tag-present (150.1947ms)
✔ P2B projection and independent result evidence: qualified (173.2408ms)
✔ P2B projection and independent result evidence: ready (153.3064ms)
✔ P2B projection and independent result evidence: rest-qualified (131.3395ms)
✔ P2B projection and independent result evidence: selective-reuse (190.669ms)
✔ P2B verified snapshots detach and freeze every returned fact (80.2192ms)
✔ P2B metadata changes only raw proof binding and diagnostics (235.601ms)
✔ P2B opaque bounded advisory timestamp has no age window or invented syntax (474.5386ms)
✔ P2B deterministic internal projection uses canonical records, not object insertion order (168.6856ms)
✔ P2B Freeze-mandated set ordering rejects permutations instead of normalizing signed identity (254.429ms)
✔ P2B explicit reuse dispositions preserve unrelated dependency closure (116.7273ms)
✔ P2B independently reverified source mutation cannot hide behind result self-hashes (27.5622ms)
✔ P2B result evidence tamper: candidate (520.4804ms)
✔ P2B result evidence tamper: authorityIdentityDigest (504.9542ms)
✔ P2B result evidence tamper: qualification (485.475ms)
✔ P2B result evidence tamper: history (479.8469ms)
✔ P2B result evidence tamper: provider (499.5467ms)
✔ P2B result evidence tamper: graph (459.3934ms)
✔ P2B result evidence tamper: audit (484.3818ms)
✔ P2B result evidence tamper: gateBinding (461.7202ms)
✔ P2B proof material is exact frozen audit, independent of final readiness calculation (72.3748ms)
✔ R01 raw source integrity precedes an earlier logical envelope coverage contradiction (45.6336ms)
✔ R02 earlier validation phase precedes a smaller later-phase error exit (32.6208ms)
✔ R03 independent source corruption precedes current-candidate authority mismatch (31.0388ms)
✔ APIBOOT01 earlier malformed config dominates later oversized evidence (23.3725ms)
✔ APIBOOT02 config shape error dominates wrong authority pin in same phase (10.2225ms)
✔ APIBOOT03 malformed config dominates oversized authority safely (5.3513ms)
✔ APIBOOT04 exact manifest ENVELOPE cap applied before bytes copy (11.3836ms)
✔ APIBOOT05 exact manifest file set checked before copying unknown file (10.1105ms)
✔ APIBOOT06 snapshots remain detached and byte-identical (11.2001ms)
✔ APIBOOT07 TIMEOUT interruption dominates collected parse errors (0.3372ms)
✔ APIBOOT07 CANCELLED interruption dominates collected parse errors (0.2006ms)
✔ APIBOOT08 hostile typed-array byteLength override is never invoked (10.4321ms)
✔ C2C01 corrected limits leave all byte ceilings unchanged (1.6876ms)
✔ C2C02 every required observation has a canonical closed framed representation (10.6044ms)
✔ C2C03 old wire version missing session unknown fields and arbitrary operations reject (1.3129ms)
✔ C2C04 operation sequence and fixed output leaf authority are closed (1.5293ms)
✔ C2C05 bounded frames reject trailing requests responses and alternate session (0.8254ms)
✔ C2C06 complete acquisition then terminated worker then five publication requests (5.9526ms)
✔ C2C07 helper completion cannot substitute for fully quiescent exit (2.2961ms)
✔ C2C08 helper and worker overlap and repeated worker transition are terminal (3.5534ms)
✔ C2C09 verify remains four reads followed by worker and cannot publish (1.9805ms)
✔ C2C10 request failure abort and transport failure permit no retry (4.2631ms)
✔ C2C11 full component chains reject missing ancestors wrong paths reparse and hardlinks (1.012ms)
✔ C2C12 acquisition parent cannot be reused after native identity change (1.9739ms)
✔ C2C13 path and cross-invocation session substitutions terminate assessment (1.565ms)
✔ C2C14 capability branding root binding and single claim exclude substitution (7.2997ms)
✔ C2C15 unclaimed out-of-order or concurrent inspection cannot be retried (4.4288ms)
✔ C2C16 bridge requires exact transport fields and confirmed process quiescence (3.2709ms)
✔ C2C17 per-invocation deadline includes response parsing and process exit (0.8294ms)
✔ C2C18 aggregate helper budget cannot silently multiply with sequential invocations (1.8898ms)
✔ C2C19 overall CLI deadline and nonmonotonic clock fail without grace (1.7918ms)
✔ C2C20 framed publication performs exact five observations and one final rename (35.5294ms)
✔ C2C21 cancellation after each publication inspection is terminal and retains incomplete attempt (61.1271ms)
✔ C2C22 immediate pre-rename checkpoint blocks timeout after final native observation (23.214ms)
✔ C2C23 final native pending identity comparison rejects stale replacement and retains bytes (20.1891ms)
✔ C2C24 mismatched branded capability and legacy callback cannot create an output root (2.316ms)
✔ F01 publication status is an immutable operational snapshot before submission (54.7011ms)
✔ F02 timeout before submission prevents any rename and retains pending (36.4855ms)
✔ F03 cancellation before submission prevents rename and is terminal (27.0356ms)
✔ F04 actual admission checkpoint rejects a deadline reached after final native inspection (38.6427ms)
✔ F05 admitted delayed success remains unresolved at post-submission deadline (31.1654ms)
✔ F06 cancellation after submission is recorded without early cancellation or namespace cleanup (33.2278ms)
✔ F07 admitted failure after deadline resolves OUTPUT only after exact submitted operation settles (29.3512ms)
✔ F08 no second rename or token reuse while an admitted rename is outstanding (22.1713ms)
✔ F09 commit status changes only after successful actual rename and then preserves bytes (24.3677ms)
✔ F10 mandatory checkpoint overrun after settlement is operational metadata, not precommit TIMEOUT (27.7949ms)
✔ F11 postcommit deadline or cancellation prevents a success summary and retains committed final (58.1954ms)
✔ F12 normal verified commit permits transport while precommit and failed tokens do not (27.8052ms)
✔ F13 wrong interruption code and foreign token cannot create publication authority (19.2907ms)
✔ F14 changed pending bytes before admission prevent rename (25.8933ms)
✔ F15 existing final is retained and finalization never retries or chooses another basename (24.7824ms)
✔ F16 postcommit transport error cannot retract or reclassify committed final as partial (31.9443ms)
✔ F17 bounded invocation timers are allowed and destroyed after successful operation (2.5923ms)
✔ F18 timer lifetime policy detects a persistent cross-run scheduler (2.9924ms)
✔ F19 actual foundation finalization leaves no live timers across sequential invocations (46.5955ms)
✔ F20 failed and cancelled foundation calls leave no cross-run timers (37.7288ms)
✔ F21 failed read-only namespace verification retains committed output and clears its timer (29.691ms)
✔ F22 read-only verification timeout is bounded and late handle completion only closes (2041.2411ms)
✔ F23 interruption recorded while pre-submission read is pending prevents later admission (32.1512ms)
✔ F24 the first observed pre-submission interruption remains terminal (24.3915ms)
✔ LP01 exact trusted Windows PowerShell 5.1 executable (1.0586ms)
✔ LP02 exact fixed argument ordering and Bypass value (0.7496ms)
✔ LP03 fixed packaged helper path from module location (0.1393ms)
✔ LP04 no encoded command, expression or shell authority (0.1224ms)
✔ LP05 caller object cannot supply executable, script or policy (0.1613ms)
✔ LP06 launch specification and nested authority are immutable (0.5124ms)
✔ LP07 ambient PATH, system-root, policy and script poisons cannot select launch (0.4064ms)
✔ LP08 actual transport calls spawn with fixed array and sanitized environment (1.3585ms)
✔ LP09 CLI cannot select --script (0.5521ms)
✔ LP09 CLI cannot select --execution-policy (0.2145ms)
✔ LP09 CLI cannot select --powershell (0.1335ms)
✔ LP10 no persistent policy or registry mutation code is introduced (8.5867ms)
✔ LP11 public package exports cannot expose launch override (0.9825ms)
✔ NRT01 native CPU-bound worker is terminated at fixed 10000ms CLI evaluation deadline (8.4389ms)
✔ PTERM01 a rejected second staging terminally consumes publication (43.7669ms)
✔ PTERM02 premature finalization consumes token before later staging (11.0573ms)
✔ PCHAIN5-attributes all-field cross-slot stability rejects changed attributes (6.9662ms)
✔ PCHAIN5-byteLength all-field cross-slot stability rejects changed byteLength (7.4814ms)
✔ PCHAIN5-fileId all-field cross-slot stability rejects changed fileId (7.1599ms)
✔ PCHAIN5-finalPath all-field cross-slot stability rejects changed finalPath (10.5175ms)
✔ PCHAIN5-isDirectory all-field cross-slot stability rejects changed isDirectory (9.0575ms)
✔ PCHAIN5-linkCount all-field cross-slot stability rejects changed linkCount (7.2392ms)
✔ PCHAIN5-volumeSerial all-field cross-slot stability rejects changed volumeSerial (7.5764ms)
✔ PCHAIN6-attributes all-field cross-slot stability rejects changed attributes (14.9449ms)
✔ PCHAIN6-byteLength all-field cross-slot stability rejects changed byteLength (9.1314ms)
✔ PCHAIN6-fileId all-field cross-slot stability rejects changed fileId (9.5133ms)
✔ PCHAIN6-finalPath all-field cross-slot stability rejects changed finalPath (9.4399ms)
✔ PCHAIN6-isDirectory all-field cross-slot stability rejects changed isDirectory (10.1343ms)
✔ PCHAIN6-linkCount all-field cross-slot stability rejects changed linkCount (11.0169ms)
✔ PCHAIN6-volumeSerial all-field cross-slot stability rejects changed volumeSerial (11.9596ms)
✔ PCHAIN7-attributes all-field cross-slot stability rejects changed attributes (13.8531ms)
✔ PCHAIN7-byteLength all-field cross-slot stability rejects changed byteLength (12.3468ms)
✔ PCHAIN7-fileId all-field cross-slot stability rejects changed fileId (15.0981ms)
✔ PCHAIN7-finalPath all-field cross-slot stability rejects changed finalPath (14.9951ms)
✔ PCHAIN7-isDirectory all-field cross-slot stability rejects changed isDirectory (13.8439ms)
✔ PCHAIN7-linkCount all-field cross-slot stability rejects changed linkCount (12.3068ms)
✔ PCHAIN7-volumeSerial all-field cross-slot stability rejects changed volumeSerial (11.0076ms)
✔ PCHAIN8-attributes all-field cross-slot stability rejects changed attributes (19.7172ms)
✔ PCHAIN8-byteLength all-field cross-slot stability rejects changed byteLength (21.0025ms)
✔ PCHAIN8-fileId all-field cross-slot stability rejects changed fileId (21.5473ms)
✔ PCHAIN8-finalPath all-field cross-slot stability rejects changed finalPath (21.6187ms)
✔ PCHAIN8-isDirectory all-field cross-slot stability rejects changed isDirectory (20.5247ms)
✔ PCHAIN8-linkCount all-field cross-slot stability rejects changed linkCount (20.6935ms)
✔ PCHAIN8-volumeSerial all-field cross-slot stability rejects changed volumeSerial (25.8924ms)
✔ PCHAIN9-attributes all-field cross-slot stability rejects changed attributes (29.4048ms)
✔ PCHAIN9-byteLength all-field cross-slot stability rejects changed byteLength (24.156ms)
✔ PCHAIN9-fileId all-field cross-slot stability rejects changed fileId (22.5906ms)
✔ PCHAIN9-finalPath all-field cross-slot stability rejects changed finalPath (23.5472ms)
✔ PCHAIN9-isDirectory all-field cross-slot stability rejects changed isDirectory (48.3696ms)
✔ PCHAIN9-linkCount all-field cross-slot stability rejects changed linkCount (16.9735ms)
✔ PCHAIN9-volumeSerial all-field cross-slot stability rejects changed volumeSerial (18.2118ms)
✔ PNEG01 pending native byteLength must equal staged detached bytes (18.8053ms)
✔ PNEG02 wrong root branded capability cannot mutate either destination (3.7282ms)
✔ PNEG03 foreign capability and legacy callback cannot create a directory (1.2587ms)
✔ PNEG04 foreign token never authorizes staging or finalization (0.4874ms)
✔ PNEG05 second capability claim terminates original token (7.9441ms)
✔ PNEG06 second finalization preserves committed exact file and cannot rename again (25.6314ms)
✔ PNEG07 same-length changed pending bytes fail final reread before slot9 (18.523ms)
✔ PNEG08 preexisting pending file is never overwritten and remains diagnostic evidence (14.4408ms)
✔ PNEG09 preexisting final file causes failure and remains byte-identical (24.657ms)
✔ PNEG10 existing output directory cannot be claimed or overwritten (6.2956ms)
✔ PNEG11-TIMEOUT immediate pre-rename checkpoint is terminal (21.0899ms)
✔ PNEG11-CANCELLED immediate pre-rename checkpoint is terminal (19.8444ms)
✔ PNEG12-before-write cancellation retains owned pending bytes without publishing (11.913ms)
✔ PNEG12-after-write cancellation retains owned pending bytes without publishing (13.1186ms)
✔ PNEG13 in-flight staging cannot revive token after concurrent staging rejection (13.1037ms)
✔ PNEG14 wrong session from framed transport aborts sequence and cannot publish (6.3659ms)
✔ PDET01 staging snapshots caller bytes before async work (23.5248ms)
✔ PDET02 changing roots and assessment sessions does not alter exact published bytes (49.1476ms)
✔ PTERM03 concurrent rejection during final reread cannot launch slot9 (19.673ms)
✔ PTERM04 concurrent rejection during pending close cannot launch slot8 (18.5803ms)
# QUEUED_CLI {"mode":"deadline","scope":"ACTUAL_QUEUED_RENAME_AND_CLI_WITH_SYNTHETIC_IDENTITY_FRAMES","requests":1,"engineeringClock":"Monotonic elapsed-time offset at slot 8; original CLI absolute deadline has 100ms remaining, no budget restart.","finiteJobs":4,"observation":{"elapsedMs":360.02500000000003,"settled":false,"snapshot":{"kind":"cli","deadline":30085.2135,"helpers":0,"workers":1,"helperUsedMs":0,"activeRole":null,"cleanupConfirmed":false,"publication":{"phase":"COMMIT_IN_PROGRESS","admitted":true,"deadlineExpiredAfterAdmission":true,"cancelledAfterAdmission":true,"namespaceVerified":false,"dispositionDeadline":null},"terminalCode":null,"terminalAt":null,"cleanupDeadline":null,"events":[{"type":"start","at":155.3688,"role":"worker","deadline":10155.2701,"ordinal":1},{"type":"observation","at":157.0293,"role":"worker","threadId":1,"resourceLimits":{"maxYoungGenerationSizeMb":16,"maxOldGenerationSizeMb":128,"codeRangeSizeMb":-1,"stackSizeMb":4}},{"type":"quiescent","at":261.8984,"role":"worker","ordinal":1},{"type":"publication-interruption","at":30095.632400000002,"code":"MO1307_TIMEOUT","phase":"COMMIT_IN_PROGRESS"},{"type":"publication-interruption","at":30143.217200000003,"code":"MO1307_CANCELLED","phase":"COMMIT_IN_PROGRESS"}]},"finalPresent":false,"pendingPresent":true,"stdoutBytes":0},"elapsedMs":1630.8369,"snapshot":{"kind":"cli","deadline":30085.2135,"helpers":0,"workers":1,"helperUsedMs":0,"activeRole":null,"cleanupConfirmed":true,"publication":{"phase":"COMMITTED","admitted":true,"deadlineExpiredAfterAdmission":true,"cancelledAfterAdmission":true,"namespaceVerified":true,"dispositionDeadline":3471.4012000000002},"terminalCode":"MO1307_OUTPUT","terminalAt":31171.176300000003,"cleanupDeadline":3471.4012000000002,"events":[{"type":"start","at":155.3688,"role":"worker","deadline":10155.2701,"ordinal":1},{"type":"observation","at":157.0293,"role":"worker","threadId":1,"resourceLimits":{"maxYoungGenerationSizeMb":16,"maxOldGenerationSizeMb":128,"codeRangeSizeMb":-1,"stackSizeMb":4}},{"type":"quiescent","at":261.8984,"role":"worker","ordinal":1},{"type":"publication-interruption","at":30095.632400000002,"code":"MO1307_TIMEOUT","phase":"COMMIT_IN_PROGRESS"},{"type":"publication-interruption","at":30143.217200000003,"code":"MO1307_CANCELLED","phase":"COMMIT_IN_PROGRESS"},{"type":"terminal","at":31171.205500000004,"code":"MO1307_OUTPUT","stage":"PUBLICATION"}]},"failure":"MO1307_OUTPUT","exitCode":21,"stdoutBytes":0,"failureCleanupDeadline":3471.4012000000002}
✔ FCLI actual queued rename awaits settlement after deadline (1648.9085ms)
# QUEUED_CLI {"mode":"cancellation","scope":"ACTUAL_QUEUED_RENAME_AND_CLI_WITH_SYNTHETIC_IDENTITY_FRAMES","requests":1,"engineeringClock":"Real monotonic clock","finiteJobs":4,"observation":{"elapsedMs":271.3822,"settled":false,"snapshot":{"kind":"cli","deadline":31726.283,"helpers":0,"workers":1,"helperUsedMs":0,"activeRole":null,"cleanupConfirmed":false,"publication":{"phase":"COMMIT_IN_PROGRESS","admitted":true,"deadlineExpiredAfterAdmission":false,"cancelledAfterAdmission":true,"namespaceVerified":false,"dispositionDeadline":null},"terminalCode":null,"terminalAt":null,"cleanupDeadline":null,"events":[{"type":"start","at":1787.7601,"role":"worker","deadline":11787.7345,"ordinal":1},{"type":"observation","at":1788.4496,"role":"worker","threadId":2,"resourceLimits":{"maxYoungGenerationSizeMb":16,"maxOldGenerationSizeMb":128,"codeRangeSizeMb":-1,"stackSizeMb":4}},{"type":"quiescent","at":1920.5033,"role":"worker","ordinal":1},{"type":"publication-interruption","at":1997.6911,"code":"MO1307_CANCELLED","phase":"COMMIT_IN_PROGRESS"}]},"finalPresent":false,"pendingPresent":true,"stdoutBytes":0},"elapsedMs":1789.6415,"snapshot":{"kind":"cli","deadline":31726.283,"helpers":0,"workers":1,"helperUsedMs":0,"activeRole":null,"cleanupConfirmed":true,"publication":{"phase":"COMMITTED","admitted":true,"deadlineExpiredAfterAdmission":false,"cancelledAfterAdmission":true,"namespaceVerified":true,"dispositionDeadline":5348.8415},"terminalCode":"MO1307_OUTPUT","terminalAt":3350.9142,"cleanupDeadline":5348.8415,"events":[{"type":"start","at":1787.7601,"role":"worker","deadline":11787.7345,"ordinal":1},{"type":"observation","at":1788.4496,"role":"worker","threadId":2,"resourceLimits":{"maxYoungGenerationSizeMb":16,"maxOldGenerationSizeMb":128,"codeRangeSizeMb":-1,"stackSizeMb":4}},{"type":"quiescent","at":1920.5033,"role":"worker","ordinal":1},{"type":"publication-interruption","at":1997.6911,"code":"MO1307_CANCELLED","phase":"COMMIT_IN_PROGRESS"},{"type":"terminal","at":3350.9458,"code":"MO1307_OUTPUT","stage":"PUBLICATION"}]},"failure":"MO1307_OUTPUT","exitCode":21,"stdoutBytes":0,"failureCleanupDeadline":5348.8415}
✔ FCLI actual queued rename awaits settlement after cancellation (1797.7124ms)
✔ PWAIT terminal cancellation prevents late advancement after mkdir (79.6224ms)
✔ PWAIT terminal cancellation prevents late advancement after sync (78.4366ms)
✔ PWAIT terminal cancellation prevents late advancement after final-open (95.8826ms)
# STDOUT_DISPOSITION {"mode":"timeout","delivered":353,"snapshot":{"kind":"cli","deadline":33781.5185,"helpers":0,"workers":1,"helperUsedMs":0,"activeRole":null,"cleanupConfirmed":true,"publication":{"phase":"COMMITTED","admitted":true,"deadlineExpiredAfterAdmission":true,"cancelledAfterAdmission":false,"namespaceVerified":true,"dispositionDeadline":6036.9378},"terminalCode":"MO1307_OUTPUT","terminalAt":33782.9531,"cleanupDeadline":35782.9531,"events":[{"type":"start","at":3856.7661,"role":"worker","deadline":13856.6816,"ordinal":1},{"type":"observation","at":3858.1818,"role":"worker","threadId":3,"resourceLimits":{"maxYoungGenerationSizeMb":16,"maxOldGenerationSizeMb":128,"codeRangeSizeMb":-1,"stackSizeMb":4}},{"type":"quiescent","at":3999.1526,"role":"worker","ordinal":1},{"type":"publication-transport","at":4037.9182},{"type":"publication-interruption","at":33782.7393,"code":"MO1307_TIMEOUT","phase":"COMMITTED"},{"type":"terminal","at":33782.9935,"code":"MO1307_OUTPUT","stage":"PUBLICATION"}]}}
✔ FCLI post-commit stalled stdout timeout retains final and one transport allowance (312.1691ms)
# STDOUT_DISPOSITION {"mode":"cancellation","delivered":353,"snapshot":{"kind":"cli","deadline":34094.1612,"helpers":0,"workers":1,"helperUsedMs":0,"activeRole":null,"cleanupConfirmed":true,"publication":{"phase":"COMMITTED","admitted":true,"deadlineExpiredAfterAdmission":false,"cancelledAfterAdmission":true,"namespaceVerified":true,"dispositionDeadline":6347.1245},"terminalCode":"MO1307_OUTPUT","terminalAt":4383.5731,"cleanupDeadline":6383.5731,"events":[{"type":"start","at":4159.7997,"role":"worker","deadline":14159.7733,"ordinal":1},{"type":"observation","at":4160.7149,"role":"worker","threadId":4,"resourceLimits":{"maxYoungGenerationSizeMb":16,"maxOldGenerationSizeMb":128,"codeRangeSizeMb":-1,"stackSizeMb":4}},{"type":"quiescent","at":4315.3524,"role":"worker","ordinal":1},{"type":"publication-transport","at":4347.8765},{"type":"publication-interruption","at":4383.5071,"code":"MO1307_CANCELLED","phase":"COMMITTED"},{"type":"terminal","at":4383.5861,"code":"MO1307_OUTPUT","stage":"PUBLICATION"}]}}
✔ FCLI post-commit stalled stdout cancellation retains final and one transport allowance (316.1135ms)
✔ R01 api exact absolute deadline and equality (2.4378ms)
✔ R01 cli exact absolute deadline and equality (0.2123ms)
✔ R02 earlier cancellation stays terminal after deadline (0.3039ms)
✔ R03 timeout wins simultaneous first cancellation observation (0.2911ms)
✔ R04 preaborted signal prevents any launch (0.6648ms)
✔ R05 monotonic decreasing clock rejects (1.0037ms)
✔ R06 API cannot launch helper (0.4318ms)
✔ R07 helper deadline includes all active time; equality rejects (0.756ms)
✔ R08 aggregate deadline does not reset across helpers (0.7453ms)
✔ R09 worker time is excluded from helper aggregate but inside overall (0.4557ms)
✔ R10 helper overlap is terminal and cleans prior owned role (0.5367ms)
✔ R11 helper and worker cannot overlap (0.4665ms)
✔ R12 frame alone cannot advance before actual close (60.3222ms)
✔ R13 launch uses only fixed executable/script/environment and no shell (0.9381ms)
✔ R14 helper trailing byte fails closed (1.8814ms)
✔ R14 helper extra frame fails closed (1.7128ms)
✔ R14 helper debug stdout fails closed (1.8177ms)
✔ R14 helper truncated frame fails closed (8.6863ms)
✔ R14 helper oversized prefix fails closed (1.0738ms)
✔ R14 helper stderr overflow fails closed (1.0771ms)
✔ R14 helper nonzero exit fails closed (15.3385ms)
✔ R15 cancellation in launch terminates and ignores later valid frame (4.1131ms)
✔ R16 cancellation during transport cleans child (26.334ms)
✔ R17 fixed actual worker has empty environment and exact heap intent (49.2408ms)
✔ R18 successful worker result waits for termination (141.7845ms)
✔ R19 actual worker crash fails closed (57.3216ms)
✔ R19 actual worker duplicate fails closed (33.8764ms)
✔ R19 actual worker stdout fails closed (34.0571ms)
✔ R20 cancellation actually terminates CPU-bound worker thread (43.7368ms)
✔ R21 production worker executes accepted 2A/2B and confirms quiescence (286.1157ms)
✔ R22 adapter matches closed 2A handoff; operational/session fields excluded (0.4361ms)
✔ R23 verify evidence seam excludes result and decision bytes (0.2422ms)
✔ R24 malformed decision uses dedicated mismatch, cap uses resource (0.5386ms)
✔ R25 actual worker policy denies filesystem/network/process/module escape imports (69.5527ms)
✔ R26 cancellation preempts pending publication promise without another role (0.6992ms)
✔ R27 late publication promise cannot restore terminal success (0.2844ms)
✔ SUP01 post-rename TIMEOUT returns OUTPUT and retains exact committed result (227.9054ms)
✔ SUP01 post-rename CANCELLED returns OUTPUT and retains exact committed result (182.719ms)
✔ SUP02 verify stdout backpressure times out without product filesystem changes (188.3095ms)
✔ SUP03 input root identity change between helper slots fails closed (23.3425ms)
✔ SUP04 physical file alias across bootstrap slots is rejected despite distinct paths (22.5337ms)
✔ SUP05 malformed external decision rejects without stdout or changes (247.5354ms)
✔ SUP06 wrong external decision proof binding rejects (242.4019ms)
✔ SUP07 contrary APPROVE preserves not-ready and reports unverified authenticity (266.9518ms)
✔ SUP07 contrary APPROVE preserves could-not-evaluate and reports unverified authenticity (286.4031ms)
✔ SUP08 slot4 output inspection ERROR maps to frozen OUTPUT before worker (58.1846ms)
✔ SURFACE evaluate nine slots exact bytes/summary/exit ready (209.681ms)
✔ SURFACE evaluate nine slots exact bytes/summary/exit qualified (180.9052ms)
✔ SURFACE evaluate nine slots exact bytes/summary/exit not-ready (199.9883ms)
✔ SURFACE evaluate nine slots exact bytes/summary/exit could-not-evaluate (192.8781ms)
✔ SURFACE verify four slots exit0 no writes (181.8472ms)
✔ SURFACE decision transport downstream and authenticity retained (254.402ms)
✔ SURFACE verify altered supplied result rejects before stdout (197.0242ms)
✔ SURFACE tag observations transported as original bytes without Git (113.4299ms)
✔ SURFACE determinism across random sessions and output roots (476.5905ms)
✔ SURFACE complete text output (254.7799ms)
✔ SURFACE post-rename stdout failure returns OUTPUT retains committed result (215.1727ms)
✔ SURFACE cancellation before worker no directory publication (57.437ms)
✔ SURFACE cancellation before final inspection retains pending (208.0671ms)
✔ SURFACE 2B to 2A adapter selects exact handoff fields (0.3656ms)
✔ API admission wrong argument (0.6538ms)
✔ API admission shared array (8.9969ms)
✔ API admission duplicate file ID (12.4861ms)
✔ API admission oversized candidate (11.563ms)
✔ API admission unknown property (0.2778ms)
✔ API admission wrong pin (0.1767ms)
✔ API snapshots all bytes before asynchronous work (12.3542ms)
✔ API caller mutation after entry cannot affect worker (400.4152ms)
✔ API missing declared file rejects (13.6158ms)
✔ API abort before entry is terminal (0.8404ms)
✔ API abort during worker terminates (23.534ms)
✔ API public evaluate and verify execute accepted integrated semantics (802.5453ms)
✔ CLI dispatch "" (1.1619ms)
✔ CLI dispatch "unknown" (0.2098ms)
✔ CLI dispatch "constructor" (0.2396ms)
✔ CLI dispatch "toString" (0.1543ms)
✔ CLI dispatch "__proto__" (0.1289ms)
✔ CLI dispatch "Evaluate" (0.0977ms)
✔ CLI negative missing command (0.1781ms)
✔ CLI negative missing flag (0.1578ms)
✔ CLI negative duplicate flag (0.1127ms)
✔ CLI negative unknown flag (0.1324ms)
✔ CLI negative unsafe path (0.6869ms)
✔ CLI negative overlong argument (0.2406ms)
# TIMER_WITNESS [{"name":"success-a","observedTimers":5,"remainingTimers":0,"serverOrWatcherResources":0,"callbacksAfterSettlement":0,"outcome":"COMMITTED","activeRole":null},{"name":"write-failure","observedTimers":4,"remainingTimers":0,"serverOrWatcherResources":0,"callbacksAfterSettlement":0,"outcome":"MO1307_OUTPUT","activeRole":null},{"name":"write-cancellation","observedTimers":4,"remainingTimers":0,"serverOrWatcherResources":0,"callbacksAfterSettlement":0,"outcome":"MO1307_CANCELLED","activeRole":null},{"name":"rename-failure","observedTimers":6,"remainingTimers":0,"serverOrWatcherResources":0,"callbacksAfterSettlement":0,"outcome":"MO1307_OUTPUT","activeRole":null},{"name":"post-admission-cancellation","observedTimers":6,"remainingTimers":0,"serverOrWatcherResources":0,"callbacksAfterSettlement":0,"outcome":"MO1307_OUTPUT","activeRole":null},{"name":"stalled-write-cancellation","observedTimers":3,"remainingTimers":0,"serverOrWatcherResources":0,"callbacksAfterSettlement":0,"outcome":"MO1307_CANCELLED","activeRole":null},{"name":"success-b","observedTimers":5,"remainingTimers":0,"serverOrWatcherResources":0,"callbacksAfterSettlement":0,"outcome":"COMMITTED","activeRole":null}]
✔ N24-C invocation timers clear after success, write/rename failure and pre/post-admission cancellation including a stalled write; no server, watcher or cross-run callbacks (467.4631ms)
✔ D01 actual integrated evaluation and independent verify: could-not-evaluate (493.8094ms)
✔ D01 actual integrated evaluation and independent verify: history-blocker-unavailable (513.094ms)
✔ D01 actual integrated evaluation and independent verify: informational-ready (564.3361ms)
✔ D01 actual integrated evaluation and independent verify: metadata-only (561.7436ms)
✔ D01 actual integrated evaluation and independent verify: mixed-precedence (525.9945ms)
✔ D01 actual integrated evaluation and independent verify: mo1306-qualified (2730.5641ms)
✔ D01 actual integrated evaluation and independent verify: not-ready (495.4715ms)
✔ D01 actual integrated evaluation and independent verify: post-tag-absent (474.765ms)
✔ D01 actual integrated evaluation and independent verify: post-tag-lightweight (487.6784ms)
✔ D01 actual integrated evaluation and independent verify: post-tag-ready (435.0261ms)
✔ D01 actual integrated evaluation and independent verify: post-tag-wrong-target (428.616ms)
✔ D01 actual integrated evaluation and independent verify: pre-tag-present (435.6141ms)
✔ D01 actual integrated evaluation and independent verify: qualified (478.721ms)
✔ D01 actual integrated evaluation and independent verify: ready (493.3556ms)
✔ D01 actual integrated evaluation and independent verify: rest-qualified (373.2692ms)
✔ D01 actual integrated evaluation and independent verify: selective-reuse (423.9461ms)
✔ D02 all four states and blocker-over-CNE precedence survive the actual pipeline (520.0253ms)
✔ D03 adapter has exactly the accepted closed fields and never uses diagnostics as authority (170.5718ms)
✔ D04 MO1306 all nineteen source rows and twelve negative projections remain exact (505.4399ms)
✔ D05 MO1306 provider axes and ten disclosures retain their exact released limitations (510.2794ms)
✔ D06 MO1306 raw configuration lineage survives integration and original omission still rejects (258.1074ms)
✔ D07 verified historical applicability blocks an unavailable mandatory gate without erasing CNE (100.1218ms)
✔ D08 REST authority remains separate with mandatory same-host qualification and no providers (77.1839ms)
✔ D09 human decision binding is downstream and never changes readiness: ready/APPROVE (223.0956ms)
✔ D09 human decision binding is downstream and never changes readiness: ready/REJECT (222.7028ms)
✔ D09 human decision binding is downstream and never changes readiness: ready/DEFER (216.4586ms)
✔ D09 human decision binding is downstream and never changes readiness: qualified/APPROVE (235.864ms)
✔ D09 human decision binding is downstream and never changes readiness: not-ready/APPROVE (226.221ms)
✔ D10 mismatched human decision rejects: candidateDigest (220.2425ms)
✔ D10 mismatched human decision rejects: readinessDigest (218.1122ms)
✔ D10 mismatched human decision rejects: proofBindingDigest (229.9519ms)
✔ D11 tag-stage facts yield exact mandatory blockers and never execute Git (623.9467ms)
✔ D12 integrated operational failure remains an error: candidate substitution (9.624ms)
✔ D12 integrated operational failure remains an error: trust-root mismatch (6.835ms)
✔ D12 integrated operational failure remains an error: raw-source tamper (23.2914ms)
✔ D12 integrated operational failure remains an error: claim tamper under an old grant (51.905ms)
✔ D12 integrated operational failure remains an error: grant substitution (53.2223ms)
✔ D12 integrated operational failure remains an error: stale dependency (49.4347ms)
✔ D12 integrated operational failure remains an error: history rewrite with intact grant (250.4214ms)
✔ D12 integrated operational failure remains an error: history PASS fabrication (336.376ms)
✔ D12 integrated operational failure remains an error: qualification omission (95.9793ms)
✔ D12 integrated operational failure remains an error: provider false hosted promotion (538.3447ms)
✔ D12 integrated operational failure remains an error: dangling authority reference (71.9176ms)
✔ D12 integrated operational failure remains an error: profile substitution (15.9641ms)
✔ D12 integrated operational failure remains an error: path traversal rejected by the frozen manifest schema (16.1416ms)
✔ D13 result verification independently rechecks original raw bytes before trusting a valid result (27.1244ms)
✔ D14 self-consistent changed readiness passes evidence-only support but fails integrated recomputation (235.8612ms)
✔ D15 supplied result digest tamper rejects: readinessDigest (114.9272ms)
✔ D15 supplied result digest tamper rejects: proofBindingDigest (108.6159ms)
✔ D16 self-consistent result history or qualification omission cannot hide behind repaired hashes (1185.3775ms)
✔ D17 derived graph is candidate-rooted, authority-rooted, closed and bounded (749.568ms)
✔ D18 no supplied cyclic or dangling graph can replace independently derived evidence (207.5005ms)
✔ D19 repeated calls and nonsemantic object/map insertion order preserve exact normative bytes (383.3769ms)
✔ D20 signed set ordering is preserved rather than silently normalized during integration (26.8453ms)
✔ D21 metadata affects exact proof audit while leaving all readiness semantics byte-identical (207.911ms)
✔ D22 selective reuse stays explicit and relevant changes fail before readiness computation (159.1156ms)
✔ D23 evidenceInput strips only known verification transport fields and adds no authority (9.1394ms)
✔ D24 integrated preflight preserves accepted authority-before-semantic error priority (132.8758ms)
ℹ tests 639
ℹ suites 0
ℹ pass 639
ℹ fail 0
ℹ cancelled 0
ℹ skipped 0
ℹ todo 0
ℹ duration_ms 156331.9849
