✔ EO1 every MO-1306/MO-1307 J-canonical fixture equals JCS plus one trailing LF (556.2501ms)
✔ EO1 MO-1306 and MO-1307 J serialize every fixture value in their domain exactly as JCS plus LF (842.6848ms)
✔ EO1 boundary vectors: key order, escapes, integers and nesting agree (1.4166ms)
✔ EO2 inspectRegressionReport accepts a genuine report and returns its Standard identity (132.2181ms)
✔ EO2 inspectRegressionReport rejects identifier and content tampering (64.1244ms)
✔ EO2 identity is integrity, not origin: a self-consistent recomputed forgery is accepted (49.8516ms)
✔ EO3 released SDK copies are byte-identical to the SDK released at memoryos-1.3-mo1302 (282.5426ms)
✔ EO3 the workspace verifier pins the MO-1302 vendored runtime to its release, not to current source (12243.9632ms)
✔ WC01 unchanged Action passes the corrected check (2940.3133ms)
✔ WC02 one-byte SDK or CLI source edits now pass; the replaced rule rejected them (0.4767ms)
✔ WC03 any bundled byte change fails (0.2944ms)
✔ WC04 a bundled change with a consistently rewritten manifest still fails on the released manifest (0.2146ms)
✔ WC05 an added or removed bundled file fails (0.2007ms)
✔ WC06 a manifest that no longer matches the released bytes fails (0.2026ms)
✔ WC07 the tag exists, is annotated and peels to the commit the MO-1302 records name (998.2983ms)
✔ WC08 every pin equals the exact blob at the release tag (26736.2748ms)
✔ WC09 the released Action bytes are unchanged since the tag (R32) (304.8791ms)
✔ WC10 the correction replaces only the source comparison (324.1778ms)
✔ WC11 every other verifier check reports exactly as before the correction (6066.4606ms)
✔ L01 identities equal the independent oracle (R02 golden construction) (22.7718ms)
✔ L02 an empty ledger verifies with the genesis digest as head (2.2348ms)
✔ L03 entries are contiguous from 0 and chained by previousEntryDigest (R05) (16.818ms)
✔ L04 equivalent appends are byte-identical regardless of volatile inputs (R04) (30.0403ms)
✔ L05 append re-validates the admission record and enforces ledger rules (15.1628ms)
✔ L06 tombstone lifecycle: governed entry, chain verifies after purge, purged content is never verified (R18, R19, R20) (10.7808ms)
✔ L07 a crash during purge is reported as purgePending, and a completed purge is not (10.0943ms)
✔ L08 verify checks every retained member and recomputes record digests (R21) (15.2883ms)
✔ L09 tamper corpus: a single-byte flip anywhere in the descriptor or any entry fails closed (R21) (1752.9423ms)
✔ L10 structural tamper: deletion, reorder, gap, foreign splice, descriptor substitution, trailing LF (13.6327ms)
✔ L11 tombstone targets are verified, not trusted (18.3432ms)
✔ L12 query: filters, order, retention, tombstone matching and pagination (R22) (37.0537ms)
✔ L13 query verifies the chain before answering and rejects malformed queries (R22) (9.7643ms)
✔ L14 decisionConsistency is stored at admission, returned by query without member bytes, and covered by the entry identity (Amendment A4.1) (29.8718ms)
✔ L14b a claim is rejected, never stored with a guessed value, when its readiness result is absent, purged or in another ledger (Amendment A4.1) (45.4692ms)
✔ L14c historyLedgerView gives admission the Workspace, the entries and only retained readiness bytes (Amendment A4.1) (12.8711ms)
✔ L15 export is complete, deterministic and verifiable (R23) (25.7654ms)
✔ L16 verify-export fails closed on every single-byte flip, missing, extra and reordered file (R23) (1814.1308ms)
✔ L17 verify-export keeps section 11.1 codes for a consistent manifest over corrupt content (19.3886ms)
✔ L18 limits are enforced (R26): entry size, descriptor size, entries per ledger (17.2299ms)
✔ L19 argument shapes fail with USAGE (7.5422ms)
✔ L20 data classes: no time, path, URL or actor appears in any MO-1308-authored bytes (R24, R35) (16.4279ms)
✔ L21 the ledger module is pure and imports only the contract and canonical modules (R28, R29, R35, R37) (2.1302ms)
✔ L22 every Freeze error raised carries only a fixed message (9.0203ms)
✔ L23 re-sealed forgeries (valid entry digest) are caught by the chain rules themselves (R05, R10, R20) (25.9668ms)
ℹ tests 44
ℹ suites 0
ℹ pass 44
ℹ fail 0
ℹ cancelled 0
ℹ skipped 0
ℹ todo 0
ℹ duration_ms 61505.3384
