✔ package bin resolves to the production executable entry (6.1421ms)
✔ production CLI depends on the SDK facade and no lower platform layer (5.008ms)
✔ CLI output preserves direct SDK transition truth (2507.5194ms)
✔ Regression output is the exact public SDK report (1947.2247ms)
✔ Investigation navigation output is the exact public SDK result (2351.6243ms)
✔ version and help expose the deterministic supported command surface (11231.5667ms)
✔ argument failures are stable, non-interactive, and use exit code 1 (27871.0816ms)
✔ observe requires explicit deterministic files and emits stable summaries (5659.3999ms)
✔ input validation failures use exit code 2 and deterministic JSON (11771.1937ms)
✔ all documented exit-code classes are observable (10011.4201ms)
✔ history grammar enumerations equal the SDK contract and the fixed usage message (1.6304ms)
✔ every valid history command is accepted by the grammar and answered by the store with a frozen code (15667.1786ms)
✔ history grammar rejects malformed commands with MO1308_USAGE (55600.5767ms)
✔ history human errors carry the history code and the fixed message (1400.1378ms)
✔ history help lists the exact frozen grammar (1212.8744ms)
✔ non-history error envelopes are unchanged (no historyCode) (1238.1769ms)
✔ history grammar performs no I/O, starts no process and reads no clock (R35, R37) (3.9394ms)
✔ W01 junctions and directory symlinks anywhere on the path or inside the ledger fail closed on every operation (R17, H40) (471.41ms)
✔ W01b a reparse point that is neither a junction nor a symlink (an app-execution alias) is refused as an input file (H40) (14.1931ms)
✔ W02 a junction swapped in for a record directory during an append is detected; decoy content survives; the entry is never committed; reads then fail closed (H40) (271.3315ms)
✔ W03 the entries directory swapped for a junction at the commit point is detected after the fact: the real entries stay unchanged, reads fail closed (H40) (317.6713ms)
✔ W04 NTFS hard links: publication leaves one link per file, never replaces a name, and an unremoved staging link is only an anomaly (R06, section 9.2) (431.5934ms)
✔ W05 exclusive-create semantics: an existing name is never opened for writing, even one locked by another process or differing only in case (R06) (2278.1187ms)
✔ W05b a sharing violation (another process holds a ledger file with no sharing) fails closed with a typed IO error and changes nothing; releasing restores service (R17) (2376.7783ms)
✔ W06 the case-insensitive realpath comparison accepts any casing of the real path and refuses a short (8.3) alias; case-only renames inside a ledger are corruption (R17, H40) (378.3811ms)
✔ W07 drive-letter, UNC and long-path forms work end to end; the \\?\ and \\.\ forms are refused fail-closed without creating anything (R17) (1594.9203ms)
✔ W08 NTFS concurrency: ten real appender processes with concurrent readers; every append that succeeded is in the ledger exactly once, every record that is not was reported as a typed failure, and no failed writer left a record (R15) (22656.2348ms)
ℹ W08 attempts=30 succeeded=30 failedByCode={} fsErrorsByCodeErrnoSyscall={}
✔ W08b concurrent tombstones and appends in separate processes leave one tombstone per target and a verifying chain (R15, section 10.2) (9613.7168ms)
✔ W08c a junction swapper racing real appender processes: the race is exercised, nothing outside is overwritten, and the ledger only ever verifies or fails closed with a typed error (H40) (7468.3611ms)
✔ T01 store constants equal the Freeze contract module (layout, limits, member names) (1.7507ms)
✔ T02 init creates exactly the frozen layout once; an existing target or a missing parent is refused (section 9.1) (28.6066ms)
✔ T03 append publishes members, then the entry; every earlier file is untouched (R06, R15) (212.5045ms)
✔ T04 rejected appends change nothing: duplicates, wrong members, purged re-supply (R09, R10, R20) (153.2964ms)
✔ T05 the commit point is exclusive creation of entries/<n>.json: a lost race is LEDGER_CONFLICT and publishes nothing (R15, H41) (426.1145ms)
✔ T06 interruption at every mutating step before the commit point publishes nothing; after it, a complete entry (R16) (1917.7921ms)
✔ T07 tombstone commits first, then purges every member; the chain still verifies (R18, R19, section 10.2) (93.9483ms)
✔ T08 a crash during purge leaves purgePending; re-running the same command finishes it without a new entry (section 10.2) (393.251ms)
✔ T09 verify fails closed on every layout defect (section 11.1) (684.1207ms)
✔ T10 verify reports staging and unreferenced artifacts; tampered bytes fail closed (R21) (302.9425ms)
✔ T11 filesystem boundary: a link anywhere on the path or inside the ledger fails closed on every operation (R17, H40) (416.171ms)
✔ T12 a handle/path identity mismatch fails closed (H40) (27.0676ms)
✔ T12b a published name whose identity differs from the staged file is detected after the link (H40) (289.0326ms)
✔ T13 a directory swapped for a link during an append is detected after the fact; no content is overwritten; reads then fail closed (H40 risk acceptance) (411.876ms)
✔ T13b the same swap with no decoy is detected after the link: a boundary failure, the entry is never committed (H40) (292.1539ms)
✔ T14 export is written once, marker last, byte-identical for equal ledgers, and verify-export fails closed (R23, section 12) (940.1295ms)
✔ T15 query and verify-export are read-only; query verifies the chain and never reads member bytes (R22) (156.9735ms)
✔ T16 commands: arguments become store operations, inputs are read through the boundary, errors carry only fixed text (section 13.3, 14.1) (1346.0021ms)
✔ T17 concurrent appenders in separate processes: exactly one entry per index, losers get LEDGER_CONFLICT, the chain verifies (R15) (7810.515ms)
✔ T18 the store is Node-only, helper-free, timeless and never overwrites (R06, R35, R37, H40) (3.9671ms)
✔ T19 nothing outside the SDK facade and the contract is imported by the history sources; commands.js stays the only SDK importer (ARCHITECTURE section 5) (1.5355ms)
✔ T20 a purge committed between the entry listing and the member listing never produces RECORD_BYTES_MISMATCH: the read is repeated on a consistent snapshot (section 10.2, found by W08b) (1456.5825ms)
✔ T21 when writers overtake every pass the read fails with LEDGER_CONFLICT after exactly the fixed number of passes, never with an integrity code, and publishes nothing (5580.559ms)
✔ T22 on a stable snapshot every mismatch is reported exactly as before: corruption of a quiescent ledger is an integrity error found in a single pass (157.0215ms)
✔ CCA-MOS-CLI-004: every command emits deterministic human output through the production CLI (94622.6184ms)
✔ investigate delegates raw and enveloped Regression Reports with stable JSON (7573.3181ms)
✔ investigate selects Evidence, Reflection, Retrieval, and Evolution through the SDK (6704.0157ms)
✔ investigate selects Replay, Transition, and Verification facts exactly (4568.5586ms)
✔ investigate rejects invalid grammar, reports, categories, and selector combinations (16029.5563ms)
✔ investigate remains bounded for a complete deterministic Regression Report (2551.9768ms)
✔ verify delegates valid and invalid package truth with exit code 3 on failure (6408.3804ms)
✔ import and inspect expose the same deterministic SDK investigation metadata (3795.8625ms)
✔ trace requires and preserves one exact package Trace selector (3838.9044ms)
✔ replay applies repeated SDK actions in caller order and is deterministic (6664.9218ms)
✔ compare uses one package, completes its Replay, and enters exact Evolution (7999.5565ms)
✔ regression delegates two packages to the SDK and preserves deterministic report truth (4787.5595ms)
✔ regression reports identical packages and accepts at most one stdin operand (7210.2638ms)
✔ export is a byte-for-byte SDK round trip for files and stdout (4763.4125ms)
✔ package stdin supports non-interactive verification and import (3595.6471ms)
✔ invalid package import is reported as a package error (2461.2865ms)
✔ policy namespace exposes exactly the seven frozen commands (10972.5148ms)
✔ unexpected Policy operational failure maps to exit 5 and the exact JSON semantic projection (3.64ms)
✔ validate, digest, identities, and presentation envelopes preserve frozen bytes (9023.8109ms)
✔ evaluate preserves PASS, FAIL, CNE, exact artifacts, and outcome-last generation (13406.4205ms)
✔ all detached inspections and both verification modes remain SDK-owned (19692.4004ms)
✔ policy transport rejects collisions, multiple stdin inputs, URLs, and output-only stdin (11858.2356ms)
✔ session preserves opaque checkpoints and restores exact SDK state (6781.9847ms)
✔ checkpoint names cannot restore across live CLI sessions (3963.5455ms)
✔ session executes Trace, complete Replay, and Compare in one live SDK (7080.7839ms)
✔ session can verify and byte-preserving export through the SDK (2390.1472ms)
✔ native observations fail export safely without fabricating a MIP (2162.6917ms)
✔ session accepts a workflow file and fails malformed JSON deterministically (3889.0123ms)
ℹ tests 81
ℹ suites 0
ℹ pass 81
ℹ fail 0
ℹ cancelled 0
ℹ skipped 0
ℹ todo 0
ℹ duration_ms 505635.1077
