✔ EO1 every MO-1306/MO-1307 J-canonical fixture equals JCS plus one trailing LF (445.4117ms)
✔ EO1 MO-1306 and MO-1307 J serialize every fixture value in their domain exactly as JCS plus LF (660.1261ms)
✔ EO1 boundary vectors: key order, escapes, integers and nesting agree (1.0928ms)
✔ EO2 inspectRegressionReport accepts a genuine report and returns its Standard identity (92.7716ms)
✔ EO2 inspectRegressionReport rejects identifier and content tampering (55.959ms)
✔ EO2 identity is integrity, not origin: a self-consistent recomputed forgery is accepted (39.6906ms)
✔ EO3 released SDK copies are byte-identical to the SDK released at memoryos-1.3-mo1302 (215.471ms)
✔ EO3 the workspace verifier pins the MO-1302 vendored runtime to its release, not to current source (7771.6014ms)
✔ WC01 unchanged Action passes the corrected check (1775.7409ms)
✔ WC02 one-byte SDK or CLI source edits now pass; the replaced rule rejected them (0.6184ms)
✔ WC03 any bundled byte change fails (0.573ms)
✔ WC04 a bundled change with a consistently rewritten manifest still fails on the released manifest (0.2508ms)
✔ WC05 an added or removed bundled file fails (0.2495ms)
✔ WC06 a manifest that no longer matches the released bytes fails (0.355ms)
✔ WC07 the tag exists, is annotated and peels to the commit the MO-1302 records name (644.9338ms)
✔ WC08 every pin equals the exact blob at the release tag (15886.4919ms)
✔ WC09 the released Action bytes are unchanged since the tag (R32) (235.9668ms)
✔ WC10 the correction replaces only the source comparison (244.6925ms)
✔ WC11 every other verifier check reports exactly as before the correction (2292.3203ms)
✔ L01 identities equal the independent oracle (R02 golden construction) (12.1062ms)
✔ L02 an empty ledger verifies with the genesis digest as head (1.1514ms)
✔ L03 entries are contiguous from 0 and chained by previousEntryDigest (R05) (9.8604ms)
✔ L04 equivalent appends are byte-identical regardless of volatile inputs (R04) (17.0065ms)
✔ L05 append re-validates the admission record and enforces ledger rules (6.1535ms)
✔ L06 tombstone lifecycle: governed entry, chain verifies after purge, purged content is never verified (R18, R19, R20) (8.8133ms)
✔ L07 a crash during purge is reported as purgePending, and a completed purge is not (5.7729ms)
✔ L08 verify checks every retained member and recomputes record digests (R21) (9.4684ms)
✔ L09 tamper corpus: a single-byte flip anywhere in the descriptor or any entry fails closed (R21) (1082.3864ms)
✔ L10 structural tamper: deletion, reorder, gap, foreign splice, descriptor substitution, trailing LF (7.3644ms)
✔ L11 tombstone targets are verified, not trusted (12.3884ms)
✔ L12 query: filters, order, retention, tombstone matching and pagination (R22) (28.6652ms)
✔ L13 query verifies the chain before answering and rejects malformed queries (R22) (5.9322ms)
✔ L14 decisionConsistency is stored at admission, returned by query without member bytes, and covered by the entry identity (Amendment A4.1) (20.7669ms)
✔ L14b a claim is rejected, never stored with a guessed value, when its readiness result is absent, purged or in another ledger (Amendment A4.1) (23.9949ms)
✔ L14c historyLedgerView gives admission the Workspace, the entries and only retained readiness bytes (Amendment A4.1) (6.6075ms)
✔ L15 export is complete, deterministic and verifiable (R23) (12.7963ms)
✔ L16 verify-export fails closed on every single-byte flip, missing, extra and reordered file (R23) (853.7355ms)
✔ L17 verify-export keeps section 11.1 codes for a consistent manifest over corrupt content (10.5469ms)
✔ L18 limits are enforced (R26): entry size, descriptor size, entries per ledger (8.2687ms)
✔ L19 argument shapes fail with USAGE (4.445ms)
✔ L20 data classes: no time, path, URL or actor appears in any MO-1308-authored bytes (R24, R35) (9.6266ms)
✔ L21 the ledger module is pure and imports only the contract and canonical modules (R28, R29, R35, R37) (1.2828ms)
✔ L22 every Freeze error raised carries only a fixed message (3.467ms)
✔ L23 re-sealed forgeries (valid entry digest) are caught by the chain rules themselves (R05, R10, R20) (12.5228ms)
✔ B01 MIP_PACKAGE: MIP-001 verified; subjects copy the package values; recordDigest equals the oracle (R07) (29.8171ms)
✔ B02 MIP_PACKAGE rejections: tampered, non-canonical, truncated, wrong Workspace (R11) (27.5351ms)
✔ B03 INVESTIGATION_CHECKPOINT: accepts a Core checkpoint of a MIP-backed investigation (H13 option A) (264.0192ms)
✔ B04 INVESTIGATION_CHECKPOINT rejections: every tampered field, native, wrong Workspace, forged package (R12) (308.203ms)
✔ B05 a native investigation checkpoint is rejected (R12) (31.8764ms)
✔ B06 POLICY_EVALUATION: accepts every released Policy and Policy Set artifact pair (26.529ms)
✔ B07 POLICY_EVALUATION rejections: swapped, cross-bound to another identity, tampered, non-canonical; agrees with the SDK verifiers (447.5879ms)
✔ B08 REGRESSION_REPORT: SDK inspection accepted; both Workspaces must equal the ledger Workspace (R11) (59.4854ms)
✔ B09 CICD_RUN: every real MO-1306 bundle in the repository evidence is admitted (completed and operational-failure) (644.0873ms)
✔ B10 CICD_RUN rejections: structure, integrity, cross-links, forged semantic block (self-consistent forgeries included) (759.3171ms)
✔ B11 CICD_RUN J parsing agrees with the MO-1306 parser on structural limits (R03) (11.9187ms)
✔ B12 READINESS_RESULT: every released MO-1307 result is admitted with recomputed digests; forged variants are not (R08) (256.0616ms)
✔ B13 READINESS_RESULT rejections: stale digests, re-sealed forgeries, shape, non-J (R03) (2445.4401ms)
✔ B14 READINESS_RESULT J parsing agrees with the MO-1307 parser on structural limits (132.7958ms)
✔ B15 HUMAN_DECISION_CLAIM: admitted only against a matching READINESS_RESULT entry (H16, R13) (167.3806ms)
✔ B16 HUMAN_DECISION_CLAIM shape rejections: exact MO-1307 section 13 shape and value rules (77.5705ms)
✔ B17 duplicates and purged records are refused before any verification (R10, R20) (28.1542ms)
✔ B18 member rules: exact names, sets, duplicates, per-kind byte limits, argument shapes (567.5509ms)
✔ B19 admission is deterministic: member order, view construction and repetition do not change the record (R04) (3.9544ms)
✔ B20 every admitted record has the closed Freeze entry shape and no time, path or actor field (R24, R35) (43.398ms)
✔ B21 the admission module delegates to owners, imports no SDK, Core, fs or predecessor package, and never runs verifyReadiness (R08, R28, R29, R35, R37) (1.0818ms)
✔ B22 no admission verdict leaks input content in its error (1.0089ms)
✔ B23 self-consistent forgeries that only a single rule can catch (checkpoint chain, evidence cross-hashes) (73.1318ms)
✔ B24 CICD result rules agree with the MO-1306 checkResult over the whole error-catalog space (R03, R07) (1839.1018ms)
✔ B25 the embedded MO-1306 semantic-code allowlist equals the owner list (drift guard) (64.2002ms)
✔ B26 decisionConsistency is computed from the verified claim and result for every decision and readiness state (A4.1) (265.0876ms)
✔ B27 a claim is rejected, never stored with a guessed value, for an absent, purged, unavailable, unverified or inconsistent result (A4.1) (49.9354ms)
✔ B28 the incremental SHA-256 equals the standard hash for every length, split and clone (A4.5) (62.7157ms)
✔ B29 linear checkpoint admission gives byte-identical results to the quadratic construction on the corpus and tampered variants (A4.5) (1302.4232ms)
✔ B30 linear admission equals the quadratic construction on generated checkpoints up to 10,000 transitions (A4.5) (102747.474ms)
✔ D01 versions: SDK and CLI declare 1.2.0, released bundled copies keep 1.1.0 (R34, R32, Amendment A1) (3130.4896ms)
✔ D02 SDK facade: every record kind goes admit -> append -> verify -> query -> export -> verify-export (R07, R22, R23) (890.5206ms)
✔ D03 SDK facade brands: only values the history code issued are accepted (Amendment A2 item 2) (137.3079ms)
✔ D04 SDK facade glue: admission is built from historyLedgerView, so retained readiness bytes bind decision claims (A4.1) (138.427ms)
✔ D05 createHistoryCheckpointRecord: the Standard's nine-member projection, MIP-backed only, never a restore source (H13, H14, R12) (325.4878ms)
✔ D06 CLI end to end through real processes: init, append of every kind, verify, query, tombstone, export, verify-export (section 13.3, Amendment A4.2) (26168.1206ms)
✔ D07 CLI tombstone, purge, export and verify-export (sections 10, 12; R18, R19, R20, R23) (24056.9694ms)
✔ D08 parity (R27) and determinism (R04): the CLI ledger is byte-identical to the SDK oracle and to an independently built twin (22409.545ms)
✔ D09 CLI negatives: every admission, integrity and filesystem failure has its frozen code and exit, discloses nothing and changes nothing (R09, R25) (33985.4371ms)
✔ D10 single-byte tamper corpus (R21): every flipped byte of the descriptor, every entry and a stride of every member fails closed, in the SDK and the CLI (32973.4106ms)
✔ D11 query verifies the chain but not member bytes; append and export fail closed on a damaged ledger (sections 9.2, 11.2) (11771.0442ms)
✔ D12 export tamper corpus (R23): every flipped byte of the manifest, marker, descriptor and entries, a stride of members, and every structural defect fails closed (8444.6328ms)
✔ D13 a ledger built by one CLI and appended by another process interleaves safely: the CLI is the only writer and indices are contiguous (R15) (7450.6162ms)
✔ D14 SDK facade performs no I/O and starts no process; history authorities import only what the Freeze allows (R28, R29, R37, R35) (10.3871ms)
✔ D15 production exports no test-only hash seam (the Phase 2B __sha256ForTests export was removed) (2.8406ms)
✔ D16 history never grants approval or readiness, nothing restores from it, and session never serializes a checkpoint (R12, R14, R30) (25.5862ms)
✔ D17 the file store runs on the real SDK: the Phase 1 grammar and the stand-in are replaced; the wiring is the SDK's eight functions (H06) (1.6936ms)
✔ D18 checkpoint record sizes: a real 1,000-transition checkpoint round-trips through the SDK facade within the frozen limit (190.7418ms)
ℹ tests 92
ℹ suites 0
ℹ pass 92
ℹ fail 0
ℹ cancelled 0
ℹ skipped 0
ℹ todo 0
ℹ duration_ms 325538.5102
