✔ C01 frozen public exports contain exactly two async functions (1.978ms)
✔ C02 closed counts and every frozen exit (0.6504ms)
✔ C03 deterministic key order includes numeric-looking ASCII keys (0.5867ms)
✔ C04 Unicode scalars are not normalized or escaped unnecessarily (1.2635ms)
✔ C05 parser duplicate-key (0.2635ms)
✔ C05 parser escaped-duplicate-key (0.1987ms)
✔ C05 parser unknown-token (0.109ms)
✔ C05 parser negative-zero (0.1399ms)
✔ C05 parser negative-integer (0.2425ms)
✔ C05 parser fraction (0.3363ms)
✔ C05 parser exponent (0.2173ms)
✔ C05 parser unsafe-integer (0.1545ms)
✔ C05 parser leading-zero (0.1009ms)
✔ C05 parser unpaired-surrogate (0.0987ms)
✔ C05 parser control-string (0.0842ms)
✔ C05 parser del-string (0.0688ms)
✔ C05 parser non-ascii-key (0.0689ms)
✔ C05 parser trailing-garbage (0.0583ms)
✔ C05 parser trailing-comma (0.0734ms)
✔ C05 parser empty-document (0.0932ms)
✔ C05 parser noncanonical-spaces (0.1029ms)
✔ C05 parser missing-lf (0.1004ms)
✔ C05 parser double-lf (0.0711ms)
✔ C05 parser key-order (0.099ms)
✔ C05 parser unnecessary-escape (0.0748ms)
✔ C05 parser escaped-solidus (0.0687ms)
✔ C05 parser crlf (0.0689ms)
✔ C06 invalid UTF-8 and BOM reject (0.1862ms)
✔ C07 depth limit admits16 and rejects17 (0.3112ms)
✔ C08 members/key/string exact boundaries (0.9768ms)
✔ C09 total values boundary and bounded copy (159.0046ms)
✔ C10 shared buffers/accessors/sparse arrays/cycles/undefined reject (0.5212ms)
✔ C11 SHA256 raw/claim/candidate identity and independent proof layer (0.3591ms)
✔ C12 every error has immutable fields and fixed safe diagnostic (2.0813ms)
✔ C13 errors select numeric exit then ASCII reference within a phase (0.3062ms)
✔ C14 exact configuration accepted and unknown fields/profiles/versions rejected (1.9362ms)
✔ C15 no discovery or output/trust fields in configuration (0.6737ms)
✔ C16 deterministic blocker ID excludes mutable claim provenance (0.4441ms)
✔ C17 error schema is closed and operational outcomes are not readiness states (0.305ms)
✔ C18 public entry points reject malformed input and prior cancellation (2.0458ms)
✔ C19 shared definitions are deeply immutable (0.1569ms)
✔ C20 generated definitions equal source canonical bytes (1.6441ms)
✔ C21 serializer stops at byte budget before expansive allocation (22.9735ms)
✔ C22 arrays reject hidden properties without reading getters (0.2443ms)
✔ C23 admission errors precede restrictive schema predicates (11.2744ms)
✔ C24 nested evidence version and coverage mappings (1.1163ms)
✔ C25 profile product mismatch precedes schema INPUT (0.6968ms)
✔ C26 defensive internal cycle has GRAPH_CYCLE and bound has GRAPH_LIMIT (33.6739ms)
✔ C27 configuration errors precede evidence acquisition errors (15.6728ms)
✔ C28 API holder shape rejects getters/symbols/hidden fields safely (9.2865ms)
✔ C29 well formed bundle traverses integrated verifier and readiness worker (288.0073ms)
✔ C30 malformed verification versions use their own mismatch categories (6.1434ms)
✔ C31 reference aggregation rejects empty vectors and dangling CNE (5.1304ms)
✔ C32 provider representation cannot assert hosted certificate without vectors (0.5227ms)
✔ C33 malformed nested verification records preserve mismatch code and reference (10.6183ms)
✔ C34 nested authority profile errors use PROFILE_MISMATCH during bootstrap (21.9921ms)
✔ C35 verification shape remapping does not hide admission limits (10.0804ms)
✔ C36 known lower GitHub minimum remains valid without fabricated hosted cases (0.3789ms)
✔ fixture catalog is finite, complete and matches independent exact-byte SHA-256 (71.7773ms)
✔ 476 non-parser fixture records match closed schema and local foundation classifications (1838.4348ms)
✔ nine malformed byte/parser vectors reject with exact operational codes (1.5318ms)
✔ focused Phase 1 negative fixtures use the appropriate foundation seam (17.9082ms)
✔ all sixteen complete bundles pass snapshot, pin and byte-integrity foundations (425.8021ms)
✔ reference aggregation retains all records and realizes all four readiness states (37.6103ms)
✔ canonical result identities and summaries match exact independently constructed fixture bytes (338.5002ms)
✔ all fourteen evidence types and six graph node / five edge types have canonical positives (6.7862ms)
✔ MO-1306 preserves actual production, BF, tag, package and all nineteen source history rows (10.7742ms)
✔ MO-1306 provider limitations and ten disclosures cannot silently become hosted certification (2.2797ms)
✔ metadata-only proof changes and selective dependency reuse keep separate identities (2.9115ms)
✔ human decision bindings leave all readiness and proof bytes unchanged (48.3162ms)
✔ tag fixtures distinguish pre/post stage predicates from operational tampering (4.5587ms)
✔ future semantic negatives are classified without claiming a Phase 2 verifier exists (12.6621ms)
✔ N01 pinned native runtime and fixed PowerShell installation (7.0326ms)
✔ N02 closed CLI commands and defaults (2.0263ms)
✔ N03 prototype-sensitive and invented commands reject as usage (1.0692ms)
✔ N04 duplicate unknown missing extra flags reject (0.4379ms)
✔ N05 forbidden runtime environment and Node options reject before I/O (0.3631ms)
✔ N04b inspectable configuration path failures select lowest logical ID (0.4034ms)
✔ N06 relative lexical boundaries and hostile spellings (0.3702ms)
✔ N07 absolute roots full paths overlap and case aliases (0.5081ms)
✔ N08 identity policy rejects any reparse flag hardlink wrong type and changes (0.9295ms)
✔ N09 helper canonical round-trip and closed operation fields (4.4343ms)
✔ N10 helper frame prefix truncation trailing data and caps (0.7667ms)
✔ N11 helper sorted explicit allowlist path and per-file boundaries (1.8754ms)
✔ N12 acquisition needs four serial exits and invalid overlap or retry is terminal (5.1817ms)
✔ N13 helper response exact snapshot identity and base64 validation (1.6159ms)
✔ N14 helper decoded aggregate boundary and +1 (269.779ms)
✔ N15 native fixed PowerShell snapshots and checked inspection sanitization (11567.5965ms)
✔ N16 native helper rejects hostile operation extra fields and oversized frame (2388.1612ms)
✔ N17 native CLI evaluates and publishes exact integrated result (12568.9677ms)
✔ N18 publication exclusive create exact pending and single-file commit (55.864ms)
✔ N19 existing final destination never replaced and pending retained (43.9718ms)
✔ N20 pending collision and mutation fail closed without cleanup (60.2013ms)
✔ N21 publication byte ceiling boundary and +1 before write (70.8099ms)
✔ N22 branded framed inspection required and identity change rejects (18.3992ms)
✔ N23 primitive late checkpoint prevents rename and retains pending (27.8094ms)
✔ N24 foundation retains no-network and fixed orchestration boundaries (5.9389ms)
✔ package metadata and deterministic nonrecursive bindings (341.355ms)
✔ unexpected member is rejected without refreshing the binding (160.1637ms)
✔ changed shipped source fails exact distribution binding (235.7609ms)
✔ schema drift cannot be hidden by rebuilding manifests (170.4766ms)
✔ constants drift cannot be hidden by rebuilding manifests (160.615ms)
✔ dependencies, lifecycle hooks, extra exports and traversal allowlist are rejected (622.4311ms)
✔ network and external imports are rejected before manifest regeneration (489.4245ms)
✔ missing fixed helper and mutated manifest rows are rejected (316.9643ms)
✔ A01 exact independent Phase 1 result and summary bytes: could-not-evaluate (77.5493ms)
✔ A01 exact independent Phase 1 result and summary bytes: history-blocker-unavailable (73.4194ms)
✔ A01 exact independent Phase 1 result and summary bytes: informational-ready (71.1547ms)
✔ A01 exact independent Phase 1 result and summary bytes: metadata-only (53.8365ms)
✔ A01 exact independent Phase 1 result and summary bytes: mixed-precedence (53.0849ms)
✔ A01 exact independent Phase 1 result and summary bytes: mo1306-qualified (264.1851ms)
✔ A01 exact independent Phase 1 result and summary bytes: not-ready (70.7129ms)
✔ A01 exact independent Phase 1 result and summary bytes: post-tag-absent (51.4697ms)
✔ A01 exact independent Phase 1 result and summary bytes: post-tag-lightweight (52.9959ms)
✔ A01 exact independent Phase 1 result and summary bytes: post-tag-ready (47.6522ms)
✔ A01 exact independent Phase 1 result and summary bytes: post-tag-wrong-target (49.2871ms)
✔ A01 exact independent Phase 1 result and summary bytes: pre-tag-present (61.2556ms)
✔ A01 exact independent Phase 1 result and summary bytes: qualified (52.6094ms)
✔ A01 exact independent Phase 1 result and summary bytes: ready (52.4453ms)
✔ A01 exact independent Phase 1 result and summary bytes: rest-qualified (40.9992ms)
✔ A01 exact independent Phase 1 result and summary bytes: selective-reuse (71.2705ms)
✔ A02 core consumes claims rather than caller gate states and retains complete compiled profile (70.8407ms)
✔ A03 coverage FAIL and UNEVALUABLE drive mandatory artifact (84.2013ms)
✔ A03 coverage FAIL and UNEVALUABLE drive mandatory binding (74.0674ms)
✔ A03 coverage FAIL and UNEVALUABLE drive mandatory history (83.3381ms)
✔ A03 coverage FAIL and UNEVALUABLE drive mandatory provenance (80.5213ms)
✔ A03 coverage FAIL and UNEVALUABLE drive mandatory provider.azure (71.0332ms)
✔ A03 coverage FAIL and UNEVALUABLE drive mandatory provider.generic (84.2362ms)
✔ A03 coverage FAIL and UNEVALUABLE drive mandatory provider.github (75.6423ms)
✔ A03 coverage FAIL and UNEVALUABLE drive mandatory provider.gitlab (76.1024ms)
✔ A03 coverage FAIL and UNEVALUABLE drive mandatory provider.jenkins (77.9517ms)
✔ A03 coverage FAIL and UNEVALUABLE drive mandatory resources (75.3444ms)
✔ A03 coverage FAIL and UNEVALUABLE drive mandatory sbom (80.9168ms)
✔ A03 coverage FAIL and UNEVALUABLE drive mandatory scope (71.331ms)
✔ A03 coverage FAIL and UNEVALUABLE drive mandatory security (91.0999ms)
✔ A03 coverage FAIL and UNEVALUABLE drive mandatory semantic (68.0162ms)
✔ A03 coverage FAIL and UNEVALUABLE drive mandatory supply (68.7239ms)
✔ A03 coverage FAIL and UNEVALUABLE drive mandatory tag (75.2659ms)
✔ A03 coverage FAIL and UNEVALUABLE drive mandatory windows (67.4875ms)
✔ A04 REST coverage failures retain same-host limitation (27.6467ms)
✔ A05 unavailable MISSING is CNE with exact reason (34.1224ms)
✔ A05 unavailable AUTHORITY_UNAVAILABLE is CNE with exact reason (35.0591ms)
✔ A05 unavailable STALE is CNE with exact reason (34.0157ms)
✔ A05 unavailable UNEVALUABLE is CNE with exact reason (31.7493ms)
✔ A06 unavailable provider leaves optional observation empty without fabricating certification (33.9305ms)
✔ A07 blockers dominate independent CNE and qualifications without erasing any finding (41.4104ms)
✔ A08 CNE dominates release qualification and informational-only stays READY (76.7305ms)
✔ A09 known provider minimum failures remain blockers, including simultaneous coverage and CNE (388.6898ms)
✔ A10 Generic real execution requirement is independent of coverage verdict (100.8654ms)
✔ A11 false hosted promotion and required provider disclosure omission are rejected (90.1315ms)
✔ A12 scope qualification union rejects missing, extra, weakened and conflicting records (169.7877ms)
✔ A13 identical qualification carriers share one result with every claim and grant reference (89.7892ms)
✔ A14 missing scope or history retains known records and defers only completeness (515.7337ms)
✔ A15 preserved history remains negative; observed recurrence blocks active mandatory gates (390.427ms)
✔ A16 currently applicable history and duplicate recurrence produce one exact blocker (59.8737ms)
✔ A17 all applicable tag predicates are collected; absent post-tag fabricates no target failure (274.2828ms)
✔ A18 expected negative Policy and operational outcomes remain accepted semantic certification (79.969ms)
✔ A19 metadata-only proof change preserves readiness and invalidates old external decision (283.7006ms)
✔ A20 nonsemantic input collection order and repeated calls preserve exact result bytes (979.0843ms)
✔ A21 new metadata proof is distinct from normative changed qualification identity (148.3226ms)
✔ A22 exact comparison rejects existing altered and self-hashed false result fixtures (412.1787ms)
✔ A23 result recomputation rejects self-consistent alterations of each normative projection (1388.6859ms)
✔ A24 V18 retains exact five providers, ten disclosures, twelve negative history rows and human actions (258.2012ms)
✔ A25 history count 128 is retained exactly and 129 is a resource error (193.6479ms)
✔ A26 global qualification union 128 is complete and 129 cannot be truncated (199.4325ms)
✔ A27 128 unique historical blockers are complete and one additional known failure rejects (216.8267ms)
✔ A28 EVALUATION numeric and logical-reference precedence is independent of collection order (94.6039ms)
✔ A29 projection boundary rejects caller gate vectors, accessors and unknown profiles (22.4771ms)
✔ A30 returned proof input uses the exact independent nonrecursive binding shape (59.444ms)
✔ A31 all twelve external human decisions bind computed results without changing readiness (1606.2183ms)
✔ A32 every one of seven qualification codes is retained with its frozen impact (426.7446ms)
✔ A33 complete blocker CNE qualification cross-product follows frozen precedence and retains all lists (475.5942ms)
✔ A34 permutations preserve exact gate blocker qualification history JSON and text bytes (788.0224ms)
✔ A35 comparison rejects omitted mandatory CNE and substituted candidate profile or identity digest (296.7693ms)
✔ A36 static pure-core import closure excludes acquisition execution network and ambient selectors (3.5507ms)
✔ A37 coverage missing duplicate cross-partition or contradictory verdict uses INTEGRITY (45.1853ms)
✔ A38 nested candidate accessor is rejected before calling user code (5.9897ms)
✔ A39 informational qualification on an inactive gate remains global without activating that gate (77.4972ms)
✔ A40 preserved-history qualification must match exact condition and affected gates (228.458ms)
✔ A41 unavailable scope never exempts locally invalid or omitted required provider qualifications (46.963ms)
✔ A42 minimum-met contradictory qualified support is an error; lower minimum unsupported facts are blockers (148.7992ms)
✔ A43 known history only contributes blockers to active mandatory affected gates (52.824ms)
✔ A44 conflicting qualification scope errors choose the smallest logical ID regardless of carrier order (51.8457ms)
✔ A45 REST unevaluable required coverage yields CNE with same-host qualification retained (91.9566ms)
✔ result boundary: exactly 4 MiB is retained and +1 is OUTPUT/EVALUATION (1219.3944ms)
✔ text boundary: exactly 128 KiB is complete and +1 is OUTPUT/EVALUATION (623.4209ms)
✔ result/proof/input snapshots do not share mutable output objects (21.803ms)
✔ global derived counts reject 128+1 before malformed rows or byte sizing (6.9675ms)
✔ result construction cannot promote a blocked aggregate to READY (4.852ms)
✔ A01 all sixteen frozen bundles produce only verified claims and exact independent graph/audit identities (1265.9322ms)
✔ A02 operator authority pin is separate and rejects an independently wrong trust root (15.7745ms)
✔ A03 an evidence-controlled authority mutation cannot select its own new pin (6.5688ms)
✔ A04 raw source bytes and raw length are verified independently of intact claim identity (37.3352ms)
✔ A05 raw manifest identity and envelope hash cannot be repaired by a self-consistent claim hash (31.5717ms)
✔ A06 exact canonical claim digest is recomputed under an intact reviewed envelope grant (23.9788ms)
✔ A07 ungranted external evidence cannot satisfy a gate (26.4171ms)
✔ A08 unknown evidence type and evidence version fail closed (42.2922ms)
✔ A09 granting the wrong existing claim for a compiled gate is rejected (23.4761ms)
✔ A10 exact grant source IDs cannot substitute or omit the envelope lineage (25.052ms)
✔ A11 source bytes cannot appoint themselves as authority provenance (25.5581ms)
✔ A12 authority source Git fields, classification, length, hash and released target bind exactly (306.8017ms)
✔ A13 candidate, manifest and independently reviewed component/contract closures cannot be substituted (76.1342ms)
✔ A14 whole-candidate claims cannot use an earlier candidate root (28.4006ms)
✔ A15 a manifest cannot relabel a claim origin or dependency identity (54.458ms)
✔ A16 declared dependency role, length and content are checked against the current inventory (79.7209ms)
✔ A17 minimum dependency closure cannot omit any relevant current component (27.2937ms)
✔ A18 changed declared grant closure and dangling dependency IDs reject rather than first-win (52.4261ms)
✔ A19 scope escalation and unapproved/changed assumptions are stale (81.0364ms)
✔ A20 unrelated root assumptions do not stale an approved claim subset (58.7688ms)
✔ A21 selective reuse is explicit and unchanged dependencies retain their exact claims (82.6439ms)
✔ A22 REUSED cannot conceal a whole-candidate claim (26.4507ms)
✔ A23 old audit snapshots do not invent expiry and bounded disclosure remains mandatory (61.8163ms)
✔ A24 permitted fresh raw metadata pins change proof audit but preserve normative projection (117.2068ms)
✔ A25 duplicate IDs, copied normalized grants and unconsumed evidence fail closed (65.3822ms)
✔ A26 explicit unavailable slots omit evidence safely and optional provider slots mirror the parent (79.0482ms)
✔ A27 all admitted bytes are snapshots independent of subsequent caller mutations (59.2592ms)
✔ A28 raw source byte ceiling admits exact boundary and rejects plus one (85.51ms)
✔ A29 explicit source and authority references cannot dangle (62.7287ms)
✔ A30 canonical set orders remain normative and are never silently sorted by the verifier (67.6209ms)
✔ A31 input map insertion and object member order do not affect verified canonical projection (144.8297ms)
✔ A32 raw integrity failure wins over later root candidate mismatch (31.8864ms)
✔ A33 an authority failure wins over a later structurally valid provider contradiction (44.0531ms)
✔ A34 manifest file ceiling admits exactly 128 consumed files and rejects 129 (161.6406ms)
✔ A35 aggregate raw source admission accepts 8 MiB exactly and rejects one additional byte (177.5116ms)
✔ A36 authority source ceiling admits 32 explicit provenance records and rejects 33 (162.2045ms)
✔ F01 MO-1306 preserved configuration receipts have exact granted source lineage (372.0864ms)
✔ F02 correction preserves all normalized identities and every original raw source byte (17.5411ms)
✔ F03 reconstructed original fixture still rejects unused configuration sources (141.6939ms)
✔ G01 exact frozen graph, authority and audit bindings: could-not-evaluate (64.6093ms)
✔ G01 exact frozen graph, authority and audit bindings: history-blocker-unavailable (42.0321ms)
✔ G01 exact frozen graph, authority and audit bindings: informational-ready (42.4533ms)
✔ G01 exact frozen graph, authority and audit bindings: metadata-only (39.0655ms)
✔ G01 exact frozen graph, authority and audit bindings: mixed-precedence (39.037ms)
✔ G01 exact frozen graph, authority and audit bindings: mo1306-qualified (210.5094ms)
✔ G01 exact frozen graph, authority and audit bindings: not-ready (33.9409ms)
✔ G01 exact frozen graph, authority and audit bindings: post-tag-absent (35.0506ms)
✔ G01 exact frozen graph, authority and audit bindings: post-tag-lightweight (33.7047ms)
✔ G01 exact frozen graph, authority and audit bindings: post-tag-ready (38.2249ms)
✔ G01 exact frozen graph, authority and audit bindings: post-tag-wrong-target (38.4476ms)
✔ G01 exact frozen graph, authority and audit bindings: pre-tag-present (37.2218ms)
✔ G01 exact frozen graph, authority and audit bindings: qualified (36.3223ms)
✔ G01 exact frozen graph, authority and audit bindings: ready (38.3968ms)
✔ G01 exact frozen graph, authority and audit bindings: rest-qualified (30.7166ms)
✔ G01 exact frozen graph, authority and audit bindings: selective-reuse (35.185ms)
✔ G02 exactly six node and five edge types, one root, content sharing and origin provenance (124.4093ms)
✔ G03 metadata and opaque historical cross-links cannot add normative authority or cycles (238.1479ms)
✔ G04 missing normative claim, dependency, authority, grant and edge endpoints reject (16.8569ms)
✔ G05 duplicate node IDs, duplicate edges, malformed content IDs and unknown types reject (14.4634ms)
✔ G06 wrong edge direction, endpoint type, root and candidate identity reject (15.4845ms)
✔ G07 every grant and claim must be rooted and every normative node reachable (33.2553ms)
✔ G08 internal normative cycles and self references retain exact GRAPH_CYCLE classification (7.0898ms)
✔ G09 dependency claims cannot mix current candidate and dependency edges (5.7794ms)
✔ G10 graph nodes exactly 2048 pass and 2049 fail before expansion (133.8136ms)
✔ G11 graph edges exactly 8192 pass and 8193 fail before expansion (247.1663ms)
✔ G12 dependencies per claim exactly 1024 pass and 1025 fail (126.8261ms)
✔ G13 derivation cannot silently drop or duplicate claims, grants or authorities (59.8042ms)
✔ G14 claimed identity, dependency identity and candidate root mismatches reject (25.5467ms)
✔ G15 normalized grant identity omits audit bytes, retains classes and scoped assumptions (2.5886ms)
✔ G16 noncanonical normative array order rejects instead of silently changing identity (10.0391ms)
✔ G17 derivation enforces the edge ceiling while expanding verified claim dependencies (726.4103ms)
✔ G18 arbitrary object property insertion order preserves exact graph and authority bytes (205.7069ms)
✔ HB01: all sixteen Phase 1 bundles preserve exact history, qualifications and independent provider projections (232.243ms)
✔ HB02: MO-1306 binds nineteen immutable raw rows and exact twelve negative history projections (52.2469ms)
✔ HB03: MO-1306 preserves all independent provider axes and ten disclosures (47.7626ms)
✔ HB04: known recurrence links only active mandatory gates, including an unavailable current gate (10.7809ms)
✔ HB05: observed recurrence preserves historical outcome while excluding optional and inactive links (55.4139ms)
✔ HB06: current-applicable history cannot erase an unavailable gate condition (9.162ms)
✔ HB07 immutable granted history rejects FAIL to PASS rewrite (28.2759ms)
✔ HB07 immutable granted history rejects BLOCKED removal (26.2541ms)
✔ HB07 immutable granted history rejects changed historical disposition (28.3597ms)
✔ HB07 immutable granted history rejects wrong historical source (25.5054ms)
✔ HB07 immutable granted history rejects wrong candidate provenance (29.4325ms)
✔ HB07 immutable granted history rejects omitted required unresolved history (29.3145ms)
✔ HB07 immutable granted history rejects fabricated resolution (27.1597ms)
✔ HB07 immutable granted history rejects duplicate conflicting history (29.1657ms)
✔ HB08: malformed PASS history and duplicate conflicting rows remain invalid with fixture-owned updated pins (93.1643ms)
✔ HB09: reviewed history must resolve nested source and authority lineage (96.0501ms)
✔ HB10: supplied scope and history inventories reject omissions and unknown condition references (137.284ms)
✔ QB01: qualifications reject omission (54.6951ms)
✔ QB01: qualifications reject impact downgrade (47.1208ms)
✔ QB01: qualifications reject wrong provider (47.2272ms)
✔ QB01: qualifications reject wrong gate (46.8435ms)
✔ QB01: qualifications reject unknown code (48.581ms)
✔ QB01: qualifications reject wrong scope authority (49.901ms)
✔ QB01: qualifications reject disclosure removal (46.083ms)
✔ QB01: qualifications reject fabricated authority member (47.6266ms)
✔ QB02: scope qualification inventory rejects extra, omitted and conflicting records (140.5988ms)
✔ QB03: an identical qualification shared by granted claims merges exact claim/grant identities (79.3597ms)
✔ QB04: historical disclosures require exact preserved condition and gate set (133.9699ms)
✔ QB05: bounded advisory and REST scope require their exact disclosures (55.9141ms)
✔ QB06: unavailable scope retains known qualified history without inventing completeness (43.0833ms)
✔ QB07: unavailable history retains known disclosures but still validates supplied scope condition inventory (103.9276ms)
✔ QB08: both unavailable inventories retain locally valid known qualifications and defer missing inventory references (72.2969ms)
✔ PB01 immutable MO-1306 authority rejects false github execution promotion (26.8874ms)
✔ PB01 immutable MO-1306 authority rejects false gitlab execution promotion (28.6423ms)
✔ PB01 immutable MO-1306 authority rejects false jenkins execution promotion (27.9905ms)
✔ PB01 immutable MO-1306 authority rejects false azure execution promotion (32.1219ms)
✔ PB02: full GitHub hosted certification requires all four exact case facts (44.6181ms)
✔ PB03: provider labels cannot alias, substitute provider identity, or remove Generic certification unnoticed (112.1213ms)
✔ PB04: contract-only providers cannot claim SUPPORTED while not live certified (168.5638ms)
✔ PB05: known lower-minimum unsupported facts are retained for 2A blockers with no fabricated certification (19.4179ms)
✔ PB06: unavailable provider parents produce no fabricated provider observation (12.0353ms)
✔ PB07: independently reviewed validation and execution facts do not imply a universal certification ranking (9.9076ms)
✔ DB01: selection order does not affect projection bytes or mutate input, and outputs are detached (72.5084ms)
✔ DB02: semantic history and qualification set order remains frozen and rejects reordered arrays (91.6606ms)
✔ LB01: history record count accepts 128 and rejects 129 without truncation (35.4513ms)
✔ LB02: assessment qualification union accepts 128 and rejects 129 across individually bounded claims (34.8845ms)
✔ LB03: exact original disposition length accepts 256 printable characters and rejects 257 (14.937ms)
✔ IB01: complete independently pinned MO-1306 verifier retains exact history, provider state and qualifications (851.4523ms)
✔ IB02: complete verifier rejects schema-valid rewritten or removed history despite fresh raw pins (504.172ms)
✔ IB03: complete verifier rejects all four MO-1306 execution promotions with unchanged reviewed grants (874.7116ms)
✔ IB04: complete verifier uses dedicated qualification mismatch classification (432.3299ms)
✔ IB05: complete verifier uses dedicated history mismatch classification for PASS rewriting (80.0461ms)
✔ IB06: independently pinned source bytes and candidate context bind historical claims (234.5473ms)
✔ L01 authority byte admission includes the exact ceiling and rejects plus one before parse/copy (18.1997ms)
✔ L02 envelope byte ceiling is enforced in acquisition before snapshot copying (43.5625ms)
✔ L03 manifest claim admission is 64 envelopes, independent of the finite gate authority limit (11.2881ms)
✔ L04 grant representation admits 64 and rejects 65 without claiming all grants fit the closed profile (13.3999ms)
✔ L05 claim dependencies and every explicit dependency reference list admit 1024 and reject 1025 (54.6131ms)
✔ L06 root, grant and claim assumption sets admit 32 and reject 33 (8.9671ms)
✔ L07 history representation admits 128 immutable rows and rejects 129 (26.0805ms)
✔ L08 qualification representation admits 128 and rejects 129 without truncation (12.4273ms)
✔ L09 scope qualification/condition reference sets each enforce their exact 128 cap (6.9777ms)
✔ L10 source references admit 128 and authority source references admit 32 at their declared schemas (4.3872ms)
✔ L11 normalized authority and audit digest reference capacities are explicit, not generic INPUT errors (71.2094ms)
✔ L12 independent cap failures never fabricate a partial verified projection (13.1969ms)
✔ P2B projection and independent result evidence: could-not-evaluate (174.9137ms)
✔ P2B projection and independent result evidence: history-blocker-unavailable (140.475ms)
✔ P2B projection and independent result evidence: informational-ready (141.8163ms)
✔ P2B projection and independent result evidence: metadata-only (153.5733ms)
✔ P2B projection and independent result evidence: mixed-precedence (140.1897ms)
✔ P2B projection and independent result evidence: mo1306-qualified (681.634ms)
✔ P2B projection and independent result evidence: not-ready (142.7275ms)
✔ P2B projection and independent result evidence: post-tag-absent (137.676ms)
✔ P2B projection and independent result evidence: post-tag-lightweight (135.7314ms)
✔ P2B projection and independent result evidence: post-tag-ready (137.2442ms)
✔ P2B projection and independent result evidence: post-tag-wrong-target (124.6222ms)
✔ P2B projection and independent result evidence: pre-tag-present (135.0967ms)
✔ P2B projection and independent result evidence: qualified (141.9429ms)
✔ P2B projection and independent result evidence: ready (117.4884ms)
✔ P2B projection and independent result evidence: rest-qualified (101.9098ms)
✔ P2B projection and independent result evidence: selective-reuse (129.5921ms)
✔ P2B verified snapshots detach and freeze every returned fact (58.5335ms)
✔ P2B metadata changes only raw proof binding and diagnostics (117.5871ms)
✔ P2B opaque bounded advisory timestamp has no age window or invented syntax (408.8861ms)
✔ P2B deterministic internal projection uses canonical records, not object insertion order (182.577ms)
✔ P2B Freeze-mandated set ordering rejects permutations instead of normalizing signed identity (268.14ms)
✔ P2B explicit reuse dispositions preserve unrelated dependency closure (81.3093ms)
✔ P2B independently reverified source mutation cannot hide behind result self-hashes (26.5257ms)
✔ P2B result evidence tamper: candidate (511.7641ms)
✔ P2B result evidence tamper: authorityIdentityDigest (555.0718ms)
✔ P2B result evidence tamper: qualification (654.776ms)
✔ P2B result evidence tamper: history (574.2691ms)
✔ P2B result evidence tamper: provider (468.7352ms)
✔ P2B result evidence tamper: graph (567.6355ms)
✔ P2B result evidence tamper: audit (439.734ms)
✔ P2B result evidence tamper: gateBinding (568.6738ms)
✔ P2B proof material is exact frozen audit, independent of final readiness calculation (108.3076ms)
✔ R01 raw source integrity precedes an earlier logical envelope coverage contradiction (45.8635ms)
✔ R02 earlier validation phase precedes a smaller later-phase error exit (32.518ms)
✔ R03 independent source corruption precedes current-candidate authority mismatch (35.0283ms)
✔ APIBOOT01 earlier malformed config dominates later oversized evidence (27.5556ms)
✔ APIBOOT02 config shape error dominates wrong authority pin in same phase (15.2179ms)
✔ APIBOOT03 malformed config dominates oversized authority safely (6.5794ms)
✔ APIBOOT04 exact manifest ENVELOPE cap applied before bytes copy (16.5439ms)
✔ APIBOOT05 exact manifest file set checked before copying unknown file (14.5424ms)
✔ APIBOOT06 snapshots remain detached and byte-identical (18.9108ms)
✔ APIBOOT07 TIMEOUT interruption dominates collected parse errors (0.5917ms)
✔ APIBOOT07 CANCELLED interruption dominates collected parse errors (0.4282ms)
✔ APIBOOT08 hostile typed-array byteLength override is never invoked (12.7614ms)
✔ C2C01 corrected limits leave all byte ceilings unchanged (1.0165ms)
✔ C2C02 every required observation has a canonical closed framed representation (9.2809ms)
✔ C2C03 old wire version missing session unknown fields and arbitrary operations reject (1.0759ms)
✔ C2C04 operation sequence and fixed output leaf authority are closed (1.5823ms)
✔ C2C05 bounded frames reject trailing requests responses and alternate session (0.9126ms)
✔ C2C06 complete acquisition then terminated worker then five publication requests (7.6144ms)
✔ C2C07 helper completion cannot substitute for fully quiescent exit (4.2489ms)
✔ C2C08 helper and worker overlap and repeated worker transition are terminal (5.5445ms)
✔ C2C09 verify remains four reads followed by worker and cannot publish (2.5676ms)
✔ C2C10 request failure abort and transport failure permit no retry (3.9287ms)
✔ C2C11 full component chains reject missing ancestors wrong paths reparse and hardlinks (1.3944ms)
✔ C2C12 acquisition parent cannot be reused after native identity change (2.3814ms)
✔ C2C13 path and cross-invocation session substitutions terminate assessment (1.8582ms)
✔ C2C14 capability branding root binding and single claim exclude substitution (8.6343ms)
✔ C2C15 unclaimed out-of-order or concurrent inspection cannot be retried (5.3005ms)
✔ C2C16 bridge requires exact transport fields and confirmed process quiescence (4.0726ms)
✔ C2C17 per-invocation deadline includes response parsing and process exit (1.0117ms)
✔ C2C18 aggregate helper budget cannot silently multiply with sequential invocations (1.704ms)
✔ C2C19 overall CLI deadline and nonmonotonic clock fail without grace (2.5503ms)
✔ C2C20 framed publication performs exact five observations and one final rename (51.0701ms)
✔ C2C21 cancellation after each publication inspection is terminal and retains incomplete attempt (75.8958ms)
✔ C2C22 immediate pre-rename checkpoint blocks timeout after final native observation (24.9174ms)
✔ C2C23 final native pending identity comparison rejects stale replacement and retains bytes (21.0942ms)
✔ C2C24 mismatched branded capability and legacy callback cannot create an output root (2.6682ms)
✔ F01 publication status is an immutable operational snapshot before submission (42.4874ms)
✔ F02 timeout before submission prevents any rename and retains pending (28.077ms)
✔ F03 cancellation before submission prevents rename and is terminal (23.3227ms)
✔ F04 actual admission checkpoint rejects a deadline reached after final native inspection (27.359ms)
✔ F05 admitted delayed success remains unresolved at post-submission deadline (26.2615ms)
✔ F06 cancellation after submission is recorded without early cancellation or namespace cleanup (21.2189ms)
✔ F07 admitted failure after deadline resolves OUTPUT only after exact submitted operation settles (24.1471ms)
✔ F08 no second rename or token reuse while an admitted rename is outstanding (19.1946ms)
✔ F09 commit status changes only after successful actual rename and then preserves bytes (21.9218ms)
✔ F10 mandatory checkpoint overrun after settlement is operational metadata, not precommit TIMEOUT (26.0791ms)
✔ F11 postcommit deadline or cancellation prevents a success summary and retains committed final (57.2248ms)
✔ F12 normal verified commit permits transport while precommit and failed tokens do not (31.8913ms)
✔ F13 wrong interruption code and foreign token cannot create publication authority (18.0718ms)
✔ F14 changed pending bytes before admission prevent rename (22.004ms)
✔ F15 existing final is retained and finalization never retries or chooses another basename (28.4927ms)
✔ F16 postcommit transport error cannot retract or reclassify committed final as partial (30.9464ms)
✔ F17 bounded invocation timers are allowed and destroyed after successful operation (4.8048ms)
✔ F18 timer lifetime policy detects a persistent cross-run scheduler (2.176ms)
✔ F19 actual foundation finalization leaves no live timers across sequential invocations (60.4994ms)
✔ F20 failed and cancelled foundation calls leave no cross-run timers (31.9042ms)
✔ F21 failed read-only namespace verification retains committed output and clears its timer (29.5678ms)
✔ F22 read-only verification timeout is bounded and late handle completion only closes (2041.706ms)
✔ F23 interruption recorded while pre-submission read is pending prevents later admission (23.1368ms)
✔ F24 the first observed pre-submission interruption remains terminal (23.0153ms)
✔ LP01 exact trusted Windows PowerShell 5.1 executable (0.9139ms)
✔ LP02 exact fixed argument ordering and Bypass value (0.6713ms)
✔ LP03 fixed packaged helper path from module location (0.1183ms)
✔ LP04 no encoded command, expression or shell authority (0.1173ms)
✔ LP05 caller object cannot supply executable, script or policy (0.1465ms)
✔ LP06 launch specification and nested authority are immutable (0.4404ms)
✔ LP07 ambient PATH, system-root, policy and script poisons cannot select launch (0.3632ms)
✔ LP08 actual transport calls spawn with fixed array and sanitized environment (1.2667ms)
✔ LP09 CLI cannot select --script (0.5204ms)
✔ LP09 CLI cannot select --execution-policy (0.1713ms)
✔ LP09 CLI cannot select --powershell (0.0976ms)
✔ LP10 no persistent policy or registry mutation code is introduced (8.9424ms)
✔ LP11 public package exports cannot expose launch override (1.1557ms)
✔ NRT01 native CPU-bound worker is terminated at fixed 10000ms CLI evaluation deadline (8.8322ms)
✔ PTERM01 a rejected second staging terminally consumes publication (41.7568ms)
✔ PTERM02 premature finalization consumes token before later staging (11.5247ms)
✔ PCHAIN5-attributes all-field cross-slot stability rejects changed attributes (7.2758ms)
✔ PCHAIN5-byteLength all-field cross-slot stability rejects changed byteLength (7.3255ms)
✔ PCHAIN5-fileId all-field cross-slot stability rejects changed fileId (6.4028ms)
✔ PCHAIN5-finalPath all-field cross-slot stability rejects changed finalPath (7.0812ms)
✔ PCHAIN5-isDirectory all-field cross-slot stability rejects changed isDirectory (6.4779ms)
✔ PCHAIN5-linkCount all-field cross-slot stability rejects changed linkCount (6.7196ms)
✔ PCHAIN5-volumeSerial all-field cross-slot stability rejects changed volumeSerial (7.7016ms)
✔ PCHAIN6-attributes all-field cross-slot stability rejects changed attributes (14.4859ms)
✔ PCHAIN6-byteLength all-field cross-slot stability rejects changed byteLength (10.3613ms)
✔ PCHAIN6-fileId all-field cross-slot stability rejects changed fileId (10.5539ms)
✔ PCHAIN6-finalPath all-field cross-slot stability rejects changed finalPath (9.2841ms)
✔ PCHAIN6-isDirectory all-field cross-slot stability rejects changed isDirectory (9.0916ms)
✔ PCHAIN6-linkCount all-field cross-slot stability rejects changed linkCount (10.6319ms)
✔ PCHAIN6-volumeSerial all-field cross-slot stability rejects changed volumeSerial (9.3762ms)
✔ PCHAIN7-attributes all-field cross-slot stability rejects changed attributes (12.5915ms)
✔ PCHAIN7-byteLength all-field cross-slot stability rejects changed byteLength (11.41ms)
✔ PCHAIN7-fileId all-field cross-slot stability rejects changed fileId (10.3441ms)
✔ PCHAIN7-finalPath all-field cross-slot stability rejects changed finalPath (10.6069ms)
✔ PCHAIN7-isDirectory all-field cross-slot stability rejects changed isDirectory (12.5269ms)
✔ PCHAIN7-linkCount all-field cross-slot stability rejects changed linkCount (12.59ms)
✔ PCHAIN7-volumeSerial all-field cross-slot stability rejects changed volumeSerial (11.5533ms)
✔ PCHAIN8-attributes all-field cross-slot stability rejects changed attributes (19.6197ms)
✔ PCHAIN8-byteLength all-field cross-slot stability rejects changed byteLength (19.0436ms)
✔ PCHAIN8-fileId all-field cross-slot stability rejects changed fileId (23.0436ms)
✔ PCHAIN8-finalPath all-field cross-slot stability rejects changed finalPath (20.7082ms)
✔ PCHAIN8-isDirectory all-field cross-slot stability rejects changed isDirectory (20.7033ms)
✔ PCHAIN8-linkCount all-field cross-slot stability rejects changed linkCount (20.4298ms)
✔ PCHAIN8-volumeSerial all-field cross-slot stability rejects changed volumeSerial (22.0079ms)
✔ PCHAIN9-attributes all-field cross-slot stability rejects changed attributes (24.7082ms)
✔ PCHAIN9-byteLength all-field cross-slot stability rejects changed byteLength (28.3517ms)
✔ PCHAIN9-fileId all-field cross-slot stability rejects changed fileId (24.4007ms)
✔ PCHAIN9-finalPath all-field cross-slot stability rejects changed finalPath (25.333ms)
✔ PCHAIN9-isDirectory all-field cross-slot stability rejects changed isDirectory (20.6821ms)
✔ PCHAIN9-linkCount all-field cross-slot stability rejects changed linkCount (22.2978ms)
✔ PCHAIN9-volumeSerial all-field cross-slot stability rejects changed volumeSerial (22.7892ms)
✔ PNEG01 pending native byteLength must equal staged detached bytes (19.2665ms)
✔ PNEG02 wrong root branded capability cannot mutate either destination (3.6423ms)
✔ PNEG03 foreign capability and legacy callback cannot create a directory (0.87ms)
✔ PNEG04 foreign token never authorizes staging or finalization (0.5199ms)
✔ PNEG05 second capability claim terminates original token (8.5134ms)
✔ PNEG06 second finalization preserves committed exact file and cannot rename again (26.6727ms)
✔ PNEG07 same-length changed pending bytes fail final reread before slot9 (20.7717ms)
✔ PNEG08 preexisting pending file is never overwritten and remains diagnostic evidence (12.3162ms)
✔ PNEG09 preexisting final file causes failure and remains byte-identical (21.3236ms)
✔ PNEG10 existing output directory cannot be claimed or overwritten (5.0783ms)
✔ PNEG11-TIMEOUT immediate pre-rename checkpoint is terminal (22.5946ms)
✔ PNEG11-CANCELLED immediate pre-rename checkpoint is terminal (24.2901ms)
✔ PNEG12-before-write cancellation retains owned pending bytes without publishing (14.0985ms)
✔ PNEG12-after-write cancellation retains owned pending bytes without publishing (12.4459ms)
✔ PNEG13 in-flight staging cannot revive token after concurrent staging rejection (10.6177ms)
✔ PNEG14 wrong session from framed transport aborts sequence and cannot publish (6.3157ms)
✔ PDET01 staging snapshots caller bytes before async work (25.5836ms)
✔ PDET02 changing roots and assessment sessions does not alter exact published bytes (49.8005ms)
✔ PTERM03 concurrent rejection during final reread cannot launch slot9 (18.7838ms)
✔ PTERM04 concurrent rejection during pending close cannot launch slot8 (17.0808ms)
# QUEUED_CLI {"mode":"deadline","scope":"ACTUAL_QUEUED_RENAME_AND_CLI_WITH_SYNTHETIC_IDENTITY_FRAMES","requests":1,"engineeringClock":"Monotonic elapsed-time offset at slot 8; original CLI absolute deadline has 100ms remaining, no budget restart.","finiteJobs":4,"observation":{"elapsedMs":377.1391,"settled":false,"snapshot":{"kind":"cli","deadline":30086.2546,"helpers":0,"workers":1,"helperUsedMs":0,"activeRole":null,"cleanupConfirmed":false,"publication":{"phase":"COMMIT_IN_PROGRESS","admitted":true,"deadlineExpiredAfterAdmission":true,"cancelledAfterAdmission":true,"namespaceVerified":false,"dispositionDeadline":null},"terminalCode":null,"terminalAt":null,"cleanupDeadline":null,"events":[{"type":"start","at":161.3491,"role":"worker","deadline":10161.2538,"ordinal":1},{"type":"observation","at":163.0711,"role":"worker","threadId":1,"resourceLimits":{"maxYoungGenerationSizeMb":16,"maxOldGenerationSizeMb":128,"codeRangeSizeMb":-1,"stackSizeMb":4}},{"type":"quiescent","at":266.7822,"role":"worker","ordinal":1},{"type":"publication-interruption","at":30092.8899,"code":"MO1307_TIMEOUT","phase":"COMMIT_IN_PROGRESS"},{"type":"publication-interruption","at":30156.7438,"code":"MO1307_CANCELLED","phase":"COMMIT_IN_PROGRESS"}]},"finalPresent":false,"pendingPresent":true,"stdoutBytes":0},"elapsedMs":1484.6046999999999,"snapshot":{"kind":"cli","deadline":30086.2546,"helpers":0,"workers":1,"helperUsedMs":0,"activeRole":null,"cleanupConfirmed":true,"publication":{"phase":"COMMITTED","admitted":true,"deadlineExpiredAfterAdmission":true,"cancelledAfterAdmission":true,"namespaceVerified":true,"dispositionDeadline":3217.1412},"terminalCode":"MO1307_OUTPUT","terminalAt":30912.046199999997,"cleanupDeadline":3217.1412,"events":[{"type":"start","at":161.3491,"role":"worker","deadline":10161.2538,"ordinal":1},{"type":"observation","at":163.0711,"role":"worker","threadId":1,"resourceLimits":{"maxYoungGenerationSizeMb":16,"maxOldGenerationSizeMb":128,"codeRangeSizeMb":-1,"stackSizeMb":4}},{"type":"quiescent","at":266.7822,"role":"worker","ordinal":1},{"type":"publication-interruption","at":30092.8899,"code":"MO1307_TIMEOUT","phase":"COMMIT_IN_PROGRESS"},{"type":"publication-interruption","at":30156.7438,"code":"MO1307_CANCELLED","phase":"COMMIT_IN_PROGRESS"},{"type":"terminal","at":30912.0697,"code":"MO1307_OUTPUT","stage":"PUBLICATION"}]},"failure":"MO1307_OUTPUT","exitCode":21,"stdoutBytes":0,"failureCleanupDeadline":3217.1412}
✔ FCLI actual queued rename awaits settlement after deadline (1501.5257ms)
# QUEUED_CLI {"mode":"cancellation","scope":"ACTUAL_QUEUED_RENAME_AND_CLI_WITH_SYNTHETIC_IDENTITY_FRAMES","requests":1,"engineeringClock":"Real monotonic clock","finiteJobs":4,"observation":{"elapsedMs":181.16149999999993,"settled":false,"snapshot":{"kind":"cli","deadline":31579.535499999998,"helpers":0,"workers":1,"helperUsedMs":0,"activeRole":null,"cleanupConfirmed":false,"publication":{"phase":"COMMIT_IN_PROGRESS","admitted":true,"deadlineExpiredAfterAdmission":false,"cancelledAfterAdmission":true,"namespaceVerified":false,"dispositionDeadline":null},"terminalCode":null,"terminalAt":null,"cleanupDeadline":null,"events":[{"type":"start","at":1618.9891,"role":"worker","deadline":11618.9696,"ordinal":1},{"type":"observation","at":1619.5602,"role":"worker","threadId":2,"resourceLimits":{"maxYoungGenerationSizeMb":16,"maxOldGenerationSizeMb":128,"codeRangeSizeMb":-1,"stackSizeMb":4}},{"type":"quiescent","at":1708.088,"role":"worker","ordinal":1},{"type":"publication-interruption","at":1760.712,"code":"MO1307_CANCELLED","phase":"COMMIT_IN_PROGRESS"}]},"finalPresent":false,"pendingPresent":true,"stdoutBytes":0},"elapsedMs":1352.381,"snapshot":{"kind":"cli","deadline":31579.535499999998,"helpers":0,"workers":1,"helperUsedMs":0,"activeRole":null,"cleanupConfirmed":true,"publication":{"phase":"COMMITTED","admitted":true,"deadlineExpiredAfterAdmission":false,"cancelledAfterAdmission":true,"namespaceVerified":true,"dispositionDeadline":4684.6765},"terminalCode":"MO1307_OUTPUT","terminalAt":2686.3585,"cleanupDeadline":4684.6765,"events":[{"type":"start","at":1618.9891,"role":"worker","deadline":11618.9696,"ordinal":1},{"type":"observation","at":1619.5602,"role":"worker","threadId":2,"resourceLimits":{"maxYoungGenerationSizeMb":16,"maxOldGenerationSizeMb":128,"codeRangeSizeMb":-1,"stackSizeMb":4}},{"type":"quiescent","at":1708.088,"role":"worker","ordinal":1},{"type":"publication-interruption","at":1760.712,"code":"MO1307_CANCELLED","phase":"COMMIT_IN_PROGRESS"},{"type":"terminal","at":2686.4198,"code":"MO1307_OUTPUT","stage":"PUBLICATION"}]},"failure":"MO1307_OUTPUT","exitCode":21,"stdoutBytes":0,"failureCleanupDeadline":4684.6765}
✔ FCLI actual queued rename awaits settlement after cancellation (1359.1265ms)
✔ PWAIT terminal cancellation prevents late advancement after mkdir (76.0736ms)
✔ PWAIT terminal cancellation prevents late advancement after sync (78.6968ms)
✔ PWAIT terminal cancellation prevents late advancement after final-open (94.5636ms)
# STDOUT_DISPOSITION {"mode":"timeout","delivered":353,"snapshot":{"kind":"cli","deadline":33192.7667,"helpers":0,"workers":1,"helperUsedMs":0,"activeRole":null,"cleanupConfirmed":true,"publication":{"phase":"COMMITTED","admitted":true,"deadlineExpiredAfterAdmission":true,"cancelledAfterAdmission":false,"namespaceVerified":true,"dispositionDeadline":5437.6395},"terminalCode":"MO1307_OUTPUT","terminalAt":33193.8923,"cleanupDeadline":35193.8923,"events":[{"type":"start","at":3249.856,"role":"worker","deadline":13249.7909,"ordinal":1},{"type":"observation","at":3250.9629,"role":"worker","threadId":3,"resourceLimits":{"maxYoungGenerationSizeMb":16,"maxOldGenerationSizeMb":128,"codeRangeSizeMb":-1,"stackSizeMb":4}},{"type":"quiescent","at":3404.5414,"role":"worker","ordinal":1},{"type":"publication-transport","at":3438.8613},{"type":"publication-interruption","at":33193.8326,"code":"MO1307_TIMEOUT","phase":"COMMITTED"},{"type":"terminal","at":33193.9068,"code":"MO1307_OUTPUT","stage":"PUBLICATION"}]}}
✔ FCLI post-commit stalled stdout timeout retains final and one transport allowance (301.1284ms)
# STDOUT_DISPOSITION {"mode":"cancellation","delivered":353,"snapshot":{"kind":"cli","deadline":33492.0361,"helpers":0,"workers":1,"helperUsedMs":0,"activeRole":null,"cleanupConfirmed":true,"publication":{"phase":"COMMITTED","admitted":true,"deadlineExpiredAfterAdmission":false,"cancelledAfterAdmission":true,"namespaceVerified":true,"dispositionDeadline":5741.6338},"terminalCode":"MO1307_OUTPUT","terminalAt":3782.6449,"cleanupDeadline":5782.644899999999,"events":[{"type":"start","at":3566.8902,"role":"worker","deadline":13566.8642,"ordinal":1},{"type":"observation","at":3567.6244,"role":"worker","threadId":4,"resourceLimits":{"maxYoungGenerationSizeMb":16,"maxOldGenerationSizeMb":128,"codeRangeSizeMb":-1,"stackSizeMb":4}},{"type":"quiescent","at":3711.25,"role":"worker","ordinal":1},{"type":"publication-transport","at":3742.3709},{"type":"publication-interruption","at":3782.5727,"code":"MO1307_CANCELLED","phase":"COMMITTED"},{"type":"terminal","at":3782.6574,"code":"MO1307_OUTPUT","stage":"PUBLICATION"}]}}
✔ FCLI post-commit stalled stdout cancellation retains final and one transport allowance (314.9704ms)
✔ R01 api exact absolute deadline and equality (2.4284ms)
✔ R01 cli exact absolute deadline and equality (0.1903ms)
✔ R02 earlier cancellation stays terminal after deadline (0.3145ms)
✔ R03 timeout wins simultaneous first cancellation observation (0.2867ms)
✔ R04 preaborted signal prevents any launch (0.7308ms)
✔ R05 monotonic decreasing clock rejects (0.2826ms)
✔ R06 API cannot launch helper (0.3421ms)
✔ R07 helper deadline includes all active time; equality rejects (0.7864ms)
✔ R08 aggregate deadline does not reset across helpers (0.7231ms)
✔ R09 worker time is excluded from helper aggregate but inside overall (0.5228ms)
✔ R10 helper overlap is terminal and cleans prior owned role (0.555ms)
✔ R11 helper and worker cannot overlap (0.4427ms)
✔ R12 frame alone cannot advance before actual close (61.798ms)
✔ R13 launch uses only fixed executable/script/environment and no shell (1.7222ms)
✔ R14 helper trailing byte fails closed (2.3816ms)
✔ R14 helper extra frame fails closed (10.098ms)
✔ R14 helper debug stdout fails closed (1.322ms)
✔ R14 helper truncated frame fails closed (14.5691ms)
✔ R14 helper oversized prefix fails closed (2.6249ms)
✔ R14 helper stderr overflow fails closed (2.372ms)
✔ R14 helper nonzero exit fails closed (1.7008ms)
✔ R15 cancellation in launch terminates and ignores later valid frame (3.4139ms)
✔ R16 cancellation during transport cleans child (21.3733ms)
✔ R17 fixed actual worker has empty environment and exact heap intent (58.0377ms)
✔ R18 successful worker result waits for termination (139.4182ms)
✔ R19 actual worker crash fails closed (38.5153ms)
✔ R19 actual worker duplicate fails closed (30.8109ms)
✔ R19 actual worker stdout fails closed (30.9409ms)
✔ R20 cancellation actually terminates CPU-bound worker thread (57.5175ms)
✔ R21 production worker executes accepted 2A/2B and confirms quiescence (243.4593ms)
✔ R22 adapter matches closed 2A handoff; operational/session fields excluded (0.2895ms)
✔ R23 verify evidence seam excludes result and decision bytes (0.1567ms)
✔ R24 malformed decision uses dedicated mismatch, cap uses resource (0.3543ms)
✔ R25 actual worker policy denies filesystem/network/process/module escape imports (56.1441ms)
✔ R26 cancellation preempts pending publication promise without another role (0.6575ms)
✔ R27 late publication promise cannot restore terminal success (0.2431ms)
✔ SUP01 post-rename TIMEOUT returns OUTPUT and retains exact committed result (198.7937ms)
✔ SUP01 post-rename CANCELLED returns OUTPUT and retains exact committed result (163.5282ms)
✔ SUP02 verify stdout backpressure times out without product filesystem changes (156.7958ms)
✔ SUP03 input root identity change between helper slots fails closed (22.4656ms)
✔ SUP04 physical file alias across bootstrap slots is rejected despite distinct paths (22.1047ms)
✔ SUP05 malformed external decision rejects without stdout or changes (197.773ms)
✔ SUP06 wrong external decision proof binding rejects (182.9966ms)
✔ SUP07 contrary APPROVE preserves not-ready and reports unverified authenticity (188.0144ms)
✔ SUP07 contrary APPROVE preserves could-not-evaluate and reports unverified authenticity (207.9216ms)
✔ SUP08 slot4 output inspection ERROR maps to frozen OUTPUT before worker (40.2689ms)
✔ SURFACE evaluate nine slots exact bytes/summary/exit ready (199.6223ms)
✔ SURFACE evaluate nine slots exact bytes/summary/exit qualified (170.7785ms)
✔ SURFACE evaluate nine slots exact bytes/summary/exit not-ready (164.4676ms)
✔ SURFACE evaluate nine slots exact bytes/summary/exit could-not-evaluate (167.0936ms)
✔ SURFACE verify four slots exit0 no writes (133.0347ms)
✔ SURFACE decision transport downstream and authenticity retained (184.1045ms)
✔ SURFACE verify altered supplied result rejects before stdout (139.4251ms)
✔ SURFACE tag observations transported as original bytes without Git (84.9345ms)
✔ SURFACE determinism across random sessions and output roots (328.1646ms)
✔ SURFACE complete text output (168.6222ms)
✔ SURFACE post-rename stdout failure returns OUTPUT retains committed result (160.4422ms)
✔ SURFACE cancellation before worker no directory publication (49.9305ms)
✔ SURFACE cancellation before final inspection retains pending (143.6872ms)
✔ SURFACE 2B to 2A adapter selects exact handoff fields (0.2931ms)
✔ API admission wrong argument (0.5655ms)
✔ API admission shared array (5.0835ms)
✔ API admission duplicate file ID (8.3666ms)
✔ API admission oversized candidate (4.5879ms)
✔ API admission unknown property (0.1258ms)
✔ API admission wrong pin (0.0964ms)
✔ API snapshots all bytes before asynchronous work (7.3455ms)
✔ API caller mutation after entry cannot affect worker (255.6242ms)
✔ API missing declared file rejects (11.6349ms)
✔ API abort before entry is terminal (0.4494ms)
✔ API abort during worker terminates (16.9588ms)
✔ API public evaluate and verify execute accepted integrated semantics (529.5583ms)
✔ CLI dispatch "" (0.7209ms)
✔ CLI dispatch "unknown" (0.0949ms)
✔ CLI dispatch "constructor" (0.08ms)
✔ CLI dispatch "toString" (0.0549ms)
✔ CLI dispatch "__proto__" (0.0538ms)
✔ CLI dispatch "Evaluate" (0.0536ms)
✔ CLI negative missing command (0.09ms)
✔ CLI negative missing flag (0.1077ms)
✔ CLI negative duplicate flag (0.0575ms)
✔ CLI negative unknown flag (0.0546ms)
✔ CLI negative unsafe path (0.3137ms)
✔ CLI negative overlong argument (0.0995ms)
# TIMER_WITNESS [{"name":"success-a","observedTimers":5,"remainingTimers":0,"serverOrWatcherResources":0,"callbacksAfterSettlement":0,"outcome":"COMMITTED","activeRole":null},{"name":"write-failure","observedTimers":4,"remainingTimers":0,"serverOrWatcherResources":0,"callbacksAfterSettlement":0,"outcome":"MO1307_OUTPUT","activeRole":null},{"name":"write-cancellation","observedTimers":4,"remainingTimers":0,"serverOrWatcherResources":0,"callbacksAfterSettlement":0,"outcome":"MO1307_CANCELLED","activeRole":null},{"name":"rename-failure","observedTimers":6,"remainingTimers":0,"serverOrWatcherResources":0,"callbacksAfterSettlement":0,"outcome":"MO1307_OUTPUT","activeRole":null},{"name":"post-admission-cancellation","observedTimers":6,"remainingTimers":0,"serverOrWatcherResources":0,"callbacksAfterSettlement":0,"outcome":"MO1307_OUTPUT","activeRole":null},{"name":"stalled-write-cancellation","observedTimers":3,"remainingTimers":0,"serverOrWatcherResources":0,"callbacksAfterSettlement":0,"outcome":"MO1307_CANCELLED","activeRole":null},{"name":"success-b","observedTimers":5,"remainingTimers":0,"serverOrWatcherResources":0,"callbacksAfterSettlement":0,"outcome":"COMMITTED","activeRole":null}]
✔ N24-C invocation timers clear after success, write/rename failure and pre/post-admission cancellation including a stalled write; no server, watcher or cross-run callbacks (418.4142ms)
✔ D01 actual integrated evaluation and independent verify: could-not-evaluate (397.3116ms)
✔ D01 actual integrated evaluation and independent verify: history-blocker-unavailable (356.1719ms)
✔ D01 actual integrated evaluation and independent verify: informational-ready (371.7104ms)
✔ D01 actual integrated evaluation and independent verify: metadata-only (342.4632ms)
✔ D01 actual integrated evaluation and independent verify: mixed-precedence (357.9115ms)
✔ D01 actual integrated evaluation and independent verify: mo1306-qualified (2208.1979ms)
✔ D01 actual integrated evaluation and independent verify: not-ready (497.9581ms)
✔ D01 actual integrated evaluation and independent verify: post-tag-absent (604.4267ms)
✔ D01 actual integrated evaluation and independent verify: post-tag-lightweight (632.7955ms)
✔ D01 actual integrated evaluation and independent verify: post-tag-ready (604.1568ms)
✔ D01 actual integrated evaluation and independent verify: post-tag-wrong-target (511.8936ms)
✔ D01 actual integrated evaluation and independent verify: pre-tag-present (535.7243ms)
✔ D01 actual integrated evaluation and independent verify: qualified (467.6943ms)
✔ D01 actual integrated evaluation and independent verify: ready (539.5094ms)
✔ D01 actual integrated evaluation and independent verify: rest-qualified (434.6722ms)
✔ D01 actual integrated evaluation and independent verify: selective-reuse (650.5199ms)
✔ D02 all four states and blocker-over-CNE precedence survive the actual pipeline (707.8961ms)
✔ D03 adapter has exactly the accepted closed fields and never uses diagnostics as authority (238.4756ms)
✔ D04 MO1306 all nineteen source rows and twelve negative projections remain exact (545.0502ms)
✔ D05 MO1306 provider axes and ten disclosures retain their exact released limitations (587.3325ms)
✔ D06 MO1306 raw configuration lineage survives integration and original omission still rejects (234.3656ms)
✔ D07 verified historical applicability blocks an unavailable mandatory gate without erasing CNE (111.3305ms)
✔ D08 REST authority remains separate with mandatory same-host qualification and no providers (65.2632ms)
✔ D09 human decision binding is downstream and never changes readiness: ready/APPROVE (241.3318ms)
✔ D09 human decision binding is downstream and never changes readiness: ready/REJECT (248.5543ms)
✔ D09 human decision binding is downstream and never changes readiness: ready/DEFER (299.0478ms)
✔ D09 human decision binding is downstream and never changes readiness: qualified/APPROVE (318.6847ms)
✔ D09 human decision binding is downstream and never changes readiness: not-ready/APPROVE (350.3521ms)
✔ D10 mismatched human decision rejects: candidateDigest (318.8935ms)
✔ D10 mismatched human decision rejects: readinessDigest (353.9914ms)
✔ D10 mismatched human decision rejects: proofBindingDigest (322.9575ms)
✔ D11 tag-stage facts yield exact mandatory blockers and never execute Git (711.851ms)
✔ D12 integrated operational failure remains an error: candidate substitution (5.6601ms)
✔ D12 integrated operational failure remains an error: trust-root mismatch (5.0144ms)
✔ D12 integrated operational failure remains an error: raw-source tamper (19.402ms)
✔ D12 integrated operational failure remains an error: claim tamper under an old grant (44.5023ms)
✔ D12 integrated operational failure remains an error: grant substitution (83.2795ms)
✔ D12 integrated operational failure remains an error: stale dependency (51.5124ms)
✔ D12 integrated operational failure remains an error: history rewrite with intact grant (259.948ms)
✔ D12 integrated operational failure remains an error: history PASS fabrication (292.0031ms)
✔ D12 integrated operational failure remains an error: qualification omission (104.0185ms)
✔ D12 integrated operational failure remains an error: provider false hosted promotion (608.8563ms)
✔ D12 integrated operational failure remains an error: dangling authority reference (85.3804ms)
✔ D12 integrated operational failure remains an error: profile substitution (13.0994ms)
✔ D12 integrated operational failure remains an error: path traversal rejected by the frozen manifest schema (12.4584ms)
✔ D13 result verification independently rechecks original raw bytes before trusting a valid result (29.379ms)
✔ D14 self-consistent changed readiness passes evidence-only support but fails integrated recomputation (202.3175ms)
✔ D15 supplied result digest tamper rejects: readinessDigest (145.6146ms)
✔ D15 supplied result digest tamper rejects: proofBindingDigest (140.5118ms)
✔ D16 self-consistent result history or qualification omission cannot hide behind repaired hashes (1454.9057ms)
✔ D17 derived graph is candidate-rooted, authority-rooted, closed and bounded (843.7051ms)
✔ D18 no supplied cyclic or dangling graph can replace independently derived evidence (174.5966ms)
✔ D19 repeated calls and nonsemantic object/map insertion order preserve exact normative bytes (385.589ms)
✔ D20 signed set ordering is preserved rather than silently normalized during integration (38.2743ms)
✔ D21 metadata affects exact proof audit while leaving all readiness semantics byte-identical (255.4438ms)
✔ D22 selective reuse stays explicit and relevant changes fail before readiness computation (218.002ms)
✔ D23 evidenceInput strips only known verification transport fields and adds no authority (9.4704ms)
✔ D24 integrated preflight preserves accepted authority-before-semantic error priority (158.265ms)
ℹ tests 639
ℹ suites 0
ℹ pass 639
ℹ fail 0
ℹ cancelled 0
ℹ skipped 0
ℹ todo 0
ℹ duration_ms 131127.3036
