✔ package bin resolves to the production executable entry (8.5513ms)
✔ production CLI depends on the SDK facade and no lower platform layer (7.6543ms)
✔ CLI output preserves direct SDK transition truth (4340.3646ms)
✔ Regression output is the exact public SDK report (3093.0882ms)
✔ Investigation navigation output is the exact public SDK result (2791.962ms)
✔ version and help expose the deterministic supported command surface (16281.5558ms)
✔ argument failures are stable, non-interactive, and use exit code 1 (40467.2506ms)
✔ observe requires explicit deterministic files and emits stable summaries (5789.7631ms)
✔ input validation failures use exit code 2 and deterministic JSON (10068.4465ms)
✔ all documented exit-code classes are observable (10320.9718ms)
✔ history grammar enumerations equal the SDK contract and the fixed usage message (1.5945ms)
✔ every valid history command is accepted by the grammar and answered by the store with a frozen code (20885.2507ms)
✔ history grammar rejects malformed commands with MO1308_USAGE (58346.725ms)
✔ history human errors carry the history code and the fixed message (1497.6735ms)
✔ history help lists the exact frozen grammar (1450.1332ms)
✔ non-history error envelopes are unchanged (no historyCode) (1447.4132ms)
✔ history grammar performs no I/O, starts no process and reads no clock (R35, R37) (4.0015ms)
✔ W01 junctions and directory symlinks anywhere on the path or inside the ledger fail closed on every operation (R17, H40) (605.2117ms)
✔ W01b a reparse point that is neither a junction nor a symlink (an app-execution alias) is refused as an input file (H40) (16.5952ms)
✔ W02 a junction swapped in for a record directory during an append is detected; decoy content survives; the entry is never committed; reads then fail closed (H40) (348.4499ms)
✔ W03 the entries directory swapped for a junction at the commit point is detected after the fact: the real entries stay unchanged, reads fail closed (H40) (444.383ms)
✔ W04 NTFS hard links: publication leaves one link per file, never replaces a name, and an unremoved staging link is only an anomaly (R06, section 9.2) (548.7903ms)
✔ W05 exclusive-create semantics: an existing name is never opened for writing, even one locked by another process or differing only in case (R06) (2852.6174ms)
✔ W05b a sharing violation (another process holds a ledger file with no sharing) fails closed with a typed IO error and changes nothing; releasing restores service (R17) (2860.528ms)
✔ W06 the case-insensitive realpath comparison accepts any casing of the real path and refuses a short (8.3) alias; case-only renames inside a ledger are corruption (R17, H40) (323.2792ms)
✔ W07 drive-letter, UNC and long-path forms work end to end; the \\?\ and \\.\ forms are refused fail-closed without creating anything (R17) (1303.6115ms)
✔ W07b an export into the ledger is refused under every Windows spelling of the ledger: drive-letter, UNC and differently cased forms (3C-F4, Amendment A9) (126.0895ms)
✔ W08 NTFS concurrency: ten real appender processes with concurrent readers; every append that succeeded is in the ledger exactly once, every record that is not was reported as a typed failure, and no failed writer left a record (R15) (26878.2788ms)
ℹ W08 attempts=30 succeeded=30 failedByCode={} fsErrorsByCodeErrnoSyscall={}
✔ W08b concurrent tombstones and appends in separate processes leave one tombstone per target and a verifying chain (R15, section 10.2) (9135.2658ms)
✔ W08c a junction swapper racing real appender processes: the race is exercised, nothing outside is overwritten, and the ledger only ever verifies or fails closed with a typed error (H40) (7657.5587ms)
✔ T01 store constants equal the Freeze contract module (layout, limits, member names) (2.405ms)
✔ T02 init creates exactly the frozen layout once; an existing target or a missing parent is refused (section 9.1) (34.5126ms)
✔ T03 append publishes members, then the entry; every earlier file is untouched (R06, R15) (281.7991ms)
✔ T04 rejected appends change nothing: duplicates, wrong members, purged re-supply (R09, R10, R20) (195.9958ms)
✔ T05 the commit point is exclusive creation of entries/<n>.json: a lost race is LEDGER_CONFLICT and publishes nothing (R15, H41) (499.8205ms)
✔ T06 interruption at every mutating step before the commit point publishes nothing; after it, a complete entry (R16) (2007.0061ms)
✔ T07 tombstone commits first, then purges every member; the chain still verifies (R18, R19, section 10.2) (101.9256ms)
✔ T08 a crash during purge leaves purgePending; re-running the same command finishes it without a new entry (section 10.2) (275.6231ms)
✔ T09 verify fails closed on every layout defect (section 11.1) (312.1448ms)
✔ T10 verify reports staging and unreferenced artifacts; tampered bytes fail closed (R21) (155.614ms)
✔ T11 filesystem boundary: a link anywhere on the path or inside the ledger fails closed on every operation (R17, H40) (218.4017ms)
✔ T12 a handle/path identity mismatch fails closed (H40) (15.7827ms)
✔ T12b a published name whose identity differs from the staged file is detected after the link (H40) (150.7995ms)
✔ T13 a directory swapped for a link during an append is detected after the fact; no content is overwritten; reads then fail closed (H40 risk acceptance) (341.3854ms)
✔ T13b the same swap with no decoy is detected after the link: a boundary failure, the entry is never committed (H40) (207.6504ms)
✔ T14 export is written once, marker last, byte-identical for equal ledgers, and verify-export fails closed (R23, section 12) (799.3306ms)
✔ T15 query and verify-export are read-only; query verifies the chain and never reads member bytes (R22) (96.8329ms)
✔ T16 commands: arguments become store operations, inputs are read through the boundary, errors carry only fixed text (section 13.3, 14.1) (850.4012ms)
✔ T17 concurrent appenders in separate processes: exactly one entry per index, losers get LEDGER_CONFLICT, the chain verifies (R15) (9280.3067ms)
✔ T18 the store is Node-only, helper-free, timeless and never overwrites (R06, R35, R37, H40) (1.5627ms)
✔ T19 nothing outside the SDK facade and the contract is imported by the history sources; commands.js stays the only SDK importer (ARCHITECTURE section 5) (0.5351ms)
✔ T20 a purge committed between the entry listing and the member listing never produces RECORD_BYTES_MISMATCH: the read is repeated on a consistent snapshot (section 10.2, found by W08b) (705.3033ms)
✔ T21 when writers overtake every pass the read fails with LEDGER_CONFLICT after exactly the fixed number of passes, never with an integrity code, and publishes nothing (2853.5981ms)
✔ T22 on a stable snapshot every mismatch is reported exactly as before: corruption of a quiescent ledger is an integrity error found in a single pass (97.0662ms)
✔ T23 export never writes into the ledger it is made from: every spelling that resolves to the ledger root, entries/, records/ or .pending/ is a FILESYSTEM_BOUNDARY failure that creates nothing and leaves the ledger unchanged (3C-F4, Amendment A9) (303.9737ms)
✔ CCA-MOS-CLI-004: every command emits deterministic human output through the production CLI (121141.3195ms)
✔ investigate delegates raw and enveloped Regression Reports with stable JSON (10008.1818ms)
✔ investigate selects Evidence, Reflection, Retrieval, and Evolution through the SDK (8766.8737ms)
✔ investigate selects Replay, Transition, and Verification facts exactly (4756.7678ms)
✔ investigate rejects invalid grammar, reports, categories, and selector combinations (21678.1855ms)
✔ investigate remains bounded for a complete deterministic Regression Report (5238.8241ms)
✔ verify delegates valid and invalid package truth with exit code 3 on failure (8915.4085ms)
✔ import and inspect expose the same deterministic SDK investigation metadata (5296.2184ms)
✔ trace requires and preserves one exact package Trace selector (4627.8142ms)
✔ replay applies repeated SDK actions in caller order and is deterministic (7018.0457ms)
✔ compare uses one package, completes its Replay, and enters exact Evolution (7392.5876ms)
✔ regression delegates two packages to the SDK and preserves deterministic report truth (5375.2424ms)
✔ regression reports identical packages and accepts at most one stdin operand (8273.5677ms)
✔ export is a byte-for-byte SDK round trip for files and stdout (5173.2981ms)
✔ package stdin supports non-interactive verification and import (4091.3754ms)
✔ invalid package import is reported as a package error (2650.144ms)
✔ policy namespace exposes exactly the seven frozen commands (21243.7471ms)
✔ unexpected Policy operational failure maps to exit 5 and the exact JSON semantic projection (7.0417ms)
✔ validate, digest, identities, and presentation envelopes preserve frozen bytes (16810.7894ms)
✔ evaluate preserves PASS, FAIL, CNE, exact artifacts, and outcome-last generation (22556.6389ms)
✔ all detached inspections and both verification modes remain SDK-owned (20535.9105ms)
✔ policy transport rejects collisions, multiple stdin inputs, URLs, and output-only stdin (9443.1837ms)
✔ session preserves opaque checkpoints and restores exact SDK state (6596.0887ms)
✔ checkpoint names cannot restore across live CLI sessions (3664.372ms)
✔ session executes Trace, complete Replay, and Compare in one live SDK (8367.9758ms)
✔ session can verify and byte-preserving export through the SDK (2685.4083ms)
✔ native observations fail export safely without fabricating a MIP (2553.6999ms)
✔ session accepts a workflow file and fails malformed JSON deterministically (3947.2089ms)
ℹ tests 83
ℹ suites 0
ℹ pass 83
ℹ fail 0
ℹ cancelled 0
ℹ skipped 0
ℹ todo 0
ℹ duration_ms 614183.6012
