✔ C01 frozen public exports contain exactly two async functions (1.9365ms)
✔ C02 closed counts and every frozen exit (0.6687ms)
✔ C03 deterministic key order includes numeric-looking ASCII keys (0.6334ms)
✔ C04 Unicode scalars are not normalized or escaped unnecessarily (1.1685ms)
✔ C05 parser duplicate-key (0.247ms)
✔ C05 parser escaped-duplicate-key (0.1849ms)
✔ C05 parser unknown-token (0.1152ms)
✔ C05 parser negative-zero (0.1508ms)
✔ C05 parser negative-integer (0.1477ms)
✔ C05 parser fraction (0.2007ms)
✔ C05 parser exponent (0.1399ms)
✔ C05 parser unsafe-integer (0.1428ms)
✔ C05 parser leading-zero (0.1235ms)
✔ C05 parser unpaired-surrogate (0.0917ms)
✔ C05 parser control-string (0.0694ms)
✔ C05 parser del-string (0.0687ms)
✔ C05 parser non-ascii-key (0.0643ms)
✔ C05 parser trailing-garbage (0.0574ms)
✔ C05 parser trailing-comma (0.0802ms)
✔ C05 parser empty-document (0.0887ms)
✔ C05 parser noncanonical-spaces (0.0985ms)
✔ C05 parser missing-lf (0.0844ms)
✔ C05 parser double-lf (0.0653ms)
✔ C05 parser key-order (0.0902ms)
✔ C05 parser unnecessary-escape (0.0774ms)
✔ C05 parser escaped-solidus (0.0663ms)
✔ C05 parser crlf (0.0666ms)
✔ C06 invalid UTF-8 and BOM reject (0.183ms)
✔ C07 depth limit admits16 and rejects17 (0.2996ms)
✔ C08 members/key/string exact boundaries (0.9393ms)
✔ C09 total values boundary and bounded copy (141.9985ms)
✔ C10 shared buffers/accessors/sparse arrays/cycles/undefined reject (0.3951ms)
✔ C11 SHA256 raw/claim/candidate identity and independent proof layer (0.266ms)
✔ C12 every error has immutable fields and fixed safe diagnostic (2.1665ms)
✔ C13 errors select numeric exit then ASCII reference within a phase (0.2968ms)
✔ C14 exact configuration accepted and unknown fields/profiles/versions rejected (1.6358ms)
✔ C15 no discovery or output/trust fields in configuration (0.5466ms)
✔ C16 deterministic blocker ID excludes mutable claim provenance (0.3514ms)
✔ C17 error schema is closed and operational outcomes are not readiness states (0.3105ms)
✔ C18 public entry points reject malformed input and prior cancellation (1.8566ms)
✔ C19 shared definitions are deeply immutable (0.1465ms)
✔ C20 generated definitions equal source canonical bytes (1.5617ms)
✔ C21 serializer stops at byte budget before expansive allocation (16.4716ms)
✔ C22 arrays reject hidden properties without reading getters (0.1796ms)
✔ C23 admission errors precede restrictive schema predicates (10.2792ms)
✔ C24 nested evidence version and coverage mappings (1.1051ms)
✔ C25 profile product mismatch precedes schema INPUT (0.5836ms)
✔ C26 defensive internal cycle has GRAPH_CYCLE and bound has GRAPH_LIMIT (28.8913ms)
✔ C27 configuration errors precede evidence acquisition errors (17.5954ms)
✔ C28 API holder shape rejects getters/symbols/hidden fields safely (10.4619ms)
✔ C29 well formed bundle traverses integrated verifier and readiness worker (281.1414ms)
✔ C30 malformed verification versions use their own mismatch categories (5.9113ms)
✔ C31 reference aggregation rejects empty vectors and dangling CNE (4.668ms)
✔ C32 provider representation cannot assert hosted certificate without vectors (0.5539ms)
✔ C33 malformed nested verification records preserve mismatch code and reference (11.7444ms)
✔ C34 nested authority profile errors use PROFILE_MISMATCH during bootstrap (24.2279ms)
✔ C35 verification shape remapping does not hide admission limits (11.2933ms)
✔ C36 known lower GitHub minimum remains valid without fabricated hosted cases (0.3917ms)
✔ fixture catalog is finite, complete and matches independent exact-byte SHA-256 (92.0176ms)
✔ 476 non-parser fixture records match closed schema and local foundation classifications (1929.8545ms)
✔ nine malformed byte/parser vectors reject with exact operational codes (1.8569ms)
✔ focused Phase 1 negative fixtures use the appropriate foundation seam (23.8027ms)
✔ all sixteen complete bundles pass snapshot, pin and byte-integrity foundations (467.5637ms)
✔ reference aggregation retains all records and realizes all four readiness states (34.0515ms)
✔ canonical result identities and summaries match exact independently constructed fixture bytes (320.4788ms)
✔ all fourteen evidence types and six graph node / five edge types have canonical positives (6.9552ms)
✔ MO-1306 preserves actual production, BF, tag, package and all nineteen source history rows (12.4518ms)
✔ MO-1306 provider limitations and ten disclosures cannot silently become hosted certification (2.5276ms)
✔ metadata-only proof changes and selective dependency reuse keep separate identities (2.8044ms)
✔ human decision bindings leave all readiness and proof bytes unchanged (59.3885ms)
✔ tag fixtures distinguish pre/post stage predicates from operational tampering (13.8574ms)
✔ future semantic negatives are classified without claiming a Phase 2 verifier exists (29.2588ms)
✔ N01 pinned native runtime and fixed PowerShell installation (4.9918ms)
✔ N02 closed CLI commands and defaults (1.0122ms)
✔ N03 prototype-sensitive and invented commands reject as usage (0.553ms)
✔ N04 duplicate unknown missing extra flags reject (0.4941ms)
✔ N05 forbidden runtime environment and Node options reject before I/O (0.2969ms)
✔ N04b inspectable configuration path failures select lowest logical ID (0.3507ms)
✔ N06 relative lexical boundaries and hostile spellings (0.3473ms)
✔ N07 absolute roots full paths overlap and case aliases (0.4961ms)
✔ N08 identity policy rejects any reparse flag hardlink wrong type and changes (0.7117ms)
✔ N09 helper canonical round-trip and closed operation fields (3.8172ms)
✔ N10 helper frame prefix truncation trailing data and caps (0.5714ms)
✔ N11 helper sorted explicit allowlist path and per-file boundaries (1.5679ms)
✔ N12 acquisition needs four serial exits and invalid overlap or retry is terminal (4.8851ms)
✔ N13 helper response exact snapshot identity and base64 validation (1.3109ms)
✔ N14 helper decoded aggregate boundary and +1 (249.9302ms)
✔ N15 native fixed PowerShell snapshots and checked inspection sanitization (12221.0333ms)
✔ N16 native helper rejects hostile operation extra fields and oversized frame (2339.2724ms)
✔ N17 native CLI evaluates and publishes exact integrated result (14049.5394ms)
✔ N18 publication exclusive create exact pending and single-file commit (67.2153ms)
✔ N19 existing final destination never replaced and pending retained (48.844ms)
✔ N20 pending collision and mutation fail closed without cleanup (76.1007ms)
✔ N21 publication byte ceiling boundary and +1 before write (69.9851ms)
✔ N22 branded framed inspection required and identity change rejects (27.9387ms)
✔ N23 primitive late checkpoint prevents rename and retains pending (34.6894ms)
✔ N24 foundation retains no-network and fixed orchestration boundaries (10.1828ms)
✔ package metadata and deterministic nonrecursive bindings (338.3452ms)
✔ unexpected member is rejected without refreshing the binding (167.7953ms)
✔ changed shipped source fails exact distribution binding (199.0722ms)
✔ schema drift cannot be hidden by rebuilding manifests (179.0869ms)
✔ constants drift cannot be hidden by rebuilding manifests (165.6022ms)
✔ dependencies, lifecycle hooks, extra exports and traversal allowlist are rejected (703.0767ms)
✔ network and external imports are rejected before manifest regeneration (522.4652ms)
✔ missing fixed helper and mutated manifest rows are rejected (437.6756ms)
✔ A01 exact independent Phase 1 result and summary bytes: could-not-evaluate (81.0463ms)
✔ A01 exact independent Phase 1 result and summary bytes: history-blocker-unavailable (68.9011ms)
✔ A01 exact independent Phase 1 result and summary bytes: informational-ready (63.1958ms)
✔ A01 exact independent Phase 1 result and summary bytes: metadata-only (71.6256ms)
✔ A01 exact independent Phase 1 result and summary bytes: mixed-precedence (58.7533ms)
✔ A01 exact independent Phase 1 result and summary bytes: mo1306-qualified (250.2136ms)
✔ A01 exact independent Phase 1 result and summary bytes: not-ready (50.7913ms)
✔ A01 exact independent Phase 1 result and summary bytes: post-tag-absent (52.7276ms)
✔ A01 exact independent Phase 1 result and summary bytes: post-tag-lightweight (49.6484ms)
✔ A01 exact independent Phase 1 result and summary bytes: post-tag-ready (49.0441ms)
✔ A01 exact independent Phase 1 result and summary bytes: post-tag-wrong-target (49.4516ms)
✔ A01 exact independent Phase 1 result and summary bytes: pre-tag-present (48.8017ms)
✔ A01 exact independent Phase 1 result and summary bytes: qualified (50.1744ms)
✔ A01 exact independent Phase 1 result and summary bytes: ready (59.4725ms)
✔ A01 exact independent Phase 1 result and summary bytes: rest-qualified (37.2197ms)
✔ A01 exact independent Phase 1 result and summary bytes: selective-reuse (49.3756ms)
✔ A02 core consumes claims rather than caller gate states and retains complete compiled profile (66.1304ms)
✔ A03 coverage FAIL and UNEVALUABLE drive mandatory artifact (74.1164ms)
✔ A03 coverage FAIL and UNEVALUABLE drive mandatory binding (73.8168ms)
✔ A03 coverage FAIL and UNEVALUABLE drive mandatory history (72.487ms)
✔ A03 coverage FAIL and UNEVALUABLE drive mandatory provenance (78.8097ms)
✔ A03 coverage FAIL and UNEVALUABLE drive mandatory provider.azure (73.34ms)
✔ A03 coverage FAIL and UNEVALUABLE drive mandatory provider.generic (77.1861ms)
✔ A03 coverage FAIL and UNEVALUABLE drive mandatory provider.github (78.5123ms)
✔ A03 coverage FAIL and UNEVALUABLE drive mandatory provider.gitlab (81.6319ms)
✔ A03 coverage FAIL and UNEVALUABLE drive mandatory provider.jenkins (79.036ms)
✔ A03 coverage FAIL and UNEVALUABLE drive mandatory resources (70.032ms)
✔ A03 coverage FAIL and UNEVALUABLE drive mandatory sbom (67.2924ms)
✔ A03 coverage FAIL and UNEVALUABLE drive mandatory scope (69.2394ms)
✔ A03 coverage FAIL and UNEVALUABLE drive mandatory security (69.3919ms)
✔ A03 coverage FAIL and UNEVALUABLE drive mandatory semantic (70.3081ms)
✔ A03 coverage FAIL and UNEVALUABLE drive mandatory supply (70.9065ms)
✔ A03 coverage FAIL and UNEVALUABLE drive mandatory tag (72.5422ms)
✔ A03 coverage FAIL and UNEVALUABLE drive mandatory windows (69.7835ms)
✔ A04 REST coverage failures retain same-host limitation (27.6136ms)
✔ A05 unavailable MISSING is CNE with exact reason (34.695ms)
✔ A05 unavailable AUTHORITY_UNAVAILABLE is CNE with exact reason (35.4754ms)
✔ A05 unavailable STALE is CNE with exact reason (33.8738ms)
✔ A05 unavailable UNEVALUABLE is CNE with exact reason (33.9696ms)
✔ A06 unavailable provider leaves optional observation empty without fabricating certification (34.9288ms)
✔ A07 blockers dominate independent CNE and qualifications without erasing any finding (36.9543ms)
✔ A08 CNE dominates release qualification and informational-only stays READY (74.349ms)
✔ A09 known provider minimum failures remain blockers, including simultaneous coverage and CNE (192.124ms)
✔ A10 Generic real execution requirement is independent of coverage verdict (68.7732ms)
✔ A11 false hosted promotion and required provider disclosure omission are rejected (78.824ms)
✔ A12 scope qualification union rejects missing, extra, weakened and conflicting records (230.5379ms)
✔ A13 identical qualification carriers share one result with every claim and grant reference (146.5078ms)
✔ A14 missing scope or history retains known records and defers only completeness (485.3666ms)
✔ A15 preserved history remains negative; observed recurrence blocks active mandatory gates (364.7688ms)
✔ A16 currently applicable history and duplicate recurrence produce one exact blocker (104.0681ms)
✔ A17 all applicable tag predicates are collected; absent post-tag fabricates no target failure (269.7787ms)
✔ A18 expected negative Policy and operational outcomes remain accepted semantic certification (78.8537ms)
✔ A19 metadata-only proof change preserves readiness and invalidates old external decision (245.8932ms)
✔ A20 nonsemantic input collection order and repeated calls preserve exact result bytes (963.1974ms)
✔ A21 new metadata proof is distinct from normative changed qualification identity (136.2578ms)
✔ A22 exact comparison rejects existing altered and self-hashed false result fixtures (422.925ms)
✔ A23 result recomputation rejects self-consistent alterations of each normative projection (1570.4259ms)
✔ A24 V18 retains exact five providers, ten disclosures, twelve negative history rows and human actions (348.0824ms)
✔ A25 history count 128 is retained exactly and 129 is a resource error (190.6786ms)
✔ A26 global qualification union 128 is complete and 129 cannot be truncated (244.3992ms)
✔ A27 128 unique historical blockers are complete and one additional known failure rejects (224.6528ms)
✔ A28 EVALUATION numeric and logical-reference precedence is independent of collection order (122.8677ms)
✔ A29 projection boundary rejects caller gate vectors, accessors and unknown profiles (20.5154ms)
✔ A30 returned proof input uses the exact independent nonrecursive binding shape (70.2445ms)
✔ A31 all twelve external human decisions bind computed results without changing readiness (1603.5444ms)
✔ A32 every one of seven qualification codes is retained with its frozen impact (494.1502ms)
✔ A33 complete blocker CNE qualification cross-product follows frozen precedence and retains all lists (590.909ms)
✔ A34 permutations preserve exact gate blocker qualification history JSON and text bytes (923.2857ms)
✔ A35 comparison rejects omitted mandatory CNE and substituted candidate profile or identity digest (311.0163ms)
✔ A36 static pure-core import closure excludes acquisition execution network and ambient selectors (3.7078ms)
✔ A37 coverage missing duplicate cross-partition or contradictory verdict uses INTEGRITY (38.6368ms)
✔ A38 nested candidate accessor is rejected before calling user code (8.3622ms)
✔ A39 informational qualification on an inactive gate remains global without activating that gate (81.9579ms)
✔ A40 preserved-history qualification must match exact condition and affected gates (321.5954ms)
✔ A41 unavailable scope never exempts locally invalid or omitted required provider qualifications (37.7111ms)
✔ A42 minimum-met contradictory qualified support is an error; lower minimum unsupported facts are blockers (196.3622ms)
✔ A43 known history only contributes blockers to active mandatory affected gates (59.4145ms)
✔ A44 conflicting qualification scope errors choose the smallest logical ID regardless of carrier order (59.8775ms)
✔ A45 REST unevaluable required coverage yields CNE with same-host qualification retained (112.4054ms)
✔ result boundary: exactly 4 MiB is retained and +1 is OUTPUT/EVALUATION (1417.4612ms)
✔ text boundary: exactly 128 KiB is complete and +1 is OUTPUT/EVALUATION (685.8852ms)
✔ result/proof/input snapshots do not share mutable output objects (21.2459ms)
✔ global derived counts reject 128+1 before malformed rows or byte sizing (7.9939ms)
✔ result construction cannot promote a blocked aggregate to READY (5.749ms)
✔ A01 all sixteen frozen bundles produce only verified claims and exact independent graph/audit identities (1354.1168ms)
✔ A02 operator authority pin is separate and rejects an independently wrong trust root (23.8644ms)
✔ A03 an evidence-controlled authority mutation cannot select its own new pin (8.0665ms)
✔ A04 raw source bytes and raw length are verified independently of intact claim identity (46.7732ms)
✔ A05 raw manifest identity and envelope hash cannot be repaired by a self-consistent claim hash (43.6886ms)
✔ A06 exact canonical claim digest is recomputed under an intact reviewed envelope grant (31.1623ms)
✔ A07 ungranted external evidence cannot satisfy a gate (37.2011ms)
✔ A08 unknown evidence type and evidence version fail closed (45.8311ms)
✔ A09 granting the wrong existing claim for a compiled gate is rejected (31.8588ms)
✔ A10 exact grant source IDs cannot substitute or omit the envelope lineage (32.4733ms)
✔ A11 source bytes cannot appoint themselves as authority provenance (29.8278ms)
✔ A12 authority source Git fields, classification, length, hash and released target bind exactly (371.3972ms)
✔ A13 candidate, manifest and independently reviewed component/contract closures cannot be substituted (118.4308ms)
✔ A14 whole-candidate claims cannot use an earlier candidate root (30.6825ms)
✔ A15 a manifest cannot relabel a claim origin or dependency identity (55.1766ms)
✔ A16 declared dependency role, length and content are checked against the current inventory (79.3035ms)
✔ A17 minimum dependency closure cannot omit any relevant current component (33.5143ms)
✔ A18 changed declared grant closure and dangling dependency IDs reject rather than first-win (58.0989ms)
✔ A19 scope escalation and unapproved/changed assumptions are stale (86.1515ms)
✔ A20 unrelated root assumptions do not stale an approved claim subset (57.2265ms)
✔ A21 selective reuse is explicit and unchanged dependencies retain their exact claims (93.8862ms)
✔ A22 REUSED cannot conceal a whole-candidate claim (26.1626ms)
✔ A23 old audit snapshots do not invent expiry and bounded disclosure remains mandatory (74.3671ms)
✔ A24 permitted fresh raw metadata pins change proof audit but preserve normative projection (127.6455ms)
✔ A25 duplicate IDs, copied normalized grants and unconsumed evidence fail closed (116.0094ms)
✔ A26 explicit unavailable slots omit evidence safely and optional provider slots mirror the parent (152.2758ms)
✔ A27 all admitted bytes are snapshots independent of subsequent caller mutations (111.6626ms)
✔ A28 raw source byte ceiling admits exact boundary and rejects plus one (148.9712ms)
✔ A29 explicit source and authority references cannot dangle (111.7192ms)
✔ A30 canonical set orders remain normative and are never silently sorted by the verifier (117.4014ms)
✔ A31 input map insertion and object member order do not affect verified canonical projection (276.9548ms)
✔ A32 raw integrity failure wins over later root candidate mismatch (38.9483ms)
✔ A33 an authority failure wins over a later structurally valid provider contradiction (64.1128ms)
✔ A34 manifest file ceiling admits exactly 128 consumed files and rejects 129 (179.6859ms)
✔ A35 aggregate raw source admission accepts 8 MiB exactly and rejects one additional byte (150.4121ms)
✔ A36 authority source ceiling admits 32 explicit provenance records and rejects 33 (138.8893ms)
✔ F01 MO-1306 preserved configuration receipts have exact granted source lineage (411.1754ms)
✔ F02 correction preserves all normalized identities and every original raw source byte (15.7076ms)
✔ F03 reconstructed original fixture still rejects unused configuration sources (172.376ms)
✔ G01 exact frozen graph, authority and audit bindings: could-not-evaluate (74.6633ms)
✔ G01 exact frozen graph, authority and audit bindings: history-blocker-unavailable (49.8926ms)
✔ G01 exact frozen graph, authority and audit bindings: informational-ready (53.4785ms)
✔ G01 exact frozen graph, authority and audit bindings: metadata-only (49.2716ms)
✔ G01 exact frozen graph, authority and audit bindings: mixed-precedence (42.5027ms)
✔ G01 exact frozen graph, authority and audit bindings: mo1306-qualified (230.0276ms)
✔ G01 exact frozen graph, authority and audit bindings: not-ready (37.9256ms)
✔ G01 exact frozen graph, authority and audit bindings: post-tag-absent (41.8719ms)
✔ G01 exact frozen graph, authority and audit bindings: post-tag-lightweight (39.2589ms)
✔ G01 exact frozen graph, authority and audit bindings: post-tag-ready (40.2875ms)
✔ G01 exact frozen graph, authority and audit bindings: post-tag-wrong-target (45.621ms)
✔ G01 exact frozen graph, authority and audit bindings: pre-tag-present (55.3594ms)
✔ G01 exact frozen graph, authority and audit bindings: qualified (50.8856ms)
✔ G01 exact frozen graph, authority and audit bindings: ready (43.8188ms)
✔ G01 exact frozen graph, authority and audit bindings: rest-qualified (29.5768ms)
✔ G01 exact frozen graph, authority and audit bindings: selective-reuse (37.9664ms)
✔ G02 exactly six node and five edge types, one root, content sharing and origin provenance (149.1855ms)
✔ G03 metadata and opaque historical cross-links cannot add normative authority or cycles (253.0625ms)
✔ G04 missing normative claim, dependency, authority, grant and edge endpoints reject (17.3566ms)
✔ G05 duplicate node IDs, duplicate edges, malformed content IDs and unknown types reject (23.5221ms)
✔ G06 wrong edge direction, endpoint type, root and candidate identity reject (24.2862ms)
✔ G07 every grant and claim must be rooted and every normative node reachable (45.7482ms)
✔ G08 internal normative cycles and self references retain exact GRAPH_CYCLE classification (7.2273ms)
✔ G09 dependency claims cannot mix current candidate and dependency edges (5.4852ms)
✔ G10 graph nodes exactly 2048 pass and 2049 fail before expansion (129.403ms)
✔ G11 graph edges exactly 8192 pass and 8193 fail before expansion (266.6711ms)
✔ G12 dependencies per claim exactly 1024 pass and 1025 fail (131.9356ms)
✔ G13 derivation cannot silently drop or duplicate claims, grants or authorities (84.6754ms)
✔ G14 claimed identity, dependency identity and candidate root mismatches reject (22.4829ms)
✔ G15 normalized grant identity omits audit bytes, retains classes and scoped assumptions (2.7863ms)
✔ G16 noncanonical normative array order rejects instead of silently changing identity (9.1444ms)
✔ G17 derivation enforces the edge ceiling while expanding verified claim dependencies (701.7355ms)
✔ G18 arbitrary object property insertion order preserves exact graph and authority bytes (350.0882ms)
✔ HB01: all sixteen Phase 1 bundles preserve exact history, qualifications and independent provider projections (287.819ms)
✔ HB02: MO-1306 binds nineteen immutable raw rows and exact twelve negative history projections (66.1911ms)
✔ HB03: MO-1306 preserves all independent provider axes and ten disclosures (50.9769ms)
✔ HB04: known recurrence links only active mandatory gates, including an unavailable current gate (11.5554ms)
✔ HB05: observed recurrence preserves historical outcome while excluding optional and inactive links (66.3935ms)
✔ HB06: current-applicable history cannot erase an unavailable gate condition (9.1042ms)
✔ HB07 immutable granted history rejects FAIL to PASS rewrite (31.5276ms)
✔ HB07 immutable granted history rejects BLOCKED removal (36.2349ms)
✔ HB07 immutable granted history rejects changed historical disposition (33.8823ms)
✔ HB07 immutable granted history rejects wrong historical source (37.0996ms)
✔ HB07 immutable granted history rejects wrong candidate provenance (36.3943ms)
✔ HB07 immutable granted history rejects omitted required unresolved history (32.0682ms)
✔ HB07 immutable granted history rejects fabricated resolution (29.0048ms)
✔ HB07 immutable granted history rejects duplicate conflicting history (31.7323ms)
✔ HB08: malformed PASS history and duplicate conflicting rows remain invalid with fixture-owned updated pins (97.546ms)
✔ HB09: reviewed history must resolve nested source and authority lineage (107.1683ms)
✔ HB10: supplied scope and history inventories reject omissions and unknown condition references (158.1848ms)
✔ QB01: qualifications reject omission (44.6032ms)
✔ QB01: qualifications reject impact downgrade (46.0795ms)
✔ QB01: qualifications reject wrong provider (52.1205ms)
✔ QB01: qualifications reject wrong gate (51.0109ms)
✔ QB01: qualifications reject unknown code (50.1199ms)
✔ QB01: qualifications reject wrong scope authority (59.434ms)
✔ QB01: qualifications reject disclosure removal (46.6296ms)
✔ QB01: qualifications reject fabricated authority member (47.2493ms)
✔ QB02: scope qualification inventory rejects extra, omitted and conflicting records (140.7568ms)
✔ QB03: an identical qualification shared by granted claims merges exact claim/grant identities (93.3584ms)
✔ QB04: historical disclosures require exact preserved condition and gate set (149.5608ms)
✔ QB05: bounded advisory and REST scope require their exact disclosures (46.8855ms)
✔ QB06: unavailable scope retains known qualified history without inventing completeness (38.7031ms)
✔ QB07: unavailable history retains known disclosures but still validates supplied scope condition inventory (106.2022ms)
✔ QB08: both unavailable inventories retain locally valid known qualifications and defer missing inventory references (62.9448ms)
✔ PB01 immutable MO-1306 authority rejects false github execution promotion (28.0821ms)
✔ PB01 immutable MO-1306 authority rejects false gitlab execution promotion (25.6374ms)
✔ PB01 immutable MO-1306 authority rejects false jenkins execution promotion (24.7923ms)
✔ PB01 immutable MO-1306 authority rejects false azure execution promotion (23.9619ms)
✔ PB02: full GitHub hosted certification requires all four exact case facts (37.8535ms)
✔ PB03: provider labels cannot alias, substitute provider identity, or remove Generic certification unnoticed (87.0103ms)
✔ PB04: contract-only providers cannot claim SUPPORTED while not live certified (126.1107ms)
✔ PB05: known lower-minimum unsupported facts are retained for 2A blockers with no fabricated certification (20.8499ms)
✔ PB06: unavailable provider parents produce no fabricated provider observation (8.2721ms)
✔ PB07: independently reviewed validation and execution facts do not imply a universal certification ranking (8.255ms)
✔ DB01: selection order does not affect projection bytes or mutate input, and outputs are detached (67.97ms)
✔ DB02: semantic history and qualification set order remains frozen and rejects reordered arrays (89.2559ms)
✔ LB01: history record count accepts 128 and rejects 129 without truncation (30.7186ms)
✔ LB02: assessment qualification union accepts 128 and rejects 129 across individually bounded claims (36.7406ms)
✔ LB03: exact original disposition length accepts 256 printable characters and rejects 257 (15.3751ms)
✔ IB01: complete independently pinned MO-1306 verifier retains exact history, provider state and qualifications (1483.4736ms)
✔ IB02: complete verifier rejects schema-valid rewritten or removed history despite fresh raw pins (905.9167ms)
✔ IB03: complete verifier rejects all four MO-1306 execution promotions with unchanged reviewed grants (977.5704ms)
✔ IB04: complete verifier uses dedicated qualification mismatch classification (355.6849ms)
✔ IB05: complete verifier uses dedicated history mismatch classification for PASS rewriting (76.5663ms)
✔ IB06: independently pinned source bytes and candidate context bind historical claims (185.2486ms)
✔ L01 authority byte admission includes the exact ceiling and rejects plus one before parse/copy (19.6984ms)
✔ L02 envelope byte ceiling is enforced in acquisition before snapshot copying (56.4292ms)
✔ L03 manifest claim admission is 64 envelopes, independent of the finite gate authority limit (12.7749ms)
✔ L04 grant representation admits 64 and rejects 65 without claiming all grants fit the closed profile (16.0027ms)
✔ L05 claim dependencies and every explicit dependency reference list admit 1024 and reject 1025 (64.6963ms)
✔ L06 root, grant and claim assumption sets admit 32 and reject 33 (12.205ms)
✔ L07 history representation admits 128 immutable rows and rejects 129 (28.7768ms)
✔ L08 qualification representation admits 128 and rejects 129 without truncation (12.7411ms)
✔ L09 scope qualification/condition reference sets each enforce their exact 128 cap (9.1623ms)
✔ L10 source references admit 128 and authority source references admit 32 at their declared schemas (4.4434ms)
✔ L11 normalized authority and audit digest reference capacities are explicit, not generic INPUT errors (85.8059ms)
✔ L12 independent cap failures never fabricate a partial verified projection (17.9898ms)
✔ P2B projection and independent result evidence: could-not-evaluate (220.1062ms)
✔ P2B projection and independent result evidence: history-blocker-unavailable (151.2832ms)
✔ P2B projection and independent result evidence: informational-ready (144.9794ms)
✔ P2B projection and independent result evidence: metadata-only (149.3399ms)
✔ P2B projection and independent result evidence: mixed-precedence (135.5142ms)
✔ P2B projection and independent result evidence: mo1306-qualified (704.7569ms)
✔ P2B projection and independent result evidence: not-ready (148.1226ms)
✔ P2B projection and independent result evidence: post-tag-absent (127.4046ms)
✔ P2B projection and independent result evidence: post-tag-lightweight (118.5209ms)
✔ P2B projection and independent result evidence: post-tag-ready (122.6422ms)
✔ P2B projection and independent result evidence: post-tag-wrong-target (146.0328ms)
✔ P2B projection and independent result evidence: pre-tag-present (123.3599ms)
✔ P2B projection and independent result evidence: qualified (122.4237ms)
✔ P2B projection and independent result evidence: ready (130.9986ms)
✔ P2B projection and independent result evidence: rest-qualified (94.9443ms)
✔ P2B projection and independent result evidence: selective-reuse (117.1611ms)
✔ P2B verified snapshots detach and freeze every returned fact (75.7699ms)
✔ P2B metadata changes only raw proof binding and diagnostics (225.4205ms)
✔ P2B opaque bounded advisory timestamp has no age window or invented syntax (829.0036ms)
✔ P2B deterministic internal projection uses canonical records, not object insertion order (290.098ms)
✔ P2B Freeze-mandated set ordering rejects permutations instead of normalizing signed identity (435.3107ms)
✔ P2B explicit reuse dispositions preserve unrelated dependency closure (181.9431ms)
✔ P2B independently reverified source mutation cannot hide behind result self-hashes (54.0564ms)
✔ P2B result evidence tamper: candidate (715.0121ms)
✔ P2B result evidence tamper: authorityIdentityDigest (609.1515ms)
✔ P2B result evidence tamper: qualification (733.5808ms)
✔ P2B result evidence tamper: history (835.9959ms)
✔ P2B result evidence tamper: provider (915.278ms)
✔ P2B result evidence tamper: graph (839.7527ms)
✔ P2B result evidence tamper: audit (886.0121ms)
✔ P2B result evidence tamper: gateBinding (884.6182ms)
✔ P2B proof material is exact frozen audit, independent of final readiness calculation (136.6509ms)
✔ R01 raw source integrity precedes an earlier logical envelope coverage contradiction (66.4515ms)
✔ R02 earlier validation phase precedes a smaller later-phase error exit (46.5435ms)
✔ R03 independent source corruption precedes current-candidate authority mismatch (48.7228ms)
✔ APIBOOT01 earlier malformed config dominates later oversized evidence (29.4276ms)
✔ APIBOOT02 config shape error dominates wrong authority pin in same phase (17.2374ms)
✔ APIBOOT03 malformed config dominates oversized authority safely (8.1891ms)
✔ APIBOOT04 exact manifest ENVELOPE cap applied before bytes copy (18.0185ms)
✔ APIBOOT05 exact manifest file set checked before copying unknown file (18.1198ms)
✔ APIBOOT06 snapshots remain detached and byte-identical (17.9024ms)
✔ APIBOOT07 TIMEOUT interruption dominates collected parse errors (0.5212ms)
✔ APIBOOT07 CANCELLED interruption dominates collected parse errors (0.3185ms)
✔ APIBOOT08 hostile typed-array byteLength override is never invoked (17.7308ms)
✔ C2C01 corrected limits leave all byte ceilings unchanged (1.1144ms)
✔ C2C02 every required observation has a canonical closed framed representation (7.7226ms)
✔ C2C03 old wire version missing session unknown fields and arbitrary operations reject (1.2564ms)
✔ C2C04 operation sequence and fixed output leaf authority are closed (1.8711ms)
✔ C2C05 bounded frames reject trailing requests responses and alternate session (1.0609ms)
✔ C2C06 complete acquisition then terminated worker then five publication requests (6.6401ms)
✔ C2C07 helper completion cannot substitute for fully quiescent exit (2.3627ms)
✔ C2C08 helper and worker overlap and repeated worker transition are terminal (3.4446ms)
✔ C2C09 verify remains four reads followed by worker and cannot publish (2.3214ms)
✔ C2C10 request failure abort and transport failure permit no retry (3.602ms)
✔ C2C11 full component chains reject missing ancestors wrong paths reparse and hardlinks (0.9894ms)
✔ C2C12 acquisition parent cannot be reused after native identity change (2.1021ms)
✔ C2C13 path and cross-invocation session substitutions terminate assessment (1.6872ms)
✔ C2C14 capability branding root binding and single claim exclude substitution (5.6738ms)
✔ C2C15 unclaimed out-of-order or concurrent inspection cannot be retried (4.8299ms)
✔ C2C16 bridge requires exact transport fields and confirmed process quiescence (3.1437ms)
✔ C2C17 per-invocation deadline includes response parsing and process exit (0.869ms)
✔ C2C18 aggregate helper budget cannot silently multiply with sequential invocations (1.3739ms)
✔ C2C19 overall CLI deadline and nonmonotonic clock fail without grace (1.6873ms)
✔ C2C20 framed publication performs exact five observations and one final rename (43.0736ms)
✔ C2C21 cancellation after each publication inspection is terminal and retains incomplete attempt (62.0419ms)
✔ C2C22 immediate pre-rename checkpoint blocks timeout after final native observation (24.3513ms)
✔ C2C23 final native pending identity comparison rejects stale replacement and retains bytes (31.2666ms)
✔ C2C24 mismatched branded capability and legacy callback cannot create an output root (3.1284ms)
✔ F01 publication status is an immutable operational snapshot before submission (40.5885ms)
✔ F02 timeout before submission prevents any rename and retains pending (21.9039ms)
✔ F03 cancellation before submission prevents rename and is terminal (21.9768ms)
✔ F04 actual admission checkpoint rejects a deadline reached after final native inspection (28.844ms)
✔ F05 admitted delayed success remains unresolved at post-submission deadline (33.9923ms)
✔ F06 cancellation after submission is recorded without early cancellation or namespace cleanup (27.5632ms)
✔ F07 admitted failure after deadline resolves OUTPUT only after exact submitted operation settles (28.2409ms)
✔ F08 no second rename or token reuse while an admitted rename is outstanding (28.8895ms)
✔ F09 commit status changes only after successful actual rename and then preserves bytes (30.3655ms)
✔ F10 mandatory checkpoint overrun after settlement is operational metadata, not precommit TIMEOUT (28.6616ms)
✔ F11 postcommit deadline or cancellation prevents a success summary and retains committed final (62.6789ms)
✔ F12 normal verified commit permits transport while precommit and failed tokens do not (31.9134ms)
✔ F13 wrong interruption code and foreign token cannot create publication authority (26.1422ms)
✔ F14 changed pending bytes before admission prevent rename (23.4657ms)
✔ F15 existing final is retained and finalization never retries or chooses another basename (29.6249ms)
✔ F16 postcommit transport error cannot retract or reclassify committed final as partial (30.1289ms)
✔ F17 bounded invocation timers are allowed and destroyed after successful operation (3.3934ms)
✔ F18 timer lifetime policy detects a persistent cross-run scheduler (2.37ms)
✔ F19 actual foundation finalization leaves no live timers across sequential invocations (51.6873ms)
✔ F20 failed and cancelled foundation calls leave no cross-run timers (38.8482ms)
✔ F21 failed read-only namespace verification retains committed output and clears its timer (27.5224ms)
✔ F22 read-only verification timeout is bounded and late handle completion only closes (2024.2316ms)
✔ F23 interruption recorded while pre-submission read is pending prevents later admission (21.3723ms)
✔ F24 the first observed pre-submission interruption remains terminal (21.0114ms)
✔ LP01 exact trusted Windows PowerShell 5.1 executable (0.9622ms)
✔ LP02 exact fixed argument ordering and Bypass value (0.7258ms)
✔ LP03 fixed packaged helper path from module location (0.124ms)
✔ LP04 no encoded command, expression or shell authority (0.1015ms)
✔ LP05 caller object cannot supply executable, script or policy (0.1427ms)
✔ LP06 launch specification and nested authority are immutable (0.4667ms)
✔ LP07 ambient PATH, system-root, policy and script poisons cannot select launch (0.4083ms)
✔ LP08 actual transport calls spawn with fixed array and sanitized environment (1.2846ms)
✔ LP09 CLI cannot select --script (0.4988ms)
✔ LP09 CLI cannot select --execution-policy (0.2219ms)
✔ LP09 CLI cannot select --powershell (0.1037ms)
✔ LP10 no persistent policy or registry mutation code is introduced (9.9888ms)
✔ LP11 public package exports cannot expose launch override (0.9517ms)
✔ NRT01 native CPU-bound worker is terminated at fixed 10000ms CLI evaluation deadline (8.7625ms)
✔ PTERM01 a rejected second staging terminally consumes publication (47.6888ms)
✔ PTERM02 premature finalization consumes token before later staging (10.327ms)
✔ PCHAIN5-attributes all-field cross-slot stability rejects changed attributes (6.9676ms)
✔ PCHAIN5-byteLength all-field cross-slot stability rejects changed byteLength (7.1537ms)
✔ PCHAIN5-fileId all-field cross-slot stability rejects changed fileId (5.7031ms)
✔ PCHAIN5-finalPath all-field cross-slot stability rejects changed finalPath (5.9548ms)
✔ PCHAIN5-isDirectory all-field cross-slot stability rejects changed isDirectory (5.9656ms)
✔ PCHAIN5-linkCount all-field cross-slot stability rejects changed linkCount (5.362ms)
✔ PCHAIN5-volumeSerial all-field cross-slot stability rejects changed volumeSerial (6.0566ms)
✔ PCHAIN6-attributes all-field cross-slot stability rejects changed attributes (10.6159ms)
✔ PCHAIN6-byteLength all-field cross-slot stability rejects changed byteLength (8.7172ms)
✔ PCHAIN6-fileId all-field cross-slot stability rejects changed fileId (8.1157ms)
✔ PCHAIN6-finalPath all-field cross-slot stability rejects changed finalPath (8.5671ms)
✔ PCHAIN6-isDirectory all-field cross-slot stability rejects changed isDirectory (7.6011ms)
✔ PCHAIN6-linkCount all-field cross-slot stability rejects changed linkCount (8.5797ms)
✔ PCHAIN6-volumeSerial all-field cross-slot stability rejects changed volumeSerial (11.362ms)
✔ PCHAIN7-attributes all-field cross-slot stability rejects changed attributes (15.7041ms)
✔ PCHAIN7-byteLength all-field cross-slot stability rejects changed byteLength (13.9974ms)
✔ PCHAIN7-fileId all-field cross-slot stability rejects changed fileId (11.7489ms)
✔ PCHAIN7-finalPath all-field cross-slot stability rejects changed finalPath (13.3831ms)
✔ PCHAIN7-isDirectory all-field cross-slot stability rejects changed isDirectory (20.9884ms)
✔ PCHAIN7-linkCount all-field cross-slot stability rejects changed linkCount (17.3673ms)
✔ PCHAIN7-volumeSerial all-field cross-slot stability rejects changed volumeSerial (11.572ms)
✔ PCHAIN8-attributes all-field cross-slot stability rejects changed attributes (22.3394ms)
✔ PCHAIN8-byteLength all-field cross-slot stability rejects changed byteLength (25.0209ms)
✔ PCHAIN8-fileId all-field cross-slot stability rejects changed fileId (28.3796ms)
✔ PCHAIN8-finalPath all-field cross-slot stability rejects changed finalPath (25.5268ms)
✔ PCHAIN8-isDirectory all-field cross-slot stability rejects changed isDirectory (21.9914ms)
✔ PCHAIN8-linkCount all-field cross-slot stability rejects changed linkCount (23.7597ms)
✔ PCHAIN8-volumeSerial all-field cross-slot stability rejects changed volumeSerial (21.944ms)
✔ PCHAIN9-attributes all-field cross-slot stability rejects changed attributes (20.1568ms)
✔ PCHAIN9-byteLength all-field cross-slot stability rejects changed byteLength (26.5786ms)
✔ PCHAIN9-fileId all-field cross-slot stability rejects changed fileId (21.552ms)
✔ PCHAIN9-finalPath all-field cross-slot stability rejects changed finalPath (29.2217ms)
✔ PCHAIN9-isDirectory all-field cross-slot stability rejects changed isDirectory (23.6401ms)
✔ PCHAIN9-linkCount all-field cross-slot stability rejects changed linkCount (25.6577ms)
✔ PCHAIN9-volumeSerial all-field cross-slot stability rejects changed volumeSerial (20.8247ms)
✔ PNEG01 pending native byteLength must equal staged detached bytes (15.9191ms)
✔ PNEG02 wrong root branded capability cannot mutate either destination (3.0648ms)
✔ PNEG03 foreign capability and legacy callback cannot create a directory (0.6264ms)
✔ PNEG04 foreign token never authorizes staging or finalization (0.4006ms)
✔ PNEG05 second capability claim terminates original token (9.5591ms)
✔ PNEG06 second finalization preserves committed exact file and cannot rename again (21.5569ms)
✔ PNEG07 same-length changed pending bytes fail final reread before slot9 (17.3545ms)
✔ PNEG08 preexisting pending file is never overwritten and remains diagnostic evidence (12.2081ms)
✔ PNEG09 preexisting final file causes failure and remains byte-identical (24.5893ms)
✔ PNEG10 existing output directory cannot be claimed or overwritten (6.0301ms)
✔ PNEG11-TIMEOUT immediate pre-rename checkpoint is terminal (30.7238ms)
✔ PNEG11-CANCELLED immediate pre-rename checkpoint is terminal (30.7409ms)
✔ PNEG12-before-write cancellation retains owned pending bytes without publishing (17.2459ms)
✔ PNEG12-after-write cancellation retains owned pending bytes without publishing (21.6806ms)
✔ PNEG13 in-flight staging cannot revive token after concurrent staging rejection (16.0644ms)
✔ PNEG14 wrong session from framed transport aborts sequence and cannot publish (9.4832ms)
✔ PDET01 staging snapshots caller bytes before async work (34.055ms)
✔ PDET02 changing roots and assessment sessions does not alter exact published bytes (59.8227ms)
✔ PTERM03 concurrent rejection during final reread cannot launch slot9 (28.1983ms)
✔ PTERM04 concurrent rejection during pending close cannot launch slot8 (19.5803ms)
# QUEUED_CLI {"mode":"deadline","scope":"ACTUAL_QUEUED_RENAME_AND_CLI_WITH_SYNTHETIC_IDENTITY_FRAMES","requests":1,"engineeringClock":"Monotonic elapsed-time offset at slot 8; original CLI absolute deadline has 100ms remaining, no budget restart.","finiteJobs":4,"observation":{"elapsedMs":342.4998,"settled":false,"snapshot":{"kind":"cli","deadline":30085.6957,"helpers":0,"workers":1,"helperUsedMs":0,"activeRole":null,"cleanupConfirmed":false,"publication":{"phase":"COMMIT_IN_PROGRESS","admitted":true,"deadlineExpiredAfterAdmission":true,"cancelledAfterAdmission":true,"namespaceVerified":false,"dispositionDeadline":null},"terminalCode":null,"terminalAt":null,"cleanupDeadline":null,"events":[{"type":"start","at":148.362,"role":"worker","deadline":10148.2808,"ordinal":1},{"type":"observation","at":149.9192,"role":"worker","threadId":1,"resourceLimits":{"maxYoungGenerationSizeMb":16,"maxOldGenerationSizeMb":128,"codeRangeSizeMb":-1,"stackSizeMb":4}},{"type":"quiescent","at":245.6616,"role":"worker","ordinal":1},{"type":"publication-interruption","at":30096.394,"code":"MO1307_TIMEOUT","phase":"COMMIT_IN_PROGRESS"},{"type":"publication-interruption","at":30144.324099999998,"code":"MO1307_CANCELLED","phase":"COMMIT_IN_PROGRESS"}]},"finalPresent":false,"pendingPresent":true,"stdoutBytes":0},"elapsedMs":1246.3977,"snapshot":{"kind":"cli","deadline":30085.6957,"helpers":0,"workers":1,"helperUsedMs":0,"activeRole":null,"cleanupConfirmed":true,"publication":{"phase":"COMMITTED","admitted":true,"deadlineExpiredAfterAdmission":true,"cancelledAfterAdmission":true,"namespaceVerified":true,"dispositionDeadline":3200.3892},"terminalCode":"MO1307_OUTPUT","terminalAt":30917.8818,"cleanupDeadline":3200.3892,"events":[{"type":"start","at":148.362,"role":"worker","deadline":10148.2808,"ordinal":1},{"type":"observation","at":149.9192,"role":"worker","threadId":1,"resourceLimits":{"maxYoungGenerationSizeMb":16,"maxOldGenerationSizeMb":128,"codeRangeSizeMb":-1,"stackSizeMb":4}},{"type":"quiescent","at":245.6616,"role":"worker","ordinal":1},{"type":"publication-interruption","at":30096.394,"code":"MO1307_TIMEOUT","phase":"COMMIT_IN_PROGRESS"},{"type":"publication-interruption","at":30144.324099999998,"code":"MO1307_CANCELLED","phase":"COMMIT_IN_PROGRESS"},{"type":"terminal","at":30917.904499999997,"code":"MO1307_OUTPUT","stage":"PUBLICATION"}]},"failure":"MO1307_OUTPUT","exitCode":21,"stdoutBytes":0,"failureCleanupDeadline":3200.3892}
✔ FCLI actual queued rename awaits settlement after deadline (1262.3341ms)
# QUEUED_CLI {"mode":"cancellation","scope":"ACTUAL_QUEUED_RENAME_AND_CLI_WITH_SYNTHETIC_IDENTITY_FRAMES","requests":1,"engineeringClock":"Real monotonic clock","finiteJobs":4,"observation":{"elapsedMs":217.85440000000017,"settled":false,"snapshot":{"kind":"cli","deadline":31341.2314,"helpers":0,"workers":1,"helperUsedMs":0,"activeRole":null,"cleanupConfirmed":false,"publication":{"phase":"COMMIT_IN_PROGRESS","admitted":true,"deadlineExpiredAfterAdmission":false,"cancelledAfterAdmission":true,"namespaceVerified":false,"dispositionDeadline":null},"terminalCode":null,"terminalAt":null,"cleanupDeadline":null,"events":[{"type":"start","at":1402.0331,"role":"worker","deadline":11402.0012,"ordinal":1},{"type":"observation","at":1402.9391,"role":"worker","threadId":2,"resourceLimits":{"maxYoungGenerationSizeMb":16,"maxOldGenerationSizeMb":128,"codeRangeSizeMb":-1,"stackSizeMb":4}},{"type":"quiescent","at":1500.8511,"role":"worker","ordinal":1},{"type":"publication-interruption","at":1559.1138,"code":"MO1307_CANCELLED","phase":"COMMIT_IN_PROGRESS"}]},"finalPresent":false,"pendingPresent":true,"stdoutBytes":0},"elapsedMs":1246.2585000000001,"snapshot":{"kind":"cli","deadline":31341.2314,"helpers":0,"workers":1,"helperUsedMs":0,"activeRole":null,"cleanupConfirmed":true,"publication":{"phase":"COMMITTED","admitted":true,"deadlineExpiredAfterAdmission":false,"cancelledAfterAdmission":true,"namespaceVerified":true,"dispositionDeadline":4517.9848},"terminalCode":"MO1307_OUTPUT","terminalAt":2519.3034,"cleanupDeadline":4517.9848,"events":[{"type":"start","at":1402.0331,"role":"worker","deadline":11402.0012,"ordinal":1},{"type":"observation","at":1402.9391,"role":"worker","threadId":2,"resourceLimits":{"maxYoungGenerationSizeMb":16,"maxOldGenerationSizeMb":128,"codeRangeSizeMb":-1,"stackSizeMb":4}},{"type":"quiescent","at":1500.8511,"role":"worker","ordinal":1},{"type":"publication-interruption","at":1559.1138,"code":"MO1307_CANCELLED","phase":"COMMIT_IN_PROGRESS"},{"type":"terminal","at":2519.318,"code":"MO1307_OUTPUT","stage":"PUBLICATION"}]},"failure":"MO1307_OUTPUT","exitCode":21,"stdoutBytes":0,"failureCleanupDeadline":4517.9848}
✔ FCLI actual queued rename awaits settlement after cancellation (1254.3155ms)
✔ PWAIT terminal cancellation prevents late advancement after mkdir (65.215ms)
✔ PWAIT terminal cancellation prevents late advancement after sync (79.5718ms)
✔ PWAIT terminal cancellation prevents late advancement after final-open (79.7336ms)
# STDOUT_DISPOSITION {"mode":"timeout","delivered":353,"snapshot":{"kind":"cli","deadline":32822.2656,"helpers":0,"workers":1,"helperUsedMs":0,"activeRole":null,"cleanupConfirmed":true,"publication":{"phase":"COMMITTED","admitted":true,"deadlineExpiredAfterAdmission":true,"cancelledAfterAdmission":false,"namespaceVerified":true,"dispositionDeadline":5027.569100000001},"terminalCode":"MO1307_OUTPUT","terminalAt":32839.1188,"cleanupDeadline":34839.1188,"events":[{"type":"start","at":2876.4232,"role":"worker","deadline":12876.3709,"ordinal":1},{"type":"observation","at":2877.3382,"role":"worker","threadId":3,"resourceLimits":{"maxYoungGenerationSizeMb":16,"maxOldGenerationSizeMb":128,"codeRangeSizeMb":-1,"stackSizeMb":4}},{"type":"quiescent","at":2984.8436,"role":"worker","ordinal":1},{"type":"publication-transport","at":3028.7815},{"type":"publication-interruption","at":32839.0493,"code":"MO1307_TIMEOUT","phase":"COMMITTED"},{"type":"terminal","at":32839.1438,"code":"MO1307_OUTPUT","stage":"PUBLICATION"}]}}
✔ FCLI post-commit stalled stdout timeout retains final and one transport allowance (265.3821ms)
# STDOUT_DISPOSITION {"mode":"cancellation","delivered":353,"snapshot":{"kind":"cli","deadline":33090.7083,"helpers":0,"workers":1,"helperUsedMs":0,"activeRole":null,"cleanupConfirmed":true,"publication":{"phase":"COMMITTED","admitted":true,"deadlineExpiredAfterAdmission":false,"cancelledAfterAdmission":true,"namespaceVerified":true,"dispositionDeadline":5362.0067},"terminalCode":"MO1307_OUTPUT","terminalAt":3402.8256,"cleanupDeadline":5402.8256,"events":[{"type":"start","at":3163.703,"role":"worker","deadline":13163.68,"ordinal":1},{"type":"observation","at":3164.3929,"role":"worker","threadId":4,"resourceLimits":{"maxYoungGenerationSizeMb":16,"maxOldGenerationSizeMb":128,"codeRangeSizeMb":-1,"stackSizeMb":4}},{"type":"quiescent","at":3325.7736,"role":"worker","ordinal":1},{"type":"publication-transport","at":3363.2029},{"type":"publication-interruption","at":3402.767,"code":"MO1307_CANCELLED","phase":"COMMITTED"},{"type":"terminal","at":3402.8366,"code":"MO1307_OUTPUT","stage":"PUBLICATION"}]}}
✔ FCLI post-commit stalled stdout cancellation retains final and one transport allowance (339.6486ms)
✔ R01 api exact absolute deadline and equality (2.1091ms)
✔ R01 cli exact absolute deadline and equality (0.2076ms)
✔ R02 earlier cancellation stays terminal after deadline (0.3707ms)
✔ R03 timeout wins simultaneous first cancellation observation (0.3368ms)
✔ R04 preaborted signal prevents any launch (1.0215ms)
✔ R05 monotonic decreasing clock rejects (0.5067ms)
✔ R06 API cannot launch helper (0.3531ms)
✔ R07 helper deadline includes all active time; equality rejects (0.7255ms)
✔ R08 aggregate deadline does not reset across helpers (0.7834ms)
✔ R09 worker time is excluded from helper aggregate but inside overall (0.4743ms)
✔ R10 helper overlap is terminal and cleans prior owned role (0.4909ms)
✔ R11 helper and worker cannot overlap (0.436ms)
✔ R12 frame alone cannot advance before actual close (60.9294ms)
✔ R13 launch uses only fixed executable/script/environment and no shell (1.8803ms)
✔ R14 helper trailing byte fails closed (2.8541ms)
✔ R14 helper extra frame fails closed (9.8752ms)
✔ R14 helper debug stdout fails closed (1.1841ms)
✔ R14 helper truncated frame fails closed (14.5417ms)
✔ R14 helper oversized prefix fails closed (1.2503ms)
✔ R14 helper stderr overflow fails closed (1.5435ms)
✔ R14 helper nonzero exit fails closed (2.3012ms)
✔ R15 cancellation in launch terminates and ignores later valid frame (1.154ms)
✔ R16 cancellation during transport cleans child (25.6227ms)
✔ R17 fixed actual worker has empty environment and exact heap intent (37.1548ms)
✔ R18 successful worker result waits for termination (134.7694ms)
✔ R19 actual worker crash fails closed (40.0918ms)
✔ R19 actual worker duplicate fails closed (32.2308ms)
✔ R19 actual worker stdout fails closed (31.6625ms)
✔ R20 cancellation actually terminates CPU-bound worker thread (53.6229ms)
✔ R21 production worker executes accepted 2A/2B and confirms quiescence (233.2902ms)
✔ R22 adapter matches closed 2A handoff; operational/session fields excluded (0.3461ms)
✔ R23 verify evidence seam excludes result and decision bytes (0.1729ms)
✔ R24 malformed decision uses dedicated mismatch, cap uses resource (0.3806ms)
✔ R25 actual worker policy denies filesystem/network/process/module escape imports (58.3174ms)
✔ R26 cancellation preempts pending publication promise without another role (0.6648ms)
✔ R27 late publication promise cannot restore terminal success (0.2473ms)
✔ SUP01 post-rename TIMEOUT returns OUTPUT and retains exact committed result (233.8944ms)
✔ SUP01 post-rename CANCELLED returns OUTPUT and retains exact committed result (195.7867ms)
✔ SUP02 verify stdout backpressure times out without product filesystem changes (252.1996ms)
✔ SUP03 input root identity change between helper slots fails closed (15.7116ms)
✔ SUP04 physical file alias across bootstrap slots is rejected despite distinct paths (13.44ms)
✔ SUP05 malformed external decision rejects without stdout or changes (200.6074ms)
✔ SUP06 wrong external decision proof binding rejects (184.563ms)
✔ SUP07 contrary APPROVE preserves not-ready and reports unverified authenticity (211.1562ms)
✔ SUP07 contrary APPROVE preserves could-not-evaluate and reports unverified authenticity (204.8985ms)
✔ SUP08 slot4 output inspection ERROR maps to frozen OUTPUT before worker (39.6549ms)
✔ SURFACE evaluate nine slots exact bytes/summary/exit ready (209.4952ms)
✔ SURFACE evaluate nine slots exact bytes/summary/exit qualified (188.1788ms)
✔ SURFACE evaluate nine slots exact bytes/summary/exit not-ready (171.5619ms)
✔ SURFACE evaluate nine slots exact bytes/summary/exit could-not-evaluate (176.9431ms)
✔ SURFACE verify four slots exit0 no writes (173.7089ms)
✔ SURFACE decision transport downstream and authenticity retained (190.8692ms)
✔ SURFACE verify altered supplied result rejects before stdout (162.6299ms)
✔ SURFACE tag observations transported as original bytes without Git (88.1507ms)
✔ SURFACE determinism across random sessions and output roots (324.8035ms)
✔ SURFACE complete text output (165.1957ms)
✔ SURFACE post-rename stdout failure returns OUTPUT retains committed result (156.8559ms)
✔ SURFACE cancellation before worker no directory publication (40.2745ms)
✔ SURFACE cancellation before final inspection retains pending (200.081ms)
✔ SURFACE 2B to 2A adapter selects exact handoff fields (0.3069ms)
✔ API admission wrong argument (0.5117ms)
✔ API admission shared array (6.9022ms)
✔ API admission duplicate file ID (9.6061ms)
✔ API admission oversized candidate (7.1316ms)
✔ API admission unknown property (0.2113ms)
✔ API admission wrong pin (0.1167ms)
✔ API snapshots all bytes before asynchronous work (9.0943ms)
✔ API caller mutation after entry cannot affect worker (257.9378ms)
✔ API missing declared file rejects (11.9027ms)
✔ API abort before entry is terminal (0.2909ms)
✔ API abort during worker terminates (22.9112ms)
✔ API public evaluate and verify execute accepted integrated semantics (711.7793ms)
✔ CLI dispatch "" (0.4748ms)
✔ CLI dispatch "unknown" (0.1596ms)
✔ CLI dispatch "constructor" (0.1491ms)
✔ CLI dispatch "toString" (0.1079ms)
✔ CLI dispatch "__proto__" (0.2315ms)
✔ CLI dispatch "Evaluate" (0.15ms)
✔ CLI negative missing command (0.2052ms)
✔ CLI negative missing flag (0.1189ms)
✔ CLI negative duplicate flag (0.0618ms)
✔ CLI negative unknown flag (0.0592ms)
✔ CLI negative unsafe path (0.7756ms)
✔ CLI negative overlong argument (0.3401ms)
# TIMER_WITNESS [{"name":"success-a","observedTimers":5,"remainingTimers":0,"serverOrWatcherResources":0,"callbacksAfterSettlement":0,"outcome":"COMMITTED","activeRole":null},{"name":"write-failure","observedTimers":4,"remainingTimers":0,"serverOrWatcherResources":0,"callbacksAfterSettlement":0,"outcome":"MO1307_OUTPUT","activeRole":null},{"name":"write-cancellation","observedTimers":4,"remainingTimers":0,"serverOrWatcherResources":0,"callbacksAfterSettlement":0,"outcome":"MO1307_CANCELLED","activeRole":null},{"name":"rename-failure","observedTimers":6,"remainingTimers":0,"serverOrWatcherResources":0,"callbacksAfterSettlement":0,"outcome":"MO1307_OUTPUT","activeRole":null},{"name":"post-admission-cancellation","observedTimers":6,"remainingTimers":0,"serverOrWatcherResources":0,"callbacksAfterSettlement":0,"outcome":"MO1307_OUTPUT","activeRole":null},{"name":"stalled-write-cancellation","observedTimers":3,"remainingTimers":0,"serverOrWatcherResources":0,"callbacksAfterSettlement":0,"outcome":"MO1307_CANCELLED","activeRole":null},{"name":"success-b","observedTimers":5,"remainingTimers":0,"serverOrWatcherResources":0,"callbacksAfterSettlement":0,"outcome":"COMMITTED","activeRole":null}]
✔ N24-C invocation timers clear after success, write/rename failure and pre/post-admission cancellation including a stalled write; no server, watcher or cross-run callbacks (445.6234ms)
✔ D01 actual integrated evaluation and independent verify: could-not-evaluate (687.2059ms)
✔ D01 actual integrated evaluation and independent verify: history-blocker-unavailable (696.789ms)
✔ D01 actual integrated evaluation and independent verify: informational-ready (460.8191ms)
✔ D01 actual integrated evaluation and independent verify: metadata-only (417.3753ms)
✔ D01 actual integrated evaluation and independent verify: mixed-precedence (436.43ms)
✔ D01 actual integrated evaluation and independent verify: mo1306-qualified (4355.5852ms)
✔ D01 actual integrated evaluation and independent verify: not-ready (872.0544ms)
✔ D01 actual integrated evaluation and independent verify: post-tag-absent (920.0622ms)
✔ D01 actual integrated evaluation and independent verify: post-tag-lightweight (794.3847ms)
✔ D01 actual integrated evaluation and independent verify: post-tag-ready (678.7133ms)
✔ D01 actual integrated evaluation and independent verify: post-tag-wrong-target (861.4838ms)
✔ D01 actual integrated evaluation and independent verify: pre-tag-present (868.5919ms)
✔ D01 actual integrated evaluation and independent verify: qualified (541.2534ms)
✔ D01 actual integrated evaluation and independent verify: ready (492.6572ms)
✔ D01 actual integrated evaluation and independent verify: rest-qualified (362.3915ms)
✔ D01 actual integrated evaluation and independent verify: selective-reuse (517.0824ms)
✔ D02 all four states and blocker-over-CNE precedence survive the actual pipeline (545.6921ms)
✔ D03 adapter has exactly the accepted closed fields and never uses diagnostics as authority (225.7017ms)
✔ D04 MO1306 all nineteen source rows and twelve negative projections remain exact (757.4475ms)
✔ D05 MO1306 provider axes and ten disclosures retain their exact released limitations (727.2587ms)
✔ D06 MO1306 raw configuration lineage survives integration and original omission still rejects (362.0713ms)
✔ D07 verified historical applicability blocks an unavailable mandatory gate without erasing CNE (138.4806ms)
✔ D08 REST authority remains separate with mandatory same-host qualification and no providers (89.4761ms)
✔ D09 human decision binding is downstream and never changes readiness: ready/APPROVE (331.3622ms)
✔ D09 human decision binding is downstream and never changes readiness: ready/REJECT (361.4113ms)
✔ D09 human decision binding is downstream and never changes readiness: ready/DEFER (309.1902ms)
✔ D09 human decision binding is downstream and never changes readiness: qualified/APPROVE (395.5596ms)
✔ D09 human decision binding is downstream and never changes readiness: not-ready/APPROVE (200.3354ms)
✔ D10 mismatched human decision rejects: candidateDigest (284.2485ms)
✔ D10 mismatched human decision rejects: readinessDigest (338.286ms)
✔ D10 mismatched human decision rejects: proofBindingDigest (350.6204ms)
✔ D11 tag-stage facts yield exact mandatory blockers and never execute Git (1046.0477ms)
✔ D12 integrated operational failure remains an error: candidate substitution (8.8494ms)
✔ D12 integrated operational failure remains an error: trust-root mismatch (10.2715ms)
✔ D12 integrated operational failure remains an error: raw-source tamper (48.2742ms)
✔ D12 integrated operational failure remains an error: claim tamper under an old grant (85.7097ms)
✔ D12 integrated operational failure remains an error: grant substitution (93.9612ms)
✔ D12 integrated operational failure remains an error: stale dependency (127.4563ms)
✔ D12 integrated operational failure remains an error: history rewrite with intact grant (397.8706ms)
✔ D12 integrated operational failure remains an error: history PASS fabrication (607.0439ms)
✔ D12 integrated operational failure remains an error: qualification omission (143.2907ms)
✔ D12 integrated operational failure remains an error: provider false hosted promotion (782.9329ms)
✔ D12 integrated operational failure remains an error: dangling authority reference (101.879ms)
✔ D12 integrated operational failure remains an error: profile substitution (18.495ms)
✔ D12 integrated operational failure remains an error: path traversal rejected by the frozen manifest schema (23.8196ms)
✔ D13 result verification independently rechecks original raw bytes before trusting a valid result (63.2098ms)
✔ D14 self-consistent changed readiness passes evidence-only support but fails integrated recomputation (342.2778ms)
✔ D15 supplied result digest tamper rejects: readinessDigest (163.8407ms)
✔ D15 supplied result digest tamper rejects: proofBindingDigest (168.0361ms)
✔ D16 self-consistent result history or qualification omission cannot hide behind repaired hashes (1494.386ms)
✔ D17 derived graph is candidate-rooted, authority-rooted, closed and bounded (1025.3524ms)
✔ D18 no supplied cyclic or dangling graph can replace independently derived evidence (362.4677ms)
✔ D19 repeated calls and nonsemantic object/map insertion order preserve exact normative bytes (606.6989ms)
✔ D20 signed set ordering is preserved rather than silently normalized during integration (40.7135ms)
✔ D21 metadata affects exact proof audit while leaving all readiness semantics byte-identical (312.1562ms)
✔ D22 selective reuse stays explicit and relevant changes fail before readiness computation (197.8121ms)
✔ D23 evidenceInput strips only known verification transport fields and adds no authority (9.1338ms)
✔ D24 integrated preflight preserves accepted authority-before-semantic error priority (203.9957ms)
ℹ tests 639
ℹ suites 0
ℹ pass 639
ℹ fail 0
ℹ cancelled 0
ℹ skipped 0
ℹ todo 0
ℹ duration_ms 150025.6475
