{
  "contractIdentities": {
    "kind": "MemoryOSPolicyContractIdentities",
    "version": "1.0.0",
    "evaluatorVersion": "1.0.0",
    "factModel": {
      "factModelVersion": "1.0.0",
      "factModelDigest": "sha256:b36b9488161cb67d8e971e802d15ad76d662d46f96e1304182de343ba69ef7a8"
    },
    "ruleRegistry": {
      "ruleRegistryVersion": "1.0.0",
      "ruleRegistryDigest": "sha256:aaa19116563d209f680b063cdccf49d899069683f9778271c4ca2c4559b94fd7"
    },
    "deterministicFactSourceRegistry": {
      "registryVersion": "1.0.0",
      "registryDigest": "sha256:392d688acb866753c6ff85b7030131b38990b27d8a2a0ef6e8e052c8c4e048de",
      "sources": [
        {
          "domain": "cognitiveRegression",
          "wireVersion": "1.0.0",
          "sourceModelVersion": "1.0.0",
          "sourceModelDigest": "sha256:e7d1fdf24758f2a0ac9ad609df578f95c058bf3cbab9f02a650f9cc12dab1c0d"
        }
      ]
    },
    "resourceProfile": {
      "identifier": "memoryos.policy.resource-profile.standard",
      "version": "1.0.0",
      "resourceProfileDigest": "sha256:c091573dfd05481f5759ef077e15af16689382a7432fa546c6630c4caeaa5239"
    },
    "outcomeContractVersion": "1.0.0"
  },
  "policy": {
    "documentDigest": "sha256:c706e3d34641a604360361e23951f0a7c3975106631c6c189e2c960b0fa194d2",
    "semanticDigest": "sha256:5c7fc1d167298402749d81dd03cc722931f8a7e5776089a053813898b0800713"
  },
  "policySet": {
    "documentDigest": "sha256:bd525d3a3c0af215f13ef63c67b43ecf468a32132c3b482322dd34c0a16ef9cf",
    "semanticDigest": "sha256:79bd48690184e90b56876419a12c69106b8ee60970fcc8ac5198ed55c22b61f8"
  },
  "evaluation": {
    "decision": "FAIL",
    "evaluationIdentityDigest": "sha256:e35a7b29fcd56b85fd23fb8d6e1f4b91033da6ce22e34c57551277daf004e680",
    "outcomeDigest": "sha256:e9ef3fb2ff45e175f266bd6a8040ef78778dd9a94b16e2f5ac911c3ef66d51e7"
  },
  "setDecision": "FAIL",
  "inspections": {
    "contextAuthority": "inspectionOnly",
    "regressionSourceAuthority": "inspectionOnly",
    "reportAuthority": "inspectionOnly"
  },
  "verification": {
    "identity": true,
    "outcome": true
  }
}
