✔ runtime closure manifest and identities reproduce the frozen independent digests (78.8464ms)
✔ verifier copies exact bytes into a disposable private immutable snapshot (295.273ms)
▶ closed runtime verifier rejects missing, unexpected, traversal, and symbolic members
  ✔ missing (100.7203ms)
  ✔ unexpected (93.0414ms)
  ✔ traversal manifest mutation (1.0658ms)
  ✔ duplicate normalized manifest path (0.9354ms)
  ✔ non-normalized manifest path (1.1009ms)
  ✔ symbolic leaf where supported (109.3015ms)
✔ closed runtime verifier rejects missing, unexpected, traversal, and symbolic members (307.8461ms)
▶ secure input snapshots enforce below, exact, and first-byte-above measured limits
  ✔ policy (30.5868ms)
  ✔ policySet (26.824ms)
  ✔ candidateMip (28.1091ms)
✔ secure input snapshots enforce below, exact, and first-byte-above measured limits (86.7877ms)
ℹ policy exact snapshot RSS delta=122880 bytes; fixed copy buffer=65536
ℹ policySet exact snapshot RSS delta=69632 bytes; fixed copy buffer=65536
ℹ candidateMip exact snapshot RSS delta=61440 bytes; fixed copy buffer=65536
✔ verification inputs use the frozen normative outcome ceiling without creating a transport limit (23.1161ms)
✔ input snapshots reject unsupported authorities and close acquire/dispose races (18.0209ms)
✔ opaque operation capability confines every CLI path to fixed private roles (32.7396ms)
✔ actual worker enforces exact stdout/stderr bounds and persists caught overflow (205.3956ms)
✔ actual worker disables stdin and treats crashes as adapter failures (36.7856ms)
▶ actual worker enforces the closed bounded worker request
  ✔ extra request member (31.9472ms)
  ✔ relative module path (34.8395ms)
  ✔ oversized argument (31.2652ms)
  ✔ too many arguments (30.7767ms)
  ✔ oversized encoded request (30.603ms)
✔ actual worker enforces the closed bounded worker request (205.6122ms)
▶ actual worker rejects caught direct process output as an output-contract violation
  ✔ stdout (34.4112ms)
  ✔ stderr (32.2009ms)
  ✔ console (37.2686ms)
✔ actual worker rejects caught direct process output as an output-contract violation (104.7732ms)
✔ adapter preflight succeeds, rejects concurrency, and executes only through workers (335.6643ms)
✔ adapter cancellation hard-terminates a worker and dispose waits for the operation (164.3492ms)
✔ adapter rejects out-of-band worker output immediately and terminates a non-reporting worker (194.6422ms)
✔ adapter rejects out-of-band output even when a worker also posts a valid result (199.9147ms)
✔ adapter terminates a worker after its single result message (190.2483ms)
✔ MemoryOS stable CLI codes pass through without becoming adapter decisions (406.5787ms)
▶ adapter rejects malformed envelopes and enforces command-aware exit binding
  ✔ exact digest success shape (381.5919ms)
  ✔ empty digest result (301.4315ms)
  ✔ wrong digest artifact kind (317.3637ms)
  ✔ malformed digest (300.7549ms)
  ✔ extra digest member (343.4689ms)
  ✔ undefined worker message is a closed worker failure (300.071ms)
  ✔ worker failure with extra member (307.629ms)
  ✔ worker failure with non-string message (318.9756ms)
  ✔ malformed JSON (319.1468ms)
  ✔ non-evaluation success with nonzero exit (284.8971ms)
  ✔ error envelope exit mismatch (316.4658ms)
  ✔ FAIL decision uses frozen exit 6 (355.9319ms)
  ✔ evaluation decision/exit mismatch (339.3247ms)
  ✔ evaluation rejects an extra success member (338.1958ms)
  ✔ exact identity-verification success shape (373.7476ms)
  ✔ identity verification rejects wrong scope and false success (282.6225ms)
  ✔ exact outcome-verification success shape (350.1641ms)
  ✔ outcome verification rejects missing and unexpected members (286.8593ms)
✔ adapter rejects malformed envelopes and enforces command-aware exit binding (5866.4375ms)
✔ postflight mismatch blocks completion and invalidates the cached snapshot (817.9594ms)
ℹ tests 54
ℹ suites 0
ℹ pass 54
ℹ fail 0
ℹ cancelled 0
ℹ skipped 0
ℹ todo 0
ℹ duration_ms 11334.4446
