✔ C01 frozen public exports contain exactly two async functions (2.1652ms)
✔ C02 closed counts and every frozen exit (0.6785ms)
✔ C03 deterministic key order includes numeric-looking ASCII keys (0.6592ms)
✔ C04 Unicode scalars are not normalized or escaped unnecessarily (1.2819ms)
✔ C05 parser duplicate-key (0.2693ms)
✔ C05 parser escaped-duplicate-key (0.2105ms)
✔ C05 parser unknown-token (0.1302ms)
✔ C05 parser negative-zero (0.135ms)
✔ C05 parser negative-integer (0.1585ms)
✔ C05 parser fraction (0.2046ms)
✔ C05 parser exponent (0.1395ms)
✔ C05 parser unsafe-integer (0.1353ms)
✔ C05 parser leading-zero (0.1125ms)
✔ C05 parser unpaired-surrogate (0.0957ms)
✔ C05 parser control-string (0.0702ms)
✔ C05 parser del-string (0.069ms)
✔ C05 parser non-ascii-key (0.0706ms)
✔ C05 parser trailing-garbage (0.0615ms)
✔ C05 parser trailing-comma (0.0786ms)
✔ C05 parser empty-document (0.091ms)
✔ C05 parser noncanonical-spaces (0.1097ms)
✔ C05 parser missing-lf (0.0908ms)
✔ C05 parser double-lf (0.074ms)
✔ C05 parser key-order (0.0962ms)
✔ C05 parser unnecessary-escape (0.2986ms)
✔ C05 parser escaped-solidus (0.4381ms)
✔ C05 parser crlf (0.1151ms)
✔ C06 invalid UTF-8 and BOM reject (0.2327ms)
✔ C07 depth limit admits16 and rejects17 (0.3867ms)
✔ C08 members/key/string exact boundaries (1.0199ms)
✔ C09 total values boundary and bounded copy (158.5841ms)
✔ C10 shared buffers/accessors/sparse arrays/cycles/undefined reject (0.5576ms)
✔ C11 SHA256 raw/claim/candidate identity and independent proof layer (0.3691ms)
✔ C12 every error has immutable fields and fixed safe diagnostic (2.2658ms)
✔ C13 errors select numeric exit then ASCII reference within a phase (0.3376ms)
✔ C14 exact configuration accepted and unknown fields/profiles/versions rejected (2.0036ms)
✔ C15 no discovery or output/trust fields in configuration (0.6818ms)
✔ C16 deterministic blocker ID excludes mutable claim provenance (0.4786ms)
✔ C17 error schema is closed and operational outcomes are not readiness states (0.3328ms)
✔ C18 public entry points reject malformed input and prior cancellation (2.0781ms)
✔ C19 shared definitions are deeply immutable (0.1684ms)
✔ C20 generated definitions equal source canonical bytes (1.6951ms)
✔ C21 serializer stops at byte budget before expansive allocation (22.8398ms)
✔ C22 arrays reject hidden properties without reading getters (0.2435ms)
✔ C23 admission errors precede restrictive schema predicates (11.1694ms)
✔ C24 nested evidence version and coverage mappings (1.1348ms)
✔ C25 profile product mismatch precedes schema INPUT (0.6699ms)
✔ C26 defensive internal cycle has GRAPH_CYCLE and bound has GRAPH_LIMIT (33.1327ms)
✔ C27 configuration errors precede evidence acquisition errors (15.6166ms)
✔ C28 API holder shape rejects getters/symbols/hidden fields safely (9.5246ms)
✔ C29 well formed bundle traverses integrated verifier and readiness worker (288.4186ms)
✔ C30 malformed verification versions use their own mismatch categories (10.5188ms)
✔ C31 reference aggregation rejects empty vectors and dangling CNE (4.9381ms)
✔ C32 provider representation cannot assert hosted certificate without vectors (0.5665ms)
✔ C33 malformed nested verification records preserve mismatch code and reference (10.5655ms)
✔ C34 nested authority profile errors use PROFILE_MISMATCH during bootstrap (23.3439ms)
✔ C35 verification shape remapping does not hide admission limits (9.4499ms)
✔ C36 known lower GitHub minimum remains valid without fabricated hosted cases (0.3647ms)
✔ fixture catalog is finite, complete and matches independent exact-byte SHA-256 (78.945ms)
✔ 476 non-parser fixture records match closed schema and local foundation classifications (2039.3701ms)
✔ nine malformed byte/parser vectors reject with exact operational codes (3.1134ms)
✔ focused Phase 1 negative fixtures use the appropriate foundation seam (19.6599ms)
✔ all sixteen complete bundles pass snapshot, pin and byte-integrity foundations (453.6504ms)
✔ reference aggregation retains all records and realizes all four readiness states (36.3262ms)
✔ canonical result identities and summaries match exact independently constructed fixture bytes (370.043ms)
✔ all fourteen evidence types and six graph node / five edge types have canonical positives (15.6233ms)
✔ MO-1306 preserves actual production, BF, tag, package and all nineteen source history rows (19.3674ms)
✔ MO-1306 provider limitations and ten disclosures cannot silently become hosted certification (5.0209ms)
✔ metadata-only proof changes and selective dependency reuse keep separate identities (7.0106ms)
✔ human decision bindings leave all readiness and proof bytes unchanged (89.4661ms)
✔ tag fixtures distinguish pre/post stage predicates from operational tampering (6.3342ms)
✔ future semantic negatives are classified without claiming a Phase 2 verifier exists (21.8254ms)
✔ N01 pinned native runtime and fixed PowerShell installation (5.3763ms)
✔ N02 closed CLI commands and defaults (1.1692ms)
✔ N03 prototype-sensitive and invented commands reject as usage (0.5595ms)
✔ N04 duplicate unknown missing extra flags reject (0.3434ms)
✔ N05 forbidden runtime environment and Node options reject before I/O (0.2983ms)
✔ N04b inspectable configuration path failures select lowest logical ID (0.3913ms)
✔ N06 relative lexical boundaries and hostile spellings (0.3577ms)
✔ N07 absolute roots full paths overlap and case aliases (0.5857ms)
✔ N08 identity policy rejects any reparse flag hardlink wrong type and changes (0.8306ms)
✔ N09 helper canonical round-trip and closed operation fields (3.827ms)
✔ N10 helper frame prefix truncation trailing data and caps (0.6123ms)
✔ N11 helper sorted explicit allowlist path and per-file boundaries (2.0315ms)
✔ N12 acquisition needs four serial exits and invalid overlap or retry is terminal (5.1606ms)
✔ N13 helper response exact snapshot identity and base64 validation (1.3156ms)
✔ N14 helper decoded aggregate boundary and +1 (252.0331ms)
✔ N15 native fixed PowerShell snapshots and checked inspection sanitization (13524.6095ms)
✔ N16 native helper rejects hostile operation extra fields and oversized frame (2728.3354ms)
✔ N17 native CLI evaluates and publishes exact integrated result (21285.7187ms)
✔ N18 publication exclusive create exact pending and single-file commit (52.1466ms)
✔ N19 existing final destination never replaced and pending retained (29.6441ms)
✔ N20 pending collision and mutation fail closed without cleanup (49.1631ms)
✔ N21 publication byte ceiling boundary and +1 before write (82.3297ms)
✔ N22 branded framed inspection required and identity change rejects (26.321ms)
✔ N23 primitive late checkpoint prevents rename and retains pending (32.7449ms)
✔ N24 foundation retains no-network and fixed orchestration boundaries (5.7573ms)
✔ package metadata and deterministic nonrecursive bindings (375.2165ms)
✔ unexpected member is rejected without refreshing the binding (208.9655ms)
✔ changed shipped source fails exact distribution binding (248.1007ms)
✔ schema drift cannot be hidden by rebuilding manifests (230.043ms)
✔ constants drift cannot be hidden by rebuilding manifests (249.7999ms)
✔ dependencies, lifecycle hooks, extra exports and traversal allowlist are rejected (880.6322ms)
✔ network and external imports are rejected before manifest regeneration (730.8666ms)
✔ missing fixed helper and mutated manifest rows are rejected (487.1911ms)
✔ A01 exact independent Phase 1 result and summary bytes: could-not-evaluate (83.2861ms)
✔ A01 exact independent Phase 1 result and summary bytes: history-blocker-unavailable (66.4344ms)
✔ A01 exact independent Phase 1 result and summary bytes: informational-ready (59.4504ms)
✔ A01 exact independent Phase 1 result and summary bytes: metadata-only (59.3817ms)
✔ A01 exact independent Phase 1 result and summary bytes: mixed-precedence (55.371ms)
✔ A01 exact independent Phase 1 result and summary bytes: mo1306-qualified (275.4437ms)
✔ A01 exact independent Phase 1 result and summary bytes: not-ready (54.0758ms)
✔ A01 exact independent Phase 1 result and summary bytes: post-tag-absent (54.1367ms)
✔ A01 exact independent Phase 1 result and summary bytes: post-tag-lightweight (56.6389ms)
✔ A01 exact independent Phase 1 result and summary bytes: post-tag-ready (54.5784ms)
✔ A01 exact independent Phase 1 result and summary bytes: post-tag-wrong-target (56.9124ms)
✔ A01 exact independent Phase 1 result and summary bytes: pre-tag-present (73.5255ms)
✔ A01 exact independent Phase 1 result and summary bytes: qualified (70.3405ms)
✔ A01 exact independent Phase 1 result and summary bytes: ready (54.8203ms)
✔ A01 exact independent Phase 1 result and summary bytes: rest-qualified (46.1859ms)
✔ A01 exact independent Phase 1 result and summary bytes: selective-reuse (64.2708ms)
✔ A02 core consumes claims rather than caller gate states and retains complete compiled profile (81.884ms)
✔ A03 coverage FAIL and UNEVALUABLE drive mandatory artifact (94.649ms)
✔ A03 coverage FAIL and UNEVALUABLE drive mandatory binding (92.4577ms)
✔ A03 coverage FAIL and UNEVALUABLE drive mandatory history (85.5578ms)
✔ A03 coverage FAIL and UNEVALUABLE drive mandatory provenance (99.0626ms)
✔ A03 coverage FAIL and UNEVALUABLE drive mandatory provider.azure (90.3566ms)
✔ A03 coverage FAIL and UNEVALUABLE drive mandatory provider.generic (89.0016ms)
✔ A03 coverage FAIL and UNEVALUABLE drive mandatory provider.github (85.8453ms)
✔ A03 coverage FAIL and UNEVALUABLE drive mandatory provider.gitlab (111.7643ms)
✔ A03 coverage FAIL and UNEVALUABLE drive mandatory provider.jenkins (95.6396ms)
✔ A03 coverage FAIL and UNEVALUABLE drive mandatory resources (88.5043ms)
✔ A03 coverage FAIL and UNEVALUABLE drive mandatory sbom (115.0606ms)
✔ A03 coverage FAIL and UNEVALUABLE drive mandatory scope (82.4962ms)
✔ A03 coverage FAIL and UNEVALUABLE drive mandatory security (97.8898ms)
✔ A03 coverage FAIL and UNEVALUABLE drive mandatory semantic (93.2569ms)
✔ A03 coverage FAIL and UNEVALUABLE drive mandatory supply (84.6594ms)
✔ A03 coverage FAIL and UNEVALUABLE drive mandatory tag (90.6016ms)
✔ A03 coverage FAIL and UNEVALUABLE drive mandatory windows (87.1676ms)
✔ A04 REST coverage failures retain same-host limitation (38.6641ms)
✔ A05 unavailable MISSING is CNE with exact reason (42.5123ms)
✔ A05 unavailable AUTHORITY_UNAVAILABLE is CNE with exact reason (42.2458ms)
✔ A05 unavailable STALE is CNE with exact reason (40.7157ms)
✔ A05 unavailable UNEVALUABLE is CNE with exact reason (41.8307ms)
✔ A06 unavailable provider leaves optional observation empty without fabricating certification (47.9628ms)
✔ A07 blockers dominate independent CNE and qualifications without erasing any finding (52.1749ms)
✔ A08 CNE dominates release qualification and informational-only stays READY (89.402ms)
✔ A09 known provider minimum failures remain blockers, including simultaneous coverage and CNE (266.5331ms)
✔ A10 Generic real execution requirement is independent of coverage verdict (53.3113ms)
✔ A11 false hosted promotion and required provider disclosure omission are rejected (46.0312ms)
✔ A12 scope qualification union rejects missing, extra, weakened and conflicting records (93.0977ms)
✔ A13 identical qualification carriers share one result with every claim and grant reference (55.0792ms)
✔ A14 missing scope or history retains known records and defers only completeness (260.1169ms)
✔ A15 preserved history remains negative; observed recurrence blocks active mandatory gates (242.2416ms)
✔ A16 currently applicable history and duplicate recurrence produce one exact blocker (46.8275ms)
✔ A17 all applicable tag predicates are collected; absent post-tag fabricates no target failure (139.7832ms)
✔ A18 expected negative Policy and operational outcomes remain accepted semantic certification (46.2116ms)
✔ A19 metadata-only proof change preserves readiness and invalidates old external decision (139.5871ms)
✔ A20 nonsemantic input collection order and repeated calls preserve exact result bytes (690.7053ms)
✔ A21 new metadata proof is distinct from normative changed qualification identity (103.6535ms)
✔ A22 exact comparison rejects existing altered and self-hashed false result fixtures (303.9097ms)
✔ A23 result recomputation rejects self-consistent alterations of each normative projection (1114.5146ms)
✔ A24 V18 retains exact five providers, ten disclosures, twelve negative history rows and human actions (206.3788ms)
✔ A25 history count 128 is retained exactly and 129 is a resource error (105.4225ms)
✔ A26 global qualification union 128 is complete and 129 cannot be truncated (162.5301ms)
✔ A27 128 unique historical blockers are complete and one additional known failure rejects (160.7293ms)
✔ A28 EVALUATION numeric and logical-reference precedence is independent of collection order (67.3324ms)
✔ A29 projection boundary rejects caller gate vectors, accessors and unknown profiles (14.6804ms)
✔ A30 returned proof input uses the exact independent nonrecursive binding shape (51.189ms)
✔ A31 all twelve external human decisions bind computed results without changing readiness (1095.248ms)
✔ A32 every one of seven qualification codes is retained with its frozen impact (363.0766ms)
✔ A33 complete blocker CNE qualification cross-product follows frozen precedence and retains all lists (417.2687ms)
✔ A34 permutations preserve exact gate blocker qualification history JSON and text bytes (634.2015ms)
✔ A35 comparison rejects omitted mandatory CNE and substituted candidate profile or identity digest (224.9529ms)
✔ A36 static pure-core import closure excludes acquisition execution network and ambient selectors (2.9695ms)
✔ A37 coverage missing duplicate cross-partition or contradictory verdict uses INTEGRITY (34.3481ms)
✔ A38 nested candidate accessor is rejected before calling user code (5.102ms)
✔ A39 informational qualification on an inactive gate remains global without activating that gate (60.725ms)
✔ A40 preserved-history qualification must match exact condition and affected gates (192.3617ms)
✔ A41 unavailable scope never exempts locally invalid or omitted required provider qualifications (34.0381ms)
✔ A42 minimum-met contradictory qualified support is an error; lower minimum unsupported facts are blockers (120.0248ms)
✔ A43 known history only contributes blockers to active mandatory affected gates (46.3473ms)
✔ A44 conflicting qualification scope errors choose the smallest logical ID regardless of carrier order (35.4839ms)
✔ A45 REST unevaluable required coverage yields CNE with same-host qualification retained (67.3352ms)
✔ result boundary: exactly 4 MiB is retained and +1 is OUTPUT/EVALUATION (1667.2595ms)
✔ text boundary: exactly 128 KiB is complete and +1 is OUTPUT/EVALUATION (905.1877ms)
✔ result/proof/input snapshots do not share mutable output objects (34.4018ms)
✔ global derived counts reject 128+1 before malformed rows or byte sizing (9.6694ms)
✔ result construction cannot promote a blocked aggregate to READY (6.1045ms)
✔ A01 all sixteen frozen bundles produce only verified claims and exact independent graph/audit identities (1577.4941ms)
✔ A02 operator authority pin is separate and rejects an independently wrong trust root (24.9281ms)
✔ A03 an evidence-controlled authority mutation cannot select its own new pin (9.2127ms)
✔ A04 raw source bytes and raw length are verified independently of intact claim identity (47.1266ms)
✔ A05 raw manifest identity and envelope hash cannot be repaired by a self-consistent claim hash (50.4998ms)
✔ A06 exact canonical claim digest is recomputed under an intact reviewed envelope grant (36.8452ms)
✔ A07 ungranted external evidence cannot satisfy a gate (33.3064ms)
✔ A08 unknown evidence type and evidence version fail closed (52.9831ms)
✔ A09 granting the wrong existing claim for a compiled gate is rejected (31.9609ms)
✔ A10 exact grant source IDs cannot substitute or omit the envelope lineage (33.9313ms)
✔ A11 source bytes cannot appoint themselves as authority provenance (35.5684ms)
✔ A12 authority source Git fields, classification, length, hash and released target bind exactly (425.7845ms)
✔ A13 candidate, manifest and independently reviewed component/contract closures cannot be substituted (125.1754ms)
✔ A14 whole-candidate claims cannot use an earlier candidate root (36.3236ms)
✔ A15 a manifest cannot relabel a claim origin or dependency identity (75.7447ms)
✔ A16 declared dependency role, length and content are checked against the current inventory (122.687ms)
✔ A17 minimum dependency closure cannot omit any relevant current component (37.4719ms)
✔ A18 changed declared grant closure and dangling dependency IDs reject rather than first-win (85.7837ms)
✔ A19 scope escalation and unapproved/changed assumptions are stale (111.8383ms)
✔ A20 unrelated root assumptions do not stale an approved claim subset (78.1915ms)
✔ A21 selective reuse is explicit and unchanged dependencies retain their exact claims (109.9838ms)
✔ A22 REUSED cannot conceal a whole-candidate claim (33.7344ms)
✔ A23 old audit snapshots do not invent expiry and bounded disclosure remains mandatory (74.8784ms)
✔ A24 permitted fresh raw metadata pins change proof audit but preserve normative projection (143.036ms)
✔ A25 duplicate IDs, copied normalized grants and unconsumed evidence fail closed (82.866ms)
✔ A26 explicit unavailable slots omit evidence safely and optional provider slots mirror the parent (100.3374ms)
✔ A27 all admitted bytes are snapshots independent of subsequent caller mutations (72.4097ms)
✔ A28 raw source byte ceiling admits exact boundary and rejects plus one (100.1851ms)
✔ A29 explicit source and authority references cannot dangle (84.9502ms)
✔ A30 canonical set orders remain normative and are never silently sorted by the verifier (63.9756ms)
✔ A31 input map insertion and object member order do not affect verified canonical projection (193.6603ms)
✔ A32 raw integrity failure wins over later root candidate mismatch (26.1003ms)
✔ A33 an authority failure wins over a later structurally valid provider contradiction (65.4544ms)
✔ A34 manifest file ceiling admits exactly 128 consumed files and rejects 129 (135.7841ms)
✔ A35 aggregate raw source admission accepts 8 MiB exactly and rejects one additional byte (146.985ms)
✔ A36 authority source ceiling admits 32 explicit provenance records and rejects 33 (141.7281ms)
✔ F01 MO-1306 preserved configuration receipts have exact granted source lineage (426.6185ms)
✔ F02 correction preserves all normalized identities and every original raw source byte (22.624ms)
✔ F03 reconstructed original fixture still rejects unused configuration sources (192.2511ms)
✔ G01 exact frozen graph, authority and audit bindings: could-not-evaluate (71.2337ms)
✔ G01 exact frozen graph, authority and audit bindings: history-blocker-unavailable (47.3073ms)
✔ G01 exact frozen graph, authority and audit bindings: informational-ready (48.9961ms)
✔ G01 exact frozen graph, authority and audit bindings: metadata-only (45.831ms)
✔ G01 exact frozen graph, authority and audit bindings: mixed-precedence (42.2456ms)
✔ G01 exact frozen graph, authority and audit bindings: mo1306-qualified (220.2944ms)
✔ G01 exact frozen graph, authority and audit bindings: not-ready (40.7976ms)
✔ G01 exact frozen graph, authority and audit bindings: post-tag-absent (44.0358ms)
✔ G01 exact frozen graph, authority and audit bindings: post-tag-lightweight (43.5679ms)
✔ G01 exact frozen graph, authority and audit bindings: post-tag-ready (42.4217ms)
✔ G01 exact frozen graph, authority and audit bindings: post-tag-wrong-target (43.6078ms)
✔ G01 exact frozen graph, authority and audit bindings: pre-tag-present (48.1557ms)
✔ G01 exact frozen graph, authority and audit bindings: qualified (52.731ms)
✔ G01 exact frozen graph, authority and audit bindings: ready (48.8763ms)
✔ G01 exact frozen graph, authority and audit bindings: rest-qualified (35.2239ms)
✔ G01 exact frozen graph, authority and audit bindings: selective-reuse (44.1017ms)
✔ G02 exactly six node and five edge types, one root, content sharing and origin provenance (139.2191ms)
✔ G03 metadata and opaque historical cross-links cannot add normative authority or cycles (273.7123ms)
✔ G04 missing normative claim, dependency, authority, grant and edge endpoints reject (18.0714ms)
✔ G05 duplicate node IDs, duplicate edges, malformed content IDs and unknown types reject (17.7306ms)
✔ G06 wrong edge direction, endpoint type, root and candidate identity reject (19.9536ms)
✔ G07 every grant and claim must be rooted and every normative node reachable (37.4897ms)
✔ G08 internal normative cycles and self references retain exact GRAPH_CYCLE classification (7.5049ms)
✔ G09 dependency claims cannot mix current candidate and dependency edges (8.4805ms)
✔ G10 graph nodes exactly 2048 pass and 2049 fail before expansion (147.5163ms)
✔ G11 graph edges exactly 8192 pass and 8193 fail before expansion (282.9499ms)
✔ G12 dependencies per claim exactly 1024 pass and 1025 fail (139.2741ms)
✔ G13 derivation cannot silently drop or duplicate claims, grants or authorities (77.3839ms)
✔ G14 claimed identity, dependency identity and candidate root mismatches reject (26.2594ms)
✔ G15 normalized grant identity omits audit bytes, retains classes and scoped assumptions (4.5597ms)
✔ G16 noncanonical normative array order rejects instead of silently changing identity (11.3255ms)
✔ G17 derivation enforces the edge ceiling while expanding verified claim dependencies (865.1251ms)
✔ G18 arbitrary object property insertion order preserves exact graph and authority bytes (218.3292ms)
✔ HB01: all sixteen Phase 1 bundles preserve exact history, qualifications and independent provider projections (285.534ms)
✔ HB02: MO-1306 binds nineteen immutable raw rows and exact twelve negative history projections (64.0034ms)
✔ HB03: MO-1306 preserves all independent provider axes and ten disclosures (60.0837ms)
✔ HB04: known recurrence links only active mandatory gates, including an unavailable current gate (12.259ms)
✔ HB05: observed recurrence preserves historical outcome while excluding optional and inactive links (75.4417ms)
✔ HB06: current-applicable history cannot erase an unavailable gate condition (10.043ms)
✔ HB07 immutable granted history rejects FAIL to PASS rewrite (45.3908ms)
✔ HB07 immutable granted history rejects BLOCKED removal (39.4711ms)
✔ HB07 immutable granted history rejects changed historical disposition (36.8971ms)
✔ HB07 immutable granted history rejects wrong historical source (33.0389ms)
✔ HB07 immutable granted history rejects wrong candidate provenance (36.1135ms)
✔ HB07 immutable granted history rejects omitted required unresolved history (40.4085ms)
✔ HB07 immutable granted history rejects fabricated resolution (32.9856ms)
✔ HB07 immutable granted history rejects duplicate conflicting history (32.0876ms)
✔ HB08: malformed PASS history and duplicate conflicting rows remain invalid with fixture-owned updated pins (124.6331ms)
✔ HB09: reviewed history must resolve nested source and authority lineage (142.7044ms)
✔ HB10: supplied scope and history inventories reject omissions and unknown condition references (165.6399ms)
✔ QB01: qualifications reject omission (60.3315ms)
✔ QB01: qualifications reject impact downgrade (56.5823ms)
✔ QB01: qualifications reject wrong provider (54.1693ms)
✔ QB01: qualifications reject wrong gate (57.3491ms)
✔ QB01: qualifications reject unknown code (50.1882ms)
✔ QB01: qualifications reject wrong scope authority (50.9175ms)
✔ QB01: qualifications reject disclosure removal (61.8589ms)
✔ QB01: qualifications reject fabricated authority member (62.891ms)
✔ QB02: scope qualification inventory rejects extra, omitted and conflicting records (187.8946ms)
✔ QB03: an identical qualification shared by granted claims merges exact claim/grant identities (105.6592ms)
✔ QB04: historical disclosures require exact preserved condition and gate set (164.5941ms)
✔ QB05: bounded advisory and REST scope require their exact disclosures (62.3722ms)
✔ QB06: unavailable scope retains known qualified history without inventing completeness (55.1737ms)
✔ QB07: unavailable history retains known disclosures but still validates supplied scope condition inventory (145.3761ms)
✔ QB08: both unavailable inventories retain locally valid known qualifications and defer missing inventory references (89.5853ms)
✔ PB01 immutable MO-1306 authority rejects false github execution promotion (35.2642ms)
✔ PB01 immutable MO-1306 authority rejects false gitlab execution promotion (37.1715ms)
✔ PB01 immutable MO-1306 authority rejects false jenkins execution promotion (29.7849ms)
✔ PB01 immutable MO-1306 authority rejects false azure execution promotion (36.9812ms)
✔ PB02: full GitHub hosted certification requires all four exact case facts (56.2818ms)
✔ PB03: provider labels cannot alias, substitute provider identity, or remove Generic certification unnoticed (124.0266ms)
✔ PB04: contract-only providers cannot claim SUPPORTED while not live certified (170.0017ms)
✔ PB05: known lower-minimum unsupported facts are retained for 2A blockers with no fabricated certification (21.6464ms)
✔ PB06: unavailable provider parents produce no fabricated provider observation (10.5553ms)
✔ PB07: independently reviewed validation and execution facts do not imply a universal certification ranking (12.3699ms)
✔ DB01: selection order does not affect projection bytes or mutate input, and outputs are detached (80.8667ms)
✔ DB02: semantic history and qualification set order remains frozen and rejects reordered arrays (102.3412ms)
✔ LB01: history record count accepts 128 and rejects 129 without truncation (50.5269ms)
✔ LB02: assessment qualification union accepts 128 and rejects 129 across individually bounded claims (48.5658ms)
✔ LB03: exact original disposition length accepts 256 printable characters and rejects 257 (17.2747ms)
✔ IB01: complete independently pinned MO-1306 verifier retains exact history, provider state and qualifications (775.9814ms)
✔ IB02: complete verifier rejects schema-valid rewritten or removed history despite fresh raw pins (421.021ms)
✔ IB03: complete verifier rejects all four MO-1306 execution promotions with unchanged reviewed grants (590.4927ms)
✔ IB04: complete verifier uses dedicated qualification mismatch classification (225.753ms)
✔ IB05: complete verifier uses dedicated history mismatch classification for PASS rewriting (49.6175ms)
✔ IB06: independently pinned source bytes and candidate context bind historical claims (114.6522ms)
✔ L01 authority byte admission includes the exact ceiling and rejects plus one before parse/copy (23.8293ms)
✔ L02 envelope byte ceiling is enforced in acquisition before snapshot copying (67.8148ms)
✔ L03 manifest claim admission is 64 envelopes, independent of the finite gate authority limit (17.1173ms)
✔ L04 grant representation admits 64 and rejects 65 without claiming all grants fit the closed profile (15.7512ms)
✔ L05 claim dependencies and every explicit dependency reference list admit 1024 and reject 1025 (64.4378ms)
✔ L06 root, grant and claim assumption sets admit 32 and reject 33 (12.0211ms)
✔ L07 history representation admits 128 immutable rows and rejects 129 (30.6094ms)
✔ L08 qualification representation admits 128 and rejects 129 without truncation (14.8044ms)
✔ L09 scope qualification/condition reference sets each enforce their exact 128 cap (8.7591ms)
✔ L10 source references admit 128 and authority source references admit 32 at their declared schemas (4.9709ms)
✔ L11 normalized authority and audit digest reference capacities are explicit, not generic INPUT errors (95.5236ms)
✔ L12 independent cap failures never fabricate a partial verified projection (16.4109ms)
✔ P2B projection and independent result evidence: could-not-evaluate (216.1899ms)
✔ P2B projection and independent result evidence: history-blocker-unavailable (164.7879ms)
✔ P2B projection and independent result evidence: informational-ready (177.6249ms)
✔ P2B projection and independent result evidence: metadata-only (165.4441ms)
✔ P2B projection and independent result evidence: mixed-precedence (158.0004ms)
✔ P2B projection and independent result evidence: mo1306-qualified (746.3409ms)
✔ P2B projection and independent result evidence: not-ready (142.924ms)
✔ P2B projection and independent result evidence: post-tag-absent (157.7857ms)
✔ P2B projection and independent result evidence: post-tag-lightweight (151.1695ms)
✔ P2B projection and independent result evidence: post-tag-ready (181.455ms)
✔ P2B projection and independent result evidence: post-tag-wrong-target (170.1671ms)
✔ P2B projection and independent result evidence: pre-tag-present (146.87ms)
✔ P2B projection and independent result evidence: qualified (168.6699ms)
✔ P2B projection and independent result evidence: ready (158.976ms)
✔ P2B projection and independent result evidence: rest-qualified (123.4386ms)
✔ P2B projection and independent result evidence: selective-reuse (168.6378ms)
✔ P2B verified snapshots detach and freeze every returned fact (64.7817ms)
✔ P2B metadata changes only raw proof binding and diagnostics (144.5428ms)
✔ P2B opaque bounded advisory timestamp has no age window or invented syntax (374.346ms)
✔ P2B deterministic internal projection uses canonical records, not object insertion order (132.0797ms)
✔ P2B Freeze-mandated set ordering rejects permutations instead of normalizing signed identity (197.9612ms)
✔ P2B explicit reuse dispositions preserve unrelated dependency closure (98.3226ms)
✔ P2B independently reverified source mutation cannot hide behind result self-hashes (19.4269ms)
✔ P2B result evidence tamper: candidate (430.8341ms)
✔ P2B result evidence tamper: authorityIdentityDigest (446.7663ms)
✔ P2B result evidence tamper: qualification (417.7228ms)
✔ P2B result evidence tamper: history (387.2683ms)
✔ P2B result evidence tamper: provider (378.7942ms)
✔ P2B result evidence tamper: graph (402.1022ms)
✔ P2B result evidence tamper: audit (405.6112ms)
✔ P2B result evidence tamper: gateBinding (398.4273ms)
✔ P2B proof material is exact frozen audit, independent of final readiness calculation (62.7483ms)
✔ R01 raw source integrity precedes an earlier logical envelope coverage contradiction (71.3688ms)
✔ R02 earlier validation phase precedes a smaller later-phase error exit (39.0239ms)
✔ R03 independent source corruption precedes current-candidate authority mismatch (38.0159ms)
✔ APIBOOT01 earlier malformed config dominates later oversized evidence (20.9102ms)
✔ APIBOOT02 config shape error dominates wrong authority pin in same phase (11.628ms)
✔ APIBOOT03 malformed config dominates oversized authority safely (4.6623ms)
✔ APIBOOT04 exact manifest ENVELOPE cap applied before bytes copy (12.3499ms)
✔ APIBOOT05 exact manifest file set checked before copying unknown file (11.7703ms)
✔ APIBOOT06 snapshots remain detached and byte-identical (12.9495ms)
✔ APIBOOT07 TIMEOUT interruption dominates collected parse errors (1.0603ms)
✔ APIBOOT07 CANCELLED interruption dominates collected parse errors (0.5335ms)
✔ APIBOOT08 hostile typed-array byteLength override is never invoked (11.8136ms)
✔ C2C01 corrected limits leave all byte ceilings unchanged (0.9695ms)
✔ C2C02 every required observation has a canonical closed framed representation (7.0484ms)
✔ C2C03 old wire version missing session unknown fields and arbitrary operations reject (0.952ms)
✔ C2C04 operation sequence and fixed output leaf authority are closed (1.5555ms)
✔ C2C05 bounded frames reject trailing requests responses and alternate session (0.7807ms)
✔ C2C06 complete acquisition then terminated worker then five publication requests (8.0162ms)
✔ C2C07 helper completion cannot substitute for fully quiescent exit (2.5605ms)
✔ C2C08 helper and worker overlap and repeated worker transition are terminal (3.3013ms)
✔ C2C09 verify remains four reads followed by worker and cannot publish (2.1503ms)
✔ C2C10 request failure abort and transport failure permit no retry (5.918ms)
✔ C2C11 full component chains reject missing ancestors wrong paths reparse and hardlinks (0.8986ms)
✔ C2C12 acquisition parent cannot be reused after native identity change (1.8732ms)
✔ C2C13 path and cross-invocation session substitutions terminate assessment (1.6161ms)
✔ C2C14 capability branding root binding and single claim exclude substitution (6.3167ms)
✔ C2C15 unclaimed out-of-order or concurrent inspection cannot be retried (6.2217ms)
✔ C2C16 bridge requires exact transport fields and confirmed process quiescence (3.3249ms)
✔ C2C17 per-invocation deadline includes response parsing and process exit (0.8417ms)
✔ C2C18 aggregate helper budget cannot silently multiply with sequential invocations (1.4307ms)
✔ C2C19 overall CLI deadline and nonmonotonic clock fail without grace (1.8027ms)
✔ C2C20 framed publication performs exact five observations and one final rename (50.798ms)
✔ C2C21 cancellation after each publication inspection is terminal and retains incomplete attempt (83.9771ms)
✔ C2C22 immediate pre-rename checkpoint blocks timeout after final native observation (29.1519ms)
✔ C2C23 final native pending identity comparison rejects stale replacement and retains bytes (31.3638ms)
✔ C2C24 mismatched branded capability and legacy callback cannot create an output root (2.3928ms)
✔ F01 publication status is an immutable operational snapshot before submission (45.4895ms)
✔ F02 timeout before submission prevents any rename and retains pending (20.9326ms)
✔ F03 cancellation before submission prevents rename and is terminal (18.6193ms)
✔ F04 actual admission checkpoint rejects a deadline reached after final native inspection (23.3349ms)
✔ F05 admitted delayed success remains unresolved at post-submission deadline (20.9152ms)
✔ F06 cancellation after submission is recorded without early cancellation or namespace cleanup (21.0971ms)
✔ F07 admitted failure after deadline resolves OUTPUT only after exact submitted operation settles (22.8953ms)
✔ F08 no second rename or token reuse while an admitted rename is outstanding (22.7939ms)
✔ F09 commit status changes only after successful actual rename and then preserves bytes (27.1418ms)
✔ F10 mandatory checkpoint overrun after settlement is operational metadata, not precommit TIMEOUT (20.2972ms)
✔ F11 postcommit deadline or cancellation prevents a success summary and retains committed final (40.6093ms)
✔ F12 normal verified commit permits transport while precommit and failed tokens do not (28.5196ms)
✔ F13 wrong interruption code and foreign token cannot create publication authority (19.4704ms)
✔ F14 changed pending bytes before admission prevent rename (17.9571ms)
✔ F15 existing final is retained and finalization never retries or chooses another basename (21.3261ms)
✔ F16 postcommit transport error cannot retract or reclassify committed final as partial (31.3875ms)
✔ F17 bounded invocation timers are allowed and destroyed after successful operation (3.5421ms)
✔ F18 timer lifetime policy detects a persistent cross-run scheduler (2.5977ms)
✔ F19 actual foundation finalization leaves no live timers across sequential invocations (50.3218ms)
✔ F20 failed and cancelled foundation calls leave no cross-run timers (37.3446ms)
✔ F21 failed read-only namespace verification retains committed output and clears its timer (30.2451ms)
✔ F22 read-only verification timeout is bounded and late handle completion only closes (2025.9865ms)
✔ F23 interruption recorded while pre-submission read is pending prevents later admission (24.5622ms)
✔ F24 the first observed pre-submission interruption remains terminal (21.3212ms)
✔ LP01 exact trusted Windows PowerShell 5.1 executable (1.4542ms)
✔ LP02 exact fixed argument ordering and Bypass value (0.7931ms)
✔ LP03 fixed packaged helper path from module location (0.1298ms)
✔ LP04 no encoded command, expression or shell authority (0.102ms)
✔ LP05 caller object cannot supply executable, script or policy (0.136ms)
✔ LP06 launch specification and nested authority are immutable (0.4966ms)
✔ LP07 ambient PATH, system-root, policy and script poisons cannot select launch (0.7847ms)
✔ LP08 actual transport calls spawn with fixed array and sanitized environment (2.0885ms)
✔ LP09 CLI cannot select --script (0.5608ms)
✔ LP09 CLI cannot select --execution-policy (0.212ms)
✔ LP09 CLI cannot select --powershell (0.1646ms)
✔ LP10 no persistent policy or registry mutation code is introduced (8.2605ms)
✔ LP11 public package exports cannot expose launch override (1.0226ms)
✔ NRT01 native CPU-bound worker is terminated at fixed 10000ms CLI evaluation deadline (10.6516ms)
✔ PTERM01 a rejected second staging terminally consumes publication (46.5379ms)
✔ PTERM02 premature finalization consumes token before later staging (16.7143ms)
✔ PCHAIN5-attributes all-field cross-slot stability rejects changed attributes (11.8481ms)
✔ PCHAIN5-byteLength all-field cross-slot stability rejects changed byteLength (8.5658ms)
✔ PCHAIN5-fileId all-field cross-slot stability rejects changed fileId (8.7021ms)
✔ PCHAIN5-finalPath all-field cross-slot stability rejects changed finalPath (6.8143ms)
✔ PCHAIN5-isDirectory all-field cross-slot stability rejects changed isDirectory (10.3356ms)
✔ PCHAIN5-linkCount all-field cross-slot stability rejects changed linkCount (5.439ms)
✔ PCHAIN5-volumeSerial all-field cross-slot stability rejects changed volumeSerial (9.1589ms)
✔ PCHAIN6-attributes all-field cross-slot stability rejects changed attributes (10.8114ms)
✔ PCHAIN6-byteLength all-field cross-slot stability rejects changed byteLength (12.6142ms)
✔ PCHAIN6-fileId all-field cross-slot stability rejects changed fileId (10.2457ms)
✔ PCHAIN6-finalPath all-field cross-slot stability rejects changed finalPath (9.0797ms)
✔ PCHAIN6-isDirectory all-field cross-slot stability rejects changed isDirectory (10.0669ms)
✔ PCHAIN6-linkCount all-field cross-slot stability rejects changed linkCount (10.7701ms)
✔ PCHAIN6-volumeSerial all-field cross-slot stability rejects changed volumeSerial (9.9805ms)
✔ PCHAIN7-attributes all-field cross-slot stability rejects changed attributes (13.9519ms)
✔ PCHAIN7-byteLength all-field cross-slot stability rejects changed byteLength (13.043ms)
✔ PCHAIN7-fileId all-field cross-slot stability rejects changed fileId (10.0288ms)
✔ PCHAIN7-finalPath all-field cross-slot stability rejects changed finalPath (13.596ms)
✔ PCHAIN7-isDirectory all-field cross-slot stability rejects changed isDirectory (11.924ms)
✔ PCHAIN7-linkCount all-field cross-slot stability rejects changed linkCount (11.7565ms)
✔ PCHAIN7-volumeSerial all-field cross-slot stability rejects changed volumeSerial (11.7703ms)
✔ PCHAIN8-attributes all-field cross-slot stability rejects changed attributes (20.5941ms)
✔ PCHAIN8-byteLength all-field cross-slot stability rejects changed byteLength (17.2886ms)
✔ PCHAIN8-fileId all-field cross-slot stability rejects changed fileId (22.3296ms)
✔ PCHAIN8-finalPath all-field cross-slot stability rejects changed finalPath (23.0904ms)
✔ PCHAIN8-isDirectory all-field cross-slot stability rejects changed isDirectory (20.3715ms)
✔ PCHAIN8-linkCount all-field cross-slot stability rejects changed linkCount (18.6914ms)
✔ PCHAIN8-volumeSerial all-field cross-slot stability rejects changed volumeSerial (17.1935ms)
✔ PCHAIN9-attributes all-field cross-slot stability rejects changed attributes (25.6685ms)
✔ PCHAIN9-byteLength all-field cross-slot stability rejects changed byteLength (24.599ms)
✔ PCHAIN9-fileId all-field cross-slot stability rejects changed fileId (18.0539ms)
✔ PCHAIN9-finalPath all-field cross-slot stability rejects changed finalPath (20.8712ms)
✔ PCHAIN9-isDirectory all-field cross-slot stability rejects changed isDirectory (17.3885ms)
✔ PCHAIN9-linkCount all-field cross-slot stability rejects changed linkCount (17.6589ms)
✔ PCHAIN9-volumeSerial all-field cross-slot stability rejects changed volumeSerial (22.6464ms)
✔ PNEG01 pending native byteLength must equal staged detached bytes (16.7456ms)
✔ PNEG02 wrong root branded capability cannot mutate either destination (4.8105ms)
✔ PNEG03 foreign capability and legacy callback cannot create a directory (0.9837ms)
✔ PNEG04 foreign token never authorizes staging or finalization (0.5892ms)
✔ PNEG05 second capability claim terminates original token (11.6294ms)
✔ PNEG06 second finalization preserves committed exact file and cannot rename again (30.2794ms)
✔ PNEG07 same-length changed pending bytes fail final reread before slot9 (22.2888ms)
✔ PNEG08 preexisting pending file is never overwritten and remains diagnostic evidence (15.589ms)
✔ PNEG09 preexisting final file causes failure and remains byte-identical (23.6174ms)
✔ PNEG10 existing output directory cannot be claimed or overwritten (7.5814ms)
✔ PNEG11-TIMEOUT immediate pre-rename checkpoint is terminal (26.8088ms)
✔ PNEG11-CANCELLED immediate pre-rename checkpoint is terminal (18.1172ms)
✔ PNEG12-before-write cancellation retains owned pending bytes without publishing (14.8999ms)
✔ PNEG12-after-write cancellation retains owned pending bytes without publishing (16.1086ms)
✔ PNEG13 in-flight staging cannot revive token after concurrent staging rejection (12.941ms)
✔ PNEG14 wrong session from framed transport aborts sequence and cannot publish (9.2802ms)
✔ PDET01 staging snapshots caller bytes before async work (27.8899ms)
✔ PDET02 changing roots and assessment sessions does not alter exact published bytes (69.9772ms)
✔ PTERM03 concurrent rejection during final reread cannot launch slot9 (21.3375ms)
✔ PTERM04 concurrent rejection during pending close cannot launch slot8 (18.8598ms)
# QUEUED_CLI {"mode":"deadline","scope":"ACTUAL_QUEUED_RENAME_AND_CLI_WITH_SYNTHETIC_IDENTITY_FRAMES","requests":1,"engineeringClock":"Monotonic elapsed-time offset at slot 8; original CLI absolute deadline has 100ms remaining, no budget restart.","finiteJobs":4,"observation":{"elapsedMs":352.9801,"settled":false,"snapshot":{"kind":"cli","deadline":30099.1401,"helpers":0,"workers":1,"helperUsedMs":0,"activeRole":null,"cleanupConfirmed":false,"publication":{"phase":"COMMIT_IN_PROGRESS","admitted":true,"deadlineExpiredAfterAdmission":true,"cancelledAfterAdmission":true,"namespaceVerified":false,"dispositionDeadline":null},"terminalCode":null,"terminalAt":null,"cleanupDeadline":null,"events":[{"type":"start","at":162.9723,"role":"worker","deadline":10162.8909,"ordinal":1},{"type":"observation","at":164.4308,"role":"worker","threadId":1,"resourceLimits":{"maxYoungGenerationSizeMb":16,"maxOldGenerationSizeMb":128,"codeRangeSizeMb":-1,"stackSizeMb":4}},{"type":"quiescent","at":266.8055,"role":"worker","ordinal":1},{"type":"publication-interruption","at":30105.4798,"code":"MO1307_TIMEOUT","phase":"COMMIT_IN_PROGRESS"},{"type":"publication-interruption","at":30156.8507,"code":"MO1307_CANCELLED","phase":"COMMIT_IN_PROGRESS"}]},"finalPresent":false,"pendingPresent":true,"stdoutBytes":0},"elapsedMs":1501.8104,"snapshot":{"kind":"cli","deadline":30099.1401,"helpers":0,"workers":1,"helperUsedMs":0,"activeRole":null,"cleanupConfirmed":true,"publication":{"phase":"COMMITTED","admitted":true,"deadlineExpiredAfterAdmission":true,"cancelledAfterAdmission":true,"namespaceVerified":true,"dispositionDeadline":3450.9479},"terminalCode":"MO1307_OUTPUT","terminalAt":31158.576699999998,"cleanupDeadline":3450.9479,"events":[{"type":"start","at":162.9723,"role":"worker","deadline":10162.8909,"ordinal":1},{"type":"observation","at":164.4308,"role":"worker","threadId":1,"resourceLimits":{"maxYoungGenerationSizeMb":16,"maxOldGenerationSizeMb":128,"codeRangeSizeMb":-1,"stackSizeMb":4}},{"type":"quiescent","at":266.8055,"role":"worker","ordinal":1},{"type":"publication-interruption","at":30105.4798,"code":"MO1307_TIMEOUT","phase":"COMMIT_IN_PROGRESS"},{"type":"publication-interruption","at":30156.8507,"code":"MO1307_CANCELLED","phase":"COMMIT_IN_PROGRESS"},{"type":"terminal","at":31158.6178,"code":"MO1307_OUTPUT","stage":"PUBLICATION"}]},"failure":"MO1307_OUTPUT","exitCode":21,"stdoutBytes":0,"failureCleanupDeadline":3450.9479}
✔ FCLI actual queued rename awaits settlement after deadline (1522.1385ms)
# QUEUED_CLI {"mode":"cancellation","scope":"ACTUAL_QUEUED_RENAME_AND_CLI_WITH_SYNTHETIC_IDENTITY_FRAMES","requests":1,"engineeringClock":"Real monotonic clock","finiteJobs":4,"observation":{"elapsedMs":287.53570000000013,"settled":false,"snapshot":{"kind":"cli","deadline":31614.0292,"helpers":0,"workers":1,"helperUsedMs":0,"activeRole":null,"cleanupConfirmed":false,"publication":{"phase":"COMMIT_IN_PROGRESS","admitted":true,"deadlineExpiredAfterAdmission":false,"cancelledAfterAdmission":true,"namespaceVerified":false,"dispositionDeadline":null},"terminalCode":null,"terminalAt":null,"cleanupDeadline":null,"events":[{"type":"start","at":1665.0384,"role":"worker","deadline":11665.0139,"ordinal":1},{"type":"observation","at":1665.7211,"role":"worker","threadId":2,"resourceLimits":{"maxYoungGenerationSizeMb":16,"maxOldGenerationSizeMb":128,"codeRangeSizeMb":-1,"stackSizeMb":4}},{"type":"quiescent","at":1837.2523,"role":"worker","ordinal":1},{"type":"publication-interruption","at":1901.6092,"code":"MO1307_CANCELLED","phase":"COMMIT_IN_PROGRESS"}]},"finalPresent":false,"pendingPresent":true,"stdoutBytes":0},"elapsedMs":1768.84,"snapshot":{"kind":"cli","deadline":31614.0292,"helpers":0,"workers":1,"helperUsedMs":0,"activeRole":null,"cleanupConfirmed":true,"publication":{"phase":"COMMITTED","admitted":true,"deadlineExpiredAfterAdmission":false,"cancelledAfterAdmission":true,"namespaceVerified":true,"dispositionDeadline":5303.4131},"terminalCode":"MO1307_OUTPUT","terminalAt":3305.1665,"cleanupDeadline":5303.4131,"events":[{"type":"start","at":1665.0384,"role":"worker","deadline":11665.0139,"ordinal":1},{"type":"observation","at":1665.7211,"role":"worker","threadId":2,"resourceLimits":{"maxYoungGenerationSizeMb":16,"maxOldGenerationSizeMb":128,"codeRangeSizeMb":-1,"stackSizeMb":4}},{"type":"quiescent","at":1837.2523,"role":"worker","ordinal":1},{"type":"publication-interruption","at":1901.6092,"code":"MO1307_CANCELLED","phase":"COMMIT_IN_PROGRESS"},{"type":"terminal","at":3305.1906,"code":"MO1307_OUTPUT","stage":"PUBLICATION"}]},"failure":"MO1307_OUTPUT","exitCode":21,"stdoutBytes":0,"failureCleanupDeadline":5303.4131}
✔ FCLI actual queued rename awaits settlement after cancellation (1777.4784ms)
✔ PWAIT terminal cancellation prevents late advancement after mkdir (67.2264ms)
✔ PWAIT terminal cancellation prevents late advancement after sync (83.2746ms)
✔ PWAIT terminal cancellation prevents late advancement after final-open (101.8365ms)
# STDOUT_DISPOSITION {"mode":"timeout","delivered":353,"snapshot":{"kind":"cli","deadline":33646.08,"helpers":0,"workers":1,"helperUsedMs":0,"activeRole":null,"cleanupConfirmed":true,"publication":{"phase":"COMMITTED","admitted":true,"deadlineExpiredAfterAdmission":true,"cancelledAfterAdmission":false,"namespaceVerified":true,"dispositionDeadline":5888.7338},"terminalCode":"MO1307_OUTPUT","terminalAt":33647.318400000004,"cleanupDeadline":35647.318400000004,"events":[{"type":"start","at":3714.52,"role":"worker","deadline":13714.4846,"ordinal":1},{"type":"observation","at":3715.2912,"role":"worker","threadId":3,"resourceLimits":{"maxYoungGenerationSizeMb":16,"maxOldGenerationSizeMb":128,"codeRangeSizeMb":-1,"stackSizeMb":4}},{"type":"quiescent","at":3858.4683,"role":"worker","ordinal":1},{"type":"publication-transport","at":3889.8134},{"type":"publication-interruption","at":33647.209800000004,"code":"MO1307_TIMEOUT","phase":"COMMITTED"},{"type":"terminal","at":33647.3437,"code":"MO1307_OUTPUT","stage":"PUBLICATION"}]}}
✔ FCLI post-commit stalled stdout timeout retains final and one transport allowance (299.4536ms)
# STDOUT_DISPOSITION {"mode":"cancellation","delivered":353,"snapshot":{"kind":"cli","deadline":33942.3161,"helpers":0,"workers":1,"helperUsedMs":0,"activeRole":null,"cleanupConfirmed":true,"publication":{"phase":"COMMITTED","admitted":true,"deadlineExpiredAfterAdmission":false,"cancelledAfterAdmission":true,"namespaceVerified":true,"dispositionDeadline":6184.2736},"terminalCode":"MO1307_OUTPUT","terminalAt":4216.8654,"cleanupDeadline":6216.8654,"events":[{"type":"start","at":4006.1737,"role":"worker","deadline":14006.1487,"ordinal":1},{"type":"observation","at":4006.8605,"role":"worker","threadId":4,"resourceLimits":{"maxYoungGenerationSizeMb":16,"maxOldGenerationSizeMb":128,"codeRangeSizeMb":-1,"stackSizeMb":4}},{"type":"quiescent","at":4152.3503,"role":"worker","ordinal":1},{"type":"publication-transport","at":4185.4098},{"type":"publication-interruption","at":4216.7224,"code":"MO1307_CANCELLED","phase":"COMMITTED"},{"type":"terminal","at":4216.8927,"code":"MO1307_OUTPUT","stage":"PUBLICATION"}]}}
✔ FCLI post-commit stalled stdout cancellation retains final and one transport allowance (300.232ms)
✔ R01 api exact absolute deadline and equality (2.3826ms)
✔ R01 cli exact absolute deadline and equality (0.2059ms)
✔ R02 earlier cancellation stays terminal after deadline (0.3095ms)
✔ R03 timeout wins simultaneous first cancellation observation (0.3075ms)
✔ R04 preaborted signal prevents any launch (0.6759ms)
✔ R05 monotonic decreasing clock rejects (0.4801ms)
✔ R06 API cannot launch helper (0.3614ms)
✔ R07 helper deadline includes all active time; equality rejects (0.7497ms)
✔ R08 aggregate deadline does not reset across helpers (0.7411ms)
✔ R09 worker time is excluded from helper aggregate but inside overall (0.526ms)
✔ R10 helper overlap is terminal and cleans prior owned role (0.4913ms)
✔ R11 helper and worker cannot overlap (0.5289ms)
✔ R12 frame alone cannot advance before actual close (69.3943ms)
✔ R13 launch uses only fixed executable/script/environment and no shell (1.7645ms)
✔ R14 helper trailing byte fails closed (1.5929ms)
✔ R14 helper extra frame fails closed (13.1347ms)
✔ R14 helper debug stdout fails closed (1.7462ms)
✔ R14 helper truncated frame fails closed (13.6047ms)
✔ R14 helper oversized prefix fails closed (1.9051ms)
✔ R14 helper stderr overflow fails closed (1.2332ms)
✔ R14 helper nonzero exit fails closed (1.8761ms)
✔ R15 cancellation in launch terminates and ignores later valid frame (1.0757ms)
✔ R16 cancellation during transport cleans child (26.0579ms)
✔ R17 fixed actual worker has empty environment and exact heap intent (48.9394ms)
✔ R18 successful worker result waits for termination (137.8364ms)
✔ R19 actual worker crash fails closed (41.9252ms)
✔ R19 actual worker duplicate fails closed (39.1401ms)
✔ R19 actual worker stdout fails closed (36.5854ms)
✔ R20 cancellation actually terminates CPU-bound worker thread (47.5554ms)
✔ R21 production worker executes accepted 2A/2B and confirms quiescence (277.9272ms)
✔ R22 adapter matches closed 2A handoff; operational/session fields excluded (0.3291ms)
✔ R23 verify evidence seam excludes result and decision bytes (0.153ms)
✔ R24 malformed decision uses dedicated mismatch, cap uses resource (0.3764ms)
✔ R25 actual worker policy denies filesystem/network/process/module escape imports (75.329ms)
✔ R26 cancellation preempts pending publication promise without another role (0.6937ms)
✔ R27 late publication promise cannot restore terminal success (0.2671ms)
✔ SUP01 post-rename TIMEOUT returns OUTPUT and retains exact committed result (217.7111ms)
✔ SUP01 post-rename CANCELLED returns OUTPUT and retains exact committed result (185.9375ms)
✔ SUP02 verify stdout backpressure times out without product filesystem changes (190.7114ms)
✔ SUP03 input root identity change between helper slots fails closed (16.5259ms)
✔ SUP04 physical file alias across bootstrap slots is rejected despite distinct paths (20.1426ms)
✔ SUP05 malformed external decision rejects without stdout or changes (225.3903ms)
✔ SUP06 wrong external decision proof binding rejects (224.6352ms)
✔ SUP07 contrary APPROVE preserves not-ready and reports unverified authenticity (246.511ms)
✔ SUP07 contrary APPROVE preserves could-not-evaluate and reports unverified authenticity (240.8089ms)
✔ SUP08 slot4 output inspection ERROR maps to frozen OUTPUT before worker (44.3869ms)
✔ SURFACE evaluate nine slots exact bytes/summary/exit ready (239.0304ms)
✔ SURFACE evaluate nine slots exact bytes/summary/exit qualified (205.6824ms)
✔ SURFACE evaluate nine slots exact bytes/summary/exit not-ready (201.2939ms)
✔ SURFACE evaluate nine slots exact bytes/summary/exit could-not-evaluate (216.1388ms)
✔ SURFACE verify four slots exit0 no writes (184.3949ms)
✔ SURFACE decision transport downstream and authenticity retained (275.9193ms)
✔ SURFACE verify altered supplied result rejects before stdout (218.0404ms)
✔ SURFACE tag observations transported as original bytes without Git (121.3436ms)
✔ SURFACE determinism across random sessions and output roots (452.5898ms)
✔ SURFACE complete text output (273.5985ms)
✔ SURFACE post-rename stdout failure returns OUTPUT retains committed result (257.1649ms)
✔ SURFACE cancellation before worker no directory publication (57.7769ms)
✔ SURFACE cancellation before final inspection retains pending (256.3267ms)
✔ SURFACE 2B to 2A adapter selects exact handoff fields (0.8572ms)
✔ API admission wrong argument (1.1567ms)
✔ API admission shared array (10.1516ms)
✔ API admission duplicate file ID (17.3299ms)
✔ API admission oversized candidate (10.8224ms)
✔ API admission unknown property (0.5387ms)
✔ API admission wrong pin (0.2344ms)
✔ API snapshots all bytes before asynchronous work (15.4485ms)
✔ API caller mutation after entry cannot affect worker (469.8165ms)
✔ API missing declared file rejects (24.0583ms)
✔ API abort before entry is terminal (0.4968ms)
✔ API abort during worker terminates (37.4926ms)
✔ API public evaluate and verify execute accepted integrated semantics (986.3166ms)
✔ CLI dispatch "" (0.9108ms)
✔ CLI dispatch "unknown" (0.1458ms)
✔ CLI dispatch "constructor" (0.1791ms)
✔ CLI dispatch "toString" (0.0908ms)
✔ CLI dispatch "__proto__" (0.096ms)
✔ CLI dispatch "Evaluate" (0.084ms)
✔ CLI negative missing command (0.155ms)
✔ CLI negative missing flag (0.1487ms)
✔ CLI negative duplicate flag (0.0944ms)
✔ CLI negative unknown flag (0.0918ms)
✔ CLI negative unsafe path (0.4931ms)
✔ CLI negative overlong argument (0.1753ms)
# TIMER_WITNESS [{"name":"success-a","observedTimers":5,"remainingTimers":0,"serverOrWatcherResources":0,"callbacksAfterSettlement":0,"outcome":"COMMITTED","activeRole":null},{"name":"write-failure","observedTimers":4,"remainingTimers":0,"serverOrWatcherResources":0,"callbacksAfterSettlement":0,"outcome":"MO1307_OUTPUT","activeRole":null},{"name":"write-cancellation","observedTimers":4,"remainingTimers":0,"serverOrWatcherResources":0,"callbacksAfterSettlement":0,"outcome":"MO1307_CANCELLED","activeRole":null},{"name":"rename-failure","observedTimers":6,"remainingTimers":0,"serverOrWatcherResources":0,"callbacksAfterSettlement":0,"outcome":"MO1307_OUTPUT","activeRole":null},{"name":"post-admission-cancellation","observedTimers":6,"remainingTimers":0,"serverOrWatcherResources":0,"callbacksAfterSettlement":0,"outcome":"MO1307_OUTPUT","activeRole":null},{"name":"stalled-write-cancellation","observedTimers":3,"remainingTimers":0,"serverOrWatcherResources":0,"callbacksAfterSettlement":0,"outcome":"MO1307_CANCELLED","activeRole":null},{"name":"success-b","observedTimers":5,"remainingTimers":0,"serverOrWatcherResources":0,"callbacksAfterSettlement":0,"outcome":"COMMITTED","activeRole":null}]
✔ N24-C invocation timers clear after success, write/rename failure and pre/post-admission cancellation including a stalled write; no server, watcher or cross-run callbacks (477.2272ms)
✔ D01 actual integrated evaluation and independent verify: could-not-evaluate (562.0231ms)
✔ D01 actual integrated evaluation and independent verify: history-blocker-unavailable (496.1427ms)
✔ D01 actual integrated evaluation and independent verify: informational-ready (563.6719ms)
✔ D01 actual integrated evaluation and independent verify: metadata-only (562.2291ms)
✔ D01 actual integrated evaluation and independent verify: mixed-precedence (620.9152ms)
✔ D01 actual integrated evaluation and independent verify: mo1306-qualified (3319.418ms)
✔ D01 actual integrated evaluation and independent verify: not-ready (617.8066ms)
✔ D01 actual integrated evaluation and independent verify: post-tag-absent (610.8364ms)
✔ D01 actual integrated evaluation and independent verify: post-tag-lightweight (649.603ms)
✔ D01 actual integrated evaluation and independent verify: post-tag-ready (563.2782ms)
✔ D01 actual integrated evaluation and independent verify: post-tag-wrong-target (586.1069ms)
✔ D01 actual integrated evaluation and independent verify: pre-tag-present (600.5297ms)
✔ D01 actual integrated evaluation and independent verify: qualified (640.8432ms)
✔ D01 actual integrated evaluation and independent verify: ready (573.5916ms)
✔ D01 actual integrated evaluation and independent verify: rest-qualified (445.4636ms)
✔ D01 actual integrated evaluation and independent verify: selective-reuse (579.2407ms)
✔ D02 all four states and blocker-over-CNE precedence survive the actual pipeline (636.845ms)
✔ D03 adapter has exactly the accepted closed fields and never uses diagnostics as authority (205.9868ms)
✔ D04 MO1306 all nineteen source rows and twelve negative projections remain exact (651.5528ms)
✔ D05 MO1306 provider axes and ten disclosures retain their exact released limitations (662.3284ms)
✔ D06 MO1306 raw configuration lineage survives integration and original omission still rejects (302.6959ms)
✔ D07 verified historical applicability blocks an unavailable mandatory gate without erasing CNE (128.354ms)
✔ D08 REST authority remains separate with mandatory same-host qualification and no providers (91.6669ms)
✔ D09 human decision binding is downstream and never changes readiness: ready/APPROVE (259.4432ms)
✔ D09 human decision binding is downstream and never changes readiness: ready/REJECT (252.7222ms)
✔ D09 human decision binding is downstream and never changes readiness: ready/DEFER (235.4342ms)
✔ D09 human decision binding is downstream and never changes readiness: qualified/APPROVE (255.6413ms)
✔ D09 human decision binding is downstream and never changes readiness: not-ready/APPROVE (241.2836ms)
✔ D10 mismatched human decision rejects: candidateDigest (265.1905ms)
✔ D10 mismatched human decision rejects: readinessDigest (314.2381ms)
✔ D10 mismatched human decision rejects: proofBindingDigest (280.9838ms)
✔ D11 tag-stage facts yield exact mandatory blockers and never execute Git (756.1234ms)
✔ D12 integrated operational failure remains an error: candidate substitution (6.9326ms)
✔ D12 integrated operational failure remains an error: trust-root mismatch (7.7705ms)
✔ D12 integrated operational failure remains an error: raw-source tamper (36.4679ms)
✔ D12 integrated operational failure remains an error: claim tamper under an old grant (59.3654ms)
✔ D12 integrated operational failure remains an error: grant substitution (63.1978ms)
✔ D12 integrated operational failure remains an error: stale dependency (62.4561ms)
✔ D12 integrated operational failure remains an error: history rewrite with intact grant (321.6386ms)
✔ D12 integrated operational failure remains an error: history PASS fabrication (431.4025ms)
✔ D12 integrated operational failure remains an error: qualification omission (109.7708ms)
✔ D12 integrated operational failure remains an error: provider false hosted promotion (643.0274ms)
✔ D12 integrated operational failure remains an error: dangling authority reference (70.0738ms)
✔ D12 integrated operational failure remains an error: profile substitution (23.0902ms)
✔ D12 integrated operational failure remains an error: path traversal rejected by the frozen manifest schema (19.1655ms)
✔ D13 result verification independently rechecks original raw bytes before trusting a valid result (27.0458ms)
✔ D14 self-consistent changed readiness passes evidence-only support but fails integrated recomputation (246.0987ms)
✔ D15 supplied result digest tamper rejects: readinessDigest (135.2405ms)
✔ D15 supplied result digest tamper rejects: proofBindingDigest (132.6394ms)
✔ D16 self-consistent result history or qualification omission cannot hide behind repaired hashes (1274.8792ms)
✔ D17 derived graph is candidate-rooted, authority-rooted, closed and bounded (759.2028ms)
✔ D18 no supplied cyclic or dangling graph can replace independently derived evidence (208.6792ms)
✔ D19 repeated calls and nonsemantic object/map insertion order preserve exact normative bytes (390.2301ms)
✔ D20 signed set ordering is preserved rather than silently normalized during integration (27.0419ms)
✔ D21 metadata affects exact proof audit while leaving all readiness semantics byte-identical (217.8338ms)
✔ D22 selective reuse stays explicit and relevant changes fail before readiness computation (161.7677ms)
✔ D23 evidenceInput strips only known verification transport fields and adds no authority (9.7195ms)
✔ D24 integrated preflight preserves accepted authority-before-semantic error priority (141.1767ms)
ℹ tests 639
ℹ suites 0
ℹ pass 639
ℹ fail 0
ℹ cancelled 0
ℹ skipped 0
ℹ todo 0
ℹ duration_ms 154346.4894
