✔ EO1 every MO-1306/MO-1307 J-canonical fixture equals JCS plus one trailing LF (495.9121ms)
✔ EO1 MO-1306 and MO-1307 J serialize every fixture value in their domain exactly as JCS plus LF (877.2638ms)
✔ EO1 boundary vectors: key order, escapes, integers and nesting agree (1.0065ms)
✔ EO2 inspectRegressionReport accepts a genuine report and returns its Standard identity (77.9496ms)
✔ EO2 inspectRegressionReport rejects identifier and content tampering (40.2938ms)
✔ EO2 identity is integrity, not origin: a self-consistent recomputed forgery is accepted (37.2567ms)
✔ EO3 released SDK copies are byte-identical to the SDK released at memoryos-1.3-mo1302 (200.032ms)
✔ EO3 the workspace verifier pins the MO-1302 vendored runtime to its release, not to current source (7335.7198ms)
✔ WC01 unchanged Action passes the corrected check (2032.7088ms)
✔ WC02 one-byte SDK or CLI source edits now pass; the replaced rule rejected them (0.3245ms)
✔ WC03 any bundled byte change fails (0.1763ms)
✔ WC04 a bundled change with a consistently rewritten manifest still fails on the released manifest (0.1324ms)
✔ WC05 an added or removed bundled file fails (0.1668ms)
✔ WC06 a manifest that no longer matches the released bytes fails (0.1723ms)
✔ WC07 the tag exists, is annotated and peels to the commit the MO-1302 records name (731.7314ms)
✔ WC08 every pin equals the exact blob at the release tag (14716.8563ms)
✔ WC09 the released Action bytes are unchanged since the tag (R32) (182.6097ms)
✔ WC10 the correction replaces only the source comparison (208.6057ms)
✔ WC11 every other verifier check reports exactly as before the correction (1975.6212ms)
✔ L01 identities equal the independent oracle (R02 golden construction) (9.81ms)
✔ L02 an empty ledger verifies with the genesis digest as head (1.9067ms)
✔ L03 entries are contiguous from 0 and chained by previousEntryDigest (R05) (9.2903ms)
✔ L04 equivalent appends are byte-identical regardless of volatile inputs (R04) (21.6219ms)
✔ L05 append re-validates the admission record and enforces ledger rules (8.0099ms)
✔ L06 tombstone lifecycle: governed entry, chain verifies after purge, purged content is never verified (R18, R19, R20) (6.195ms)
✔ L07 a crash during purge is reported as purgePending, and a completed purge is not (7.8902ms)
✔ L08 verify checks every retained member and recomputes record digests (R21) (8.8795ms)
✔ L09 tamper corpus: a single-byte flip anywhere in the descriptor or any entry fails closed (R21) (872.2655ms)
✔ L10 structural tamper: deletion, reorder, gap, foreign splice, descriptor substitution, trailing LF (6.5832ms)
✔ L11 tombstone targets are verified, not trusted (9.6159ms)
✔ L12 query: filters, order, retention, tombstone matching and pagination (R22) (16.439ms)
✔ L13 query verifies the chain before answering and rejects malformed queries (R22) (5.362ms)
✔ L14 decisionConsistency is stored at admission, returned by query without member bytes, and covered by the entry identity (Amendment A4.1) (20.6763ms)
✔ L14b a claim is rejected, never stored with a guessed value, when its readiness result is absent, purged or in another ledger (Amendment A4.1) (16.3429ms)
✔ L14c historyLedgerView gives admission the Workspace, the entries and only retained readiness bytes (Amendment A4.1) (5.1955ms)
✔ L15 export is complete, deterministic and verifiable (R23) (11.7028ms)
✔ L16 verify-export fails closed on every single-byte flip, missing, extra and reordered file (R23) (757.7348ms)
✔ L17 verify-export keeps section 11.1 codes for a consistent manifest over corrupt content (8.6235ms)
✔ L18 limits are enforced (R26): entry size, descriptor size, entries per ledger (7.2653ms)
✔ L19 argument shapes fail with USAGE (3.7887ms)
✔ L20 data classes: no time, path, URL or actor appears in any MO-1308-authored bytes (R24, R35) (7.224ms)
✔ L21 the ledger module is pure and imports only the contract and canonical modules (R28, R29, R35, R37) (0.9316ms)
✔ L22 every Freeze error raised carries only a fixed message (3.0978ms)
✔ L23 re-sealed forgeries (valid entry digest) are caught by the chain rules themselves (R05, R10, R20) (10.5069ms)
✔ B01 MIP_PACKAGE: MIP-001 verified; subjects copy the package values; recordDigest equals the oracle (R07) (22.5376ms)
✔ B02 MIP_PACKAGE rejections: tampered, non-canonical, truncated, wrong Workspace (R11) (24.1715ms)
✔ B03 INVESTIGATION_CHECKPOINT: accepts a Core checkpoint of a MIP-backed investigation (H13 option A) (224.0054ms)
✔ B04 INVESTIGATION_CHECKPOINT rejections: every tampered field, native, wrong Workspace, forged package (R12) (252.3997ms)
✔ B05 a native investigation checkpoint is rejected (R12) (26.6576ms)
✔ B06 POLICY_EVALUATION: accepts every released Policy and Policy Set artifact pair (25.8105ms)
✔ B07 POLICY_EVALUATION rejections: swapped, cross-bound to another identity, tampered, non-canonical; agrees with the SDK verifiers (421.233ms)
✔ B08 REGRESSION_REPORT: SDK inspection accepted; both Workspaces must equal the ledger Workspace (R11) (48.6472ms)
✔ B09 CICD_RUN: every real MO-1306 bundle in the repository evidence is admitted (completed and operational-failure) (508.1506ms)
✔ B10 CICD_RUN rejections: structure, integrity, cross-links, forged semantic block (self-consistent forgeries included) (599.5968ms)
✔ B11 CICD_RUN J parsing agrees with the MO-1306 parser on structural limits (R03) (7.3185ms)
✔ B12 READINESS_RESULT: every released MO-1307 result is admitted with recomputed digests; forged variants are not (R08) (199.4444ms)
✔ B13 READINESS_RESULT rejections: stale digests, re-sealed forgeries, shape, non-J (R03) (2137.6761ms)
✔ B14 READINESS_RESULT J parsing agrees with the MO-1307 parser on structural limits (119.764ms)
✔ B15 HUMAN_DECISION_CLAIM: admitted only against a matching READINESS_RESULT entry (H16, R13) (162.106ms)
✔ B16 HUMAN_DECISION_CLAIM shape rejections: exact MO-1307 section 13 shape and value rules (91.5965ms)
✔ B17 duplicates and purged records are refused before any verification (R10, R20) (30.4897ms)
✔ B18 member rules: exact names, sets, duplicates, per-kind byte limits, argument shapes (516.4726ms)
✔ B19 admission is deterministic: member order, view construction and repetition do not change the record (R04) (3.8723ms)
✔ B20 every admitted record has the closed Freeze entry shape and no time, path or actor field (R24, R35) (43.1585ms)
✔ B21 the admission module delegates to owners, imports no SDK, Core, fs or predecessor package, and never runs verifyReadiness (R08, R28, R29, R35, R37) (1.2774ms)
✔ B22 no admission verdict leaks input content in its error (1.4401ms)
✔ B23 self-consistent forgeries that only a single rule can catch (checkpoint chain, evidence cross-hashes) (78.9437ms)
✔ B24 CICD result rules agree with the MO-1306 checkResult over the whole error-catalog space (R03, R07) (1843.1222ms)
✔ B25 the embedded MO-1306 semantic-code allowlist equals the owner list (drift guard) (65.0184ms)
✔ B26 decisionConsistency is computed from the verified claim and result for every decision and readiness state (A4.1) (256.8618ms)
✔ B27 a claim is rejected, never stored with a guessed value, for an absent, purged, unavailable, unverified or inconsistent result (A4.1) (46.9805ms)
✔ B28 the incremental SHA-256 equals the standard hash for every length, split and clone (A4.5) (60.1616ms)
✔ B29 linear checkpoint admission gives byte-identical results to the quadratic construction on the corpus and tampered variants (A4.5) (1216.9554ms)
✔ B30 linear admission equals the quadratic construction on generated checkpoints up to 10,000 transitions (A4.5) (104004.5258ms)
✔ D01 versions: SDK and CLI declare 1.2.0, released bundled copies keep 1.1.0 (R34, R32, Amendment A1) (2873.533ms)
✔ D02 SDK facade: every record kind goes admit -> append -> verify -> query -> export -> verify-export (R07, R22, R23) (868.3265ms)
✔ D03 SDK facade brands: only values the history code issued are accepted (Amendment A2 item 2) (144.0215ms)
✔ D04 SDK facade glue: admission is built from historyLedgerView, so retained readiness bytes bind decision claims (A4.1) (148.4886ms)
✔ D05 createHistoryCheckpointRecord: the Standard's nine-member projection, MIP-backed only, never a restore source (H13, H14, R12) (314.3217ms)
✔ D06 CLI end to end through real processes: init, append of every kind, verify, query, tombstone, export, verify-export (section 13.3, Amendment A4.2) (24206.5519ms)
✔ D07 CLI tombstone, purge, export and verify-export (sections 10, 12; R18, R19, R20, R23) (23091.3203ms)
✔ D08 parity (R27) and determinism (R04): the CLI ledger is byte-identical to the SDK oracle and to an independently built twin (21539.425ms)
✔ D09 CLI negatives: every admission, integrity and filesystem failure has its frozen code and exit, discloses nothing and changes nothing (R09, R25) (35339.0391ms)
✔ D10 single-byte tamper corpus (R21): every flipped byte of the descriptor, every entry and a stride of every member fails closed, in the SDK and the CLI (36740.2016ms)
✔ D11 query verifies the chain but not member bytes; append and export fail closed on a damaged ledger (sections 9.2, 11.2) (14867.4637ms)
✔ D12 export tamper corpus (R23): every flipped byte of the manifest, marker, descriptor and entries, a stride of members, and every structural defect fails closed (8475.7517ms)
✔ D13 a ledger built by one CLI and appended by another process interleaves safely: the CLI is the only writer and indices are contiguous (R15) (7630.8093ms)
✔ D14 SDK facade performs no I/O and starts no process; history authorities import only what the Freeze allows (R28, R29, R37, R35) (7.9162ms)
✔ D15 production exports no test-only hash seam (the Phase 2B __sha256ForTests export was removed) (2.3458ms)
✔ D16 history never grants approval or readiness, nothing restores from it, and session never serializes a checkpoint (R12, R14, R30) (13.7951ms)
✔ D17 the file store runs on the real SDK: the Phase 1 grammar and the stand-in are replaced; the wiring is the SDK's eight functions (H06) (0.6702ms)
✔ D18 checkpoint record sizes: a real 1,000-transition checkpoint round-trips through the SDK facade within the frozen limit (156.1945ms)
ℹ tests 92
ℹ suites 0
ℹ pass 92
ℹ fail 0
ℹ cancelled 0
ℹ skipped 0
ℹ todo 0
ℹ duration_ms 326914.6421
