TAP version 13
# Subtest: MO-1305 Phase 2 actual integrated receipts, package, preserved inputs and linear graph pass
ok 1 - MO-1305 Phase 2 actual integrated receipts, package, preserved inputs and linear graph pass
  ---
  duration_ms: 9790.7484
  type: 'test'
  ...
# Subtest: Phase 2 inventory satisfies the frozen closed schema and exact integrated state
ok 2 - Phase 2 inventory satisfies the frozen closed schema and exact integrated state
  ---
  duration_ms: 93.7501
  type: 'test'
  ...
# Subtest: Phase 2 is registered with Windows scope and the current inventory gate
ok 3 - Phase 2 is registered with Windows scope and the current inventory gate
  ---
  duration_ms: 1.1474
  type: 'test'
  ...
# Subtest: canonical evidence rejects duplicate members, changed bytes and unsafe references
ok 4 - canonical evidence rejects duplicate members, changed bytes and unsafe references
  ---
  duration_ms: 3.9187
  type: 'test'
  ...
# Subtest: Receipt rejects unknown receipt field
ok 5 - Receipt rejects unknown receipt field
  ---
  duration_ms: 10.7807
  type: 'test'
  ...
# Subtest: Receipt rejects stale integrated production binding
ok 6 - Receipt rejects stale integrated production binding
  ---
  duration_ms: 7.1222
  type: 'test'
  ...
# Subtest: Receipt rejects wrong archive identity
ok 7 - Receipt rejects wrong archive identity
  ---
  duration_ms: 6.2455
  type: 'test'
  ...
# Subtest: Receipt rejects false PASS over recorded failure
ok 8 - Receipt rejects false PASS over recorded failure
  ---
  duration_ms: 3.0982
  type: 'test'
  ...
# Subtest: Receipt rejects unproven host interruption
ok 9 - Receipt rejects unproven host interruption
  ---
  duration_ms: 2.1184
  type: 'test'
  ...
# Subtest: Receipt rejects forged host classification
ok 10 - Receipt rejects forged host classification
  ---
  duration_ms: 2.0664
  type: 'test'
  ...
# Subtest: Lifecycle rejects missing lifecycle case
ok 11 - Lifecycle rejects missing lifecycle case
  ---
  duration_ms: 3.1555
  type: 'test'
  ...
# Subtest: Lifecycle rejects false lifecycle cleanup
ok 12 - Lifecycle rejects false lifecycle cleanup
  ---
  duration_ms: 3.3649
  type: 'test'
  ...
# Subtest: Lifecycle rejects process memory budget violation
ok 13 - Lifecycle rejects process memory budget violation
  ---
  duration_ms: 4.7338
  type: 'test'
  ...
# Subtest: Lifecycle rejects lost remote connection bound
ok 14 - Lifecycle rejects lost remote connection bound
  ---
  duration_ms: 2.4393
  type: 'test'
  ...
# Subtest: Security rejects missing transport case
ok 15 - Security rejects missing transport case
  ---
  duration_ms: 74.7736
  type: 'test'
  ...
# Subtest: Security rejects false transport PASS
ok 16 - Security rejects false transport PASS
  ---
  duration_ms: 91.9333
  type: 'test'
  ...
# Subtest: Security rejects duplicate dispatch case
ok 17 - Security rejects duplicate dispatch case
  ---
  duration_ms: 79.6151
  type: 'test'
  ...
# Subtest: Security rejects forged independent oracle
ok 18 - Security rejects forged independent oracle
  ---
  duration_ms: 66.8386
  type: 'test'
  ...
# Subtest: Security rejects missing semantic decision vector
ok 19 - Security rejects missing semantic decision vector
  ---
  duration_ms: 64.5076
  type: 'test'
  ...
# Subtest: Installation rejects online installation
ok 20 - Installation rejects online installation
  ---
  duration_ms: 1.7757
  type: 'test'
  ...
# Subtest: Installation rejects enabled lifecycle scripts
ok 21 - Installation rejects enabled lifecycle scripts
  ---
  duration_ms: 0.6511
  type: 'test'
  ...
# Subtest: Installation rejects missing offline command flag
ok 22 - Installation rejects missing offline command flag
  ---
  duration_ms: 0.9533
  type: 'test'
  ...
# Subtest: Installation rejects checkout-dependent service cwd
ok 23 - Installation rejects checkout-dependent service cwd
  ---
  duration_ms: 0.5272
  type: 'test'
  ...
# Subtest: Installation rejects substituted installed member
ok 24 - Installation rejects substituted installed member
  ---
  duration_ms: 0.8214
  type: 'test'
  ...
# Subtest: Installation rejects missing installed route
ok 25 - Installation rejects missing installed route
  ---
  duration_ms: 2.792
  type: 'test'
  ...
# Subtest: Installation rejects forged semantic response digest
ok 26 - Installation rejects forged semantic response digest
  ---
  duration_ms: 2.4508
  type: 'test'
  ...
# Subtest: Installation rejects lost missing-Host authentication precedence
ok 27 - Installation rejects lost missing-Host authentication precedence
  ---
  duration_ms: 3.0605
  type: 'test'
  ...
# Subtest: Installation rejects disabled certificate verification
ok 28 - Installation rejects disabled certificate verification
  ---
  duration_ms: 4.3837
  type: 'test'
  ...
# Subtest: Installation rejects absent remote execution
ok 29 - Installation rejects absent remote execution
  ---
  duration_ms: 6.7792
  type: 'test'
  ...
# Subtest: Installation rejects unsafe runtime accepted
ok 30 - Installation rejects unsafe runtime accepted
  ---
  duration_ms: 0.7729
  type: 'test'
  ...
# Subtest: Installation rejects package changed during execution
ok 31 - Installation rejects package changed during execution
  ---
  duration_ms: 2.0855
  type: 'test'
  ...
# Subtest: Distribution rejects missing archive attack
ok 32 - Distribution rejects missing archive attack
  ---
  duration_ms: 0.2918
  type: 'test'
  ...
# Subtest: Distribution rejects false adversarial PASS
ok 33 - Distribution rejects false adversarial PASS
  ---
  duration_ms: 0.6795
  type: 'test'
  ...
# Subtest: Distribution rejects substituted archive digest
ok 34 - Distribution rejects substituted archive digest
  ---
  duration_ms: 0.2984
  type: 'test'
  ...
# Subtest: Binding rejects wrong source branch commit
ok 35 - Binding rejects wrong source branch commit
  ---
  duration_ms: 63.1358
  type: 'test'
  ...
# Subtest: Binding rejects missing Phase 1 binding
ok 36 - Binding rejects missing Phase 1 binding
  ---
  duration_ms: 65.5272
  type: 'test'
  ...
# Subtest: Binding rejects self reference
ok 37 - Binding rejects self reference
  ---
  duration_ms: 71.5547
  type: 'test'
  ...
# Subtest: Binding rejects premature Windows certification
ok 38 - Binding rejects premature Windows certification
  ---
  duration_ms: 61.9111
  type: 'test'
  ...
# Subtest: Binding rejects premature Phase 3 completion
ok 39 - Binding rejects premature Phase 3 completion
  ---
  duration_ms: 84.4959
  type: 'test'
  ...
# Subtest: Binding rejects unapproved Linux obligation
ok 40 - Binding rejects unapproved Linux obligation
  ---
  duration_ms: 79.1108
  type: 'test'
  ...
# Subtest: Binding rejects release tag claim
ok 41 - Binding rejects release tag claim
  ---
  duration_ms: 65.3939
  type: 'test'
  ...
# Subtest: Graph rejects a source branch substituted for the authoritative I2
ok 42 - Graph rejects a source branch substituted for the authoritative I2
  ---
  duration_ms: 463.7318
  type: 'test'
  ...
# Subtest: B2 permits exactly the binding, evidence and registration scope
ok 43 - B2 permits exactly the binding, evidence and registration scope
  ---
  duration_ms: 0.6008
  type: 'test'
  ...
1..43
# tests 43
# suites 0
# pass 43
# fail 0
# cancelled 0
# skipped 0
# todo 0
# duration_ms 12651.0957
