✔ C01 frozen public exports contain exactly two async functions (3.1497ms)
✔ C02 closed counts and every frozen exit (0.8635ms)
✔ C03 deterministic key order includes numeric-looking ASCII keys (0.6743ms)
✔ C04 Unicode scalars are not normalized or escaped unnecessarily (1.2045ms)
✔ C05 parser duplicate-key (0.2625ms)
✔ C05 parser escaped-duplicate-key (0.2146ms)
✔ C05 parser unknown-token (0.1241ms)
✔ C05 parser negative-zero (0.136ms)
✔ C05 parser negative-integer (0.1293ms)
✔ C05 parser fraction (0.201ms)
✔ C05 parser exponent (0.1407ms)
✔ C05 parser unsafe-integer (0.2003ms)
✔ C05 parser leading-zero (0.13ms)
✔ C05 parser unpaired-surrogate (0.0896ms)
✔ C05 parser control-string (0.0682ms)
✔ C05 parser del-string (0.0644ms)
✔ C05 parser non-ascii-key (0.0786ms)
✔ C05 parser trailing-garbage (0.0596ms)
✔ C05 parser trailing-comma (0.0792ms)
✔ C05 parser empty-document (0.0947ms)
✔ C05 parser noncanonical-spaces (0.0996ms)
✔ C05 parser missing-lf (0.0748ms)
✔ C05 parser double-lf (0.0612ms)
✔ C05 parser key-order (0.0902ms)
✔ C05 parser unnecessary-escape (0.0712ms)
✔ C05 parser escaped-solidus (0.0626ms)
✔ C05 parser crlf (0.0672ms)
✔ C06 invalid UTF-8 and BOM reject (0.1696ms)
✔ C07 depth limit admits16 and rejects17 (0.3382ms)
✔ C08 members/key/string exact boundaries (0.9489ms)
✔ C09 total values boundary and bounded copy (137.4574ms)
✔ C10 shared buffers/accessors/sparse arrays/cycles/undefined reject (0.4687ms)
✔ C11 SHA256 raw/claim/candidate identity and independent proof layer (0.3026ms)
✔ C12 every error has immutable fields and fixed safe diagnostic (3.1494ms)
✔ C13 errors select numeric exit then ASCII reference within a phase (0.3842ms)
✔ C14 exact configuration accepted and unknown fields/profiles/versions rejected (1.7667ms)
✔ C15 no discovery or output/trust fields in configuration (0.6715ms)
✔ C16 deterministic blocker ID excludes mutable claim provenance (0.4005ms)
✔ C17 error schema is closed and operational outcomes are not readiness states (0.2992ms)
✔ C18 public entry points reject malformed input and prior cancellation (1.7181ms)
✔ C19 shared definitions are deeply immutable (0.125ms)
✔ C20 generated definitions equal source canonical bytes (1.5495ms)
✔ C21 serializer stops at byte budget before expansive allocation (17.3614ms)
✔ C22 arrays reject hidden properties without reading getters (0.1868ms)
✔ C23 admission errors precede restrictive schema predicates (11.6667ms)
✔ C24 nested evidence version and coverage mappings (0.998ms)
✔ C25 profile product mismatch precedes schema INPUT (0.5716ms)
✔ C26 defensive internal cycle has GRAPH_CYCLE and bound has GRAPH_LIMIT (38.4038ms)
✔ C27 configuration errors precede evidence acquisition errors (19.7625ms)
✔ C28 API holder shape rejects getters/symbols/hidden fields safely (11.3448ms)
✔ C29 well formed bundle traverses integrated verifier and readiness worker (290.5303ms)
✔ C30 malformed verification versions use their own mismatch categories (6.7529ms)
✔ C31 reference aggregation rejects empty vectors and dangling CNE (4.5312ms)
✔ C32 provider representation cannot assert hosted certificate without vectors (0.4394ms)
✔ C33 malformed nested verification records preserve mismatch code and reference (13.079ms)
✔ C34 nested authority profile errors use PROFILE_MISMATCH during bootstrap (25.7862ms)
✔ C35 verification shape remapping does not hide admission limits (10.6047ms)
✔ C36 known lower GitHub minimum remains valid without fabricated hosted cases (0.3599ms)
✔ fixture catalog is finite, complete and matches independent exact-byte SHA-256 (68.7998ms)
✔ 476 non-parser fixture records match closed schema and local foundation classifications (1715.4982ms)
✔ nine malformed byte/parser vectors reject with exact operational codes (2.3187ms)
✔ focused Phase 1 negative fixtures use the appropriate foundation seam (18.6716ms)
✔ all sixteen complete bundles pass snapshot, pin and byte-integrity foundations (439.0042ms)
✔ reference aggregation retains all records and realizes all four readiness states (35.3195ms)
✔ canonical result identities and summaries match exact independently constructed fixture bytes (318.2811ms)
✔ all fourteen evidence types and six graph node / five edge types have canonical positives (8.2066ms)
✔ MO-1306 preserves actual production, BF, tag, package and all nineteen source history rows (10.638ms)
✔ MO-1306 provider limitations and ten disclosures cannot silently become hosted certification (3.4239ms)
✔ metadata-only proof changes and selective dependency reuse keep separate identities (8.7756ms)
✔ human decision bindings leave all readiness and proof bytes unchanged (53.082ms)
✔ tag fixtures distinguish pre/post stage predicates from operational tampering (5.9371ms)
✔ future semantic negatives are classified without claiming a Phase 2 verifier exists (15.9152ms)
✔ N01 pinned native runtime and fixed PowerShell installation (6.0936ms)
✔ N02 closed CLI commands and defaults (2.0478ms)
✔ N03 prototype-sensitive and invented commands reject as usage (0.7675ms)
✔ N04 duplicate unknown missing extra flags reject (0.4445ms)
✔ N05 forbidden runtime environment and Node options reject before I/O (0.3426ms)
✔ N04b inspectable configuration path failures select lowest logical ID (0.4426ms)
✔ N06 relative lexical boundaries and hostile spellings (0.4142ms)
✔ N07 absolute roots full paths overlap and case aliases (0.5618ms)
✔ N08 identity policy rejects any reparse flag hardlink wrong type and changes (0.9207ms)
✔ N09 helper canonical round-trip and closed operation fields (4.107ms)
✔ N10 helper frame prefix truncation trailing data and caps (0.5072ms)
✔ N11 helper sorted explicit allowlist path and per-file boundaries (1.797ms)
✔ N12 acquisition needs four serial exits and invalid overlap or retry is terminal (7.2135ms)
✔ N13 helper response exact snapshot identity and base64 validation (0.9547ms)
✔ N14 helper decoded aggregate boundary and +1 (333.1509ms)
✔ N15 native fixed PowerShell snapshots and checked inspection sanitization (11270.5397ms)
✔ N16 native helper rejects hostile operation extra fields and oversized frame (2313.1453ms)
✔ N17 native CLI evaluates and publishes exact integrated result (12311.3105ms)
✔ N18 publication exclusive create exact pending and single-file commit (41.395ms)
✔ N19 existing final destination never replaced and pending retained (20.5901ms)
✔ N20 pending collision and mutation fail closed without cleanup (32.8551ms)
✔ N21 publication byte ceiling boundary and +1 before write (45.6695ms)
✔ N22 branded framed inspection required and identity change rejects (13.7008ms)
✔ N23 primitive late checkpoint prevents rename and retains pending (18.6561ms)
✔ N24 foundation retains no-network and fixed orchestration boundaries (4.7363ms)
✔ package metadata and deterministic nonrecursive bindings (331.7209ms)
✔ unexpected member is rejected without refreshing the binding (191.6257ms)
✔ changed shipped source fails exact distribution binding (190.3063ms)
✔ schema drift cannot be hidden by rebuilding manifests (170.5462ms)
✔ constants drift cannot be hidden by rebuilding manifests (167.85ms)
✔ dependencies, lifecycle hooks, extra exports and traversal allowlist are rejected (735.4564ms)
✔ network and external imports are rejected before manifest regeneration (565.4703ms)
✔ missing fixed helper and mutated manifest rows are rejected (372.1204ms)
✔ A01 exact independent Phase 1 result and summary bytes: could-not-evaluate (81.8324ms)
✔ A01 exact independent Phase 1 result and summary bytes: history-blocker-unavailable (69.2644ms)
✔ A01 exact independent Phase 1 result and summary bytes: informational-ready (55.4979ms)
✔ A01 exact independent Phase 1 result and summary bytes: metadata-only (57.1036ms)
✔ A01 exact independent Phase 1 result and summary bytes: mixed-precedence (54.1454ms)
✔ A01 exact independent Phase 1 result and summary bytes: mo1306-qualified (236.1396ms)
✔ A01 exact independent Phase 1 result and summary bytes: not-ready (48.0368ms)
✔ A01 exact independent Phase 1 result and summary bytes: post-tag-absent (50.003ms)
✔ A01 exact independent Phase 1 result and summary bytes: post-tag-lightweight (49.298ms)
✔ A01 exact independent Phase 1 result and summary bytes: post-tag-ready (49.1037ms)
✔ A01 exact independent Phase 1 result and summary bytes: post-tag-wrong-target (50.8195ms)
✔ A01 exact independent Phase 1 result and summary bytes: pre-tag-present (60.182ms)
✔ A01 exact independent Phase 1 result and summary bytes: qualified (50.1888ms)
✔ A01 exact independent Phase 1 result and summary bytes: ready (45.6551ms)
✔ A01 exact independent Phase 1 result and summary bytes: rest-qualified (40.4974ms)
✔ A01 exact independent Phase 1 result and summary bytes: selective-reuse (48.2951ms)
✔ A02 core consumes claims rather than caller gate states and retains complete compiled profile (65.0999ms)
✔ A03 coverage FAIL and UNEVALUABLE drive mandatory artifact (71.725ms)
✔ A03 coverage FAIL and UNEVALUABLE drive mandatory binding (68.6339ms)
✔ A03 coverage FAIL and UNEVALUABLE drive mandatory history (74.0295ms)
✔ A03 coverage FAIL and UNEVALUABLE drive mandatory provenance (78.7228ms)
✔ A03 coverage FAIL and UNEVALUABLE drive mandatory provider.azure (72.5022ms)
✔ A03 coverage FAIL and UNEVALUABLE drive mandatory provider.generic (80.8684ms)
✔ A03 coverage FAIL and UNEVALUABLE drive mandatory provider.github (75.1974ms)
✔ A03 coverage FAIL and UNEVALUABLE drive mandatory provider.gitlab (73.4783ms)
✔ A03 coverage FAIL and UNEVALUABLE drive mandatory provider.jenkins (70.1917ms)
✔ A03 coverage FAIL and UNEVALUABLE drive mandatory resources (64.0555ms)
✔ A03 coverage FAIL and UNEVALUABLE drive mandatory sbom (63.9096ms)
✔ A03 coverage FAIL and UNEVALUABLE drive mandatory scope (66.8977ms)
✔ A03 coverage FAIL and UNEVALUABLE drive mandatory security (71.9659ms)
✔ A03 coverage FAIL and UNEVALUABLE drive mandatory semantic (70.6184ms)
✔ A03 coverage FAIL and UNEVALUABLE drive mandatory supply (72.3482ms)
✔ A03 coverage FAIL and UNEVALUABLE drive mandatory tag (68.1357ms)
✔ A03 coverage FAIL and UNEVALUABLE drive mandatory windows (66.5371ms)
✔ A04 REST coverage failures retain same-host limitation (29.2674ms)
✔ A05 unavailable MISSING is CNE with exact reason (35.2454ms)
✔ A05 unavailable AUTHORITY_UNAVAILABLE is CNE with exact reason (35.2223ms)
✔ A05 unavailable STALE is CNE with exact reason (37.9755ms)
✔ A05 unavailable UNEVALUABLE is CNE with exact reason (37.3089ms)
✔ A06 unavailable provider leaves optional observation empty without fabricating certification (37.7652ms)
✔ A07 blockers dominate independent CNE and qualifications without erasing any finding (40.6212ms)
✔ A08 CNE dominates release qualification and informational-only stays READY (74.2245ms)
✔ A09 known provider minimum failures remain blockers, including simultaneous coverage and CNE (196.389ms)
✔ A10 Generic real execution requirement is independent of coverage verdict (37.4827ms)
✔ A11 false hosted promotion and required provider disclosure omission are rejected (29.448ms)
✔ A12 scope qualification union rejects missing, extra, weakened and conflicting records (63.4198ms)
✔ A13 identical qualification carriers share one result with every claim and grant reference (39.3552ms)
✔ A14 missing scope or history retains known records and defers only completeness (188.0308ms)
✔ A15 preserved history remains negative; observed recurrence blocks active mandatory gates (159.8374ms)
✔ A16 currently applicable history and duplicate recurrence produce one exact blocker (36.4432ms)
✔ A17 all applicable tag predicates are collected; absent post-tag fabricates no target failure (106.1472ms)
✔ A18 expected negative Policy and operational outcomes remain accepted semantic certification (38.9189ms)
✔ A19 metadata-only proof change preserves readiness and invalidates old external decision (113.936ms)
✔ A20 nonsemantic input collection order and repeated calls preserve exact result bytes (486.9771ms)
✔ A21 new metadata proof is distinct from normative changed qualification identity (67.5813ms)
✔ A22 exact comparison rejects existing altered and self-hashed false result fixtures (225.4666ms)
✔ A23 result recomputation rejects self-consistent alterations of each normative projection (837.0308ms)
✔ A24 V18 retains exact five providers, ten disclosures, twelve negative history rows and human actions (166.9402ms)
✔ A25 history count 128 is retained exactly and 129 is a resource error (81.6258ms)
✔ A26 global qualification union 128 is complete and 129 cannot be truncated (118.3909ms)
✔ A27 128 unique historical blockers are complete and one additional known failure rejects (135.1773ms)
✔ A28 EVALUATION numeric and logical-reference precedence is independent of collection order (50.1945ms)
✔ A29 projection boundary rejects caller gate vectors, accessors and unknown profiles (10.2191ms)
✔ A30 returned proof input uses the exact independent nonrecursive binding shape (38.4747ms)
✔ A31 all twelve external human decisions bind computed results without changing readiness (881.5306ms)
✔ A32 every one of seven qualification codes is retained with its frozen impact (261.684ms)
✔ A33 complete blocker CNE qualification cross-product follows frozen precedence and retains all lists (309.3318ms)
✔ A34 permutations preserve exact gate blocker qualification history JSON and text bytes (424.3618ms)
✔ A35 comparison rejects omitted mandatory CNE and substituted candidate profile or identity digest (153.0697ms)
✔ A36 static pure-core import closure excludes acquisition execution network and ambient selectors (3.9206ms)
✔ A37 coverage missing duplicate cross-partition or contradictory verdict uses INTEGRITY (27.0526ms)
✔ A38 nested candidate accessor is rejected before calling user code (3.1082ms)
✔ A39 informational qualification on an inactive gate remains global without activating that gate (40.4423ms)
✔ A40 preserved-history qualification must match exact condition and affected gates (153.8703ms)
✔ A41 unavailable scope never exempts locally invalid or omitted required provider qualifications (25.2599ms)
✔ A42 minimum-met contradictory qualified support is an error; lower minimum unsupported facts are blockers (88.2937ms)
✔ A43 known history only contributes blockers to active mandatory affected gates (35.0092ms)
✔ A44 conflicting qualification scope errors choose the smallest logical ID regardless of carrier order (32.6993ms)
✔ A45 REST unevaluable required coverage yields CNE with same-host qualification retained (57.9598ms)
✔ result boundary: exactly 4 MiB is retained and +1 is OUTPUT/EVALUATION (1246.026ms)
✔ text boundary: exactly 128 KiB is complete and +1 is OUTPUT/EVALUATION (624.0596ms)
✔ result/proof/input snapshots do not share mutable output objects (23.4939ms)
✔ global derived counts reject 128+1 before malformed rows or byte sizing (7.5364ms)
✔ result construction cannot promote a blocked aggregate to READY (5.7754ms)
✔ A01 all sixteen frozen bundles produce only verified claims and exact independent graph/audit identities (1407.8262ms)
✔ A02 operator authority pin is separate and rejects an independently wrong trust root (28.1794ms)
✔ A03 an evidence-controlled authority mutation cannot select its own new pin (7.8847ms)
✔ A04 raw source bytes and raw length are verified independently of intact claim identity (50.0233ms)
✔ A05 raw manifest identity and envelope hash cannot be repaired by a self-consistent claim hash (42.9022ms)
✔ A06 exact canonical claim digest is recomputed under an intact reviewed envelope grant (31.5805ms)
✔ A07 ungranted external evidence cannot satisfy a gate (31.7693ms)
✔ A08 unknown evidence type and evidence version fail closed (52.2997ms)
✔ A09 granting the wrong existing claim for a compiled gate is rejected (33.9822ms)
✔ A10 exact grant source IDs cannot substitute or omit the envelope lineage (33.2927ms)
✔ A11 source bytes cannot appoint themselves as authority provenance (33.6463ms)
✔ A12 authority source Git fields, classification, length, hash and released target bind exactly (395.1582ms)
✔ A13 candidate, manifest and independently reviewed component/contract closures cannot be substituted (111.7279ms)
✔ A14 whole-candidate claims cannot use an earlier candidate root (33.6981ms)
✔ A15 a manifest cannot relabel a claim origin or dependency identity (71.7464ms)
✔ A16 declared dependency role, length and content are checked against the current inventory (101.1308ms)
✔ A17 minimum dependency closure cannot omit any relevant current component (33.0917ms)
✔ A18 changed declared grant closure and dangling dependency IDs reject rather than first-win (67.7397ms)
✔ A19 scope escalation and unapproved/changed assumptions are stale (96.5893ms)
✔ A20 unrelated root assumptions do not stale an approved claim subset (71.8451ms)
✔ A21 selective reuse is explicit and unchanged dependencies retain their exact claims (104.0797ms)
✔ A22 REUSED cannot conceal a whole-candidate claim (34.3919ms)
✔ A23 old audit snapshots do not invent expiry and bounded disclosure remains mandatory (77.5638ms)
✔ A24 permitted fresh raw metadata pins change proof audit but preserve normative projection (141.357ms)
✔ A25 duplicate IDs, copied normalized grants and unconsumed evidence fail closed (79.1364ms)
✔ A26 explicit unavailable slots omit evidence safely and optional provider slots mirror the parent (96.2562ms)
✔ A27 all admitted bytes are snapshots independent of subsequent caller mutations (72.6191ms)
✔ A28 raw source byte ceiling admits exact boundary and rejects plus one (90.6401ms)
✔ A29 explicit source and authority references cannot dangle (65.5501ms)
✔ A30 canonical set orders remain normative and are never silently sorted by the verifier (53.7143ms)
✔ A31 input map insertion and object member order do not affect verified canonical projection (131.6468ms)
✔ A32 raw integrity failure wins over later root candidate mismatch (25.649ms)
✔ A33 an authority failure wins over a later structurally valid provider contradiction (51.1311ms)
✔ A34 manifest file ceiling admits exactly 128 consumed files and rejects 129 (117.725ms)
✔ A35 aggregate raw source admission accepts 8 MiB exactly and rejects one additional byte (144.1188ms)
✔ A36 authority source ceiling admits 32 explicit provenance records and rejects 33 (108.041ms)
✔ F01 MO-1306 preserved configuration receipts have exact granted source lineage (405.9091ms)
✔ F02 correction preserves all normalized identities and every original raw source byte (17.3138ms)
✔ F03 reconstructed original fixture still rejects unused configuration sources (169.2162ms)
✔ G01 exact frozen graph, authority and audit bindings: could-not-evaluate (66.1755ms)
✔ G01 exact frozen graph, authority and audit bindings: history-blocker-unavailable (46.1953ms)
✔ G01 exact frozen graph, authority and audit bindings: informational-ready (47.8741ms)
✔ G01 exact frozen graph, authority and audit bindings: metadata-only (45.7194ms)
✔ G01 exact frozen graph, authority and audit bindings: mixed-precedence (42.3569ms)
✔ G01 exact frozen graph, authority and audit bindings: mo1306-qualified (223.8831ms)
✔ G01 exact frozen graph, authority and audit bindings: not-ready (42.2897ms)
✔ G01 exact frozen graph, authority and audit bindings: post-tag-absent (43.9834ms)
✔ G01 exact frozen graph, authority and audit bindings: post-tag-lightweight (42.4154ms)
✔ G01 exact frozen graph, authority and audit bindings: post-tag-ready (42.2874ms)
✔ G01 exact frozen graph, authority and audit bindings: post-tag-wrong-target (43.4035ms)
✔ G01 exact frozen graph, authority and audit bindings: pre-tag-present (41.4675ms)
✔ G01 exact frozen graph, authority and audit bindings: qualified (45.2158ms)
✔ G01 exact frozen graph, authority and audit bindings: ready (42.6103ms)
✔ G01 exact frozen graph, authority and audit bindings: rest-qualified (33.7703ms)
✔ G01 exact frozen graph, authority and audit bindings: selective-reuse (43.2446ms)
✔ G02 exactly six node and five edge types, one root, content sharing and origin provenance (138.5467ms)
✔ G03 metadata and opaque historical cross-links cannot add normative authority or cycles (253.8051ms)
✔ G04 missing normative claim, dependency, authority, grant and edge endpoints reject (19.4259ms)
✔ G05 duplicate node IDs, duplicate edges, malformed content IDs and unknown types reject (16.7638ms)
✔ G06 wrong edge direction, endpoint type, root and candidate identity reject (20.2903ms)
✔ G07 every grant and claim must be rooted and every normative node reachable (42.1121ms)
✔ G08 internal normative cycles and self references retain exact GRAPH_CYCLE classification (8.3966ms)
✔ G09 dependency claims cannot mix current candidate and dependency edges (6.8556ms)
✔ G10 graph nodes exactly 2048 pass and 2049 fail before expansion (157.7529ms)
✔ G11 graph edges exactly 8192 pass and 8193 fail before expansion (289.4604ms)
✔ G12 dependencies per claim exactly 1024 pass and 1025 fail (145.5323ms)
✔ G13 derivation cannot silently drop or duplicate claims, grants or authorities (63.1653ms)
✔ G14 claimed identity, dependency identity and candidate root mismatches reject (24.242ms)
✔ G15 normalized grant identity omits audit bytes, retains classes and scoped assumptions (2.9355ms)
✔ G16 noncanonical normative array order rejects instead of silently changing identity (11.8138ms)
✔ G17 derivation enforces the edge ceiling while expanding verified claim dependencies (783.8549ms)
✔ G18 arbitrary object property insertion order preserves exact graph and authority bytes (228.5134ms)
✔ HB01: all sixteen Phase 1 bundles preserve exact history, qualifications and independent provider projections (269.0597ms)
✔ HB02: MO-1306 binds nineteen immutable raw rows and exact twelve negative history projections (62.8462ms)
✔ HB03: MO-1306 preserves all independent provider axes and ten disclosures (51.0195ms)
✔ HB04: known recurrence links only active mandatory gates, including an unavailable current gate (11.3809ms)
✔ HB05: observed recurrence preserves historical outcome while excluding optional and inactive links (60.8369ms)
✔ HB06: current-applicable history cannot erase an unavailable gate condition (9.6203ms)
✔ HB07 immutable granted history rejects FAIL to PASS rewrite (32.4958ms)
✔ HB07 immutable granted history rejects BLOCKED removal (30.2719ms)
✔ HB07 immutable granted history rejects changed historical disposition (33.6512ms)
✔ HB07 immutable granted history rejects wrong historical source (41.8996ms)
✔ HB07 immutable granted history rejects wrong candidate provenance (31.0763ms)
✔ HB07 immutable granted history rejects omitted required unresolved history (32.8434ms)
✔ HB07 immutable granted history rejects fabricated resolution (30.5531ms)
✔ HB07 immutable granted history rejects duplicate conflicting history (31.1518ms)
✔ HB08: malformed PASS history and duplicate conflicting rows remain invalid with fixture-owned updated pins (104.0895ms)
✔ HB09: reviewed history must resolve nested source and authority lineage (96.4213ms)
✔ HB10: supplied scope and history inventories reject omissions and unknown condition references (147.0758ms)
✔ QB01: qualifications reject omission (58.8393ms)
✔ QB01: qualifications reject impact downgrade (49.9849ms)
✔ QB01: qualifications reject wrong provider (54.4526ms)
✔ QB01: qualifications reject wrong gate (52.284ms)
✔ QB01: qualifications reject unknown code (50.5698ms)
✔ QB01: qualifications reject wrong scope authority (51.1138ms)
✔ QB01: qualifications reject disclosure removal (53.2337ms)
✔ QB01: qualifications reject fabricated authority member (63.7849ms)
✔ QB02: scope qualification inventory rejects extra, omitted and conflicting records (154.904ms)
✔ QB03: an identical qualification shared by granted claims merges exact claim/grant identities (96.9863ms)
✔ QB04: historical disclosures require exact preserved condition and gate set (158.8716ms)
✔ QB05: bounded advisory and REST scope require their exact disclosures (60.0194ms)
✔ QB06: unavailable scope retains known qualified history without inventing completeness (49.2149ms)
✔ QB07: unavailable history retains known disclosures but still validates supplied scope condition inventory (125.4875ms)
✔ QB08: both unavailable inventories retain locally valid known qualifications and defer missing inventory references (80.6297ms)
✔ PB01 immutable MO-1306 authority rejects false github execution promotion (32.6294ms)
✔ PB01 immutable MO-1306 authority rejects false gitlab execution promotion (31.5642ms)
✔ PB01 immutable MO-1306 authority rejects false jenkins execution promotion (32.7546ms)
✔ PB01 immutable MO-1306 authority rejects false azure execution promotion (31.1959ms)
✔ PB02: full GitHub hosted certification requires all four exact case facts (44.9971ms)
✔ PB03: provider labels cannot alias, substitute provider identity, or remove Generic certification unnoticed (110.171ms)
✔ PB04: contract-only providers cannot claim SUPPORTED while not live certified (153.7534ms)
✔ PB05: known lower-minimum unsupported facts are retained for 2A blockers with no fabricated certification (20.5454ms)
✔ PB06: unavailable provider parents produce no fabricated provider observation (10.8755ms)
✔ PB07: independently reviewed validation and execution facts do not imply a universal certification ranking (10.3881ms)
✔ DB01: selection order does not affect projection bytes or mutate input, and outputs are detached (81.9162ms)
✔ DB02: semantic history and qualification set order remains frozen and rejects reordered arrays (100.4651ms)
✔ LB01: history record count accepts 128 and rejects 129 without truncation (38.5154ms)
✔ LB02: assessment qualification union accepts 128 and rejects 129 across individually bounded claims (42.7938ms)
✔ LB03: exact original disposition length accepts 256 printable characters and rejects 257 (18.0626ms)
✔ IB01: complete independently pinned MO-1306 verifier retains exact history, provider state and qualifications (744.5402ms)
✔ IB02: complete verifier rejects schema-valid rewritten or removed history despite fresh raw pins (435.77ms)
✔ IB03: complete verifier rejects all four MO-1306 execution promotions with unchanged reviewed grants (570.7876ms)
✔ IB04: complete verifier uses dedicated qualification mismatch classification (229.4358ms)
✔ IB05: complete verifier uses dedicated history mismatch classification for PASS rewriting (40.5212ms)
✔ IB06: independently pinned source bytes and candidate context bind historical claims (125.666ms)
✔ L01 authority byte admission includes the exact ceiling and rejects plus one before parse/copy (19.6992ms)
✔ L02 envelope byte ceiling is enforced in acquisition before snapshot copying (47.0576ms)
✔ L03 manifest claim admission is 64 envelopes, independent of the finite gate authority limit (13.0625ms)
✔ L04 grant representation admits 64 and rejects 65 without claiming all grants fit the closed profile (14.3117ms)
✔ L05 claim dependencies and every explicit dependency reference list admit 1024 and reject 1025 (57.2824ms)
✔ L06 root, grant and claim assumption sets admit 32 and reject 33 (10.6332ms)
✔ L07 history representation admits 128 immutable rows and rejects 129 (27.0883ms)
✔ L08 qualification representation admits 128 and rejects 129 without truncation (12.7941ms)
✔ L09 scope qualification/condition reference sets each enforce their exact 128 cap (10.3007ms)
✔ L10 source references admit 128 and authority source references admit 32 at their declared schemas (4.3712ms)
✔ L11 normalized authority and audit digest reference capacities are explicit, not generic INPUT errors (85.8069ms)
✔ L12 independent cap failures never fabricate a partial verified projection (15.1519ms)
✔ P2B projection and independent result evidence: could-not-evaluate (194.3191ms)
✔ P2B projection and independent result evidence: history-blocker-unavailable (149.4766ms)
✔ P2B projection and independent result evidence: informational-ready (156.7292ms)
✔ P2B projection and independent result evidence: metadata-only (149.941ms)
✔ P2B projection and independent result evidence: mixed-precedence (139.3494ms)
✔ P2B projection and independent result evidence: mo1306-qualified (698.469ms)
✔ P2B projection and independent result evidence: not-ready (135.9766ms)
✔ P2B projection and independent result evidence: post-tag-absent (143.9713ms)
✔ P2B projection and independent result evidence: post-tag-lightweight (142.8614ms)
✔ P2B projection and independent result evidence: post-tag-ready (144.2362ms)
✔ P2B projection and independent result evidence: post-tag-wrong-target (145.4827ms)
✔ P2B projection and independent result evidence: pre-tag-present (142.6811ms)
✔ P2B projection and independent result evidence: qualified (150.2028ms)
✔ P2B projection and independent result evidence: ready (150.307ms)
✔ P2B projection and independent result evidence: rest-qualified (124.4675ms)
✔ P2B projection and independent result evidence: selective-reuse (152.2746ms)
✔ P2B verified snapshots detach and freeze every returned fact (69.4442ms)
✔ P2B metadata changes only raw proof binding and diagnostics (144.6958ms)
✔ P2B opaque bounded advisory timestamp has no age window or invented syntax (364.3301ms)
✔ P2B deterministic internal projection uses canonical records, not object insertion order (140.2368ms)
✔ P2B Freeze-mandated set ordering rejects permutations instead of normalizing signed identity (204.1954ms)
✔ P2B explicit reuse dispositions preserve unrelated dependency closure (96.4116ms)
✔ P2B independently reverified source mutation cannot hide behind result self-hashes (27.2255ms)
✔ P2B result evidence tamper: candidate (458.6587ms)
✔ P2B result evidence tamper: authorityIdentityDigest (412.5356ms)
✔ P2B result evidence tamper: qualification (413.5094ms)
✔ P2B result evidence tamper: history (390.9243ms)
✔ P2B result evidence tamper: provider (403.4613ms)
✔ P2B result evidence tamper: graph (410.9139ms)
✔ P2B result evidence tamper: audit (394.2197ms)
✔ P2B result evidence tamper: gateBinding (386.2795ms)
✔ P2B proof material is exact frozen audit, independent of final readiness calculation (60.3324ms)
✔ R01 raw source integrity precedes an earlier logical envelope coverage contradiction (48.3424ms)
✔ R02 earlier validation phase precedes a smaller later-phase error exit (28.4676ms)
✔ R03 independent source corruption precedes current-candidate authority mismatch (29.1526ms)
✔ APIBOOT01 earlier malformed config dominates later oversized evidence (19.5616ms)
✔ APIBOOT02 config shape error dominates wrong authority pin in same phase (10.5705ms)
✔ APIBOOT03 malformed config dominates oversized authority safely (4.9152ms)
✔ APIBOOT04 exact manifest ENVELOPE cap applied before bytes copy (12.1045ms)
✔ APIBOOT05 exact manifest file set checked before copying unknown file (8.5042ms)
✔ APIBOOT06 snapshots remain detached and byte-identical (13.6667ms)
✔ APIBOOT07 TIMEOUT interruption dominates collected parse errors (0.388ms)
✔ APIBOOT07 CANCELLED interruption dominates collected parse errors (0.2148ms)
✔ APIBOOT08 hostile typed-array byteLength override is never invoked (10.8146ms)
✔ C2C01 corrected limits leave all byte ceilings unchanged (0.9803ms)
✔ C2C02 every required observation has a canonical closed framed representation (7.108ms)
✔ C2C03 old wire version missing session unknown fields and arbitrary operations reject (0.8364ms)
✔ C2C04 operation sequence and fixed output leaf authority are closed (1.7451ms)
✔ C2C05 bounded frames reject trailing requests responses and alternate session (1.4221ms)
✔ C2C06 complete acquisition then terminated worker then five publication requests (5.9849ms)
✔ C2C07 helper completion cannot substitute for fully quiescent exit (2.4368ms)
✔ C2C08 helper and worker overlap and repeated worker transition are terminal (3.621ms)
✔ C2C09 verify remains four reads followed by worker and cannot publish (2.2392ms)
✔ C2C10 request failure abort and transport failure permit no retry (4.094ms)
✔ C2C11 full component chains reject missing ancestors wrong paths reparse and hardlinks (0.9277ms)
✔ C2C12 acquisition parent cannot be reused after native identity change (1.521ms)
✔ C2C13 path and cross-invocation session substitutions terminate assessment (1.9372ms)
✔ C2C14 capability branding root binding and single claim exclude substitution (6.5564ms)
✔ C2C15 unclaimed out-of-order or concurrent inspection cannot be retried (5.8907ms)
✔ C2C16 bridge requires exact transport fields and confirmed process quiescence (3.5267ms)
✔ C2C17 per-invocation deadline includes response parsing and process exit (0.9687ms)
✔ C2C18 aggregate helper budget cannot silently multiply with sequential invocations (1.4056ms)
✔ C2C19 overall CLI deadline and nonmonotonic clock fail without grace (1.86ms)
✔ C2C20 framed publication performs exact five observations and one final rename (33.9344ms)
✔ C2C21 cancellation after each publication inspection is terminal and retains incomplete attempt (57.9558ms)
✔ C2C22 immediate pre-rename checkpoint blocks timeout after final native observation (18.4335ms)
✔ C2C23 final native pending identity comparison rejects stale replacement and retains bytes (17.9427ms)
✔ C2C24 mismatched branded capability and legacy callback cannot create an output root (2.3489ms)
✔ F01 publication status is an immutable operational snapshot before submission (38.0708ms)
✔ F02 timeout before submission prevents any rename and retains pending (21.7213ms)
✔ F03 cancellation before submission prevents rename and is terminal (24.0435ms)
✔ F04 actual admission checkpoint rejects a deadline reached after final native inspection (22.7716ms)
✔ F05 admitted delayed success remains unresolved at post-submission deadline (28.3181ms)
✔ F06 cancellation after submission is recorded without early cancellation or namespace cleanup (24.4355ms)
✔ F07 admitted failure after deadline resolves OUTPUT only after exact submitted operation settles (25.4926ms)
✔ F08 no second rename or token reuse while an admitted rename is outstanding (24.2845ms)
✔ F09 commit status changes only after successful actual rename and then preserves bytes (26.1008ms)
✔ F10 mandatory checkpoint overrun after settlement is operational metadata, not precommit TIMEOUT (26.7883ms)
✔ F11 postcommit deadline or cancellation prevents a success summary and retains committed final (48.8161ms)
✔ F12 normal verified commit permits transport while precommit and failed tokens do not (23.4537ms)
✔ F13 wrong interruption code and foreign token cannot create publication authority (16.5298ms)
✔ F14 changed pending bytes before admission prevent rename (17.1574ms)
✔ F15 existing final is retained and finalization never retries or chooses another basename (19.8275ms)
✔ F16 postcommit transport error cannot retract or reclassify committed final as partial (20.3184ms)
✔ F17 bounded invocation timers are allowed and destroyed after successful operation (1.08ms)
✔ F18 timer lifetime policy detects a persistent cross-run scheduler (1.2531ms)
✔ F19 actual foundation finalization leaves no live timers across sequential invocations (46.6609ms)
✔ F20 failed and cancelled foundation calls leave no cross-run timers (34.5377ms)
✔ F21 failed read-only namespace verification retains committed output and clears its timer (23.5129ms)
✔ F22 read-only verification timeout is bounded and late handle completion only closes (2032.4426ms)
✔ F23 interruption recorded while pre-submission read is pending prevents later admission (26.2546ms)
✔ F24 the first observed pre-submission interruption remains terminal (18.8601ms)
✔ LP01 exact trusted Windows PowerShell 5.1 executable (0.8832ms)
✔ LP02 exact fixed argument ordering and Bypass value (0.6608ms)
✔ LP03 fixed packaged helper path from module location (0.1135ms)
✔ LP04 no encoded command, expression or shell authority (0.0948ms)
✔ LP05 caller object cannot supply executable, script or policy (0.1379ms)
✔ LP06 launch specification and nested authority are immutable (0.4518ms)
✔ LP07 ambient PATH, system-root, policy and script poisons cannot select launch (0.4039ms)
✔ LP08 actual transport calls spawn with fixed array and sanitized environment (1.277ms)
✔ LP09 CLI cannot select --script (0.5652ms)
✔ LP09 CLI cannot select --execution-policy (0.2141ms)
✔ LP09 CLI cannot select --powershell (0.115ms)
✔ LP10 no persistent policy or registry mutation code is introduced (9.5061ms)
✔ LP11 public package exports cannot expose launch override (0.9227ms)
✔ NRT01 native CPU-bound worker is terminated at fixed 10000ms CLI evaluation deadline (7.9204ms)
✔ PTERM01 a rejected second staging terminally consumes publication (44.0671ms)
✔ PTERM02 premature finalization consumes token before later staging (11.72ms)
✔ PCHAIN5-attributes all-field cross-slot stability rejects changed attributes (7.4712ms)
✔ PCHAIN5-byteLength all-field cross-slot stability rejects changed byteLength (6.1667ms)
✔ PCHAIN5-fileId all-field cross-slot stability rejects changed fileId (5.14ms)
✔ PCHAIN5-finalPath all-field cross-slot stability rejects changed finalPath (6.8211ms)
✔ PCHAIN5-isDirectory all-field cross-slot stability rejects changed isDirectory (5.687ms)
✔ PCHAIN5-linkCount all-field cross-slot stability rejects changed linkCount (5.2923ms)
✔ PCHAIN5-volumeSerial all-field cross-slot stability rejects changed volumeSerial (6.69ms)
✔ PCHAIN6-attributes all-field cross-slot stability rejects changed attributes (7.8029ms)
✔ PCHAIN6-byteLength all-field cross-slot stability rejects changed byteLength (10.1128ms)
✔ PCHAIN6-fileId all-field cross-slot stability rejects changed fileId (8.8442ms)
✔ PCHAIN6-finalPath all-field cross-slot stability rejects changed finalPath (10.2315ms)
✔ PCHAIN6-isDirectory all-field cross-slot stability rejects changed isDirectory (8.526ms)
✔ PCHAIN6-linkCount all-field cross-slot stability rejects changed linkCount (9.9535ms)
✔ PCHAIN6-volumeSerial all-field cross-slot stability rejects changed volumeSerial (9.5325ms)
✔ PCHAIN7-attributes all-field cross-slot stability rejects changed attributes (9.6064ms)
✔ PCHAIN7-byteLength all-field cross-slot stability rejects changed byteLength (12.0545ms)
✔ PCHAIN7-fileId all-field cross-slot stability rejects changed fileId (10.9068ms)
✔ PCHAIN7-finalPath all-field cross-slot stability rejects changed finalPath (8.3949ms)
✔ PCHAIN7-isDirectory all-field cross-slot stability rejects changed isDirectory (10.165ms)
✔ PCHAIN7-linkCount all-field cross-slot stability rejects changed linkCount (8.3776ms)
✔ PCHAIN7-volumeSerial all-field cross-slot stability rejects changed volumeSerial (9.1749ms)
✔ PCHAIN8-attributes all-field cross-slot stability rejects changed attributes (14.7611ms)
✔ PCHAIN8-byteLength all-field cross-slot stability rejects changed byteLength (16.3306ms)
✔ PCHAIN8-fileId all-field cross-slot stability rejects changed fileId (15.476ms)
✔ PCHAIN8-finalPath all-field cross-slot stability rejects changed finalPath (15.8811ms)
✔ PCHAIN8-isDirectory all-field cross-slot stability rejects changed isDirectory (16.0295ms)
✔ PCHAIN8-linkCount all-field cross-slot stability rejects changed linkCount (17.6011ms)
✔ PCHAIN8-volumeSerial all-field cross-slot stability rejects changed volumeSerial (17.161ms)
✔ PCHAIN9-attributes all-field cross-slot stability rejects changed attributes (18.7405ms)
✔ PCHAIN9-byteLength all-field cross-slot stability rejects changed byteLength (18.0823ms)
✔ PCHAIN9-fileId all-field cross-slot stability rejects changed fileId (19.5349ms)
✔ PCHAIN9-finalPath all-field cross-slot stability rejects changed finalPath (20.3511ms)
✔ PCHAIN9-isDirectory all-field cross-slot stability rejects changed isDirectory (17.9313ms)
✔ PCHAIN9-linkCount all-field cross-slot stability rejects changed linkCount (20.3175ms)
✔ PCHAIN9-volumeSerial all-field cross-slot stability rejects changed volumeSerial (18.8365ms)
✔ PNEG01 pending native byteLength must equal staged detached bytes (14.7023ms)
✔ PNEG02 wrong root branded capability cannot mutate either destination (3.3368ms)
✔ PNEG03 foreign capability and legacy callback cannot create a directory (1.0359ms)
✔ PNEG04 foreign token never authorizes staging or finalization (0.5343ms)
✔ PNEG05 second capability claim terminates original token (7.1037ms)
✔ PNEG06 second finalization preserves committed exact file and cannot rename again (26.0118ms)
✔ PNEG07 same-length changed pending bytes fail final reread before slot9 (15.6709ms)
✔ PNEG08 preexisting pending file is never overwritten and remains diagnostic evidence (9.1736ms)
✔ PNEG09 preexisting final file causes failure and remains byte-identical (17.5037ms)
✔ PNEG10 existing output directory cannot be claimed or overwritten (5.6293ms)
✔ PNEG11-TIMEOUT immediate pre-rename checkpoint is terminal (16.5864ms)
✔ PNEG11-CANCELLED immediate pre-rename checkpoint is terminal (18.6961ms)
✔ PNEG12-before-write cancellation retains owned pending bytes without publishing (11.267ms)
✔ PNEG12-after-write cancellation retains owned pending bytes without publishing (10.2569ms)
✔ PNEG13 in-flight staging cannot revive token after concurrent staging rejection (10.5123ms)
✔ PNEG14 wrong session from framed transport aborts sequence and cannot publish (4.0362ms)
✔ PDET01 staging snapshots caller bytes before async work (19.7769ms)
✔ PDET02 changing roots and assessment sessions does not alter exact published bytes (40.9646ms)
✔ PTERM03 concurrent rejection during final reread cannot launch slot9 (15.5024ms)
✔ PTERM04 concurrent rejection during pending close cannot launch slot8 (12.652ms)
# QUEUED_CLI {"mode":"deadline","scope":"ACTUAL_QUEUED_RENAME_AND_CLI_WITH_SYNTHETIC_IDENTITY_FRAMES","requests":1,"engineeringClock":"Monotonic elapsed-time offset at slot 8; original CLI absolute deadline has 100ms remaining, no budget restart.","finiteJobs":4,"observation":{"elapsedMs":343.1323,"settled":false,"snapshot":{"kind":"cli","deadline":30082.9395,"helpers":0,"workers":1,"helperUsedMs":0,"activeRole":null,"cleanupConfirmed":false,"publication":{"phase":"COMMIT_IN_PROGRESS","admitted":true,"deadlineExpiredAfterAdmission":true,"cancelledAfterAdmission":true,"namespaceVerified":false,"dispositionDeadline":null},"terminalCode":null,"terminalAt":null,"cleanupDeadline":null,"events":[{"type":"start","at":141.9717,"role":"worker","deadline":10141.8912,"ordinal":1},{"type":"observation","at":144.4667,"role":"worker","threadId":1,"resourceLimits":{"maxYoungGenerationSizeMb":16,"maxOldGenerationSizeMb":128,"codeRangeSizeMb":0,"stackSizeMb":4}},{"type":"quiescent","at":241.4985,"role":"worker","ordinal":1},{"type":"publication-interruption","at":30092.5694,"code":"MO1307_TIMEOUT","phase":"COMMIT_IN_PROGRESS"},{"type":"publication-interruption","at":30143.8738,"code":"MO1307_CANCELLED","phase":"COMMIT_IN_PROGRESS"}]},"finalPresent":false,"pendingPresent":true,"stdoutBytes":0},"elapsedMs":1141.0492,"snapshot":{"kind":"cli","deadline":30082.9395,"helpers":0,"workers":1,"helperUsedMs":0,"activeRole":null,"cleanupConfirmed":true,"publication":{"phase":"COMMITTED","admitted":true,"deadlineExpiredAfterAdmission":true,"cancelledAfterAdmission":true,"namespaceVerified":true,"dispositionDeadline":3128.1428},"terminalCode":"MO1307_OUTPUT","terminalAt":30847.9872,"cleanupDeadline":3128.1428,"events":[{"type":"start","at":141.9717,"role":"worker","deadline":10141.8912,"ordinal":1},{"type":"observation","at":144.4667,"role":"worker","threadId":1,"resourceLimits":{"maxYoungGenerationSizeMb":16,"maxOldGenerationSizeMb":128,"codeRangeSizeMb":0,"stackSizeMb":4}},{"type":"quiescent","at":241.4985,"role":"worker","ordinal":1},{"type":"publication-interruption","at":30092.5694,"code":"MO1307_TIMEOUT","phase":"COMMIT_IN_PROGRESS"},{"type":"publication-interruption","at":30143.8738,"code":"MO1307_CANCELLED","phase":"COMMIT_IN_PROGRESS"},{"type":"terminal","at":30848.0205,"code":"MO1307_OUTPUT","stage":"PUBLICATION"}]},"failure":"MO1307_OUTPUT","exitCode":21,"stdoutBytes":0,"failureCleanupDeadline":3128.1428}
✔ FCLI actual queued rename awaits settlement after deadline (1158.5265ms)
# QUEUED_CLI {"mode":"cancellation","scope":"ACTUAL_QUEUED_RENAME_AND_CLI_WITH_SYNTHETIC_IDENTITY_FRAMES","requests":1,"engineeringClock":"Real monotonic clock","finiteJobs":4,"observation":{"elapsedMs":190.1962000000001,"settled":false,"snapshot":{"kind":"cli","deadline":31235.4575,"helpers":0,"workers":1,"helperUsedMs":0,"activeRole":null,"cleanupConfirmed":false,"publication":{"phase":"COMMIT_IN_PROGRESS","admitted":true,"deadlineExpiredAfterAdmission":false,"cancelledAfterAdmission":true,"namespaceVerified":false,"dispositionDeadline":null},"terminalCode":null,"terminalAt":null,"cleanupDeadline":null,"events":[{"type":"start","at":1275.4058,"role":"worker","deadline":11275.3745,"ordinal":1},{"type":"observation","at":1276.0333,"role":"worker","threadId":2,"resourceLimits":{"maxYoungGenerationSizeMb":16,"maxOldGenerationSizeMb":128,"codeRangeSizeMb":-1,"stackSizeMb":4}},{"type":"quiescent","at":1369.8331,"role":"worker","ordinal":1},{"type":"publication-interruption","at":1425.7667,"code":"MO1307_CANCELLED","phase":"COMMIT_IN_PROGRESS"}]},"finalPresent":false,"pendingPresent":true,"stdoutBytes":0},"elapsedMs":1134.9637000000002,"snapshot":{"kind":"cli","deadline":31235.4575,"helpers":0,"workers":1,"helperUsedMs":0,"activeRole":null,"cleanupConfirmed":true,"publication":{"phase":"COMMITTED","admitted":true,"deadlineExpiredAfterAdmission":false,"cancelledAfterAdmission":true,"namespaceVerified":true,"dispositionDeadline":4257.1231},"terminalCode":"MO1307_OUTPUT","terminalAt":2258.0153,"cleanupDeadline":4257.1231,"events":[{"type":"start","at":1275.4058,"role":"worker","deadline":11275.3745,"ordinal":1},{"type":"observation","at":1276.0333,"role":"worker","threadId":2,"resourceLimits":{"maxYoungGenerationSizeMb":16,"maxOldGenerationSizeMb":128,"codeRangeSizeMb":-1,"stackSizeMb":4}},{"type":"quiescent","at":1369.8331,"role":"worker","ordinal":1},{"type":"publication-interruption","at":1425.7667,"code":"MO1307_CANCELLED","phase":"COMMIT_IN_PROGRESS"},{"type":"terminal","at":2258.0284,"code":"MO1307_OUTPUT","stage":"PUBLICATION"}]},"failure":"MO1307_OUTPUT","exitCode":21,"stdoutBytes":0,"failureCleanupDeadline":4257.1231}
✔ FCLI actual queued rename awaits settlement after cancellation (1143.385ms)
✔ PWAIT terminal cancellation prevents late advancement after mkdir (72.9048ms)
✔ PWAIT terminal cancellation prevents late advancement after sync (81.5654ms)
✔ PWAIT terminal cancellation prevents late advancement after final-open (81.454ms)
# STDOUT_DISPOSITION {"mode":"timeout","delivered":353,"snapshot":{"kind":"cli","deadline":32614.9364,"helpers":0,"workers":1,"helperUsedMs":0,"activeRole":null,"cleanupConfirmed":true,"publication":{"phase":"COMMITTED","admitted":true,"deadlineExpiredAfterAdmission":true,"cancelledAfterAdmission":false,"namespaceVerified":true,"dispositionDeadline":4776.2752},"terminalCode":"MO1307_OUTPUT","terminalAt":32632.9643,"cleanupDeadline":34632.9643,"events":[{"type":"start","at":2660.762,"role":"worker","deadline":12660.7216,"ordinal":1},{"type":"observation","at":2661.5409,"role":"worker","threadId":3,"resourceLimits":{"maxYoungGenerationSizeMb":16,"maxOldGenerationSizeMb":128,"codeRangeSizeMb":-1,"stackSizeMb":4}},{"type":"quiescent","at":2756.1483,"role":"worker","ordinal":1},{"type":"publication-transport","at":2778.0064},{"type":"publication-interruption","at":32632.8317,"code":"MO1307_TIMEOUT","phase":"COMMITTED"},{"type":"terminal","at":32633.0026,"code":"MO1307_OUTPUT","stage":"PUBLICATION"}]}}
✔ FCLI post-commit stalled stdout timeout retains final and one transport allowance (219.2958ms)
# STDOUT_DISPOSITION {"mode":"cancellation","delivered":353,"snapshot":{"kind":"cli","deadline":32833.8345,"helpers":0,"workers":1,"helperUsedMs":0,"activeRole":null,"cleanupConfirmed":true,"publication":{"phase":"COMMITTED","admitted":true,"deadlineExpiredAfterAdmission":false,"cancelledAfterAdmission":true,"namespaceVerified":true,"dispositionDeadline":5009.606},"terminalCode":"MO1307_OUTPUT","terminalAt":3042.6391,"cleanupDeadline":5042.6391,"events":[{"type":"start","at":2882.1039,"role":"worker","deadline":12882.082,"ordinal":1},{"type":"observation","at":2882.7067,"role":"worker","threadId":4,"resourceLimits":{"maxYoungGenerationSizeMb":16,"maxOldGenerationSizeMb":128,"codeRangeSizeMb":-1,"stackSizeMb":4}},{"type":"quiescent","at":2983.5872,"role":"worker","ordinal":1},{"type":"publication-transport","at":3010.7611},{"type":"publication-interruption","at":3042.5383,"code":"MO1307_CANCELLED","phase":"COMMITTED"},{"type":"terminal","at":3042.664,"code":"MO1307_OUTPUT","stage":"PUBLICATION"}]}}
✔ FCLI post-commit stalled stdout cancellation retains final and one transport allowance (233.812ms)
✔ R01 api exact absolute deadline and equality (4.1954ms)
✔ R01 cli exact absolute deadline and equality (0.3786ms)
✔ R02 earlier cancellation stays terminal after deadline (0.3754ms)
✔ R03 timeout wins simultaneous first cancellation observation (0.4068ms)
✔ R04 preaborted signal prevents any launch (0.9742ms)
✔ R05 monotonic decreasing clock rejects (0.3653ms)
✔ R06 API cannot launch helper (0.3423ms)
✔ R07 helper deadline includes all active time; equality rejects (0.787ms)
✔ R08 aggregate deadline does not reset across helpers (0.7926ms)
✔ R09 worker time is excluded from helper aggregate but inside overall (0.4712ms)
✔ R10 helper overlap is terminal and cleans prior owned role (0.54ms)
✔ R11 helper and worker cannot overlap (0.4325ms)
✔ R12 frame alone cannot advance before actual close (54.2112ms)
✔ R13 launch uses only fixed executable/script/environment and no shell (1.1258ms)
✔ R14 helper trailing byte fails closed (13.0568ms)
✔ R14 helper extra frame fails closed (17.079ms)
✔ R14 helper debug stdout fails closed (1.6454ms)
✔ R14 helper truncated frame fails closed (15.323ms)
✔ R14 helper oversized prefix fails closed (1.4843ms)
✔ R14 helper stderr overflow fails closed (1.8468ms)
✔ R14 helper nonzero exit fails closed (12.8779ms)
✔ R15 cancellation in launch terminates and ignores later valid frame (1.9726ms)
✔ R16 cancellation during transport cleans child (14.7036ms)
✔ R17 fixed actual worker has empty environment and exact heap intent (40.1948ms)
✔ R18 successful worker result waits for termination (145.6156ms)
✔ R19 actual worker crash fails closed (47.9778ms)
✔ R19 actual worker duplicate fails closed (41.8151ms)
✔ R19 actual worker stdout fails closed (36.7028ms)
✔ R20 cancellation actually terminates CPU-bound worker thread (56.5605ms)
✔ R21 production worker executes accepted 2A/2B and confirms quiescence (262.2867ms)
✔ R22 adapter matches closed 2A handoff; operational/session fields excluded (0.4273ms)
✔ R23 verify evidence seam excludes result and decision bytes (0.1994ms)
✔ R24 malformed decision uses dedicated mismatch, cap uses resource (0.3815ms)
✔ R25 actual worker policy denies filesystem/network/process/module escape imports (68.7062ms)
✔ R26 cancellation preempts pending publication promise without another role (1.0884ms)
✔ R27 late publication promise cannot restore terminal success (0.3934ms)
✔ SUP01 post-rename TIMEOUT returns OUTPUT and retains exact committed result (215.5146ms)
✔ SUP01 post-rename CANCELLED returns OUTPUT and retains exact committed result (164.2172ms)
✔ SUP02 verify stdout backpressure times out without product filesystem changes (158.6333ms)
✔ SUP03 input root identity change between helper slots fails closed (19.058ms)
✔ SUP04 physical file alias across bootstrap slots is rejected despite distinct paths (15.8425ms)
✔ SUP05 malformed external decision rejects without stdout or changes (204.6453ms)
✔ SUP06 wrong external decision proof binding rejects (199.973ms)
✔ SUP07 contrary APPROVE preserves not-ready and reports unverified authenticity (204.5876ms)
✔ SUP07 contrary APPROVE preserves could-not-evaluate and reports unverified authenticity (197.3884ms)
✔ SUP08 slot4 output inspection ERROR maps to frozen OUTPUT before worker (44.4351ms)
✔ SURFACE evaluate nine slots exact bytes/summary/exit ready (210.6435ms)
✔ SURFACE evaluate nine slots exact bytes/summary/exit qualified (169.5118ms)
✔ SURFACE evaluate nine slots exact bytes/summary/exit not-ready (176.7338ms)
✔ SURFACE evaluate nine slots exact bytes/summary/exit could-not-evaluate (174.8358ms)
✔ SURFACE verify four slots exit0 no writes (142.6478ms)
✔ SURFACE decision transport downstream and authenticity retained (188.7008ms)
✔ SURFACE verify altered supplied result rejects before stdout (149.8079ms)
✔ SURFACE tag observations transported as original bytes without Git (86.1996ms)
✔ SURFACE determinism across random sessions and output roots (326.8072ms)
✔ SURFACE complete text output (179.7341ms)
✔ SURFACE post-rename stdout failure returns OUTPUT retains committed result (154.1891ms)
✔ SURFACE cancellation before worker no directory publication (41.4539ms)
✔ SURFACE cancellation before final inspection retains pending (159.2806ms)
✔ SURFACE 2B to 2A adapter selects exact handoff fields (0.3653ms)
✔ API admission wrong argument (0.5714ms)
✔ API admission shared array (7.954ms)
✔ API admission duplicate file ID (9.2492ms)
✔ API admission oversized candidate (7.3017ms)
✔ API admission unknown property (0.212ms)
✔ API admission wrong pin (0.1323ms)
✔ API snapshots all bytes before asynchronous work (9.4194ms)
✔ API caller mutation after entry cannot affect worker (283.6922ms)
✔ API missing declared file rejects (10.3923ms)
✔ API abort before entry is terminal (0.3236ms)
✔ API abort during worker terminates (18.0134ms)
✔ API public evaluate and verify execute accepted integrated semantics (569.1765ms)
✔ CLI dispatch "" (0.597ms)
✔ CLI dispatch "unknown" (0.0978ms)
✔ CLI dispatch "constructor" (0.0901ms)
✔ CLI dispatch "toString" (0.0586ms)
✔ CLI dispatch "__proto__" (0.0584ms)
✔ CLI dispatch "Evaluate" (0.0607ms)
✔ CLI negative missing command (0.0954ms)
✔ CLI negative missing flag (0.0911ms)
✔ CLI negative duplicate flag (0.0626ms)
✔ CLI negative unknown flag (0.0563ms)
✔ CLI negative unsafe path (0.3214ms)
✔ CLI negative overlong argument (0.112ms)
# TIMER_WITNESS [{"name":"success-a","observedTimers":5,"remainingTimers":0,"serverOrWatcherResources":0,"callbacksAfterSettlement":0,"outcome":"COMMITTED","activeRole":null},{"name":"write-failure","observedTimers":4,"remainingTimers":0,"serverOrWatcherResources":0,"callbacksAfterSettlement":0,"outcome":"MO1307_OUTPUT","activeRole":null},{"name":"write-cancellation","observedTimers":4,"remainingTimers":0,"serverOrWatcherResources":0,"callbacksAfterSettlement":0,"outcome":"MO1307_CANCELLED","activeRole":null},{"name":"rename-failure","observedTimers":6,"remainingTimers":0,"serverOrWatcherResources":0,"callbacksAfterSettlement":0,"outcome":"MO1307_OUTPUT","activeRole":null},{"name":"post-admission-cancellation","observedTimers":6,"remainingTimers":0,"serverOrWatcherResources":0,"callbacksAfterSettlement":0,"outcome":"MO1307_OUTPUT","activeRole":null},{"name":"stalled-write-cancellation","observedTimers":3,"remainingTimers":0,"serverOrWatcherResources":0,"callbacksAfterSettlement":0,"outcome":"MO1307_CANCELLED","activeRole":null},{"name":"success-b","observedTimers":5,"remainingTimers":0,"serverOrWatcherResources":0,"callbacksAfterSettlement":0,"outcome":"COMMITTED","activeRole":null}]
✔ N24-C invocation timers clear after success, write/rename failure and pre/post-admission cancellation including a stalled write; no server, watcher or cross-run callbacks (436.0213ms)
✔ D01 actual integrated evaluation and independent verify: could-not-evaluate (438.519ms)
✔ D01 actual integrated evaluation and independent verify: history-blocker-unavailable (364.1175ms)
✔ D01 actual integrated evaluation and independent verify: informational-ready (387.9259ms)
✔ D01 actual integrated evaluation and independent verify: metadata-only (361.9729ms)
✔ D01 actual integrated evaluation and independent verify: mixed-precedence (358.9825ms)
✔ D01 actual integrated evaluation and independent verify: mo1306-qualified (2085.7998ms)
✔ D01 actual integrated evaluation and independent verify: not-ready (426.2064ms)
✔ D01 actual integrated evaluation and independent verify: post-tag-absent (395.7964ms)
✔ D01 actual integrated evaluation and independent verify: post-tag-lightweight (382.1638ms)
✔ D01 actual integrated evaluation and independent verify: post-tag-ready (408.9363ms)
✔ D01 actual integrated evaluation and independent verify: post-tag-wrong-target (394.6092ms)
✔ D01 actual integrated evaluation and independent verify: pre-tag-present (397.0618ms)
✔ D01 actual integrated evaluation and independent verify: qualified (407.8449ms)
✔ D01 actual integrated evaluation and independent verify: ready (383.3773ms)
✔ D01 actual integrated evaluation and independent verify: rest-qualified (289.7782ms)
✔ D01 actual integrated evaluation and independent verify: selective-reuse (361.3729ms)
✔ D02 all four states and blocker-over-CNE precedence survive the actual pipeline (454.264ms)
✔ D03 adapter has exactly the accepted closed fields and never uses diagnostics as authority (150.0001ms)
✔ D04 MO1306 all nineteen source rows and twelve negative projections remain exact (443.7197ms)
✔ D05 MO1306 provider axes and ten disclosures retain their exact released limitations (435.7004ms)
✔ D06 MO1306 raw configuration lineage survives integration and original omission still rejects (231.5188ms)
✔ D07 verified historical applicability blocks an unavailable mandatory gate without erasing CNE (83.3002ms)
✔ D08 REST authority remains separate with mandatory same-host qualification and no providers (67.4006ms)
✔ D09 human decision binding is downstream and never changes readiness: ready/APPROVE (201.6995ms)
✔ D09 human decision binding is downstream and never changes readiness: ready/REJECT (202.6672ms)
✔ D09 human decision binding is downstream and never changes readiness: ready/DEFER (208.5289ms)
✔ D09 human decision binding is downstream and never changes readiness: qualified/APPROVE (216.4041ms)
✔ D09 human decision binding is downstream and never changes readiness: not-ready/APPROVE (193.082ms)
✔ D10 mismatched human decision rejects: candidateDigest (192.2115ms)
✔ D10 mismatched human decision rejects: readinessDigest (200.6972ms)
✔ D10 mismatched human decision rejects: proofBindingDigest (200.5642ms)
✔ D11 tag-stage facts yield exact mandatory blockers and never execute Git (540.019ms)
✔ D12 integrated operational failure remains an error: candidate substitution (6.0941ms)
✔ D12 integrated operational failure remains an error: trust-root mismatch (5.0691ms)
✔ D12 integrated operational failure remains an error: raw-source tamper (20.8965ms)
✔ D12 integrated operational failure remains an error: claim tamper under an old grant (44.7426ms)
✔ D12 integrated operational failure remains an error: grant substitution (44.5398ms)
✔ D12 integrated operational failure remains an error: stale dependency (42.9556ms)
✔ D12 integrated operational failure remains an error: history rewrite with intact grant (218.9884ms)
✔ D12 integrated operational failure remains an error: history PASS fabrication (317.9368ms)
✔ D12 integrated operational failure remains an error: qualification omission (76.7593ms)
✔ D12 integrated operational failure remains an error: provider false hosted promotion (410.5017ms)
✔ D12 integrated operational failure remains an error: dangling authority reference (44.1713ms)
✔ D12 integrated operational failure remains an error: profile substitution (10.6985ms)
✔ D12 integrated operational failure remains an error: path traversal rejected by the frozen manifest schema (13.1147ms)
✔ D13 result verification independently rechecks original raw bytes before trusting a valid result (21.9132ms)
✔ D14 self-consistent changed readiness passes evidence-only support but fails integrated recomputation (191.3781ms)
✔ D15 supplied result digest tamper rejects: readinessDigest (93.6666ms)
✔ D15 supplied result digest tamper rejects: proofBindingDigest (94.9504ms)
✔ D16 self-consistent result history or qualification omission cannot hide behind repaired hashes (906.2588ms)
✔ D17 derived graph is candidate-rooted, authority-rooted, closed and bounded (632.7195ms)
✔ D18 no supplied cyclic or dangling graph can replace independently derived evidence (177.7228ms)
✔ D19 repeated calls and nonsemantic object/map insertion order preserve exact normative bytes (329.7709ms)
✔ D20 signed set ordering is preserved rather than silently normalized during integration (23.2187ms)
✔ D21 metadata affects exact proof audit while leaving all readiness semantics byte-identical (175.7754ms)
✔ D22 selective reuse stays explicit and relevant changes fail before readiness computation (131.2024ms)
✔ D23 evidenceInput strips only known verification transport fields and adds no authority (8.1931ms)
✔ D24 integrated preflight preserves accepted authority-before-semantic error priority (96.8751ms)
ℹ tests 639
ℹ suites 0
ℹ pass 639
ℹ fail 0
ℹ cancelled 0
ℹ skipped 0
ℹ todo 0
ℹ duration_ms 123016.7079
