✔ package bin resolves to the production executable entry (8.0174ms)
✔ production CLI depends on the SDK facade and no lower platform layer (5.745ms)
✔ CLI output preserves direct SDK transition truth (2872.8227ms)
✔ Regression output is the exact public SDK report (2819.7109ms)
✔ Investigation navigation output is the exact public SDK result (3284.8944ms)
✔ version and help expose the deterministic supported command surface (21740.9731ms)
✔ argument failures are stable, non-interactive, and use exit code 1 (30875.3337ms)
✔ observe requires explicit deterministic files and emits stable summaries (5594.2115ms)
✔ input validation failures use exit code 2 and deterministic JSON (7964.967ms)
✔ all documented exit-code classes are observable (9118.6716ms)
✔ history grammar enumerations equal the SDK contract and the fixed usage message (1.3791ms)
✔ every valid history command fails closed and writes nothing (16410.0576ms)
✔ history grammar rejects malformed commands with MO1308_USAGE (51902.0273ms)
✔ history human errors carry the history code and the fixed message (1197.4889ms)
✔ history help lists the exact frozen grammar (1188.7385ms)
✔ non-history error envelopes are unchanged (no historyCode) (1288.4719ms)
✔ history grammar performs no I/O, starts no process and reads no clock (R35, R37) (4.4382ms)
✔ CCA-MOS-CLI-004: every command emits deterministic human output through the production CLI (113415.9145ms)
✔ investigate delegates raw and enveloped Regression Reports with stable JSON (9079.1584ms)
✔ investigate selects Evidence, Reflection, Retrieval, and Evolution through the SDK (7604.1402ms)
✔ investigate selects Replay, Transition, and Verification facts exactly (4436.2309ms)
✔ investigate rejects invalid grammar, reports, categories, and selector combinations (15759.4459ms)
✔ investigate remains bounded for a complete deterministic Regression Report (2551.3198ms)
✔ verify delegates valid and invalid package truth with exit code 3 on failure (6608.2793ms)
✔ import and inspect expose the same deterministic SDK investigation metadata (4052.7331ms)
✔ trace requires and preserves one exact package Trace selector (3944.2672ms)
✔ replay applies repeated SDK actions in caller order and is deterministic (6698.9426ms)
✔ compare uses one package, completes its Replay, and enters exact Evolution (7522.9441ms)
✔ regression delegates two packages to the SDK and preserves deterministic report truth (4705.7669ms)
✔ regression reports identical packages and accepts at most one stdin operand (7534.5638ms)
✔ export is a byte-for-byte SDK round trip for files and stdout (5172.0981ms)
✔ package stdin supports non-interactive verification and import (3764.6821ms)
✔ invalid package import is reported as a package error (2275.6176ms)
✔ policy namespace exposes exactly the seven frozen commands (11599.0912ms)
✔ unexpected Policy operational failure maps to exit 5 and the exact JSON semantic projection (5.4807ms)
✔ validate, digest, identities, and presentation envelopes preserve frozen bytes (9428.7023ms)
✔ evaluate preserves PASS, FAIL, CNE, exact artifacts, and outcome-last generation (12702.7875ms)
✔ all detached inspections and both verification modes remain SDK-owned (18910.86ms)
✔ policy transport rejects collisions, multiple stdin inputs, URLs, and output-only stdin (9536.0996ms)
✔ session preserves opaque checkpoints and restores exact SDK state (7440.8826ms)
✔ checkpoint names cannot restore across live CLI sessions (3583.5531ms)
✔ session executes Trace, complete Replay, and Compare in one live SDK (7886.8095ms)
✔ session can verify and byte-preserving export through the SDK (2470.1366ms)
✔ native observations fail export safely without fabricating a MIP (2411.3973ms)
✔ session accepts a workflow file and fails malformed JSON deterministically (3717.5845ms)
ℹ tests 45
ℹ suites 0
ℹ pass 45
ℹ fail 0
ℹ cancelled 0
ℹ skipped 0
ℹ todo 0
ℹ duration_ms 460997.5277
