✔ EO1 every MO-1306/MO-1307 J-canonical fixture equals JCS plus one trailing LF (437.0672ms)
✔ EO1 MO-1306 and MO-1307 J serialize every fixture value in their domain exactly as JCS plus LF (664.1397ms)
✔ EO1 boundary vectors: key order, escapes, integers and nesting agree (1.0516ms)
✔ EO2 inspectRegressionReport accepts a genuine report and returns its Standard identity (84.6695ms)
✔ EO2 inspectRegressionReport rejects identifier and content tampering (56.7039ms)
✔ EO2 identity is integrity, not origin: a self-consistent recomputed forgery is accepted (36.2593ms)
✔ EO3 released SDK copies are byte-identical to the SDK released at memoryos-1.3-mo1302 (187.6946ms)
✔ EO3 the workspace verifier pins the MO-1302 vendored runtime to its release, not to current source (6269.7183ms)
✔ WC01 unchanged Action passes the corrected check (1509.2077ms)
✔ WC02 one-byte SDK or CLI source edits now pass; the replaced rule rejected them (0.415ms)
✔ WC03 any bundled byte change fails (0.2627ms)
✔ WC04 a bundled change with a consistently rewritten manifest still fails on the released manifest (0.1933ms)
✔ WC05 an added or removed bundled file fails (0.1804ms)
✔ WC06 a manifest that no longer matches the released bytes fails (0.2081ms)
✔ WC07 the tag exists, is annotated and peels to the commit the MO-1302 records name (446.7743ms)
✔ WC08 every pin equals the exact blob at the release tag (14511.384ms)
✔ WC09 the released Action bytes are unchanged since the tag (R32) (229.252ms)
✔ WC10 the correction replaces only the source comparison (240.1323ms)
✔ WC11 every other verifier check reports exactly as before the correction (2060.4356ms)
ℹ tests 19
ℹ suites 0
ℹ pass 19
ℹ fail 0
ℹ cancelled 0
ℹ skipped 0
ℹ todo 0
ℹ duration_ms 28985.3948
