✔ C01 frozen public exports contain exactly two async functions (2.0589ms)
✔ C02 closed counts and every frozen exit (0.7435ms)
✔ C03 deterministic key order includes numeric-looking ASCII keys (0.717ms)
✔ C04 Unicode scalars are not normalized or escaped unnecessarily (1.3844ms)
✔ C05 parser duplicate-key (0.2847ms)
✔ C05 parser escaped-duplicate-key (0.22ms)
✔ C05 parser unknown-token (0.1464ms)
✔ C05 parser negative-zero (0.1864ms)
✔ C05 parser negative-integer (0.1361ms)
✔ C05 parser fraction (0.2005ms)
✔ C05 parser exponent (0.1329ms)
✔ C05 parser unsafe-integer (0.1615ms)
✔ C05 parser leading-zero (0.114ms)
✔ C05 parser unpaired-surrogate (0.097ms)
✔ C05 parser control-string (0.0733ms)
✔ C05 parser del-string (0.0748ms)
✔ C05 parser non-ascii-key (0.0794ms)
✔ C05 parser trailing-garbage (0.0694ms)
✔ C05 parser trailing-comma (0.0705ms)
✔ C05 parser empty-document (0.0844ms)
✔ C05 parser noncanonical-spaces (0.1249ms)
✔ C05 parser missing-lf (0.0847ms)
✔ C05 parser double-lf (0.0889ms)
✔ C05 parser key-order (0.0947ms)
✔ C05 parser unnecessary-escape (0.0773ms)
✔ C05 parser escaped-solidus (0.0708ms)
✔ C05 parser crlf (0.0681ms)
✔ C06 invalid UTF-8 and BOM reject (0.2116ms)
✔ C07 depth limit admits16 and rejects17 (0.3207ms)
✔ C08 members/key/string exact boundaries (0.9735ms)
✔ C09 total values boundary and bounded copy (147.1999ms)
✔ C10 shared buffers/accessors/sparse arrays/cycles/undefined reject (0.5181ms)
✔ C11 SHA256 raw/claim/candidate identity and independent proof layer (0.3309ms)
✔ C12 every error has immutable fields and fixed safe diagnostic (1.859ms)
✔ C13 errors select numeric exit then ASCII reference within a phase (0.3914ms)
✔ C14 exact configuration accepted and unknown fields/profiles/versions rejected (1.8295ms)
✔ C15 no discovery or output/trust fields in configuration (0.5974ms)
✔ C16 deterministic blocker ID excludes mutable claim provenance (0.3755ms)
✔ C17 error schema is closed and operational outcomes are not readiness states (0.3061ms)
✔ C18 public entry points reject malformed input and prior cancellation (1.8343ms)
✔ C19 shared definitions are deeply immutable (0.1541ms)
✔ C20 generated definitions equal source canonical bytes (3.0317ms)
✔ C21 serializer stops at byte budget before expansive allocation (29.5794ms)
✔ C22 arrays reject hidden properties without reading getters (0.4243ms)
✔ C23 admission errors precede restrictive schema predicates (12.5707ms)
✔ C24 nested evidence version and coverage mappings (0.9645ms)
✔ C25 profile product mismatch precedes schema INPUT (0.5346ms)
✔ C26 defensive internal cycle has GRAPH_CYCLE and bound has GRAPH_LIMIT (40.2628ms)
✔ C27 configuration errors precede evidence acquisition errors (20.8217ms)
✔ C28 API holder shape rejects getters/symbols/hidden fields safely (11.4307ms)
✔ C29 well formed bundle traverses integrated verifier and readiness worker (328.5506ms)
✔ C30 malformed verification versions use their own mismatch categories (6.1897ms)
✔ C31 reference aggregation rejects empty vectors and dangling CNE (5.59ms)
✔ C32 provider representation cannot assert hosted certificate without vectors (0.5598ms)
✔ C33 malformed nested verification records preserve mismatch code and reference (11.381ms)
✔ C34 nested authority profile errors use PROFILE_MISMATCH during bootstrap (23.5563ms)
✔ C35 verification shape remapping does not hide admission limits (16.8052ms)
✔ C36 known lower GitHub minimum remains valid without fabricated hosted cases (0.5853ms)
✔ fixture catalog is finite, complete and matches independent exact-byte SHA-256 (71.538ms)
✔ 476 non-parser fixture records match closed schema and local foundation classifications (2266.9987ms)
✔ nine malformed byte/parser vectors reject with exact operational codes (1.7282ms)
✔ focused Phase 1 negative fixtures use the appropriate foundation seam (19.1627ms)
✔ all sixteen complete bundles pass snapshot, pin and byte-integrity foundations (469.4872ms)
✔ reference aggregation retains all records and realizes all four readiness states (38.0995ms)
✔ canonical result identities and summaries match exact independently constructed fixture bytes (868.7247ms)
✔ all fourteen evidence types and six graph node / five edge types have canonical positives (18.8439ms)
✔ MO-1306 preserves actual production, BF, tag, package and all nineteen source history rows (50.0025ms)
✔ MO-1306 provider limitations and ten disclosures cannot silently become hosted certification (8.0436ms)
✔ metadata-only proof changes and selective dependency reuse keep separate identities (9.5255ms)
✔ human decision bindings leave all readiness and proof bytes unchanged (155.8361ms)
✔ tag fixtures distinguish pre/post stage predicates from operational tampering (15.1074ms)
✔ future semantic negatives are classified without claiming a Phase 2 verifier exists (23.6395ms)
✔ N01 pinned native runtime and fixed PowerShell installation (8.2911ms)
✔ N02 closed CLI commands and defaults (1.14ms)
✔ N03 prototype-sensitive and invented commands reject as usage (0.5521ms)
✔ N04 duplicate unknown missing extra flags reject (0.327ms)
✔ N05 forbidden runtime environment and Node options reject before I/O (0.2737ms)
✔ N04b inspectable configuration path failures select lowest logical ID (0.364ms)
✔ N06 relative lexical boundaries and hostile spellings (0.4822ms)
✔ N07 absolute roots full paths overlap and case aliases (1.0856ms)
✔ N08 identity policy rejects any reparse flag hardlink wrong type and changes (1.6274ms)
✔ N09 helper canonical round-trip and closed operation fields (4.1264ms)
✔ N10 helper frame prefix truncation trailing data and caps (0.834ms)
✔ N11 helper sorted explicit allowlist path and per-file boundaries (1.5859ms)
✔ N12 acquisition needs four serial exits and invalid overlap or retry is terminal (5.2694ms)
✔ N13 helper response exact snapshot identity and base64 validation (1.3396ms)
✔ N14 helper decoded aggregate boundary and +1 (266.3272ms)
✔ N15 native fixed PowerShell snapshots and checked inspection sanitization (14750.3846ms)
✔ N16 native helper rejects hostile operation extra fields and oversized frame (3441.6267ms)
✔ N17 native CLI evaluates and publishes exact integrated result (17863.4743ms)
✔ N18 publication exclusive create exact pending and single-file commit (71.0124ms)
✔ N19 existing final destination never replaced and pending retained (46.1991ms)
✔ N20 pending collision and mutation fail closed without cleanup (75.2918ms)
✔ N21 publication byte ceiling boundary and +1 before write (83.1956ms)
✔ N22 branded framed inspection required and identity change rejects (28.261ms)
✔ N23 primitive late checkpoint prevents rename and retains pending (37.2886ms)
✔ N24 foundation retains no-network and fixed orchestration boundaries (9.0662ms)
✔ package metadata and deterministic nonrecursive bindings (427.908ms)
✔ unexpected member is rejected without refreshing the binding (201.0095ms)
✔ changed shipped source fails exact distribution binding (225.2211ms)
✔ schema drift cannot be hidden by rebuilding manifests (188.7606ms)
✔ constants drift cannot be hidden by rebuilding manifests (220.39ms)
✔ dependencies, lifecycle hooks, extra exports and traversal allowlist are rejected (818.158ms)
✔ network and external imports are rejected before manifest regeneration (612.3288ms)
✔ missing fixed helper and mutated manifest rows are rejected (665.861ms)
✔ A01 exact independent Phase 1 result and summary bytes: could-not-evaluate (82.1111ms)
✔ A01 exact independent Phase 1 result and summary bytes: history-blocker-unavailable (77.8114ms)
✔ A01 exact independent Phase 1 result and summary bytes: informational-ready (67.4681ms)
✔ A01 exact independent Phase 1 result and summary bytes: metadata-only (57.1811ms)
✔ A01 exact independent Phase 1 result and summary bytes: mixed-precedence (59.3896ms)
✔ A01 exact independent Phase 1 result and summary bytes: mo1306-qualified (248.5959ms)
✔ A01 exact independent Phase 1 result and summary bytes: not-ready (49.5302ms)
✔ A01 exact independent Phase 1 result and summary bytes: post-tag-absent (51.6102ms)
✔ A01 exact independent Phase 1 result and summary bytes: post-tag-lightweight (50.6967ms)
✔ A01 exact independent Phase 1 result and summary bytes: post-tag-ready (47.5674ms)
✔ A01 exact independent Phase 1 result and summary bytes: post-tag-wrong-target (47.9517ms)
✔ A01 exact independent Phase 1 result and summary bytes: pre-tag-present (50.8023ms)
✔ A01 exact independent Phase 1 result and summary bytes: qualified (51.3225ms)
✔ A01 exact independent Phase 1 result and summary bytes: ready (64.7844ms)
✔ A01 exact independent Phase 1 result and summary bytes: rest-qualified (52.025ms)
✔ A01 exact independent Phase 1 result and summary bytes: selective-reuse (51.6637ms)
✔ A02 core consumes claims rather than caller gate states and retains complete compiled profile (77.9095ms)
✔ A03 coverage FAIL and UNEVALUABLE drive mandatory artifact (89.7597ms)
✔ A03 coverage FAIL and UNEVALUABLE drive mandatory binding (86.3204ms)
✔ A03 coverage FAIL and UNEVALUABLE drive mandatory history (96.5792ms)
✔ A03 coverage FAIL and UNEVALUABLE drive mandatory provenance (94.0887ms)
✔ A03 coverage FAIL and UNEVALUABLE drive mandatory provider.azure (77.3257ms)
✔ A03 coverage FAIL and UNEVALUABLE drive mandatory provider.generic (86.1549ms)
✔ A03 coverage FAIL and UNEVALUABLE drive mandatory provider.github (85.8591ms)
✔ A03 coverage FAIL and UNEVALUABLE drive mandatory provider.gitlab (89.355ms)
✔ A03 coverage FAIL and UNEVALUABLE drive mandatory provider.jenkins (89.8444ms)
✔ A03 coverage FAIL and UNEVALUABLE drive mandatory resources (81.6702ms)
✔ A03 coverage FAIL and UNEVALUABLE drive mandatory sbom (107.3123ms)
✔ A03 coverage FAIL and UNEVALUABLE drive mandatory scope (172.16ms)
✔ A03 coverage FAIL and UNEVALUABLE drive mandatory security (113.8401ms)
✔ A03 coverage FAIL and UNEVALUABLE drive mandatory semantic (103.0825ms)
✔ A03 coverage FAIL and UNEVALUABLE drive mandatory supply (118.1168ms)
✔ A03 coverage FAIL and UNEVALUABLE drive mandatory tag (97.4384ms)
✔ A03 coverage FAIL and UNEVALUABLE drive mandatory windows (95.979ms)
✔ A04 REST coverage failures retain same-host limitation (37.5054ms)
✔ A05 unavailable MISSING is CNE with exact reason (93.9745ms)
✔ A05 unavailable AUTHORITY_UNAVAILABLE is CNE with exact reason (119.0028ms)
✔ A05 unavailable STALE is CNE with exact reason (125.7978ms)
✔ A05 unavailable UNEVALUABLE is CNE with exact reason (107.4356ms)
✔ A06 unavailable provider leaves optional observation empty without fabricating certification (129.6299ms)
✔ A07 blockers dominate independent CNE and qualifications without erasing any finding (147.0304ms)
✔ A08 CNE dominates release qualification and informational-only stays READY (269.9329ms)
✔ A09 known provider minimum failures remain blockers, including simultaneous coverage and CNE (714.1033ms)
✔ A10 Generic real execution requirement is independent of coverage verdict (125.8708ms)
✔ A11 false hosted promotion and required provider disclosure omission are rejected (72.2475ms)
✔ A12 scope qualification union rejects missing, extra, weakened and conflicting records (164.2718ms)
✔ A13 identical qualification carriers share one result with every claim and grant reference (120.9729ms)
✔ A14 missing scope or history retains known records and defers only completeness (518.8345ms)
✔ A15 preserved history remains negative; observed recurrence blocks active mandatory gates (418.7635ms)
✔ A16 currently applicable history and duplicate recurrence produce one exact blocker (82.7284ms)
✔ A17 all applicable tag predicates are collected; absent post-tag fabricates no target failure (243.9723ms)
✔ A18 expected negative Policy and operational outcomes remain accepted semantic certification (74.6693ms)
✔ A19 metadata-only proof change preserves readiness and invalidates old external decision (215.6918ms)
✔ A20 nonsemantic input collection order and repeated calls preserve exact result bytes (1125.1446ms)
✔ A21 new metadata proof is distinct from normative changed qualification identity (170.1719ms)
✔ A22 exact comparison rejects existing altered and self-hashed false result fixtures (581.6872ms)
✔ A23 result recomputation rejects self-consistent alterations of each normative projection (1976.3513ms)
✔ A24 V18 retains exact five providers, ten disclosures, twelve negative history rows and human actions (345.0227ms)
✔ A25 history count 128 is retained exactly and 129 is a resource error (195.5098ms)
✔ A26 global qualification union 128 is complete and 129 cannot be truncated (245.0199ms)
✔ A27 128 unique historical blockers are complete and one additional known failure rejects (275.9338ms)
✔ A28 EVALUATION numeric and logical-reference precedence is independent of collection order (186.9927ms)
✔ A29 projection boundary rejects caller gate vectors, accessors and unknown profiles (55.7139ms)
✔ A30 returned proof input uses the exact independent nonrecursive binding shape (99.0084ms)
✔ A31 all twelve external human decisions bind computed results without changing readiness (2008.273ms)
✔ A32 every one of seven qualification codes is retained with its frozen impact (546.8857ms)
✔ A33 complete blocker CNE qualification cross-product follows frozen precedence and retains all lists (561.1522ms)
✔ A34 permutations preserve exact gate blocker qualification history JSON and text bytes (926.7533ms)
✔ A35 comparison rejects omitted mandatory CNE and substituted candidate profile or identity digest (328.3085ms)
✔ A36 static pure-core import closure excludes acquisition execution network and ambient selectors (6.021ms)
✔ A37 coverage missing duplicate cross-partition or contradictory verdict uses INTEGRITY (43.9019ms)
✔ A38 nested candidate accessor is rejected before calling user code (6.0662ms)
✔ A39 informational qualification on an inactive gate remains global without activating that gate (132.5783ms)
✔ A40 preserved-history qualification must match exact condition and affected gates (323.0213ms)
✔ A41 unavailable scope never exempts locally invalid or omitted required provider qualifications (59.5532ms)
✔ A42 minimum-met contradictory qualified support is an error; lower minimum unsupported facts are blockers (177.4409ms)
✔ A43 known history only contributes blockers to active mandatory affected gates (61.1638ms)
✔ A44 conflicting qualification scope errors choose the smallest logical ID regardless of carrier order (64.7025ms)
✔ A45 REST unevaluable required coverage yields CNE with same-host qualification retained (116.5841ms)
✔ result boundary: exactly 4 MiB is retained and +1 is OUTPUT/EVALUATION (1328.3954ms)
✔ text boundary: exactly 128 KiB is complete and +1 is OUTPUT/EVALUATION (661.1875ms)
✔ result/proof/input snapshots do not share mutable output objects (27.445ms)
✔ global derived counts reject 128+1 before malformed rows or byte sizing (6.7412ms)
✔ result construction cannot promote a blocked aggregate to READY (5.7351ms)
✔ A01 all sixteen frozen bundles produce only verified claims and exact independent graph/audit identities (1430.3392ms)
✔ A02 operator authority pin is separate and rejects an independently wrong trust root (17.6003ms)
✔ A03 an evidence-controlled authority mutation cannot select its own new pin (6.4247ms)
✔ A04 raw source bytes and raw length are verified independently of intact claim identity (40.0483ms)
✔ A05 raw manifest identity and envelope hash cannot be repaired by a self-consistent claim hash (37.063ms)
✔ A06 exact canonical claim digest is recomputed under an intact reviewed envelope grant (27.3567ms)
✔ A07 ungranted external evidence cannot satisfy a gate (29.3507ms)
✔ A08 unknown evidence type and evidence version fail closed (44.1331ms)
✔ A09 granting the wrong existing claim for a compiled gate is rejected (27.3416ms)
✔ A10 exact grant source IDs cannot substitute or omit the envelope lineage (27.5343ms)
✔ A11 source bytes cannot appoint themselves as authority provenance (25.108ms)
✔ A12 authority source Git fields, classification, length, hash and released target bind exactly (319.8381ms)
✔ A13 candidate, manifest and independently reviewed component/contract closures cannot be substituted (87.1649ms)
✔ A14 whole-candidate claims cannot use an earlier candidate root (30.2775ms)
✔ A15 a manifest cannot relabel a claim origin or dependency identity (51.0584ms)
✔ A16 declared dependency role, length and content are checked against the current inventory (75.8168ms)
✔ A17 minimum dependency closure cannot omit any relevant current component (27.5781ms)
✔ A18 changed declared grant closure and dangling dependency IDs reject rather than first-win (62.3034ms)
✔ A19 scope escalation and unapproved/changed assumptions are stale (84.6906ms)
✔ A20 unrelated root assumptions do not stale an approved claim subset (54.871ms)
✔ A21 selective reuse is explicit and unchanged dependencies retain their exact claims (88.7518ms)
✔ A22 REUSED cannot conceal a whole-candidate claim (26.5524ms)
✔ A23 old audit snapshots do not invent expiry and bounded disclosure remains mandatory (83.8584ms)
✔ A24 permitted fresh raw metadata pins change proof audit but preserve normative projection (166.2337ms)
✔ A25 duplicate IDs, copied normalized grants and unconsumed evidence fail closed (132.9622ms)
✔ A26 explicit unavailable slots omit evidence safely and optional provider slots mirror the parent (187.5591ms)
✔ A27 all admitted bytes are snapshots independent of subsequent caller mutations (130.5256ms)
✔ A28 raw source byte ceiling admits exact boundary and rejects plus one (170.1968ms)
✔ A29 explicit source and authority references cannot dangle (131.2421ms)
✔ A30 canonical set orders remain normative and are never silently sorted by the verifier (118.9844ms)
✔ A31 input map insertion and object member order do not affect verified canonical projection (292.2926ms)
✔ A32 raw integrity failure wins over later root candidate mismatch (43.4517ms)
✔ A33 an authority failure wins over a later structurally valid provider contradiction (99.8881ms)
✔ A34 manifest file ceiling admits exactly 128 consumed files and rejects 129 (228.5191ms)
✔ A35 aggregate raw source admission accepts 8 MiB exactly and rejects one additional byte (250.795ms)
✔ A36 authority source ceiling admits 32 explicit provenance records and rejects 33 (180.1367ms)
✔ F01 MO-1306 preserved configuration receipts have exact granted source lineage (403.7999ms)
✔ F02 correction preserves all normalized identities and every original raw source byte (18.3682ms)
✔ F03 reconstructed original fixture still rejects unused configuration sources (196.0722ms)
✔ G01 exact frozen graph, authority and audit bindings: could-not-evaluate (75.8211ms)
✔ G01 exact frozen graph, authority and audit bindings: history-blocker-unavailable (53.6121ms)
✔ G01 exact frozen graph, authority and audit bindings: informational-ready (56.5198ms)
✔ G01 exact frozen graph, authority and audit bindings: metadata-only (47.2456ms)
✔ G01 exact frozen graph, authority and audit bindings: mixed-precedence (46.171ms)
✔ G01 exact frozen graph, authority and audit bindings: mo1306-qualified (250.8078ms)
✔ G01 exact frozen graph, authority and audit bindings: not-ready (47.5465ms)
✔ G01 exact frozen graph, authority and audit bindings: post-tag-absent (49.6799ms)
✔ G01 exact frozen graph, authority and audit bindings: post-tag-lightweight (63.4784ms)
✔ G01 exact frozen graph, authority and audit bindings: post-tag-ready (79.792ms)
✔ G01 exact frozen graph, authority and audit bindings: post-tag-wrong-target (68.8786ms)
✔ G01 exact frozen graph, authority and audit bindings: pre-tag-present (68.194ms)
✔ G01 exact frozen graph, authority and audit bindings: qualified (51.0102ms)
✔ G01 exact frozen graph, authority and audit bindings: ready (46.0113ms)
✔ G01 exact frozen graph, authority and audit bindings: rest-qualified (42.3054ms)
✔ G01 exact frozen graph, authority and audit bindings: selective-reuse (46.3634ms)
✔ G02 exactly six node and five edge types, one root, content sharing and origin provenance (158.9993ms)
✔ G03 metadata and opaque historical cross-links cannot add normative authority or cycles (289.0037ms)
✔ G04 missing normative claim, dependency, authority, grant and edge endpoints reject (22.3153ms)
✔ G05 duplicate node IDs, duplicate edges, malformed content IDs and unknown types reject (17.4265ms)
✔ G06 wrong edge direction, endpoint type, root and candidate identity reject (23.0736ms)
✔ G07 every grant and claim must be rooted and every normative node reachable (52.5831ms)
✔ G08 internal normative cycles and self references retain exact GRAPH_CYCLE classification (10.968ms)
✔ G09 dependency claims cannot mix current candidate and dependency edges (6.295ms)
✔ G10 graph nodes exactly 2048 pass and 2049 fail before expansion (174.7559ms)
✔ G11 graph edges exactly 8192 pass and 8193 fail before expansion (325.7934ms)
✔ G12 dependencies per claim exactly 1024 pass and 1025 fail (160.8838ms)
✔ G13 derivation cannot silently drop or duplicate claims, grants or authorities (76.939ms)
✔ G14 claimed identity, dependency identity and candidate root mismatches reject (30.3882ms)
✔ G15 normalized grant identity omits audit bytes, retains classes and scoped assumptions (4.608ms)
✔ G16 noncanonical normative array order rejects instead of silently changing identity (12.4802ms)
✔ G17 derivation enforces the edge ceiling while expanding verified claim dependencies (1274.7843ms)
✔ G18 arbitrary object property insertion order preserves exact graph and authority bytes (346.1557ms)
✔ HB01: all sixteen Phase 1 bundles preserve exact history, qualifications and independent provider projections (380.5855ms)
✔ HB02: MO-1306 binds nineteen immutable raw rows and exact twelve negative history projections (91.9463ms)
✔ HB03: MO-1306 preserves all independent provider axes and ten disclosures (79.9382ms)
✔ HB04: known recurrence links only active mandatory gates, including an unavailable current gate (14.0159ms)
✔ HB05: observed recurrence preserves historical outcome while excluding optional and inactive links (74.3359ms)
✔ HB06: current-applicable history cannot erase an unavailable gate condition (16.0736ms)
✔ HB07 immutable granted history rejects FAIL to PASS rewrite (37.8869ms)
✔ HB07 immutable granted history rejects BLOCKED removal (33.6524ms)
✔ HB07 immutable granted history rejects changed historical disposition (40.1753ms)
✔ HB07 immutable granted history rejects wrong historical source (33.6985ms)
✔ HB07 immutable granted history rejects wrong candidate provenance (29.7041ms)
✔ HB07 immutable granted history rejects omitted required unresolved history (30.2814ms)
✔ HB07 immutable granted history rejects fabricated resolution (32.0842ms)
✔ HB07 immutable granted history rejects duplicate conflicting history (41.5209ms)
✔ HB08: malformed PASS history and duplicate conflicting rows remain invalid with fixture-owned updated pins (114.6269ms)
✔ HB09: reviewed history must resolve nested source and authority lineage (155.8103ms)
✔ HB10: supplied scope and history inventories reject omissions and unknown condition references (177.0612ms)
✔ QB01: qualifications reject omission (53.8558ms)
✔ QB01: qualifications reject impact downgrade (103.6741ms)
✔ QB01: qualifications reject wrong provider (86.8157ms)
✔ QB01: qualifications reject wrong gate (68.2238ms)
✔ QB01: qualifications reject unknown code (72.239ms)
✔ QB01: qualifications reject wrong scope authority (61.0985ms)
✔ QB01: qualifications reject disclosure removal (59.9355ms)
✔ QB01: qualifications reject fabricated authority member (47.8232ms)
✔ QB02: scope qualification inventory rejects extra, omitted and conflicting records (182.187ms)
✔ QB03: an identical qualification shared by granted claims merges exact claim/grant identities (142.4226ms)
✔ QB04: historical disclosures require exact preserved condition and gate set (214.3475ms)
✔ QB05: bounded advisory and REST scope require their exact disclosures (77.0462ms)
✔ QB06: unavailable scope retains known qualified history without inventing completeness (50.5667ms)
✔ QB07: unavailable history retains known disclosures but still validates supplied scope condition inventory (118.7598ms)
✔ QB08: both unavailable inventories retain locally valid known qualifications and defer missing inventory references (86.3711ms)
✔ PB01 immutable MO-1306 authority rejects false github execution promotion (29.4104ms)
✔ PB01 immutable MO-1306 authority rejects false gitlab execution promotion (31.5563ms)
✔ PB01 immutable MO-1306 authority rejects false jenkins execution promotion (83.6334ms)
✔ PB01 immutable MO-1306 authority rejects false azure execution promotion (117.0348ms)
✔ PB02: full GitHub hosted certification requires all four exact case facts (142.0461ms)
✔ PB03: provider labels cannot alias, substitute provider identity, or remove Generic certification unnoticed (310.488ms)
✔ PB04: contract-only providers cannot claim SUPPORTED while not live certified (414.5782ms)
✔ PB05: known lower-minimum unsupported facts are retained for 2A blockers with no fabricated certification (49.5484ms)
✔ PB06: unavailable provider parents produce no fabricated provider observation (27.418ms)
✔ PB07: independently reviewed validation and execution facts do not imply a universal certification ranking (30.7433ms)
✔ DB01: selection order does not affect projection bytes or mutate input, and outputs are detached (238.1361ms)
✔ DB02: semantic history and qualification set order remains frozen and rejects reordered arrays (290.37ms)
✔ LB01: history record count accepts 128 and rejects 129 without truncation (80.3963ms)
✔ LB02: assessment qualification union accepts 128 and rejects 129 across individually bounded claims (116.2326ms)
✔ LB03: exact original disposition length accepts 256 printable characters and rejects 257 (51.5187ms)
✔ IB01: complete independently pinned MO-1306 verifier retains exact history, provider state and qualifications (2011.529ms)
✔ IB02: complete verifier rejects schema-valid rewritten or removed history despite fresh raw pins (1266.3435ms)
✔ IB03: complete verifier rejects all four MO-1306 execution promotions with unchanged reviewed grants (1589.5605ms)
✔ IB04: complete verifier uses dedicated qualification mismatch classification (522.2981ms)
✔ IB05: complete verifier uses dedicated history mismatch classification for PASS rewriting (110.9215ms)
✔ IB06: independently pinned source bytes and candidate context bind historical claims (259.7224ms)
✔ L01 authority byte admission includes the exact ceiling and rejects plus one before parse/copy (21.614ms)
✔ L02 envelope byte ceiling is enforced in acquisition before snapshot copying (59.2824ms)
✔ L03 manifest claim admission is 64 envelopes, independent of the finite gate authority limit (14.4075ms)
✔ L04 grant representation admits 64 and rejects 65 without claiming all grants fit the closed profile (14.6024ms)
✔ L05 claim dependencies and every explicit dependency reference list admit 1024 and reject 1025 (70.625ms)
✔ L06 root, grant and claim assumption sets admit 32 and reject 33 (10.7945ms)
✔ L07 history representation admits 128 immutable rows and rejects 129 (36.434ms)
✔ L08 qualification representation admits 128 and rejects 129 without truncation (15.5056ms)
✔ L09 scope qualification/condition reference sets each enforce their exact 128 cap (11.3516ms)
✔ L10 source references admit 128 and authority source references admit 32 at their declared schemas (4.6076ms)
✔ L11 normalized authority and audit digest reference capacities are explicit, not generic INPUT errors (96.6915ms)
✔ L12 independent cap failures never fabricate a partial verified projection (19.0713ms)
✔ P2B projection and independent result evidence: could-not-evaluate (189.1328ms)
✔ P2B projection and independent result evidence: history-blocker-unavailable (146.738ms)
✔ P2B projection and independent result evidence: informational-ready (146.5352ms)
✔ P2B projection and independent result evidence: metadata-only (146.0868ms)
✔ P2B projection and independent result evidence: mixed-precedence (151.505ms)
✔ P2B projection and independent result evidence: mo1306-qualified (688.9044ms)
✔ P2B projection and independent result evidence: not-ready (126.4429ms)
✔ P2B projection and independent result evidence: post-tag-absent (131.3526ms)
✔ P2B projection and independent result evidence: post-tag-lightweight (134.509ms)
✔ P2B projection and independent result evidence: post-tag-ready (161.0112ms)
✔ P2B projection and independent result evidence: post-tag-wrong-target (133.9058ms)
✔ P2B projection and independent result evidence: pre-tag-present (132.3765ms)
✔ P2B projection and independent result evidence: qualified (137.2053ms)
✔ P2B projection and independent result evidence: ready (139.7342ms)
✔ P2B projection and independent result evidence: rest-qualified (103.6746ms)
✔ P2B projection and independent result evidence: selective-reuse (140.629ms)
✔ P2B verified snapshots detach and freeze every returned fact (79.5705ms)
✔ P2B metadata changes only raw proof binding and diagnostics (274.4632ms)
✔ P2B opaque bounded advisory timestamp has no age window or invented syntax (826.4914ms)
✔ P2B deterministic internal projection uses canonical records, not object insertion order (324.2939ms)
✔ P2B Freeze-mandated set ordering rejects permutations instead of normalizing signed identity (507.183ms)
✔ P2B explicit reuse dispositions preserve unrelated dependency closure (251.7457ms)
✔ P2B independently reverified source mutation cannot hide behind result self-hashes (80.0326ms)
✔ P2B result evidence tamper: candidate (911.4123ms)
✔ P2B result evidence tamper: authorityIdentityDigest (885.3656ms)
✔ P2B result evidence tamper: qualification (719.7688ms)
✔ P2B result evidence tamper: history (690.2638ms)
✔ P2B result evidence tamper: provider (636.364ms)
✔ P2B result evidence tamper: graph (677.8136ms)
✔ P2B result evidence tamper: audit (620.6644ms)
✔ P2B result evidence tamper: gateBinding (647.5487ms)
✔ P2B proof material is exact frozen audit, independent of final readiness calculation (102.408ms)
✔ R01 raw source integrity precedes an earlier logical envelope coverage contradiction (43.151ms)
✔ R02 earlier validation phase precedes a smaller later-phase error exit (28.0029ms)
✔ R03 independent source corruption precedes current-candidate authority mismatch (28.6392ms)
✔ APIBOOT01 earlier malformed config dominates later oversized evidence (20.5116ms)
✔ APIBOOT02 config shape error dominates wrong authority pin in same phase (11.432ms)
✔ APIBOOT03 malformed config dominates oversized authority safely (4.6302ms)
✔ APIBOOT04 exact manifest ENVELOPE cap applied before bytes copy (10.6981ms)
✔ APIBOOT05 exact manifest file set checked before copying unknown file (12.0322ms)
✔ APIBOOT06 snapshots remain detached and byte-identical (12.3824ms)
✔ APIBOOT07 TIMEOUT interruption dominates collected parse errors (0.3777ms)
✔ APIBOOT07 CANCELLED interruption dominates collected parse errors (0.1813ms)
✔ APIBOOT08 hostile typed-array byteLength override is never invoked (10.6305ms)
✔ C2C01 corrected limits leave all byte ceilings unchanged (1.0824ms)
✔ C2C02 every required observation has a canonical closed framed representation (7.0995ms)
✔ C2C03 old wire version missing session unknown fields and arbitrary operations reject (0.8916ms)
✔ C2C04 operation sequence and fixed output leaf authority are closed (1.457ms)
✔ C2C05 bounded frames reject trailing requests responses and alternate session (0.6915ms)
✔ C2C06 complete acquisition then terminated worker then five publication requests (5.9086ms)
✔ C2C07 helper completion cannot substitute for fully quiescent exit (3.9699ms)
✔ C2C08 helper and worker overlap and repeated worker transition are terminal (6.2697ms)
✔ C2C09 verify remains four reads followed by worker and cannot publish (4.4083ms)
✔ C2C10 request failure abort and transport failure permit no retry (5.0603ms)
✔ C2C11 full component chains reject missing ancestors wrong paths reparse and hardlinks (1.7263ms)
✔ C2C12 acquisition parent cannot be reused after native identity change (3.0007ms)
✔ C2C13 path and cross-invocation session substitutions terminate assessment (2.2873ms)
✔ C2C14 capability branding root binding and single claim exclude substitution (7.723ms)
✔ C2C15 unclaimed out-of-order or concurrent inspection cannot be retried (5.1779ms)
✔ C2C16 bridge requires exact transport fields and confirmed process quiescence (5.0328ms)
✔ C2C17 per-invocation deadline includes response parsing and process exit (1.462ms)
✔ C2C18 aggregate helper budget cannot silently multiply with sequential invocations (2.0154ms)
✔ C2C19 overall CLI deadline and nonmonotonic clock fail without grace (2.1901ms)
✔ C2C20 framed publication performs exact five observations and one final rename (39.8307ms)
✔ C2C21 cancellation after each publication inspection is terminal and retains incomplete attempt (78.7879ms)
✔ C2C22 immediate pre-rename checkpoint blocks timeout after final native observation (31.493ms)
✔ C2C23 final native pending identity comparison rejects stale replacement and retains bytes (29.635ms)
✔ C2C24 mismatched branded capability and legacy callback cannot create an output root (2.7627ms)
✔ F01 publication status is an immutable operational snapshot before submission (50.2122ms)
✔ F02 timeout before submission prevents any rename and retains pending (21.1465ms)
✔ F03 cancellation before submission prevents rename and is terminal (23.9813ms)
✔ F04 actual admission checkpoint rejects a deadline reached after final native inspection (24.2211ms)
✔ F05 admitted delayed success remains unresolved at post-submission deadline (22.7266ms)
✔ F06 cancellation after submission is recorded without early cancellation or namespace cleanup (22.016ms)
✔ F07 admitted failure after deadline resolves OUTPUT only after exact submitted operation settles (21.2411ms)
✔ F08 no second rename or token reuse while an admitted rename is outstanding (21.3722ms)
✔ F09 commit status changes only after successful actual rename and then preserves bytes (29.7319ms)
✔ F10 mandatory checkpoint overrun after settlement is operational metadata, not precommit TIMEOUT (23.9529ms)
✔ F11 postcommit deadline or cancellation prevents a success summary and retains committed final (50.4857ms)
✔ F12 normal verified commit permits transport while precommit and failed tokens do not (28.47ms)
✔ F13 wrong interruption code and foreign token cannot create publication authority (17.5939ms)
✔ F14 changed pending bytes before admission prevent rename (33.0817ms)
✔ F15 existing final is retained and finalization never retries or chooses another basename (28.0832ms)
✔ F16 postcommit transport error cannot retract or reclassify committed final as partial (32.3301ms)
✔ F17 bounded invocation timers are allowed and destroyed after successful operation (4.0093ms)
✔ F18 timer lifetime policy detects a persistent cross-run scheduler (1.6653ms)
✔ F19 actual foundation finalization leaves no live timers across sequential invocations (52.5176ms)
✔ F20 failed and cancelled foundation calls leave no cross-run timers (42.6164ms)
✔ F21 failed read-only namespace verification retains committed output and clears its timer (31.178ms)
✔ F22 read-only verification timeout is bounded and late handle completion only closes (2048.8356ms)
✔ F23 interruption recorded while pre-submission read is pending prevents later admission (22.9038ms)
✔ F24 the first observed pre-submission interruption remains terminal (20.7508ms)
✔ LP01 exact trusted Windows PowerShell 5.1 executable (0.9345ms)
✔ LP02 exact fixed argument ordering and Bypass value (0.7245ms)
✔ LP03 fixed packaged helper path from module location (0.1244ms)
✔ LP04 no encoded command, expression or shell authority (0.0988ms)
✔ LP05 caller object cannot supply executable, script or policy (0.1322ms)
✔ LP06 launch specification and nested authority are immutable (0.4536ms)
✔ LP07 ambient PATH, system-root, policy and script poisons cannot select launch (0.4092ms)
✔ LP08 actual transport calls spawn with fixed array and sanitized environment (1.3005ms)
✔ LP09 CLI cannot select --script (0.4967ms)
✔ LP09 CLI cannot select --execution-policy (0.2874ms)
✔ LP09 CLI cannot select --powershell (0.2675ms)
✔ LP10 no persistent policy or registry mutation code is introduced (9.036ms)
✔ LP11 public package exports cannot expose launch override (1.457ms)
✔ NRT01 native CPU-bound worker is terminated at fixed 10000ms CLI evaluation deadline (9.055ms)
✔ PTERM01 a rejected second staging terminally consumes publication (39.7747ms)
✔ PTERM02 premature finalization consumes token before later staging (10.5058ms)
✔ PCHAIN5-attributes all-field cross-slot stability rejects changed attributes (6.5723ms)
✔ PCHAIN5-byteLength all-field cross-slot stability rejects changed byteLength (5.5791ms)
✔ PCHAIN5-fileId all-field cross-slot stability rejects changed fileId (7.1861ms)
✔ PCHAIN5-finalPath all-field cross-slot stability rejects changed finalPath (5.9478ms)
✔ PCHAIN5-isDirectory all-field cross-slot stability rejects changed isDirectory (7.8711ms)
✔ PCHAIN5-linkCount all-field cross-slot stability rejects changed linkCount (5.6942ms)
✔ PCHAIN5-volumeSerial all-field cross-slot stability rejects changed volumeSerial (7.0635ms)
✔ PCHAIN6-attributes all-field cross-slot stability rejects changed attributes (10.1521ms)
✔ PCHAIN6-byteLength all-field cross-slot stability rejects changed byteLength (10.7865ms)
✔ PCHAIN6-fileId all-field cross-slot stability rejects changed fileId (11.4909ms)
✔ PCHAIN6-finalPath all-field cross-slot stability rejects changed finalPath (7.7448ms)
✔ PCHAIN6-isDirectory all-field cross-slot stability rejects changed isDirectory (9.2818ms)
✔ PCHAIN6-linkCount all-field cross-slot stability rejects changed linkCount (12.8357ms)
✔ PCHAIN6-volumeSerial all-field cross-slot stability rejects changed volumeSerial (9.4968ms)
✔ PCHAIN7-attributes all-field cross-slot stability rejects changed attributes (13.7862ms)
✔ PCHAIN7-byteLength all-field cross-slot stability rejects changed byteLength (15.9353ms)
✔ PCHAIN7-fileId all-field cross-slot stability rejects changed fileId (11.6231ms)
✔ PCHAIN7-finalPath all-field cross-slot stability rejects changed finalPath (12.8676ms)
✔ PCHAIN7-isDirectory all-field cross-slot stability rejects changed isDirectory (10.9077ms)
✔ PCHAIN7-linkCount all-field cross-slot stability rejects changed linkCount (10.3592ms)
✔ PCHAIN7-volumeSerial all-field cross-slot stability rejects changed volumeSerial (10.8786ms)
✔ PCHAIN8-attributes all-field cross-slot stability rejects changed attributes (20.7439ms)
✔ PCHAIN8-byteLength all-field cross-slot stability rejects changed byteLength (18.8015ms)
✔ PCHAIN8-fileId all-field cross-slot stability rejects changed fileId (19.4669ms)
✔ PCHAIN8-finalPath all-field cross-slot stability rejects changed finalPath (16.791ms)
✔ PCHAIN8-isDirectory all-field cross-slot stability rejects changed isDirectory (19.7491ms)
✔ PCHAIN8-linkCount all-field cross-slot stability rejects changed linkCount (17.9351ms)
✔ PCHAIN8-volumeSerial all-field cross-slot stability rejects changed volumeSerial (16.7507ms)
✔ PCHAIN9-attributes all-field cross-slot stability rejects changed attributes (24.3266ms)
✔ PCHAIN9-byteLength all-field cross-slot stability rejects changed byteLength (23.9461ms)
✔ PCHAIN9-fileId all-field cross-slot stability rejects changed fileId (22.8284ms)
✔ PCHAIN9-finalPath all-field cross-slot stability rejects changed finalPath (24.9615ms)
✔ PCHAIN9-isDirectory all-field cross-slot stability rejects changed isDirectory (24.3244ms)
✔ PCHAIN9-linkCount all-field cross-slot stability rejects changed linkCount (21.0872ms)
✔ PCHAIN9-volumeSerial all-field cross-slot stability rejects changed volumeSerial (16.4601ms)
✔ PNEG01 pending native byteLength must equal staged detached bytes (21.7115ms)
✔ PNEG02 wrong root branded capability cannot mutate either destination (4.5441ms)
✔ PNEG03 foreign capability and legacy callback cannot create a directory (0.8526ms)
✔ PNEG04 foreign token never authorizes staging or finalization (0.4594ms)
✔ PNEG05 second capability claim terminates original token (12.4002ms)
✔ PNEG06 second finalization preserves committed exact file and cannot rename again (22.6123ms)
✔ PNEG07 same-length changed pending bytes fail final reread before slot9 (23.3008ms)
✔ PNEG08 preexisting pending file is never overwritten and remains diagnostic evidence (82.1419ms)
✔ PNEG09 preexisting final file causes failure and remains byte-identical (40.1147ms)
✔ PNEG10 existing output directory cannot be claimed or overwritten (11.0688ms)
✔ PNEG11-TIMEOUT immediate pre-rename checkpoint is terminal (31.5996ms)
✔ PNEG11-CANCELLED immediate pre-rename checkpoint is terminal (26.7841ms)
✔ PNEG12-before-write cancellation retains owned pending bytes without publishing (13.536ms)
✔ PNEG12-after-write cancellation retains owned pending bytes without publishing (17.9857ms)
✔ PNEG13 in-flight staging cannot revive token after concurrent staging rejection (15.2751ms)
✔ PNEG14 wrong session from framed transport aborts sequence and cannot publish (6.4089ms)
✔ PDET01 staging snapshots caller bytes before async work (30.4065ms)
✔ PDET02 changing roots and assessment sessions does not alter exact published bytes (49.4069ms)
✔ PTERM03 concurrent rejection during final reread cannot launch slot9 (26.1476ms)
✔ PTERM04 concurrent rejection during pending close cannot launch slot8 (15.9765ms)
# QUEUED_CLI {"mode":"deadline","scope":"ACTUAL_QUEUED_RENAME_AND_CLI_WITH_SYNTHETIC_IDENTITY_FRAMES","requests":1,"engineeringClock":"Monotonic elapsed-time offset at slot 8; original CLI absolute deadline has 100ms remaining, no budget restart.","finiteJobs":4,"observation":{"elapsedMs":381.4719,"settled":false,"snapshot":{"kind":"cli","deadline":30088.2034,"helpers":0,"workers":1,"helperUsedMs":0,"activeRole":null,"cleanupConfirmed":false,"publication":{"phase":"COMMIT_IN_PROGRESS","admitted":true,"deadlineExpiredAfterAdmission":true,"cancelledAfterAdmission":true,"namespaceVerified":false,"dispositionDeadline":null},"terminalCode":null,"terminalAt":null,"cleanupDeadline":null,"events":[{"type":"start","at":151.7401,"role":"worker","deadline":10151.6593,"ordinal":1},{"type":"observation","at":153.4201,"role":"worker","threadId":1,"resourceLimits":{"maxYoungGenerationSizeMb":16,"maxOldGenerationSizeMb":128,"codeRangeSizeMb":-1,"stackSizeMb":4}},{"type":"quiescent","at":272.8898,"role":"worker","ordinal":1},{"type":"publication-interruption","at":30090.916199999996,"code":"MO1307_TIMEOUT","phase":"COMMIT_IN_PROGRESS"},{"type":"publication-interruption","at":30155.1893,"code":"MO1307_CANCELLED","phase":"COMMIT_IN_PROGRESS"}]},"finalPresent":false,"pendingPresent":true,"stdoutBytes":0},"elapsedMs":1389.8271,"snapshot":{"kind":"cli","deadline":30088.2034,"helpers":0,"workers":1,"helperUsedMs":0,"activeRole":null,"cleanupConfirmed":true,"publication":{"phase":"COMMITTED","admitted":true,"deadlineExpiredAfterAdmission":true,"cancelledAfterAdmission":true,"namespaceVerified":true,"dispositionDeadline":3396.1783},"terminalCode":"MO1307_OUTPUT","terminalAt":31083.8212,"cleanupDeadline":3396.1783,"events":[{"type":"start","at":151.7401,"role":"worker","deadline":10151.6593,"ordinal":1},{"type":"observation","at":153.4201,"role":"worker","threadId":1,"resourceLimits":{"maxYoungGenerationSizeMb":16,"maxOldGenerationSizeMb":128,"codeRangeSizeMb":-1,"stackSizeMb":4}},{"type":"quiescent","at":272.8898,"role":"worker","ordinal":1},{"type":"publication-interruption","at":30090.916199999996,"code":"MO1307_TIMEOUT","phase":"COMMIT_IN_PROGRESS"},{"type":"publication-interruption","at":30155.1893,"code":"MO1307_CANCELLED","phase":"COMMIT_IN_PROGRESS"},{"type":"terminal","at":31083.867899999997,"code":"MO1307_OUTPUT","stage":"PUBLICATION"}]},"failure":"MO1307_OUTPUT","exitCode":21,"stdoutBytes":0,"failureCleanupDeadline":3396.1783}
✔ FCLI actual queued rename awaits settlement after deadline (1404.4391ms)
# QUEUED_CLI {"mode":"cancellation","scope":"ACTUAL_QUEUED_RENAME_AND_CLI_WITH_SYNTHETIC_IDENTITY_FRAMES","requests":1,"engineeringClock":"Real monotonic clock","finiteJobs":4,"observation":{"elapsedMs":191.3511000000001,"settled":false,"snapshot":{"kind":"cli","deadline":31485.9138,"helpers":0,"workers":1,"helperUsedMs":0,"activeRole":null,"cleanupConfirmed":false,"publication":{"phase":"COMMIT_IN_PROGRESS","admitted":true,"deadlineExpiredAfterAdmission":false,"cancelledAfterAdmission":true,"namespaceVerified":false,"dispositionDeadline":null},"terminalCode":null,"terminalAt":null,"cleanupDeadline":null,"events":[{"type":"start","at":1531.5653,"role":"worker","deadline":11531.5422,"ordinal":1},{"type":"observation","at":1532.1542,"role":"worker","threadId":2,"resourceLimits":{"maxYoungGenerationSizeMb":16,"maxOldGenerationSizeMb":128,"codeRangeSizeMb":-1,"stackSizeMb":4}},{"type":"quiescent","at":1624.3058,"role":"worker","ordinal":1},{"type":"publication-interruption","at":1677.2779,"code":"MO1307_CANCELLED","phase":"COMMIT_IN_PROGRESS"}]},"finalPresent":false,"pendingPresent":true,"stdoutBytes":0},"elapsedMs":1282.3059,"snapshot":{"kind":"cli","deadline":31485.9138,"helpers":0,"workers":1,"helperUsedMs":0,"activeRole":null,"cleanupConfirmed":true,"publication":{"phase":"COMMITTED","admitted":true,"deadlineExpiredAfterAdmission":false,"cancelledAfterAdmission":true,"namespaceVerified":true,"dispositionDeadline":4652.4385999999995},"terminalCode":"MO1307_OUTPUT","terminalAt":2653.6358,"cleanupDeadline":4652.4385999999995,"events":[{"type":"start","at":1531.5653,"role":"worker","deadline":11531.5422,"ordinal":1},{"type":"observation","at":1532.1542,"role":"worker","threadId":2,"resourceLimits":{"maxYoungGenerationSizeMb":16,"maxOldGenerationSizeMb":128,"codeRangeSizeMb":-1,"stackSizeMb":4}},{"type":"quiescent","at":1624.3058,"role":"worker","ordinal":1},{"type":"publication-interruption","at":1677.2779,"code":"MO1307_CANCELLED","phase":"COMMIT_IN_PROGRESS"},{"type":"terminal","at":2653.653,"code":"MO1307_OUTPUT","stage":"PUBLICATION"}]},"failure":"MO1307_OUTPUT","exitCode":21,"stdoutBytes":0,"failureCleanupDeadline":4652.4385999999995}
✔ FCLI actual queued rename awaits settlement after cancellation (1288.4515ms)
✔ PWAIT terminal cancellation prevents late advancement after mkdir (65.1935ms)
✔ PWAIT terminal cancellation prevents late advancement after sync (80.1661ms)
✔ PWAIT terminal cancellation prevents late advancement after final-open (79.9636ms)
# STDOUT_DISPOSITION {"mode":"timeout","delivered":353,"snapshot":{"kind":"cli","deadline":33004.191,"helpers":0,"workers":1,"helperUsedMs":0,"activeRole":null,"cleanupConfirmed":true,"publication":{"phase":"COMMITTED","admitted":true,"deadlineExpiredAfterAdmission":true,"cancelledAfterAdmission":false,"namespaceVerified":true,"dispositionDeadline":5266.8593},"terminalCode":"MO1307_OUTPUT","terminalAt":33005.439,"cleanupDeadline":35005.439,"events":[{"type":"start","at":3083.4359,"role":"worker","deadline":13083.3246,"ordinal":1},{"type":"observation","at":3085.3421,"role":"worker","threadId":3,"resourceLimits":{"maxYoungGenerationSizeMb":16,"maxOldGenerationSizeMb":128,"codeRangeSizeMb":-1,"stackSizeMb":4}},{"type":"quiescent","at":3226.5865,"role":"worker","ordinal":1},{"type":"publication-transport","at":3268.708},{"type":"publication-interruption","at":33005.314,"code":"MO1307_TIMEOUT","phase":"COMMITTED"},{"type":"terminal","at":33005.4621,"code":"MO1307_OUTPUT","stage":"PUBLICATION"}]}}
✔ FCLI post-commit stalled stdout timeout retains final and one transport allowance (319.7588ms)
# STDOUT_DISPOSITION {"mode":"cancellation","delivered":353,"snapshot":{"kind":"cli","deadline":33324.2291,"helpers":0,"workers":1,"helperUsedMs":0,"activeRole":null,"cleanupConfirmed":true,"publication":{"phase":"COMMITTED","admitted":true,"deadlineExpiredAfterAdmission":false,"cancelledAfterAdmission":true,"namespaceVerified":true,"dispositionDeadline":5553.6642},"terminalCode":"MO1307_OUTPUT","terminalAt":3599.5094,"cleanupDeadline":5599.5094,"events":[{"type":"start","at":3399.6791,"role":"worker","deadline":13399.6402,"ordinal":1},{"type":"observation","at":3400.8216,"role":"worker","threadId":4,"resourceLimits":{"maxYoungGenerationSizeMb":16,"maxOldGenerationSizeMb":128,"codeRangeSizeMb":-1,"stackSizeMb":4}},{"type":"quiescent","at":3521.9962,"role":"worker","ordinal":1},{"type":"publication-transport","at":3554.9041},{"type":"publication-interruption","at":3599.4711,"code":"MO1307_CANCELLED","phase":"COMMITTED"},{"type":"terminal","at":3599.5179,"code":"MO1307_OUTPUT","stage":"PUBLICATION"}]}}
✔ FCLI post-commit stalled stdout cancellation retains final and one transport allowance (285.3736ms)
✔ R01 api exact absolute deadline and equality (2.3085ms)
✔ R01 cli exact absolute deadline and equality (0.2037ms)
✔ R02 earlier cancellation stays terminal after deadline (0.312ms)
✔ R03 timeout wins simultaneous first cancellation observation (0.2756ms)
✔ R04 preaborted signal prevents any launch (0.693ms)
✔ R05 monotonic decreasing clock rejects (0.4374ms)
✔ R06 API cannot launch helper (0.386ms)
✔ R07 helper deadline includes all active time; equality rejects (0.7735ms)
✔ R08 aggregate deadline does not reset across helpers (0.75ms)
✔ R09 worker time is excluded from helper aggregate but inside overall (0.4854ms)
✔ R10 helper overlap is terminal and cleans prior owned role (0.5524ms)
✔ R11 helper and worker cannot overlap (0.469ms)
✔ R12 frame alone cannot advance before actual close (68.787ms)
✔ R13 launch uses only fixed executable/script/environment and no shell (1.3681ms)
✔ R14 helper trailing byte fails closed (3.3006ms)
✔ R14 helper extra frame fails closed (9.1729ms)
✔ R14 helper debug stdout fails closed (1.6733ms)
✔ R14 helper truncated frame fails closed (1.2687ms)
✔ R14 helper oversized prefix fails closed (1.038ms)
✔ R14 helper stderr overflow fails closed (1.3212ms)
✔ R14 helper nonzero exit fails closed (10.7908ms)
✔ R15 cancellation in launch terminates and ignores later valid frame (3.4307ms)
✔ R16 cancellation during transport cleans child (11.7668ms)
✔ R17 fixed actual worker has empty environment and exact heap intent (40.1147ms)
✔ R18 successful worker result waits for termination (152.0457ms)
✔ R19 actual worker crash fails closed (36.004ms)
✔ R19 actual worker duplicate fails closed (39.2801ms)
✔ R19 actual worker stdout fails closed (35.3881ms)
✔ R20 cancellation actually terminates CPU-bound worker thread (48.3726ms)
✔ R21 production worker executes accepted 2A/2B and confirms quiescence (271.3553ms)
✔ R22 adapter matches closed 2A handoff; operational/session fields excluded (0.3378ms)
✔ R23 verify evidence seam excludes result and decision bytes (0.1741ms)
✔ R24 malformed decision uses dedicated mismatch, cap uses resource (0.3537ms)
✔ R25 actual worker policy denies filesystem/network/process/module escape imports (65.7976ms)
✔ R26 cancellation preempts pending publication promise without another role (0.9067ms)
✔ R27 late publication promise cannot restore terminal success (0.2661ms)
✔ SUP01 post-rename TIMEOUT returns OUTPUT and retains exact committed result (196.6263ms)
✔ SUP01 post-rename CANCELLED returns OUTPUT and retains exact committed result (171.8983ms)
✔ SUP02 verify stdout backpressure times out without product filesystem changes (173.3005ms)
✔ SUP03 input root identity change between helper slots fails closed (18.7564ms)
✔ SUP04 physical file alias across bootstrap slots is rejected despite distinct paths (18.734ms)
✔ SUP05 malformed external decision rejects without stdout or changes (204.4574ms)
✔ SUP06 wrong external decision proof binding rejects (209.48ms)
✔ SUP07 contrary APPROVE preserves not-ready and reports unverified authenticity (202.7028ms)
✔ SUP07 contrary APPROVE preserves could-not-evaluate and reports unverified authenticity (189.5586ms)
✔ SUP08 slot4 output inspection ERROR maps to frozen OUTPUT before worker (37.6318ms)
✔ SURFACE evaluate nine slots exact bytes/summary/exit ready (221.3901ms)
✔ SURFACE evaluate nine slots exact bytes/summary/exit qualified (184.727ms)
✔ SURFACE evaluate nine slots exact bytes/summary/exit not-ready (162.3806ms)
✔ SURFACE evaluate nine slots exact bytes/summary/exit could-not-evaluate (230.6825ms)
✔ SURFACE verify four slots exit0 no writes (165.1295ms)
✔ SURFACE decision transport downstream and authenticity retained (235.4026ms)
✔ SURFACE verify altered supplied result rejects before stdout (164.2396ms)
✔ SURFACE tag observations transported as original bytes without Git (92.0946ms)
✔ SURFACE determinism across random sessions and output roots (320.4612ms)
✔ SURFACE complete text output (179.1181ms)
✔ SURFACE post-rename stdout failure returns OUTPUT retains committed result (154.798ms)
✔ SURFACE cancellation before worker no directory publication (35.1887ms)
✔ SURFACE cancellation before final inspection retains pending (152.4237ms)
✔ SURFACE 2B to 2A adapter selects exact handoff fields (0.2807ms)
✔ API admission wrong argument (0.4237ms)
✔ API admission shared array (5.2705ms)
✔ API admission duplicate file ID (9.637ms)
✔ API admission oversized candidate (4.8358ms)
✔ API admission unknown property (0.1228ms)
✔ API admission wrong pin (0.0955ms)
✔ API snapshots all bytes before asynchronous work (8.2565ms)
✔ API caller mutation after entry cannot affect worker (235.1445ms)
✔ API missing declared file rejects (8.9561ms)
✔ API abort before entry is terminal (0.2763ms)
✔ API abort during worker terminates (15.6908ms)
✔ API public evaluate and verify execute accepted integrated semantics (607.3007ms)
✔ CLI dispatch "" (1.0126ms)
✔ CLI dispatch "unknown" (0.1588ms)
✔ CLI dispatch "constructor" (0.1446ms)
✔ CLI dispatch "toString" (0.106ms)
✔ CLI dispatch "__proto__" (0.1375ms)
✔ CLI dispatch "Evaluate" (0.1097ms)
✔ CLI negative missing command (0.1665ms)
✔ CLI negative missing flag (0.1567ms)
✔ CLI negative duplicate flag (0.1086ms)
✔ CLI negative unknown flag (0.0989ms)
✔ CLI negative unsafe path (0.7171ms)
✔ CLI negative overlong argument (0.3536ms)
# TIMER_WITNESS [{"name":"success-a","observedTimers":5,"remainingTimers":0,"serverOrWatcherResources":0,"callbacksAfterSettlement":0,"outcome":"COMMITTED","activeRole":null},{"name":"write-failure","observedTimers":4,"remainingTimers":0,"serverOrWatcherResources":0,"callbacksAfterSettlement":0,"outcome":"MO1307_OUTPUT","activeRole":null},{"name":"write-cancellation","observedTimers":4,"remainingTimers":0,"serverOrWatcherResources":0,"callbacksAfterSettlement":0,"outcome":"MO1307_CANCELLED","activeRole":null},{"name":"rename-failure","observedTimers":6,"remainingTimers":0,"serverOrWatcherResources":0,"callbacksAfterSettlement":0,"outcome":"MO1307_OUTPUT","activeRole":null},{"name":"post-admission-cancellation","observedTimers":6,"remainingTimers":0,"serverOrWatcherResources":0,"callbacksAfterSettlement":0,"outcome":"MO1307_OUTPUT","activeRole":null},{"name":"stalled-write-cancellation","observedTimers":3,"remainingTimers":0,"serverOrWatcherResources":0,"callbacksAfterSettlement":0,"outcome":"MO1307_CANCELLED","activeRole":null},{"name":"success-b","observedTimers":5,"remainingTimers":0,"serverOrWatcherResources":0,"callbacksAfterSettlement":0,"outcome":"COMMITTED","activeRole":null}]
✔ N24-C invocation timers clear after success, write/rename failure and pre/post-admission cancellation including a stalled write; no server, watcher or cross-run callbacks (400.1539ms)
✔ D01 actual integrated evaluation and independent verify: could-not-evaluate (455.8823ms)
✔ D01 actual integrated evaluation and independent verify: history-blocker-unavailable (365.0635ms)
✔ D01 actual integrated evaluation and independent verify: informational-ready (361.2294ms)
✔ D01 actual integrated evaluation and independent verify: metadata-only (347.3547ms)
✔ D01 actual integrated evaluation and independent verify: mixed-precedence (351.4092ms)
✔ D01 actual integrated evaluation and independent verify: mo1306-qualified (3201.299ms)
✔ D01 actual integrated evaluation and independent verify: not-ready (699.0352ms)
✔ D01 actual integrated evaluation and independent verify: post-tag-absent (624.7787ms)
✔ D01 actual integrated evaluation and independent verify: post-tag-lightweight (682.0122ms)
✔ D01 actual integrated evaluation and independent verify: post-tag-ready (625.9793ms)
✔ D01 actual integrated evaluation and independent verify: post-tag-wrong-target (662.2365ms)
✔ D01 actual integrated evaluation and independent verify: pre-tag-present (683.1441ms)
✔ D01 actual integrated evaluation and independent verify: qualified (634.6779ms)
✔ D01 actual integrated evaluation and independent verify: ready (571.5205ms)
✔ D01 actual integrated evaluation and independent verify: rest-qualified (426.4262ms)
✔ D01 actual integrated evaluation and independent verify: selective-reuse (605.4273ms)
✔ D02 all four states and blocker-over-CNE precedence survive the actual pipeline (807.7471ms)
✔ D03 adapter has exactly the accepted closed fields and never uses diagnostics as authority (302.6052ms)
✔ D04 MO1306 all nineteen source rows and twelve negative projections remain exact (790.0395ms)
✔ D05 MO1306 provider axes and ten disclosures retain their exact released limitations (843.8984ms)
✔ D06 MO1306 raw configuration lineage survives integration and original omission still rejects (472.4228ms)
✔ D07 verified historical applicability blocks an unavailable mandatory gate without erasing CNE (152.8377ms)
✔ D08 REST authority remains separate with mandatory same-host qualification and no providers (121.0371ms)
✔ D09 human decision binding is downstream and never changes readiness: ready/APPROVE (327.5869ms)
✔ D09 human decision binding is downstream and never changes readiness: ready/REJECT (388.3988ms)
✔ D09 human decision binding is downstream and never changes readiness: ready/DEFER (379.7271ms)
✔ D09 human decision binding is downstream and never changes readiness: qualified/APPROVE (375.8357ms)
✔ D09 human decision binding is downstream and never changes readiness: not-ready/APPROVE (378.0227ms)
✔ D10 mismatched human decision rejects: candidateDigest (422.8512ms)
✔ D10 mismatched human decision rejects: readinessDigest (349.0279ms)
✔ D10 mismatched human decision rejects: proofBindingDigest (350.2067ms)
✔ D11 tag-stage facts yield exact mandatory blockers and never execute Git (939.0515ms)
✔ D12 integrated operational failure remains an error: candidate substitution (7.8652ms)
✔ D12 integrated operational failure remains an error: trust-root mismatch (7.4609ms)
✔ D12 integrated operational failure remains an error: raw-source tamper (34.9628ms)
✔ D12 integrated operational failure remains an error: claim tamper under an old grant (94.5835ms)
✔ D12 integrated operational failure remains an error: grant substitution (47.76ms)
✔ D12 integrated operational failure remains an error: stale dependency (84.956ms)
✔ D12 integrated operational failure remains an error: history rewrite with intact grant (399.531ms)
✔ D12 integrated operational failure remains an error: history PASS fabrication (467.8992ms)
✔ D12 integrated operational failure remains an error: qualification omission (132.8672ms)
✔ D12 integrated operational failure remains an error: provider false hosted promotion (614.5203ms)
✔ D12 integrated operational failure remains an error: dangling authority reference (71.1599ms)
✔ D12 integrated operational failure remains an error: profile substitution (13.3729ms)
✔ D12 integrated operational failure remains an error: path traversal rejected by the frozen manifest schema (12.3965ms)
✔ D13 result verification independently rechecks original raw bytes before trusting a valid result (39.1162ms)
✔ D14 self-consistent changed readiness passes evidence-only support but fails integrated recomputation (323.975ms)
✔ D15 supplied result digest tamper rejects: readinessDigest (163.3298ms)
✔ D15 supplied result digest tamper rejects: proofBindingDigest (158.3517ms)
✔ D16 self-consistent result history or qualification omission cannot hide behind repaired hashes (1385.4364ms)
✔ D17 derived graph is candidate-rooted, authority-rooted, closed and bounded (940.0297ms)
✔ D18 no supplied cyclic or dangling graph can replace independently derived evidence (245.3631ms)
✔ D19 repeated calls and nonsemantic object/map insertion order preserve exact normative bytes (600.0218ms)
✔ D20 signed set ordering is preserved rather than silently normalized during integration (38.3526ms)
✔ D21 metadata affects exact proof audit while leaving all readiness semantics byte-identical (291.6362ms)
✔ D22 selective reuse stays explicit and relevant changes fail before readiness computation (257.1478ms)
✔ D23 evidenceInput strips only known verification transport fields and adds no authority (14.571ms)
✔ D24 integrated preflight preserves accepted authority-before-semantic error priority (241.9121ms)
ℹ tests 639
ℹ suites 0
ℹ pass 639
ℹ fail 0
ℹ cancelled 0
ℹ skipped 0
ℹ todo 0
ℹ duration_ms 163783.2053
