TAP version 13
# Subtest: closed catalog has six semantic and three operational operations with unique methods/paths/IDs
ok 1 - closed catalog has six semantic and three operational operations with unique methods/paths/IDs
  ---
  duration_ms: 1.5081
  type: 'test'
  ...
# Subtest: strict JSON preserves safe values and creates null-prototype objects
ok 2 - strict JSON preserves safe values and creates null-prototype objects
  ---
  duration_ms: 1.7507
  type: 'test'
  ...
# Subtest: JSON rejects duplicate decoded keys before assignment
ok 3 - JSON rejects duplicate decoded keys before assignment
  ---
  duration_ms: 0.9444
  type: 'test'
  ...
# Subtest: JSON rejects malformed UTF-8, BOM, invalid strings and trailing tokens
ok 4 - JSON rejects malformed UTF-8, BOM, invalid strings and trailing tokens
  ---
  duration_ms: 0.746
  type: 'test'
  ...
# Subtest: JSON rejects unsupported number lexical forms and unsafe integers
ok 5 - JSON rejects unsupported number lexical forms and unsafe integers
  ---
  duration_ms: 0.5384
  type: 'test'
  ...
# Subtest: JSON exact depth, members, nodes, strings and byte boundaries
ok 6 - JSON exact depth, members, nodes, strings and byte boundaries
  ---
  duration_ms: 0.6402
  type: 'test'
  ...
# Subtest: transport serialization sorts recursively without changing byte products
ok 7 - transport serialization sorts recursively without changing byte products
  ---
  duration_ms: 0.5565
  type: 'test'
  ...
# Subtest: canonical Base64 distinguishes malformed syntax from decoded byte overflow
ok 8 - canonical Base64 distinguishes malformed syntax from decoded byte overflow
  ---
  duration_ms: 11.0669
  type: 'test'
  ...
# Subtest: request schemas are closed, typed and have no coercion or prototype grants
ok 9 - request schemas are closed, typed and have no coercion or prototype grants
  ---
  duration_ms: 1.1901
  type: 'test'
  ...
# Subtest: schema compiler rejects unsupported keywords, external/cyclic refs and open objects
ok 10 - schema compiler rejects unsupported keywords, external/cyclic refs and open objects
  ---
  duration_ms: 0.6824
  type: 'test'
  ...
# Subtest: full OpenAPI projection rejects drift in routes, fields, headers, errors, media, security and budgets
ok 11 - full OpenAPI projection rejects drift in routes, fields, headers, errors, media, security and budgets
  ---
  duration_ms: 245.1047
  type: 'test'
  ...
# Subtest: completed opt-in remote mode is projected from the authoritative deployment state; stale pending is rejected
ok 12 - completed opt-in remote mode is projected from the authoritative deployment state; stale pending is rejected
  ---
  duration_ms: 60.4464
  type: 'test'
  ...
1..12
# tests 12
# suites 0
# pass 12
# fail 0
# cancelled 0
# skipped 0
# todo 0
# duration_ms 4694.3292
