TAP version 13
# Subtest: current package, full SPDX, receipts, runtime preservation and correction graph pass
ok 1 - current package, full SPDX, receipts, runtime preservation and correction graph pass
  ---
  duration_ms: 2703.4691
  type: 'test'
  ...
# Subtest: current conformance inventory satisfies the frozen closed schema and refresh state
ok 2 - current conformance inventory satisfies the frozen closed schema and refresh state
  ---
  duration_ms: 4.1763
  type: 'test'
  ...
# Subtest: corrected OpenAPI is independently projected and stale pending state is rejected
ok 3 - corrected OpenAPI is independently projected and stale pending state is rejected
  ---
  duration_ms: 35.9868
  type: 'test'
  ...
# Subtest: complete SPDX schema and field inventory report zero errors at every location
ok 4 - complete SPDX schema and field inventory report zero errors at every location
  ---
  duration_ms: 0.8883
  type: 'test'
  ...
# Subtest: schema, package and external-component negative witnesses reject invalid artifacts
ok 5 - schema, package and external-component negative witnesses reject invalid artifacts
  ---
  duration_ms: 1495.6868
  type: 'test'
  ...
# Subtest: binding rejects forged ancestor, artifact, runtime and refresh identities
ok 6 - binding rejects forged ancestor, artifact, runtime and refresh identities
  ---
  duration_ms: 200.2526
  type: 'test'
  ...
# Subtest: only one final-archive offline installation and bounded smoke are accepted
ok 7 - only one final-archive offline installation and bounded smoke are accepted
  ---
  duration_ms: 1.5888
  type: 'test'
  ...
# Subtest: correction gate is registered in npm, JavaScript inventory and CMake
ok 8 - correction gate is registered in npm, JavaScript inventory and CMake
  ---
  duration_ms: 1.1205
  type: 'test'
  ...
1..8
# tests 8
# suites 0
# pass 8
# fail 0
# cancelled 0
# skipped 0
# todo 0
# duration_ms 5522.894
