TAP version 13
# Subtest: the frozen six-tool catalog, descriptions, and annotations are exact
ok 1 - the frozen six-tool catalog, descriptions, and annotations are exact
  ---
  duration_ms: 2.1229
  type: 'test'
  ...
# Subtest: all argument schemas agree with independent JSON Schema validation and reject authority fields
ok 2 - all argument schemas agree with independent JSON Schema validation and reject authority fields
  ---
  duration_ms: 41.7169
  type: 'test'
  ...
# Subtest: canonical Base64: independent decoded N-1/N/N+1 admission and padding bits
ok 3 - canonical Base64: independent decoded N-1/N/N+1 admission and padding bits
  ---
  duration_ms: 16.0339
  type: 'test'
  ...
# Subtest: digest syntax is exact and cannot substitute an alternate algorithm or case
ok 4 - digest syntax is exact and cannot substitute an alternate algorithm or case
  ---
  duration_ms: 0.4955
  type: 'test'
  ...
# Subtest: J uses UTF-16 key order, retains arrays, escapes controls/bidi, and rejects non-JSON
ok 5 - J uses UTF-16 key order, retains arrays, escapes controls/bidi, and rejects non-JSON
  ---
  duration_ms: 0.8362
  type: 'test'
  ...
# Subtest: all six successful outputs satisfy independent closed schemas; wrapper is exact
ok 6 - all six successful outputs satisfy independent closed schemas; wrapper is exact
  ---
  duration_ms: 2134.7886
  type: 'test'
  ...
# Subtest: all adapter errors are closed, bounded and independent of exception text
ok 7 - all adapter errors are closed, bounded and independent of exception text
  ---
  duration_ms: 2.8585
  type: 'test'
  ...
# Subtest: preparation preserves the public predecessor SDK bytes and both digests
ok 8 - preparation preserves the public predecessor SDK bytes and both digests
  ---
  duration_ms: 399.4355
  type: 'test'
  ...
# Subtest: PASS/FAIL/COULD_NOT_EVALUATE and Policy Set evaluation match authoritative reconstruction
ok 9 - PASS/FAIL/COULD_NOT_EVALUATE and Policy Set evaluation match authoritative reconstruction
  ---
  duration_ms: 1380.1282
  type: 'test'
  ...
# Subtest: serialized verification remains inspection-only and rejects substitution and extra LF
ok 10 - serialized verification remains inspection-only and rejects substitution and extra LF
  ---
  duration_ms: 23781.2607
  type: 'test'
  ...
# Subtest: MIP validation retains primary predecessor code and never becomes an evaluation decision
ok 11 - MIP validation retains primary predecessor code and never becomes an evaluation decision
  ---
  duration_ms: 160.2461
  type: 'test'
  ...
# Subtest: Regression, path, URI and credential claims never reach authoritative acquisition
ok 12 - Regression, path, URI and credential claims never reach authoritative acquisition
  ---
  duration_ms: 1.5061
  type: 'test'
  ...
# Subtest: one semantic slot, zero queue, ready result owns slot until publication, fresh generation
ok 13 - one semantic slot, zero queue, ready result owns slot until publication, fresh generation
  ---
  duration_ms: 7.4406
  type: 'test'
  ...
# Subtest: cancellation marks/reaps/suppresses stale generation including same ID reuse
ok 14 - cancellation marks/reaps/suppresses stale generation including same ID reuse
  ---
  duration_ms: 3.4001
  type: 'test'
  ...
# Subtest: stdout/stderr, unknown exceptions, oversized IPC, malformed products and timeouts normalize
ok 15 - stdout/stderr, unknown exceptions, oversized IPC, malformed products and timeouts normalize
  ---
  duration_ms: 30.3634
  type: 'test'
  ...
# Subtest: failed or hung reaping poisons admission and reports fatal within finite deadline
ok 16 - failed or hung reaping poisons admission and reports fatal within finite deadline
  ---
  duration_ms: 22.0808
  type: 'test'
  ...
# Subtest: real workers are fresh, terminated, bounded, and repeated operation memory plateaus
ok 17 - real workers are fresh, terminated, bounded, and repeated operation memory plateaus
  ---
  duration_ms: 17928.5085
  type: 'test'
  ...
# Subtest: argument and product byte admission exercise N-1/N/N+1
ok 18 - argument and product byte admission exercise N-1/N/N+1
  ---
  duration_ms: 4.1993
  type: 'test'
  ...
# Subtest: worker external memory ceiling exercises N-1/N/N+1 and reaps on excess
ok 19 - worker external memory ceiling exercises N-1/N/N+1 and reaps on excess
  ---
  duration_ms: 93.088
  type: 'test'
  ...
# Subtest: a real V8 worker heap exhaustion is contained and normalized
ok 20 - a real V8 worker heap exhaustion is contained and normalized
  ---
  duration_ms: 68.9118
  type: 'test'
  ...
# Subtest: every maximal valid path completes inside the final production worker budgets
ok 21 - every maximal valid path completes inside the final production worker budgets
  ---
  duration_ms: 9465.465
  type: 'test'
  ...
# Subtest: runtime closure is byte-preserved and pinned to exactly the authoritative source files
ok 22 - runtime closure is byte-preserved and pinned to exactly the authoritative source files
  ---
  duration_ms: 156.9438
  type: 'test'
  ...
# Subtest: missing/changed/extra runtime payload, changed manifest, contract substitution and path types fail closed
ok 23 - missing/changed/extra runtime payload, changed manifest, contract substitution and path types fail closed
  ---
  duration_ms: 511.9079
  type: 'test'
  ...
# Subtest: junction/symlink runtime root and case-substituted inventory are rejected
ok 24 - junction/symlink runtime root and case-substituted inventory are rejected
  ---
  duration_ms: 86.787
  type: 'test'
  ...
# Subtest: unsafe member names and environment/preload/runtime substitutions reject without lookup
ok 25 - unsafe member names and environment/preload/runtime substitutions reject without lookup
  ---
  duration_ms: 0.7956
  type: 'test'
  ...
# Subtest: missing resource file and missing finite constant fail startup validation
ok 26 - missing resource file and missing finite constant fail startup validation
  ---
  duration_ms: 27.6861
  type: 'test'
  ...
# Subtest: production dependency closure rejects changed, missing and extra package members
ok 27 - production dependency closure rejects changed, missing and extra package members
  ---
  duration_ms: 12021.4359
  type: 'test'
  ...
1..27
# tests 27
# suites 0
# pass 27
# fail 0
# cancelled 0
# skipped 0
# todo 0
# duration_ms 73895.9058
