✔ package bin resolves to the production executable entry (7.9716ms)
✔ production CLI depends on the SDK facade and no lower platform layer (7.0421ms)
✔ CLI output preserves direct SDK transition truth (2135.693ms)
✔ Regression output is the exact public SDK report (1177.3261ms)
✔ Investigation navigation output is the exact public SDK result (969.351ms)
✔ version and help expose the deterministic supported command surface (1498.494ms)
✔ argument failures are stable, non-interactive, and use exit code 1 (3291.1093ms)
✔ observe requires explicit deterministic files and emits stable summaries (1366.655ms)
✔ input validation failures use exit code 2 and deterministic JSON (1671.8427ms)
✔ all documented exit-code classes are observable (2054.1205ms)
✔ history grammar enumerations equal the SDK contract and the fixed usage message (1.8192ms)
✔ every valid history command fails closed and writes nothing (1988.8878ms)
✔ history grammar rejects malformed commands with MO1308_USAGE (7313.7477ms)
✔ history human errors carry the history code and the fixed message (242.2865ms)
✔ history help lists the exact frozen grammar (254.8319ms)
✔ non-history error envelopes are unchanged (no historyCode) (234.6629ms)
✔ history grammar performs no I/O, starts no process and reads no clock (R35, R37) (4.8413ms)
✔ CCA-MOS-CLI-004: every command emits deterministic human output through the production CLI (49398.6426ms)
✔ investigate delegates raw and enveloped Regression Reports with stable JSON (1930.4399ms)
✔ investigate selects Evidence, Reflection, Retrieval, and Evolution through the SDK (1435.7309ms)
✔ investigate selects Replay, Transition, and Verification facts exactly (1170.2862ms)
✔ investigate rejects invalid grammar, reports, categories, and selector combinations (2846.5029ms)
✔ investigate remains bounded for a complete deterministic Regression Report (888.6979ms)
✔ verify delegates valid and invalid package truth with exit code 3 on failure (1658.4386ms)
✔ import and inspect expose the same deterministic SDK investigation metadata (1812.8773ms)
✔ trace requires and preserves one exact package Trace selector (1690.7621ms)
✔ replay applies repeated SDK actions in caller order and is deterministic (3673.4683ms)
✔ compare uses one package, completes its Replay, and enters exact Evolution (4937.8771ms)
✔ regression delegates two packages to the SDK and preserves deterministic report truth (1393.4327ms)
✔ regression reports identical packages and accepts at most one stdin operand (2259.1894ms)
✔ export is a byte-for-byte SDK round trip for files and stdout (1890.9434ms)
✔ package stdin supports non-interactive verification and import (1466.1314ms)
✔ invalid package import is reported as a package error (917.8607ms)
✔ policy namespace exposes exactly the seven frozen commands (1708.6536ms)
✔ unexpected Policy operational failure maps to exit 5 and the exact JSON semantic projection (2.2814ms)
✔ validate, digest, identities, and presentation envelopes preserve frozen bytes (2304.1132ms)
✔ evaluate preserves PASS, FAIL, CNE, exact artifacts, and outcome-last generation (3562.7423ms)
✔ all detached inspections and both verification modes remain SDK-owned (4037.4233ms)
✔ policy transport rejects collisions, multiple stdin inputs, URLs, and output-only stdin (1917.1436ms)
✔ session preserves opaque checkpoints and restores exact SDK state (6083.2555ms)
✔ checkpoint names cannot restore across live CLI sessions (1481.2935ms)
✔ session executes Trace, complete Replay, and Compare in one live SDK (5865.7305ms)
✔ session can verify and byte-preserving export through the SDK (1221.3205ms)
✔ native observations fail export safely without fabricating a MIP (1038.2088ms)
✔ session accepts a workflow file and fails malformed JSON deterministically (1703.1972ms)
ℹ tests 45
ℹ suites 0
ℹ pass 45
ℹ fail 0
ℹ cancelled 0
ℹ skipped 0
ℹ todo 0
ℹ duration_ms 135823.8696
