✔ L01 identities equal the independent oracle (R02 golden construction) (34.3562ms)
✔ L02 an empty ledger verifies with the genesis digest as head (3.9503ms)
✔ L03 entries are contiguous from 0 and chained by previousEntryDigest (R05) (16.1539ms)
✔ L04 equivalent appends are byte-identical regardless of volatile inputs (R04) (38.0135ms)
✔ L05 append re-validates the admission record and enforces ledger rules (14.4115ms)
✔ L06 tombstone lifecycle: governed entry, chain verifies after purge, purged content is never verified (R18, R19, R20) (16.467ms)
✔ L07 a crash during purge is reported as purgePending, and a completed purge is not (58.5377ms)
✔ L08 verify checks every retained member and recomputes record digests (R21) (21.1339ms)
✔ L09 tamper corpus: a single-byte flip anywhere in the descriptor or any entry fails closed (R21) (1722.5041ms)
✔ L10 structural tamper: deletion, reorder, gap, foreign splice, descriptor substitution, trailing LF (9.6377ms)
✔ L11 tombstone targets are verified, not trusted (13.4845ms)
✔ L12 query: filters, order, retention, tombstone matching and pagination (R22) (23.4876ms)
✔ L13 query verifies the chain before answering and rejects malformed queries (R22) (6.0249ms)
✔ L14 decisionConsistency is stored at admission, returned by query without member bytes, and covered by the entry identity (Amendment A4.1) (23.4989ms)
✔ L14b a claim is rejected, never stored with a guessed value, when its readiness result is absent, purged or in another ledger (Amendment A4.1) (23.4313ms)
✔ L14c historyLedgerView gives admission the Workspace, the entries and only retained readiness bytes (Amendment A4.1) (7.1813ms)
✔ L15 export is complete, deterministic and verifiable (R23) (16.6475ms)
✔ L16 verify-export fails closed on every single-byte flip, missing, extra and reordered file (R23) (1560.9579ms)
✔ L17 verify-export keeps section 11.1 codes for a consistent manifest over corrupt content (38.8522ms)
✔ L18 limits are enforced (R26): entry size, descriptor size, entries per ledger (30.3125ms)
✔ L19 argument shapes fail with USAGE (15.0709ms)
✔ L20 data classes: no time, path, URL or actor appears in any MO-1308-authored bytes (R24, R35) (25.6733ms)
✔ L21 the ledger module is pure and imports only the contract and canonical modules (R28, R29, R35, R37) (2.4205ms)
✔ L22 every Freeze error raised carries only a fixed message (9.5629ms)
✔ L23 re-sealed forgeries (valid entry digest) are caught by the chain rules themselves (R05, R10, R20) (38.9684ms)
ℹ tests 25
ℹ suites 0
ℹ pass 25
ℹ fail 0
ℹ cancelled 0
ℹ skipped 0
ℹ todo 0
ℹ duration_ms 4054.6692
