✔ C01 frozen public exports contain exactly two async functions (2.705ms)
✔ C02 closed counts and every frozen exit (0.795ms)
✔ C03 deterministic key order includes numeric-looking ASCII keys (0.8749ms)
✔ C04 Unicode scalars are not normalized or escaped unnecessarily (1.4941ms)
✔ C05 parser duplicate-key (0.3021ms)
✔ C05 parser escaped-duplicate-key (0.2581ms)
✔ C05 parser unknown-token (0.2202ms)
✔ C05 parser negative-zero (0.2587ms)
✔ C05 parser negative-integer (0.2748ms)
✔ C05 parser fraction (0.4015ms)
✔ C05 parser exponent (0.2446ms)
✔ C05 parser unsafe-integer (0.2032ms)
✔ C05 parser leading-zero (0.1325ms)
✔ C05 parser unpaired-surrogate (0.1063ms)
✔ C05 parser control-string (0.0745ms)
✔ C05 parser del-string (0.0727ms)
✔ C05 parser non-ascii-key (0.085ms)
✔ C05 parser trailing-garbage (0.069ms)
✔ C05 parser trailing-comma (0.0821ms)
✔ C05 parser empty-document (0.1077ms)
✔ C05 parser noncanonical-spaces (0.1232ms)
✔ C05 parser missing-lf (0.1096ms)
✔ C05 parser double-lf (0.0867ms)
✔ C05 parser key-order (0.1088ms)
✔ C05 parser unnecessary-escape (0.0863ms)
✔ C05 parser escaped-solidus (0.0797ms)
✔ C05 parser crlf (0.0824ms)
✔ C06 invalid UTF-8 and BOM reject (0.2135ms)
✔ C07 depth limit admits16 and rejects17 (0.3796ms)
✔ C08 members/key/string exact boundaries (1.1444ms)
✔ C09 total values boundary and bounded copy (189.183ms)
✔ C10 shared buffers/accessors/sparse arrays/cycles/undefined reject (0.5979ms)
✔ C11 SHA256 raw/claim/candidate identity and independent proof layer (0.4722ms)
✔ C12 every error has immutable fields and fixed safe diagnostic (2.7745ms)
✔ C13 errors select numeric exit then ASCII reference within a phase (0.43ms)
✔ C14 exact configuration accepted and unknown fields/profiles/versions rejected (2.4004ms)
✔ C15 no discovery or output/trust fields in configuration (0.7606ms)
✔ C16 deterministic blocker ID excludes mutable claim provenance (0.68ms)
✔ C17 error schema is closed and operational outcomes are not readiness states (0.3848ms)
✔ C18 public entry points reject malformed input and prior cancellation (2.4099ms)
✔ C19 shared definitions are deeply immutable (0.19ms)
✔ C20 generated definitions equal source canonical bytes (1.9373ms)
✔ C21 serializer stops at byte budget before expansive allocation (25.0699ms)
✔ C22 arrays reject hidden properties without reading getters (0.2535ms)
✔ C23 admission errors precede restrictive schema predicates (15.0648ms)
✔ C24 nested evidence version and coverage mappings (1.4208ms)
✔ C25 profile product mismatch precedes schema INPUT (0.7749ms)
✔ C26 defensive internal cycle has GRAPH_CYCLE and bound has GRAPH_LIMIT (51.1731ms)
✔ C27 configuration errors precede evidence acquisition errors (20.9693ms)
✔ C28 API holder shape rejects getters/symbols/hidden fields safely (11.6819ms)
✔ C29 well formed bundle traverses integrated verifier and readiness worker (388.4641ms)
✔ C30 malformed verification versions use their own mismatch categories (8.8279ms)
✔ C31 reference aggregation rejects empty vectors and dangling CNE (10.8374ms)
✔ C32 provider representation cannot assert hosted certificate without vectors (1.0482ms)
✔ C33 malformed nested verification records preserve mismatch code and reference (22.8402ms)
✔ C34 nested authority profile errors use PROFILE_MISMATCH during bootstrap (36.5574ms)
✔ C35 verification shape remapping does not hide admission limits (24.184ms)
✔ C36 known lower GitHub minimum remains valid without fabricated hosted cases (0.7331ms)
✔ fixture catalog is finite, complete and matches independent exact-byte SHA-256 (100.6354ms)
✔ 476 non-parser fixture records match closed schema and local foundation classifications (2272.6267ms)
✔ nine malformed byte/parser vectors reject with exact operational codes (1.8778ms)
✔ focused Phase 1 negative fixtures use the appropriate foundation seam (20.0591ms)
✔ all sixteen complete bundles pass snapshot, pin and byte-integrity foundations (476.1934ms)
✔ reference aggregation retains all records and realizes all four readiness states (43.2006ms)
✔ canonical result identities and summaries match exact independently constructed fixture bytes (373.7276ms)
✔ all fourteen evidence types and six graph node / five edge types have canonical positives (9.4957ms)
✔ MO-1306 preserves actual production, BF, tag, package and all nineteen source history rows (13.1979ms)
✔ MO-1306 provider limitations and ten disclosures cannot silently become hosted certification (2.4698ms)
✔ metadata-only proof changes and selective dependency reuse keep separate identities (3.3244ms)
✔ human decision bindings leave all readiness and proof bytes unchanged (54.6588ms)
✔ tag fixtures distinguish pre/post stage predicates from operational tampering (7.1126ms)
✔ future semantic negatives are classified without claiming a Phase 2 verifier exists (15.3143ms)
✔ N01 pinned native runtime and fixed PowerShell installation (5.71ms)
✔ N02 closed CLI commands and defaults (1.3597ms)
✔ N03 prototype-sensitive and invented commands reject as usage (0.6814ms)
✔ N04 duplicate unknown missing extra flags reject (0.4007ms)
✔ N05 forbidden runtime environment and Node options reject before I/O (0.3243ms)
✔ N04b inspectable configuration path failures select lowest logical ID (0.4633ms)
✔ N06 relative lexical boundaries and hostile spellings (0.403ms)
✔ N07 absolute roots full paths overlap and case aliases (0.5777ms)
✔ N08 identity policy rejects any reparse flag hardlink wrong type and changes (0.8684ms)
✔ N09 helper canonical round-trip and closed operation fields (3.9508ms)
✔ N10 helper frame prefix truncation trailing data and caps (1.0279ms)
✔ N11 helper sorted explicit allowlist path and per-file boundaries (1.0298ms)
✔ N12 acquisition needs four serial exits and invalid overlap or retry is terminal (5.081ms)
✔ N13 helper response exact snapshot identity and base64 validation (1.4012ms)
✔ N14 helper decoded aggregate boundary and +1 (306.878ms)
✔ N15 native fixed PowerShell snapshots and checked inspection sanitization (13853.4356ms)
✔ N16 native helper rejects hostile operation extra fields and oversized frame (2847.2925ms)
✔ N17 native CLI evaluates and publishes exact integrated result (13234.425ms)
✔ N18 publication exclusive create exact pending and single-file commit (37.6361ms)
✔ N19 existing final destination never replaced and pending retained (21.658ms)
✔ N20 pending collision and mutation fail closed without cleanup (37.9109ms)
✔ N21 publication byte ceiling boundary and +1 before write (42.8075ms)
✔ N22 branded framed inspection required and identity change rejects (21.547ms)
✔ N23 primitive late checkpoint prevents rename and retains pending (20.4943ms)
✔ N24 foundation retains no-network and fixed orchestration boundaries (4.6452ms)
✔ package metadata and deterministic nonrecursive bindings (381.4292ms)
✔ unexpected member is rejected without refreshing the binding (208.973ms)
✔ changed shipped source fails exact distribution binding (237.7042ms)
✔ schema drift cannot be hidden by rebuilding manifests (212.1769ms)
✔ constants drift cannot be hidden by rebuilding manifests (209.1722ms)
✔ dependencies, lifecycle hooks, extra exports and traversal allowlist are rejected (847.4414ms)
✔ network and external imports are rejected before manifest regeneration (726.6244ms)
✔ missing fixed helper and mutated manifest rows are rejected (484.7127ms)
✔ A01 exact independent Phase 1 result and summary bytes: could-not-evaluate (109.2875ms)
✔ A01 exact independent Phase 1 result and summary bytes: history-blocker-unavailable (105.485ms)
✔ A01 exact independent Phase 1 result and summary bytes: informational-ready (73.9351ms)
✔ A01 exact independent Phase 1 result and summary bytes: metadata-only (71.8957ms)
✔ A01 exact independent Phase 1 result and summary bytes: mixed-precedence (77.1689ms)
✔ A01 exact independent Phase 1 result and summary bytes: mo1306-qualified (324.7944ms)
✔ A01 exact independent Phase 1 result and summary bytes: not-ready (72.8495ms)
✔ A01 exact independent Phase 1 result and summary bytes: post-tag-absent (67.2105ms)
✔ A01 exact independent Phase 1 result and summary bytes: post-tag-lightweight (68.4605ms)
✔ A01 exact independent Phase 1 result and summary bytes: post-tag-ready (63.9721ms)
✔ A01 exact independent Phase 1 result and summary bytes: post-tag-wrong-target (62.4575ms)
✔ A01 exact independent Phase 1 result and summary bytes: pre-tag-present (61.2364ms)
✔ A01 exact independent Phase 1 result and summary bytes: qualified (72.774ms)
✔ A01 exact independent Phase 1 result and summary bytes: ready (68.2193ms)
✔ A01 exact independent Phase 1 result and summary bytes: rest-qualified (55.7089ms)
✔ A01 exact independent Phase 1 result and summary bytes: selective-reuse (73.2658ms)
✔ A02 core consumes claims rather than caller gate states and retains complete compiled profile (82.354ms)
✔ A03 coverage FAIL and UNEVALUABLE drive mandatory artifact (98.7629ms)
✔ A03 coverage FAIL and UNEVALUABLE drive mandatory binding (91.4499ms)
✔ A03 coverage FAIL and UNEVALUABLE drive mandatory history (89.635ms)
✔ A03 coverage FAIL and UNEVALUABLE drive mandatory provenance (88.0695ms)
✔ A03 coverage FAIL and UNEVALUABLE drive mandatory provider.azure (96.9884ms)
✔ A03 coverage FAIL and UNEVALUABLE drive mandatory provider.generic (89.8596ms)
✔ A03 coverage FAIL and UNEVALUABLE drive mandatory provider.github (95.9157ms)
✔ A03 coverage FAIL and UNEVALUABLE drive mandatory provider.gitlab (89.8245ms)
✔ A03 coverage FAIL and UNEVALUABLE drive mandatory provider.jenkins (110.9206ms)
✔ A03 coverage FAIL and UNEVALUABLE drive mandatory resources (91.5137ms)
✔ A03 coverage FAIL and UNEVALUABLE drive mandatory sbom (84.5406ms)
✔ A03 coverage FAIL and UNEVALUABLE drive mandatory scope (91.9893ms)
✔ A03 coverage FAIL and UNEVALUABLE drive mandatory security (91.5467ms)
✔ A03 coverage FAIL and UNEVALUABLE drive mandatory semantic (93.3537ms)
✔ A03 coverage FAIL and UNEVALUABLE drive mandatory supply (88.0574ms)
✔ A03 coverage FAIL and UNEVALUABLE drive mandatory tag (92.0954ms)
✔ A03 coverage FAIL and UNEVALUABLE drive mandatory windows (85.954ms)
✔ A04 REST coverage failures retain same-host limitation (34.0756ms)
✔ A05 unavailable MISSING is CNE with exact reason (42.2566ms)
✔ A05 unavailable AUTHORITY_UNAVAILABLE is CNE with exact reason (42.1149ms)
✔ A05 unavailable STALE is CNE with exact reason (42.3023ms)
✔ A05 unavailable UNEVALUABLE is CNE with exact reason (42.0934ms)
✔ A06 unavailable provider leaves optional observation empty without fabricating certification (47.4914ms)
✔ A07 blockers dominate independent CNE and qualifications without erasing any finding (54.4745ms)
✔ A08 CNE dominates release qualification and informational-only stays READY (83.8748ms)
✔ A09 known provider minimum failures remain blockers, including simultaneous coverage and CNE (213.528ms)
✔ A10 Generic real execution requirement is independent of coverage verdict (41.2509ms)
✔ A11 false hosted promotion and required provider disclosure omission are rejected (30.6458ms)
✔ A12 scope qualification union rejects missing, extra, weakened and conflicting records (66.1258ms)
✔ A13 identical qualification carriers share one result with every claim and grant reference (42.409ms)
✔ A14 missing scope or history retains known records and defers only completeness (217.045ms)
✔ A15 preserved history remains negative; observed recurrence blocks active mandatory gates (177.6097ms)
✔ A16 currently applicable history and duplicate recurrence produce one exact blocker (39.3441ms)
✔ A17 all applicable tag predicates are collected; absent post-tag fabricates no target failure (128.5912ms)
✔ A18 expected negative Policy and operational outcomes remain accepted semantic certification (41.4053ms)
✔ A19 metadata-only proof change preserves readiness and invalidates old external decision (126.4547ms)
✔ A20 nonsemantic input collection order and repeated calls preserve exact result bytes (531.5381ms)
✔ A21 new metadata proof is distinct from normative changed qualification identity (79.5888ms)
✔ A22 exact comparison rejects existing altered and self-hashed false result fixtures (259.4418ms)
✔ A23 result recomputation rejects self-consistent alterations of each normative projection (1086.2456ms)
✔ A24 V18 retains exact five providers, ten disclosures, twelve negative history rows and human actions (254.6379ms)
✔ A25 history count 128 is retained exactly and 129 is a resource error (135.0056ms)
✔ A26 global qualification union 128 is complete and 129 cannot be truncated (180.4402ms)
✔ A27 128 unique historical blockers are complete and one additional known failure rejects (214.7899ms)
✔ A28 EVALUATION numeric and logical-reference precedence is independent of collection order (74.9874ms)
✔ A29 projection boundary rejects caller gate vectors, accessors and unknown profiles (16.7519ms)
✔ A30 returned proof input uses the exact independent nonrecursive binding shape (55.0941ms)
✔ A31 all twelve external human decisions bind computed results without changing readiness (1157.0468ms)
✔ A32 every one of seven qualification codes is retained with its frozen impact (378.8197ms)
✔ A33 complete blocker CNE qualification cross-product follows frozen precedence and retains all lists (478.9712ms)
✔ A34 permutations preserve exact gate blocker qualification history JSON and text bytes (653.0039ms)
✔ A35 comparison rejects omitted mandatory CNE and substituted candidate profile or identity digest (273.512ms)
✔ A36 static pure-core import closure excludes acquisition execution network and ambient selectors (3.2955ms)
✔ A37 coverage missing duplicate cross-partition or contradictory verdict uses INTEGRITY (37.0774ms)
✔ A38 nested candidate accessor is rejected before calling user code (3.9665ms)
✔ A39 informational qualification on an inactive gate remains global without activating that gate (53.3724ms)
✔ A40 preserved-history qualification must match exact condition and affected gates (201.1698ms)
✔ A41 unavailable scope never exempts locally invalid or omitted required provider qualifications (34.8403ms)
✔ A42 minimum-met contradictory qualified support is an error; lower minimum unsupported facts are blockers (141.7064ms)
✔ A43 known history only contributes blockers to active mandatory affected gates (54.1507ms)
✔ A44 conflicting qualification scope errors choose the smallest logical ID regardless of carrier order (41.152ms)
✔ A45 REST unevaluable required coverage yields CNE with same-host qualification retained (69.6816ms)
✔ result boundary: exactly 4 MiB is retained and +1 is OUTPUT/EVALUATION (1651.8011ms)
✔ text boundary: exactly 128 KiB is complete and +1 is OUTPUT/EVALUATION (978.9408ms)
✔ result/proof/input snapshots do not share mutable output objects (29.9103ms)
✔ global derived counts reject 128+1 before malformed rows or byte sizing (10.275ms)
✔ result construction cannot promote a blocked aggregate to READY (8.4616ms)
✔ A01 all sixteen frozen bundles produce only verified claims and exact independent graph/audit identities (1732.9701ms)
✔ A02 operator authority pin is separate and rejects an independently wrong trust root (32.2834ms)
✔ A03 an evidence-controlled authority mutation cannot select its own new pin (7.609ms)
✔ A04 raw source bytes and raw length are verified independently of intact claim identity (54.2855ms)
✔ A05 raw manifest identity and envelope hash cannot be repaired by a self-consistent claim hash (49.0437ms)
✔ A06 exact canonical claim digest is recomputed under an intact reviewed envelope grant (42.8236ms)
✔ A07 ungranted external evidence cannot satisfy a gate (45.9607ms)
✔ A08 unknown evidence type and evidence version fail closed (61.3074ms)
✔ A09 granting the wrong existing claim for a compiled gate is rejected (35.9915ms)
✔ A10 exact grant source IDs cannot substitute or omit the envelope lineage (37.9289ms)
✔ A11 source bytes cannot appoint themselves as authority provenance (36.1152ms)
✔ A12 authority source Git fields, classification, length, hash and released target bind exactly (423.2949ms)
✔ A13 candidate, manifest and independently reviewed component/contract closures cannot be substituted (157.5972ms)
✔ A14 whole-candidate claims cannot use an earlier candidate root (41.0284ms)
✔ A15 a manifest cannot relabel a claim origin or dependency identity (81.0211ms)
✔ A16 declared dependency role, length and content are checked against the current inventory (101.7182ms)
✔ A17 minimum dependency closure cannot omit any relevant current component (37.4786ms)
✔ A18 changed declared grant closure and dangling dependency IDs reject rather than first-win (70.4162ms)
✔ A19 scope escalation and unapproved/changed assumptions are stale (104.0647ms)
✔ A20 unrelated root assumptions do not stale an approved claim subset (80.4078ms)
✔ A21 selective reuse is explicit and unchanged dependencies retain their exact claims (117.4799ms)
✔ A22 REUSED cannot conceal a whole-candidate claim (51.2978ms)
✔ A23 old audit snapshots do not invent expiry and bounded disclosure remains mandatory (81.6189ms)
✔ A24 permitted fresh raw metadata pins change proof audit but preserve normative projection (162.9651ms)
✔ A25 duplicate IDs, copied normalized grants and unconsumed evidence fail closed (81.0682ms)
✔ A26 explicit unavailable slots omit evidence safely and optional provider slots mirror the parent (103.8545ms)
✔ A27 all admitted bytes are snapshots independent of subsequent caller mutations (72.6071ms)
✔ A28 raw source byte ceiling admits exact boundary and rejects plus one (103.2413ms)
✔ A29 explicit source and authority references cannot dangle (67.958ms)
✔ A30 canonical set orders remain normative and are never silently sorted by the verifier (69.4933ms)
✔ A31 input map insertion and object member order do not affect verified canonical projection (144.9191ms)
✔ A32 raw integrity failure wins over later root candidate mismatch (31.4643ms)
✔ A33 an authority failure wins over a later structurally valid provider contradiction (55.7365ms)
✔ A34 manifest file ceiling admits exactly 128 consumed files and rejects 129 (123.5822ms)
✔ A35 aggregate raw source admission accepts 8 MiB exactly and rejects one additional byte (130.6082ms)
✔ A36 authority source ceiling admits 32 explicit provenance records and rejects 33 (108.6521ms)
✔ F01 MO-1306 preserved configuration receipts have exact granted source lineage (435.0677ms)
✔ F02 correction preserves all normalized identities and every original raw source byte (19.5919ms)
✔ F03 reconstructed original fixture still rejects unused configuration sources (210.9108ms)
✔ G01 exact frozen graph, authority and audit bindings: could-not-evaluate (76.9322ms)
✔ G01 exact frozen graph, authority and audit bindings: history-blocker-unavailable (57.4906ms)
✔ G01 exact frozen graph, authority and audit bindings: informational-ready (55.4237ms)
✔ G01 exact frozen graph, authority and audit bindings: metadata-only (56.1048ms)
✔ G01 exact frozen graph, authority and audit bindings: mixed-precedence (51.3013ms)
✔ G01 exact frozen graph, authority and audit bindings: mo1306-qualified (298.5755ms)
✔ G01 exact frozen graph, authority and audit bindings: not-ready (52.0931ms)
✔ G01 exact frozen graph, authority and audit bindings: post-tag-absent (48.5954ms)
✔ G01 exact frozen graph, authority and audit bindings: post-tag-lightweight (64.0715ms)
✔ G01 exact frozen graph, authority and audit bindings: post-tag-ready (49.0267ms)
✔ G01 exact frozen graph, authority and audit bindings: post-tag-wrong-target (64.3261ms)
✔ G01 exact frozen graph, authority and audit bindings: pre-tag-present (47.0325ms)
✔ G01 exact frozen graph, authority and audit bindings: qualified (50.1566ms)
✔ G01 exact frozen graph, authority and audit bindings: ready (52.1403ms)
✔ G01 exact frozen graph, authority and audit bindings: rest-qualified (36.7048ms)
✔ G01 exact frozen graph, authority and audit bindings: selective-reuse (57.6922ms)
✔ G02 exactly six node and five edge types, one root, content sharing and origin provenance (164.6901ms)
✔ G03 metadata and opaque historical cross-links cannot add normative authority or cycles (300.8169ms)
✔ G04 missing normative claim, dependency, authority, grant and edge endpoints reject (19.8446ms)
✔ G05 duplicate node IDs, duplicate edges, malformed content IDs and unknown types reject (20.8772ms)
✔ G06 wrong edge direction, endpoint type, root and candidate identity reject (21.902ms)
✔ G07 every grant and claim must be rooted and every normative node reachable (52.1422ms)
✔ G08 internal normative cycles and self references retain exact GRAPH_CYCLE classification (11.472ms)
✔ G09 dependency claims cannot mix current candidate and dependency edges (7.5542ms)
✔ G10 graph nodes exactly 2048 pass and 2049 fail before expansion (175.4519ms)
✔ G11 graph edges exactly 8192 pass and 8193 fail before expansion (355.0812ms)
✔ G12 dependencies per claim exactly 1024 pass and 1025 fail (172.3221ms)
✔ G13 derivation cannot silently drop or duplicate claims, grants or authorities (71.0758ms)
✔ G14 claimed identity, dependency identity and candidate root mismatches reject (26.6232ms)
✔ G15 normalized grant identity omits audit bytes, retains classes and scoped assumptions (5.3375ms)
✔ G16 noncanonical normative array order rejects instead of silently changing identity (14.2232ms)
✔ G17 derivation enforces the edge ceiling while expanding verified claim dependencies (929.6301ms)
✔ G18 arbitrary object property insertion order preserves exact graph and authority bytes (266.1198ms)
✔ HB01: all sixteen Phase 1 bundles preserve exact history, qualifications and independent provider projections (353.1097ms)
✔ HB02: MO-1306 binds nineteen immutable raw rows and exact twelve negative history projections (82.1199ms)
✔ HB03: MO-1306 preserves all independent provider axes and ten disclosures (67.4728ms)
✔ HB04: known recurrence links only active mandatory gates, including an unavailable current gate (18.8335ms)
✔ HB05: observed recurrence preserves historical outcome while excluding optional and inactive links (78.6245ms)
✔ HB06: current-applicable history cannot erase an unavailable gate condition (12.7319ms)
✔ HB07 immutable granted history rejects FAIL to PASS rewrite (39.8864ms)
✔ HB07 immutable granted history rejects BLOCKED removal (35.2369ms)
✔ HB07 immutable granted history rejects changed historical disposition (38.7415ms)
✔ HB07 immutable granted history rejects wrong historical source (45.5299ms)
✔ HB07 immutable granted history rejects wrong candidate provenance (36.937ms)
✔ HB07 immutable granted history rejects omitted required unresolved history (34.2713ms)
✔ HB07 immutable granted history rejects fabricated resolution (35.6354ms)
✔ HB07 immutable granted history rejects duplicate conflicting history (44.8816ms)
✔ HB08: malformed PASS history and duplicate conflicting rows remain invalid with fixture-owned updated pins (112.4946ms)
✔ HB09: reviewed history must resolve nested source and authority lineage (107.7052ms)
✔ HB10: supplied scope and history inventories reject omissions and unknown condition references (172.5097ms)
✔ QB01: qualifications reject omission (52.9411ms)
✔ QB01: qualifications reject impact downgrade (52.8842ms)
✔ QB01: qualifications reject wrong provider (55.2655ms)
✔ QB01: qualifications reject wrong gate (54.5419ms)
✔ QB01: qualifications reject unknown code (50.4348ms)
✔ QB01: qualifications reject wrong scope authority (50.0941ms)
✔ QB01: qualifications reject disclosure removal (50.5267ms)
✔ QB01: qualifications reject fabricated authority member (50.1756ms)
✔ QB02: scope qualification inventory rejects extra, omitted and conflicting records (154.6733ms)
✔ QB03: an identical qualification shared by granted claims merges exact claim/grant identities (93.3159ms)
✔ QB04: historical disclosures require exact preserved condition and gate set (152.3938ms)
✔ QB05: bounded advisory and REST scope require their exact disclosures (59.6081ms)
✔ QB06: unavailable scope retains known qualified history without inventing completeness (46.286ms)
✔ QB07: unavailable history retains known disclosures but still validates supplied scope condition inventory (122.2798ms)
✔ QB08: both unavailable inventories retain locally valid known qualifications and defer missing inventory references (83.7604ms)
✔ PB01 immutable MO-1306 authority rejects false github execution promotion (37.7932ms)
✔ PB01 immutable MO-1306 authority rejects false gitlab execution promotion (30.9209ms)
✔ PB01 immutable MO-1306 authority rejects false jenkins execution promotion (34.0074ms)
✔ PB01 immutable MO-1306 authority rejects false azure execution promotion (32.0511ms)
✔ PB02: full GitHub hosted certification requires all four exact case facts (42.762ms)
✔ PB03: provider labels cannot alias, substitute provider identity, or remove Generic certification unnoticed (105.1374ms)
✔ PB04: contract-only providers cannot claim SUPPORTED while not live certified (148.03ms)
✔ PB05: known lower-minimum unsupported facts are retained for 2A blockers with no fabricated certification (19.2314ms)
✔ PB06: unavailable provider parents produce no fabricated provider observation (10.1242ms)
✔ PB07: independently reviewed validation and execution facts do not imply a universal certification ranking (10.3837ms)
✔ DB01: selection order does not affect projection bytes or mutate input, and outputs are detached (82.8338ms)
✔ DB02: semantic history and qualification set order remains frozen and rejects reordered arrays (130.258ms)
✔ LB01: history record count accepts 128 and rejects 129 without truncation (44.4167ms)
✔ LB02: assessment qualification union accepts 128 and rejects 129 across individually bounded claims (47.1472ms)
✔ LB03: exact original disposition length accepts 256 printable characters and rejects 257 (20.9181ms)
✔ IB01: complete independently pinned MO-1306 verifier retains exact history, provider state and qualifications (816.5208ms)
✔ IB02: complete verifier rejects schema-valid rewritten or removed history despite fresh raw pins (470.3687ms)
✔ IB03: complete verifier rejects all four MO-1306 execution promotions with unchanged reviewed grants (630.364ms)
✔ IB04: complete verifier uses dedicated qualification mismatch classification (249.8293ms)
✔ IB05: complete verifier uses dedicated history mismatch classification for PASS rewriting (44.1707ms)
✔ IB06: independently pinned source bytes and candidate context bind historical claims (129.7611ms)
✔ L01 authority byte admission includes the exact ceiling and rejects plus one before parse/copy (20.7103ms)
✔ L02 envelope byte ceiling is enforced in acquisition before snapshot copying (55.0394ms)
✔ L03 manifest claim admission is 64 envelopes, independent of the finite gate authority limit (12.9733ms)
✔ L04 grant representation admits 64 and rejects 65 without claiming all grants fit the closed profile (16.1186ms)
✔ L05 claim dependencies and every explicit dependency reference list admit 1024 and reject 1025 (68.3936ms)
✔ L06 root, grant and claim assumption sets admit 32 and reject 33 (10.6843ms)
✔ L07 history representation admits 128 immutable rows and rejects 129 (31.2726ms)
✔ L08 qualification representation admits 128 and rejects 129 without truncation (13.5167ms)
✔ L09 scope qualification/condition reference sets each enforce their exact 128 cap (9.1696ms)
✔ L10 source references admit 128 and authority source references admit 32 at their declared schemas (5.514ms)
✔ L11 normalized authority and audit digest reference capacities are explicit, not generic INPUT errors (94.7262ms)
✔ L12 independent cap failures never fabricate a partial verified projection (15.3329ms)
✔ P2B projection and independent result evidence: could-not-evaluate (244.9806ms)
✔ P2B projection and independent result evidence: history-blocker-unavailable (192.0469ms)
✔ P2B projection and independent result evidence: informational-ready (195.4602ms)
✔ P2B projection and independent result evidence: metadata-only (179.6751ms)
✔ P2B projection and independent result evidence: mixed-precedence (185.4912ms)
✔ P2B projection and independent result evidence: mo1306-qualified (841.1729ms)
✔ P2B projection and independent result evidence: not-ready (149.0996ms)
✔ P2B projection and independent result evidence: post-tag-absent (147.3301ms)
✔ P2B projection and independent result evidence: post-tag-lightweight (143.526ms)
✔ P2B projection and independent result evidence: post-tag-ready (152.326ms)
✔ P2B projection and independent result evidence: post-tag-wrong-target (143.7767ms)
✔ P2B projection and independent result evidence: pre-tag-present (143.8736ms)
✔ P2B projection and independent result evidence: qualified (160.2017ms)
✔ P2B projection and independent result evidence: ready (138.9477ms)
✔ P2B projection and independent result evidence: rest-qualified (107.2359ms)
✔ P2B projection and independent result evidence: selective-reuse (146.6988ms)
✔ P2B verified snapshots detach and freeze every returned fact (63.5108ms)
✔ P2B metadata changes only raw proof binding and diagnostics (126.6531ms)
✔ P2B opaque bounded advisory timestamp has no age window or invented syntax (322.0249ms)
✔ P2B deterministic internal projection uses canonical records, not object insertion order (142.0986ms)
✔ P2B Freeze-mandated set ordering rejects permutations instead of normalizing signed identity (224.2706ms)
✔ P2B explicit reuse dispositions preserve unrelated dependency closure (92.7917ms)
✔ P2B independently reverified source mutation cannot hide behind result self-hashes (24.716ms)
✔ P2B result evidence tamper: candidate (433.764ms)
✔ P2B result evidence tamper: authorityIdentityDigest (469.2601ms)
✔ P2B result evidence tamper: qualification (437.7431ms)
✔ P2B result evidence tamper: history (413.6018ms)
✔ P2B result evidence tamper: provider (399.9983ms)
✔ P2B result evidence tamper: graph (400.6937ms)
✔ P2B result evidence tamper: audit (469.1164ms)
✔ P2B result evidence tamper: gateBinding (472.9716ms)
✔ P2B proof material is exact frozen audit, independent of final readiness calculation (69.2102ms)
✔ R01 raw source integrity precedes an earlier logical envelope coverage contradiction (50.3456ms)
✔ R02 earlier validation phase precedes a smaller later-phase error exit (34.6319ms)
✔ R03 independent source corruption precedes current-candidate authority mismatch (36.6086ms)
✔ APIBOOT01 earlier malformed config dominates later oversized evidence (20.3165ms)
✔ APIBOOT02 config shape error dominates wrong authority pin in same phase (11.2374ms)
✔ APIBOOT03 malformed config dominates oversized authority safely (5.167ms)
✔ APIBOOT04 exact manifest ENVELOPE cap applied before bytes copy (12.9973ms)
✔ APIBOOT05 exact manifest file set checked before copying unknown file (10.9821ms)
✔ APIBOOT06 snapshots remain detached and byte-identical (12.8702ms)
✔ APIBOOT07 TIMEOUT interruption dominates collected parse errors (0.4036ms)
✔ APIBOOT07 CANCELLED interruption dominates collected parse errors (0.2363ms)
✔ APIBOOT08 hostile typed-array byteLength override is never invoked (12.8325ms)
✔ C2C01 corrected limits leave all byte ceilings unchanged (1.2541ms)
✔ C2C02 every required observation has a canonical closed framed representation (9.5924ms)
✔ C2C03 old wire version missing session unknown fields and arbitrary operations reject (1.1651ms)
✔ C2C04 operation sequence and fixed output leaf authority are closed (1.7057ms)
✔ C2C05 bounded frames reject trailing requests responses and alternate session (0.9038ms)
✔ C2C06 complete acquisition then terminated worker then five publication requests (6.9492ms)
✔ C2C07 helper completion cannot substitute for fully quiescent exit (3.9891ms)
✔ C2C08 helper and worker overlap and repeated worker transition are terminal (5.4685ms)
✔ C2C09 verify remains four reads followed by worker and cannot publish (3.9568ms)
✔ C2C10 request failure abort and transport failure permit no retry (3.5968ms)
✔ C2C11 full component chains reject missing ancestors wrong paths reparse and hardlinks (1.0872ms)
✔ C2C12 acquisition parent cannot be reused after native identity change (2.3499ms)
✔ C2C13 path and cross-invocation session substitutions terminate assessment (1.7801ms)
✔ C2C14 capability branding root binding and single claim exclude substitution (7.1668ms)
✔ C2C15 unclaimed out-of-order or concurrent inspection cannot be retried (5.2086ms)
✔ C2C16 bridge requires exact transport fields and confirmed process quiescence (4.0313ms)
✔ C2C17 per-invocation deadline includes response parsing and process exit (1.0133ms)
✔ C2C18 aggregate helper budget cannot silently multiply with sequential invocations (1.7341ms)
✔ C2C19 overall CLI deadline and nonmonotonic clock fail without grace (2.2962ms)
✔ C2C20 framed publication performs exact five observations and one final rename (52.6331ms)
✔ C2C21 cancellation after each publication inspection is terminal and retains incomplete attempt (116.7928ms)
✔ C2C22 immediate pre-rename checkpoint blocks timeout after final native observation (32.5288ms)
✔ C2C23 final native pending identity comparison rejects stale replacement and retains bytes (29.0026ms)
✔ C2C24 mismatched branded capability and legacy callback cannot create an output root (4.6418ms)
✔ F01 publication status is an immutable operational snapshot before submission (47.9262ms)
✔ F02 timeout before submission prevents any rename and retains pending (31.2463ms)
✔ F03 cancellation before submission prevents rename and is terminal (23.0588ms)
✔ F04 actual admission checkpoint rejects a deadline reached after final native inspection (33.1468ms)
✔ F05 admitted delayed success remains unresolved at post-submission deadline (27.6732ms)
✔ F06 cancellation after submission is recorded without early cancellation or namespace cleanup (24.6887ms)
✔ F07 admitted failure after deadline resolves OUTPUT only after exact submitted operation settles (23.6338ms)
✔ F08 no second rename or token reuse while an admitted rename is outstanding (27.395ms)
✔ F09 commit status changes only after successful actual rename and then preserves bytes (26.7822ms)
✔ F10 mandatory checkpoint overrun after settlement is operational metadata, not precommit TIMEOUT (31.7303ms)
✔ F11 postcommit deadline or cancellation prevents a success summary and retains committed final (54.3122ms)
✔ F12 normal verified commit permits transport while precommit and failed tokens do not (26.7717ms)
✔ F13 wrong interruption code and foreign token cannot create publication authority (20.0427ms)
✔ F14 changed pending bytes before admission prevent rename (17.3381ms)
✔ F15 existing final is retained and finalization never retries or chooses another basename (22.4922ms)
✔ F16 postcommit transport error cannot retract or reclassify committed final as partial (28.5645ms)
✔ F17 bounded invocation timers are allowed and destroyed after successful operation (2.6244ms)
✔ F18 timer lifetime policy detects a persistent cross-run scheduler (2.5219ms)
✔ F19 actual foundation finalization leaves no live timers across sequential invocations (46.3552ms)
✔ F20 failed and cancelled foundation calls leave no cross-run timers (40.2569ms)
✔ F21 failed read-only namespace verification retains committed output and clears its timer (30.2543ms)
✔ F22 read-only verification timeout is bounded and late handle completion only closes (2039.7869ms)
✔ F23 interruption recorded while pre-submission read is pending prevents later admission (23.9887ms)
✔ F24 the first observed pre-submission interruption remains terminal (22.3481ms)
✔ LP01 exact trusted Windows PowerShell 5.1 executable (0.9215ms)
✔ LP02 exact fixed argument ordering and Bypass value (0.7477ms)
✔ LP03 fixed packaged helper path from module location (0.2917ms)
✔ LP04 no encoded command, expression or shell authority (0.2522ms)
✔ LP05 caller object cannot supply executable, script or policy (0.3188ms)
✔ LP06 launch specification and nested authority are immutable (0.7738ms)
✔ LP07 ambient PATH, system-root, policy and script poisons cannot select launch (0.5769ms)
✔ LP08 actual transport calls spawn with fixed array and sanitized environment (1.4808ms)
✔ LP09 CLI cannot select --script (0.538ms)
✔ LP09 CLI cannot select --execution-policy (0.1964ms)
✔ LP09 CLI cannot select --powershell (0.1366ms)
✔ LP10 no persistent policy or registry mutation code is introduced (9.359ms)
✔ LP11 public package exports cannot expose launch override (1.047ms)
✔ NRT01 native CPU-bound worker is terminated at fixed 10000ms CLI evaluation deadline (8.0542ms)
✔ PTERM01 a rejected second staging terminally consumes publication (48.7155ms)
✔ PTERM02 premature finalization consumes token before later staging (12.704ms)
✔ PCHAIN5-attributes all-field cross-slot stability rejects changed attributes (7.2053ms)
✔ PCHAIN5-byteLength all-field cross-slot stability rejects changed byteLength (7.4736ms)
✔ PCHAIN5-fileId all-field cross-slot stability rejects changed fileId (8.8627ms)
✔ PCHAIN5-finalPath all-field cross-slot stability rejects changed finalPath (8.6384ms)
✔ PCHAIN5-isDirectory all-field cross-slot stability rejects changed isDirectory (6.8395ms)
✔ PCHAIN5-linkCount all-field cross-slot stability rejects changed linkCount (6.2327ms)
✔ PCHAIN5-volumeSerial all-field cross-slot stability rejects changed volumeSerial (7.0531ms)
✔ PCHAIN6-attributes all-field cross-slot stability rejects changed attributes (15.3956ms)
✔ PCHAIN6-byteLength all-field cross-slot stability rejects changed byteLength (9.5262ms)
✔ PCHAIN6-fileId all-field cross-slot stability rejects changed fileId (14.5874ms)
✔ PCHAIN6-finalPath all-field cross-slot stability rejects changed finalPath (10.6936ms)
✔ PCHAIN6-isDirectory all-field cross-slot stability rejects changed isDirectory (13.0583ms)
✔ PCHAIN6-linkCount all-field cross-slot stability rejects changed linkCount (11.8767ms)
✔ PCHAIN6-volumeSerial all-field cross-slot stability rejects changed volumeSerial (11.76ms)
✔ PCHAIN7-attributes all-field cross-slot stability rejects changed attributes (14.3847ms)
✔ PCHAIN7-byteLength all-field cross-slot stability rejects changed byteLength (15.796ms)
✔ PCHAIN7-fileId all-field cross-slot stability rejects changed fileId (15.002ms)
✔ PCHAIN7-finalPath all-field cross-slot stability rejects changed finalPath (18.3763ms)
✔ PCHAIN7-isDirectory all-field cross-slot stability rejects changed isDirectory (13.9441ms)
✔ PCHAIN7-linkCount all-field cross-slot stability rejects changed linkCount (14.7266ms)
✔ PCHAIN7-volumeSerial all-field cross-slot stability rejects changed volumeSerial (13.6187ms)
✔ PCHAIN8-attributes all-field cross-slot stability rejects changed attributes (23.3504ms)
✔ PCHAIN8-byteLength all-field cross-slot stability rejects changed byteLength (25.3932ms)
✔ PCHAIN8-fileId all-field cross-slot stability rejects changed fileId (26.9686ms)
✔ PCHAIN8-finalPath all-field cross-slot stability rejects changed finalPath (24.9486ms)
✔ PCHAIN8-isDirectory all-field cross-slot stability rejects changed isDirectory (19.5869ms)
✔ PCHAIN8-linkCount all-field cross-slot stability rejects changed linkCount (26.0404ms)
✔ PCHAIN8-volumeSerial all-field cross-slot stability rejects changed volumeSerial (24.9133ms)
✔ PCHAIN9-attributes all-field cross-slot stability rejects changed attributes (29.8147ms)
✔ PCHAIN9-byteLength all-field cross-slot stability rejects changed byteLength (35.9503ms)
✔ PCHAIN9-fileId all-field cross-slot stability rejects changed fileId (33.6632ms)
✔ PCHAIN9-finalPath all-field cross-slot stability rejects changed finalPath (25.9487ms)
✔ PCHAIN9-isDirectory all-field cross-slot stability rejects changed isDirectory (25.1264ms)
✔ PCHAIN9-linkCount all-field cross-slot stability rejects changed linkCount (29.0841ms)
✔ PCHAIN9-volumeSerial all-field cross-slot stability rejects changed volumeSerial (29.2264ms)
✔ PNEG01 pending native byteLength must equal staged detached bytes (29.4764ms)
✔ PNEG02 wrong root branded capability cannot mutate either destination (4.8629ms)
✔ PNEG03 foreign capability and legacy callback cannot create a directory (0.9421ms)
✔ PNEG04 foreign token never authorizes staging or finalization (0.6653ms)
✔ PNEG05 second capability claim terminates original token (12.6704ms)
✔ PNEG06 second finalization preserves committed exact file and cannot rename again (29.7326ms)
✔ PNEG07 same-length changed pending bytes fail final reread before slot9 (17.9891ms)
✔ PNEG08 preexisting pending file is never overwritten and remains diagnostic evidence (12.0286ms)
✔ PNEG09 preexisting final file causes failure and remains byte-identical (16.0339ms)
✔ PNEG10 existing output directory cannot be claimed or overwritten (4.9196ms)
✔ PNEG11-TIMEOUT immediate pre-rename checkpoint is terminal (18.8058ms)
✔ PNEG11-CANCELLED immediate pre-rename checkpoint is terminal (19.6741ms)
✔ PNEG12-before-write cancellation retains owned pending bytes without publishing (19.2041ms)
✔ PNEG12-after-write cancellation retains owned pending bytes without publishing (18.4707ms)
✔ PNEG13 in-flight staging cannot revive token after concurrent staging rejection (16.3512ms)
✔ PNEG14 wrong session from framed transport aborts sequence and cannot publish (7.8106ms)
✔ PDET01 staging snapshots caller bytes before async work (33.0311ms)
✔ PDET02 changing roots and assessment sessions does not alter exact published bytes (55.7431ms)
✔ PTERM03 concurrent rejection during final reread cannot launch slot9 (18.8534ms)
✔ PTERM04 concurrent rejection during pending close cannot launch slot8 (17.0334ms)
# QUEUED_CLI {"mode":"deadline","scope":"ACTUAL_QUEUED_RENAME_AND_CLI_WITH_SYNTHETIC_IDENTITY_FRAMES","requests":1,"engineeringClock":"Monotonic elapsed-time offset at slot 8; original CLI absolute deadline has 100ms remaining, no budget restart.","finiteJobs":4,"observation":{"elapsedMs":367.4421,"settled":false,"snapshot":{"kind":"cli","deadline":30082.5585,"helpers":0,"workers":1,"helperUsedMs":0,"activeRole":null,"cleanupConfirmed":false,"publication":{"phase":"COMMIT_IN_PROGRESS","admitted":true,"deadlineExpiredAfterAdmission":true,"cancelledAfterAdmission":true,"namespaceVerified":false,"dispositionDeadline":null},"terminalCode":null,"terminalAt":null,"cleanupDeadline":null,"events":[{"type":"start","at":147.6904,"role":"worker","deadline":10147.5996,"ordinal":1},{"type":"observation","at":149.2711,"role":"worker","threadId":1,"resourceLimits":{"maxYoungGenerationSizeMb":16,"maxOldGenerationSizeMb":128,"codeRangeSizeMb":-1,"stackSizeMb":4}},{"type":"quiescent","at":256.4671,"role":"worker","ordinal":1},{"type":"publication-interruption","at":30095.6399,"code":"MO1307_TIMEOUT","phase":"COMMIT_IN_PROGRESS"},{"type":"publication-interruption","at":30147.3633,"code":"MO1307_CANCELLED","phase":"COMMIT_IN_PROGRESS"}]},"finalPresent":false,"pendingPresent":true,"stdoutBytes":0},"elapsedMs":1325.1840000000002,"snapshot":{"kind":"cli","deadline":30082.5585,"helpers":0,"workers":1,"helperUsedMs":0,"activeRole":null,"cleanupConfirmed":true,"publication":{"phase":"COMMITTED","admitted":true,"deadlineExpiredAfterAdmission":true,"cancelledAfterAdmission":true,"namespaceVerified":true,"dispositionDeadline":3237.8379},"terminalCode":"MO1307_OUTPUT","terminalAt":30936.9021,"cleanupDeadline":3237.8379,"events":[{"type":"start","at":147.6904,"role":"worker","deadline":10147.5996,"ordinal":1},{"type":"observation","at":149.2711,"role":"worker","threadId":1,"resourceLimits":{"maxYoungGenerationSizeMb":16,"maxOldGenerationSizeMb":128,"codeRangeSizeMb":-1,"stackSizeMb":4}},{"type":"quiescent","at":256.4671,"role":"worker","ordinal":1},{"type":"publication-interruption","at":30095.6399,"code":"MO1307_TIMEOUT","phase":"COMMIT_IN_PROGRESS"},{"type":"publication-interruption","at":30147.3633,"code":"MO1307_CANCELLED","phase":"COMMIT_IN_PROGRESS"},{"type":"terminal","at":30936.9359,"code":"MO1307_OUTPUT","stage":"PUBLICATION"}]},"failure":"MO1307_OUTPUT","exitCode":21,"stdoutBytes":0,"failureCleanupDeadline":3237.8379}
✔ FCLI actual queued rename awaits settlement after deadline (1343.4289ms)
# QUEUED_CLI {"mode":"cancellation","scope":"ACTUAL_QUEUED_RENAME_AND_CLI_WITH_SYNTHETIC_IDENTITY_FRAMES","requests":1,"engineeringClock":"Real monotonic clock","finiteJobs":4,"observation":{"elapsedMs":219.38580000000002,"settled":false,"snapshot":{"kind":"cli","deadline":31417.0882,"helpers":0,"workers":1,"helperUsedMs":0,"activeRole":null,"cleanupConfirmed":false,"publication":{"phase":"COMMIT_IN_PROGRESS","admitted":true,"deadlineExpiredAfterAdmission":false,"cancelledAfterAdmission":true,"namespaceVerified":false,"dispositionDeadline":null},"terminalCode":null,"terminalAt":null,"cleanupDeadline":null,"events":[{"type":"start","at":1465.8341,"role":"worker","deadline":11465.8093,"ordinal":1},{"type":"observation","at":1466.5816,"role":"worker","threadId":2,"resourceLimits":{"maxYoungGenerationSizeMb":16,"maxOldGenerationSizeMb":128,"codeRangeSizeMb":-1,"stackSizeMb":4}},{"type":"quiescent","at":1581.4024,"role":"worker","ordinal":1},{"type":"publication-interruption","at":1636.4804,"code":"MO1307_CANCELLED","phase":"COMMIT_IN_PROGRESS"}]},"finalPresent":false,"pendingPresent":true,"stdoutBytes":0},"elapsedMs":1435.1504,"snapshot":{"kind":"cli","deadline":31417.0882,"helpers":0,"workers":1,"helperUsedMs":0,"activeRole":null,"cleanupConfirmed":true,"publication":{"phase":"COMMITTED","admitted":true,"deadlineExpiredAfterAdmission":false,"cancelledAfterAdmission":true,"namespaceVerified":true,"dispositionDeadline":4724.282499999999},"terminalCode":"MO1307_OUTPUT","terminalAt":2726.411,"cleanupDeadline":4724.282499999999,"events":[{"type":"start","at":1465.8341,"role":"worker","deadline":11465.8093,"ordinal":1},{"type":"observation","at":1466.5816,"role":"worker","threadId":2,"resourceLimits":{"maxYoungGenerationSizeMb":16,"maxOldGenerationSizeMb":128,"codeRangeSizeMb":-1,"stackSizeMb":4}},{"type":"quiescent","at":1581.4024,"role":"worker","ordinal":1},{"type":"publication-interruption","at":1636.4804,"code":"MO1307_CANCELLED","phase":"COMMIT_IN_PROGRESS"},{"type":"terminal","at":2726.4397,"code":"MO1307_OUTPUT","stage":"PUBLICATION"}]},"failure":"MO1307_OUTPUT","exitCode":21,"stdoutBytes":0,"failureCleanupDeadline":4724.282499999999}
✔ FCLI actual queued rename awaits settlement after cancellation (1441.9633ms)
✔ PWAIT terminal cancellation prevents late advancement after mkdir (66.5396ms)
✔ PWAIT terminal cancellation prevents late advancement after sync (94.9121ms)
✔ PWAIT terminal cancellation prevents late advancement after final-open (96.0063ms)
# STDOUT_DISPOSITION {"mode":"timeout","delivered":353,"snapshot":{"kind":"cli","deadline":33120.7089,"helpers":0,"workers":1,"helperUsedMs":0,"activeRole":null,"cleanupConfirmed":true,"publication":{"phase":"COMMITTED","admitted":true,"deadlineExpiredAfterAdmission":true,"cancelledAfterAdmission":false,"namespaceVerified":true,"dispositionDeadline":5314.7716},"terminalCode":"MO1307_OUTPUT","terminalAt":33136.899,"cleanupDeadline":35136.899,"events":[{"type":"start","at":3172.1233,"role":"worker","deadline":13172.0894,"ordinal":1},{"type":"observation","at":3173.0464,"role":"worker","threadId":3,"resourceLimits":{"maxYoungGenerationSizeMb":16,"maxOldGenerationSizeMb":128,"codeRangeSizeMb":-1,"stackSizeMb":4}},{"type":"quiescent","at":3289.3725,"role":"worker","ordinal":1},{"type":"publication-transport","at":3315.4462},{"type":"publication-interruption","at":33136.8184,"code":"MO1307_TIMEOUT","phase":"COMMITTED"},{"type":"terminal","at":33136.919299999994,"code":"MO1307_OUTPUT","stage":"PUBLICATION"}]}}
✔ FCLI post-commit stalled stdout timeout retains final and one transport allowance (255.3137ms)
# STDOUT_DISPOSITION {"mode":"cancellation","delivered":353,"snapshot":{"kind":"cli","deadline":33374.3932,"helpers":0,"workers":1,"helperUsedMs":0,"activeRole":null,"cleanupConfirmed":true,"publication":{"phase":"COMMITTED","admitted":true,"deadlineExpiredAfterAdmission":false,"cancelledAfterAdmission":true,"namespaceVerified":true,"dispositionDeadline":5582.9012999999995},"terminalCode":"MO1307_OUTPUT","terminalAt":3618.0982,"cleanupDeadline":5618.0982,"events":[{"type":"start","at":3434.0053,"role":"worker","deadline":13433.9835,"ordinal":1},{"type":"observation","at":3434.5779,"role":"worker","threadId":4,"resourceLimits":{"maxYoungGenerationSizeMb":16,"maxOldGenerationSizeMb":128,"codeRangeSizeMb":-1,"stackSizeMb":4}},{"type":"quiescent","at":3551.1056,"role":"worker","ordinal":1},{"type":"publication-transport","at":3584.4261},{"type":"publication-interruption","at":3618.0389,"code":"MO1307_CANCELLED","phase":"COMMITTED"},{"type":"terminal","at":3618.1099,"code":"MO1307_OUTPUT","stage":"PUBLICATION"}]}}
✔ FCLI post-commit stalled stdout cancellation retains final and one transport allowance (268.3941ms)
✔ R01 api exact absolute deadline and equality (3.1431ms)
✔ R01 cli exact absolute deadline and equality (0.2749ms)
✔ R02 earlier cancellation stays terminal after deadline (0.4195ms)
✔ R03 timeout wins simultaneous first cancellation observation (0.4136ms)
✔ R04 preaborted signal prevents any launch (0.9029ms)
✔ R05 monotonic decreasing clock rejects (0.3236ms)
✔ R06 API cannot launch helper (0.4399ms)
✔ R07 helper deadline includes all active time; equality rejects (1.0241ms)
✔ R08 aggregate deadline does not reset across helpers (0.9136ms)
✔ R09 worker time is excluded from helper aggregate but inside overall (0.5814ms)
✔ R10 helper overlap is terminal and cleans prior owned role (0.6182ms)
✔ R11 helper and worker cannot overlap (0.6572ms)
✔ R12 frame alone cannot advance before actual close (63.7272ms)
✔ R13 launch uses only fixed executable/script/environment and no shell (1.9039ms)
✔ R14 helper trailing byte fails closed (13.273ms)
✔ R14 helper extra frame fails closed (1.7139ms)
✔ R14 helper debug stdout fails closed (2.6279ms)
✔ R14 helper truncated frame fails closed (11.3565ms)
✔ R14 helper oversized prefix fails closed (1.3696ms)
✔ R14 helper stderr overflow fails closed (1.2699ms)
✔ R14 helper nonzero exit fails closed (1.2096ms)
✔ R15 cancellation in launch terminates and ignores later valid frame (2.992ms)
✔ R16 cancellation during transport cleans child (24.2794ms)
✔ R17 fixed actual worker has empty environment and exact heap intent (55.9284ms)
✔ R18 successful worker result waits for termination (167.1792ms)
✔ R19 actual worker crash fails closed (42.5046ms)
✔ R19 actual worker duplicate fails closed (38.0164ms)
✔ R19 actual worker stdout fails closed (39.0927ms)
✔ R20 cancellation actually terminates CPU-bound worker thread (53.3966ms)
✔ R21 production worker executes accepted 2A/2B and confirms quiescence (317.7742ms)
✔ R22 adapter matches closed 2A handoff; operational/session fields excluded (0.3553ms)
✔ R23 verify evidence seam excludes result and decision bytes (0.2488ms)
✔ R24 malformed decision uses dedicated mismatch, cap uses resource (0.4356ms)
✔ R25 actual worker policy denies filesystem/network/process/module escape imports (80.3982ms)
✔ R26 cancellation preempts pending publication promise without another role (0.9626ms)
✔ R27 late publication promise cannot restore terminal success (0.4828ms)
✔ SUP01 post-rename TIMEOUT returns OUTPUT and retains exact committed result (231.7773ms)
✔ SUP01 post-rename CANCELLED returns OUTPUT and retains exact committed result (196.5543ms)
✔ SUP02 verify stdout backpressure times out without product filesystem changes (188.7049ms)
✔ SUP03 input root identity change between helper slots fails closed (17.5148ms)
✔ SUP04 physical file alias across bootstrap slots is rejected despite distinct paths (19.5413ms)
✔ SUP05 malformed external decision rejects without stdout or changes (236.5213ms)
✔ SUP06 wrong external decision proof binding rejects (223.5362ms)
✔ SUP07 contrary APPROVE preserves not-ready and reports unverified authenticity (246.6218ms)
✔ SUP07 contrary APPROVE preserves could-not-evaluate and reports unverified authenticity (251.3467ms)
✔ SUP08 slot4 output inspection ERROR maps to frozen OUTPUT before worker (49.4988ms)
✔ SURFACE evaluate nine slots exact bytes/summary/exit ready (292.3396ms)
✔ SURFACE evaluate nine slots exact bytes/summary/exit qualified (216.8444ms)
✔ SURFACE evaluate nine slots exact bytes/summary/exit not-ready (215.4013ms)
✔ SURFACE evaluate nine slots exact bytes/summary/exit could-not-evaluate (211.824ms)
✔ SURFACE verify four slots exit0 no writes (182.4328ms)
✔ SURFACE decision transport downstream and authenticity retained (246.303ms)
✔ SURFACE verify altered supplied result rejects before stdout (182.3262ms)
✔ SURFACE tag observations transported as original bytes without Git (98.8101ms)
✔ SURFACE determinism across random sessions and output roots (374.0799ms)
✔ SURFACE complete text output (211.6997ms)
✔ SURFACE post-rename stdout failure returns OUTPUT retains committed result (195.8535ms)
✔ SURFACE cancellation before worker no directory publication (42.3797ms)
✔ SURFACE cancellation before final inspection retains pending (179.2617ms)
✔ SURFACE 2B to 2A adapter selects exact handoff fields (0.3264ms)
✔ API admission wrong argument (0.5501ms)
✔ API admission shared array (7.7641ms)
✔ API admission duplicate file ID (9.882ms)
✔ API admission oversized candidate (7.3531ms)
✔ API admission unknown property (0.214ms)
✔ API admission wrong pin (0.1366ms)
✔ API snapshots all bytes before asynchronous work (9.8074ms)
✔ API caller mutation after entry cannot affect worker (292.9798ms)
✔ API missing declared file rejects (14.0847ms)
✔ API abort before entry is terminal (0.3881ms)
✔ API abort during worker terminates (21.6046ms)
✔ API public evaluate and verify execute accepted integrated semantics (621.4928ms)
✔ CLI dispatch "" (0.6431ms)
✔ CLI dispatch "unknown" (0.146ms)
✔ CLI dispatch "constructor" (0.1021ms)
✔ CLI dispatch "toString" (0.0763ms)
✔ CLI dispatch "__proto__" (0.0617ms)
✔ CLI dispatch "Evaluate" (0.0594ms)
✔ CLI negative missing command (0.1065ms)
✔ CLI negative missing flag (0.0988ms)
✔ CLI negative duplicate flag (0.0747ms)
✔ CLI negative unknown flag (0.0622ms)
✔ CLI negative unsafe path (0.3452ms)
✔ CLI negative overlong argument (0.1155ms)
# TIMER_WITNESS [{"name":"success-a","observedTimers":5,"remainingTimers":0,"serverOrWatcherResources":0,"callbacksAfterSettlement":0,"outcome":"COMMITTED","activeRole":null},{"name":"write-failure","observedTimers":4,"remainingTimers":0,"serverOrWatcherResources":0,"callbacksAfterSettlement":0,"outcome":"MO1307_OUTPUT","activeRole":null},{"name":"write-cancellation","observedTimers":4,"remainingTimers":0,"serverOrWatcherResources":0,"callbacksAfterSettlement":0,"outcome":"MO1307_CANCELLED","activeRole":null},{"name":"rename-failure","observedTimers":6,"remainingTimers":0,"serverOrWatcherResources":0,"callbacksAfterSettlement":0,"outcome":"MO1307_OUTPUT","activeRole":null},{"name":"post-admission-cancellation","observedTimers":6,"remainingTimers":0,"serverOrWatcherResources":0,"callbacksAfterSettlement":0,"outcome":"MO1307_OUTPUT","activeRole":null},{"name":"stalled-write-cancellation","observedTimers":3,"remainingTimers":0,"serverOrWatcherResources":0,"callbacksAfterSettlement":0,"outcome":"MO1307_CANCELLED","activeRole":null},{"name":"success-b","observedTimers":5,"remainingTimers":0,"serverOrWatcherResources":0,"callbacksAfterSettlement":0,"outcome":"COMMITTED","activeRole":null}]
✔ N24-C invocation timers clear after success, write/rename failure and pre/post-admission cancellation including a stalled write; no server, watcher or cross-run callbacks (477.5488ms)
✔ D01 actual integrated evaluation and independent verify: could-not-evaluate (547.1508ms)
✔ D01 actual integrated evaluation and independent verify: history-blocker-unavailable (469.6641ms)
✔ D01 actual integrated evaluation and independent verify: informational-ready (449.4435ms)
✔ D01 actual integrated evaluation and independent verify: metadata-only (438.9235ms)
✔ D01 actual integrated evaluation and independent verify: mixed-precedence (458.6919ms)
✔ D01 actual integrated evaluation and independent verify: mo1306-qualified (2101.2342ms)
✔ D01 actual integrated evaluation and independent verify: not-ready (399.6093ms)
✔ D01 actual integrated evaluation and independent verify: post-tag-absent (371.0782ms)
✔ D01 actual integrated evaluation and independent verify: post-tag-lightweight (375.0581ms)
✔ D01 actual integrated evaluation and independent verify: post-tag-ready (366.1061ms)
✔ D01 actual integrated evaluation and independent verify: post-tag-wrong-target (393.2331ms)
✔ D01 actual integrated evaluation and independent verify: pre-tag-present (418.8791ms)
✔ D01 actual integrated evaluation and independent verify: qualified (423.144ms)
✔ D01 actual integrated evaluation and independent verify: ready (387.7812ms)
✔ D01 actual integrated evaluation and independent verify: rest-qualified (311.3708ms)
✔ D01 actual integrated evaluation and independent verify: selective-reuse (410.6433ms)
✔ D02 all four states and blocker-over-CNE precedence survive the actual pipeline (479.4314ms)
✔ D03 adapter has exactly the accepted closed fields and never uses diagnostics as authority (157.5812ms)
✔ D04 MO1306 all nineteen source rows and twelve negative projections remain exact (459.8428ms)
✔ D05 MO1306 provider axes and ten disclosures retain their exact released limitations (449.2731ms)
✔ D06 MO1306 raw configuration lineage survives integration and original omission still rejects (240.1219ms)
✔ D07 verified historical applicability blocks an unavailable mandatory gate without erasing CNE (86.1011ms)
✔ D08 REST authority remains separate with mandatory same-host qualification and no providers (69.1018ms)
✔ D09 human decision binding is downstream and never changes readiness: ready/APPROVE (226.2572ms)
✔ D09 human decision binding is downstream and never changes readiness: ready/REJECT (220.6469ms)
✔ D09 human decision binding is downstream and never changes readiness: ready/DEFER (200.0289ms)
✔ D09 human decision binding is downstream and never changes readiness: qualified/APPROVE (233.8244ms)
✔ D09 human decision binding is downstream and never changes readiness: not-ready/APPROVE (217.6294ms)
✔ D10 mismatched human decision rejects: candidateDigest (204.5312ms)
✔ D10 mismatched human decision rejects: readinessDigest (199.26ms)
✔ D10 mismatched human decision rejects: proofBindingDigest (198.6906ms)
✔ D11 tag-stage facts yield exact mandatory blockers and never execute Git (579.972ms)
✔ D12 integrated operational failure remains an error: candidate substitution (6.1367ms)
✔ D12 integrated operational failure remains an error: trust-root mismatch (5.8437ms)
✔ D12 integrated operational failure remains an error: raw-source tamper (21.584ms)
✔ D12 integrated operational failure remains an error: claim tamper under an old grant (48.1564ms)
✔ D12 integrated operational failure remains an error: grant substitution (49.7881ms)
✔ D12 integrated operational failure remains an error: stale dependency (48.3913ms)
✔ D12 integrated operational failure remains an error: history rewrite with intact grant (260.3697ms)
✔ D12 integrated operational failure remains an error: history PASS fabrication (406.905ms)
✔ D12 integrated operational failure remains an error: qualification omission (98.422ms)
✔ D12 integrated operational failure remains an error: provider false hosted promotion (490.2101ms)
✔ D12 integrated operational failure remains an error: dangling authority reference (67.8913ms)
✔ D12 integrated operational failure remains an error: profile substitution (13.8646ms)
✔ D12 integrated operational failure remains an error: path traversal rejected by the frozen manifest schema (14.9955ms)
✔ D13 result verification independently rechecks original raw bytes before trusting a valid result (28.0395ms)
✔ D14 self-consistent changed readiness passes evidence-only support but fails integrated recomputation (225.4844ms)
✔ D15 supplied result digest tamper rejects: readinessDigest (113.3618ms)
✔ D15 supplied result digest tamper rejects: proofBindingDigest (114.6745ms)
✔ D16 self-consistent result history or qualification omission cannot hide behind repaired hashes (1049.2014ms)
✔ D17 derived graph is candidate-rooted, authority-rooted, closed and bounded (662.1103ms)
✔ D18 no supplied cyclic or dangling graph can replace independently derived evidence (182.3309ms)
✔ D19 repeated calls and nonsemantic object/map insertion order preserve exact normative bytes (348.3594ms)
✔ D20 signed set ordering is preserved rather than silently normalized during integration (24.3589ms)
✔ D21 metadata affects exact proof audit while leaving all readiness semantics byte-identical (189.1346ms)
✔ D22 selective reuse stays explicit and relevant changes fail before readiness computation (140.549ms)
✔ D23 evidenceInput strips only known verification transport fields and adds no authority (13.025ms)
✔ D24 integrated preflight preserves accepted authority-before-semantic error priority (104.6539ms)
ℹ tests 639
ℹ suites 0
ℹ pass 639
ℹ fail 0
ℹ cancelled 0
ℹ skipped 0
ℹ todo 0
ℹ duration_ms 109999.8713
