✔ EO1 every MO-1306/MO-1307 J-canonical fixture equals JCS plus one trailing LF (663.4342ms)
✔ EO1 MO-1306 and MO-1307 J serialize every fixture value in their domain exactly as JCS plus LF (857.0294ms)
✔ EO1 boundary vectors: key order, escapes, integers and nesting agree (1.3713ms)
✔ EO2 inspectRegressionReport accepts a genuine report and returns its Standard identity (109.5552ms)
✔ EO2 inspectRegressionReport rejects identifier and content tampering (105.1131ms)
✔ EO2 identity is integrity, not origin: a self-consistent recomputed forgery is accepted (109.2347ms)
✔ EO3 released SDK copies are byte-identical to the SDK released at memoryos-1.3-mo1302 (593.8621ms)
✔ EO3 the workspace verifier pins the MO-1302 vendored runtime to its release, not to current source (8048.0944ms)
✔ WC01 unchanged Action passes the corrected check (1606.5744ms)
✔ WC02 one-byte SDK or CLI source edits now pass; the replaced rule rejected them (0.3247ms)
✔ WC03 any bundled byte change fails (0.2053ms)
✔ WC04 a bundled change with a consistently rewritten manifest still fails on the released manifest (0.1396ms)
✔ WC05 an added or removed bundled file fails (0.148ms)
✔ WC06 a manifest that no longer matches the released bytes fails (0.1494ms)
✔ WC07 the tag exists, is annotated and peels to the commit the MO-1302 records name (650.4855ms)
✔ WC08 every pin equals the exact blob at the release tag (15016.9949ms)
✔ WC09 the released Action bytes are unchanged since the tag (R32) (201.6358ms)
✔ WC10 the correction replaces only the source comparison (220.7272ms)
✔ WC11 every other verifier check reports exactly as before the correction (2003.6009ms)
✔ L01 identities equal the independent oracle (R02 golden construction) (11.4984ms)
✔ L02 an empty ledger verifies with the genesis digest as head (1.2941ms)
✔ L03 entries are contiguous from 0 and chained by previousEntryDigest (R05) (8.8936ms)
✔ L04 equivalent appends are byte-identical regardless of volatile inputs (R04) (20.5999ms)
✔ L05 append re-validates the admission record and enforces ledger rules (7.0982ms)
✔ L06 tombstone lifecycle: governed entry, chain verifies after purge, purged content is never verified (R18, R19, R20) (8.2522ms)
✔ L07 a crash during purge is reported as purgePending, and a completed purge is not (7.5661ms)
✔ L08 verify checks every retained member and recomputes record digests (R21) (11.2406ms)
✔ L09 tamper corpus: a single-byte flip anywhere in the descriptor or any entry fails closed (R21) (1007.2423ms)
✔ L10 structural tamper: deletion, reorder, gap, foreign splice, descriptor substitution, trailing LF (8.8617ms)
✔ L11 tombstone targets are verified, not trusted (9.7198ms)
✔ L12 query: filters, order, retention, tombstone matching and pagination (R22) (22.2226ms)
✔ L13 query verifies the chain before answering and rejects malformed queries (R22) (8.7147ms)
✔ L14 decisionConsistency is stored at admission, returned by query without member bytes, and covered by the entry identity (Amendment A4.1) (18.8711ms)
✔ L14b a claim is rejected, never stored with a guessed value, when its readiness result is absent, purged or in another ledger (Amendment A4.1) (24.0149ms)
✔ L14c historyLedgerView gives admission the Workspace, the entries and only retained readiness bytes (Amendment A4.1) (9.3445ms)
✔ L15 export is complete, deterministic and verifiable (R23) (12.9651ms)
✔ L16 verify-export fails closed on every single-byte flip, missing, extra and reordered file (R23) (826.1879ms)
✔ L17 verify-export keeps section 11.1 codes for a consistent manifest over corrupt content (9.328ms)
✔ L18 limits are enforced (R26): entry size, descriptor size, entries per ledger (8.5647ms)
✔ L19 argument shapes fail with USAGE (4.289ms)
✔ L20 data classes: no time, path, URL or actor appears in any MO-1308-authored bytes (R24, R35) (8.1962ms)
✔ L21 the ledger module is pure and imports only the contract and canonical modules (R28, R29, R35, R37) (1.226ms)
✔ L22 every Freeze error raised carries only a fixed message (3.4486ms)
✔ L23 re-sealed forgeries (valid entry digest) are caught by the chain rules themselves (R05, R10, R20) (14.7202ms)
ℹ tests 44
ℹ suites 0
ℹ pass 44
ℹ fail 0
ℹ cancelled 0
ℹ skipped 0
ℹ todo 0
ℹ duration_ms 32730.8144
