✔ T01 store constants equal the Freeze contract module (layout, limits, member names) (6.899ms)
✔ T02 init creates exactly the frozen layout once; an existing target or a missing parent is refused (section 9.1) (84.0195ms)
✔ T03 append publishes members, then the entry; every earlier file is untouched (R06, R15) (167.762ms)
✔ T04 rejected appends change nothing: duplicates, wrong members, purged re-supply (R09, R10, R20) (134.9841ms)
✔ T05 the commit point is exclusive creation of entries/<n>.json: a lost race is LEDGER_CONFLICT and publishes nothing (R15, H41) (216.2749ms)
✔ T06 interruption at every mutating step before the commit point publishes nothing; after it, a complete entry (R16) (2611.3085ms)
✔ T07 tombstone commits first, then purges every member; the chain still verifies (R18, R19, section 10.2) (118.6825ms)
✔ T08 a crash during purge leaves purgePending; re-running the same command finishes it without a new entry (section 10.2) (371.8227ms)
✔ T09 verify fails closed on every layout defect (section 11.1) (216.9186ms)
✔ T10 verify reports staging and unreferenced artifacts; tampered bytes fail closed (R21) (175.6882ms)
✔ T11 filesystem boundary: a link anywhere on the path or inside the ledger fails closed on every operation (R17, H40) (150.3622ms)
✔ T12 a handle/path identity mismatch fails closed (H40) (25.4677ms)
✔ T12b a published name whose identity differs from the staged file is detected after the link (H40) (43.733ms)
✔ T13 a directory swapped for a link during an append is detected after the fact; no content is overwritten; reads then fail closed (H40 risk acceptance) (78.0436ms)
✔ T13b the same swap with no decoy is detected after the link: a boundary failure, the entry is never committed (H40) (117.132ms)
✔ T14 export is written once, marker last, byte-identical for equal ledgers, and verify-export fails closed (R23, section 12) (932.7988ms)
✔ T15 query and verify-export are read-only; query verifies the chain and never reads member bytes (R22) (193.6739ms)
✔ T16 commands: arguments become store operations, inputs are read through the boundary, errors carry only fixed text (section 13.3, 14.1) (636.4565ms)
✔ T17 concurrent appenders in separate processes: exactly one entry per index, losers get LEDGER_CONFLICT, the chain verifies (R15) (599.0887ms)
✔ T18 the store is Node-only, helper-free, timeless and never overwrites (R06, R35, R37, H40) (3.7831ms)
✔ T19 nothing outside the SDK facade and the contract is imported by the history sources; commands.js stays the only SDK importer (ARCHITECTURE section 5) (1.1948ms)
✔ T20 a purge committed between the entry listing and the member listing never produces RECORD_BYTES_MISMATCH: the read is repeated on a consistent snapshot (section 10.2, found by W08b) (572.5643ms)
✔ T21 when writers overtake every pass the read fails with LEDGER_CONFLICT after exactly the fixed number of passes, never with an integrity code, and publishes nothing (1206.0011ms)
✔ T22 on a stable snapshot every mismatch is reported exactly as before: corruption of a quiescent ledger is an integrity error found in a single pass (75.7798ms)
ℹ tests 24
ℹ suites 0
ℹ pass 24
ℹ fail 0
ℹ cancelled 0
ℹ skipped 0
ℹ todo 0
ℹ duration_ms 9127.3494
