✔ C01 frozen public exports contain exactly two async functions (2.5679ms)
✔ C02 closed counts and every frozen exit (0.8359ms)
✔ C03 deterministic key order includes numeric-looking ASCII keys (0.797ms)
✔ C04 Unicode scalars are not normalized or escaped unnecessarily (1.5116ms)
✔ C05 parser duplicate-key (0.3365ms)
✔ C05 parser escaped-duplicate-key (0.2497ms)
✔ C05 parser unknown-token (0.1459ms)
✔ C05 parser negative-zero (0.176ms)
✔ C05 parser negative-integer (0.1591ms)
✔ C05 parser fraction (0.2426ms)
✔ C05 parser exponent (0.1984ms)
✔ C05 parser unsafe-integer (0.19ms)
✔ C05 parser leading-zero (0.1342ms)
✔ C05 parser unpaired-surrogate (0.1014ms)
✔ C05 parser control-string (0.0867ms)
✔ C05 parser del-string (0.0817ms)
✔ C05 parser non-ascii-key (0.0876ms)
✔ C05 parser trailing-garbage (0.0732ms)
✔ C05 parser trailing-comma (0.12ms)
✔ C05 parser empty-document (0.1156ms)
✔ C05 parser noncanonical-spaces (0.1326ms)
✔ C05 parser missing-lf (0.0987ms)
✔ C05 parser double-lf (0.1347ms)
✔ C05 parser key-order (0.172ms)
✔ C05 parser unnecessary-escape (0.1457ms)
✔ C05 parser escaped-solidus (0.1418ms)
✔ C05 parser crlf (0.1491ms)
✔ C06 invalid UTF-8 and BOM reject (0.4008ms)
✔ C07 depth limit admits16 and rejects17 (0.4779ms)
✔ C08 members/key/string exact boundaries (1.3373ms)
✔ C09 total values boundary and bounded copy (213.3492ms)
✔ C10 shared buffers/accessors/sparse arrays/cycles/undefined reject (1.173ms)
✔ C11 SHA256 raw/claim/candidate identity and independent proof layer (1.1661ms)
✔ C12 every error has immutable fields and fixed safe diagnostic (3.5151ms)
✔ C13 errors select numeric exit then ASCII reference within a phase (0.6285ms)
✔ C14 exact configuration accepted and unknown fields/profiles/versions rejected (3.1723ms)
✔ C15 no discovery or output/trust fields in configuration (1.0264ms)
✔ C16 deterministic blocker ID excludes mutable claim provenance (0.5759ms)
✔ C17 error schema is closed and operational outcomes are not readiness states (0.384ms)
✔ C18 public entry points reject malformed input and prior cancellation (3.2458ms)
✔ C19 shared definitions are deeply immutable (0.5979ms)
✔ C20 generated definitions equal source canonical bytes (4.4669ms)
✔ C21 serializer stops at byte budget before expansive allocation (32.5402ms)
✔ C22 arrays reject hidden properties without reading getters (0.4423ms)
✔ C23 admission errors precede restrictive schema predicates (16.3244ms)
✔ C24 nested evidence version and coverage mappings (1.3424ms)
✔ C25 profile product mismatch precedes schema INPUT (0.7887ms)
✔ C26 defensive internal cycle has GRAPH_CYCLE and bound has GRAPH_LIMIT (42.1306ms)
✔ C27 configuration errors precede evidence acquisition errors (23.057ms)
✔ C28 API holder shape rejects getters/symbols/hidden fields safely (11.6806ms)
✔ C29 well formed bundle traverses integrated verifier and readiness worker (389.0072ms)
✔ C30 malformed verification versions use their own mismatch categories (8.8855ms)
✔ C31 reference aggregation rejects empty vectors and dangling CNE (7.3775ms)
✔ C32 provider representation cannot assert hosted certificate without vectors (0.7174ms)
✔ C33 malformed nested verification records preserve mismatch code and reference (15.2421ms)
✔ C34 nested authority profile errors use PROFILE_MISMATCH during bootstrap (34.5505ms)
✔ C35 verification shape remapping does not hide admission limits (20.2972ms)
✔ C36 known lower GitHub minimum remains valid without fabricated hosted cases (0.5214ms)
✔ fixture catalog is finite, complete and matches independent exact-byte SHA-256 (95.3661ms)
✔ 476 non-parser fixture records match closed schema and local foundation classifications (2567.2271ms)
✔ nine malformed byte/parser vectors reject with exact operational codes (2.1701ms)
✔ focused Phase 1 negative fixtures use the appropriate foundation seam (22.8114ms)
✔ all sixteen complete bundles pass snapshot, pin and byte-integrity foundations (614.5279ms)
✔ reference aggregation retains all records and realizes all four readiness states (51.5826ms)
✔ canonical result identities and summaries match exact independently constructed fixture bytes (470.9125ms)
✔ all fourteen evidence types and six graph node / five edge types have canonical positives (9.7416ms)
✔ MO-1306 preserves actual production, BF, tag, package and all nineteen source history rows (16.5033ms)
✔ MO-1306 provider limitations and ten disclosures cannot silently become hosted certification (2.7641ms)
✔ metadata-only proof changes and selective dependency reuse keep separate identities (3.7206ms)
✔ human decision bindings leave all readiness and proof bytes unchanged (73.0226ms)
✔ tag fixtures distinguish pre/post stage predicates from operational tampering (7.4354ms)
✔ future semantic negatives are classified without claiming a Phase 2 verifier exists (19.4172ms)
✔ N01 pinned native runtime and fixed PowerShell installation (6.3266ms)
✔ N02 closed CLI commands and defaults (1.5119ms)
✔ N03 prototype-sensitive and invented commands reject as usage (0.8326ms)
✔ N04 duplicate unknown missing extra flags reject (0.5453ms)
✔ N05 forbidden runtime environment and Node options reject before I/O (0.476ms)
✔ N04b inspectable configuration path failures select lowest logical ID (0.996ms)
✔ N06 relative lexical boundaries and hostile spellings (0.5708ms)
✔ N07 absolute roots full paths overlap and case aliases (0.6804ms)
✔ N08 identity policy rejects any reparse flag hardlink wrong type and changes (1.0415ms)
✔ N09 helper canonical round-trip and closed operation fields (4.5652ms)
✔ N10 helper frame prefix truncation trailing data and caps (0.7403ms)
✔ N11 helper sorted explicit allowlist path and per-file boundaries (1.9242ms)
✔ N12 acquisition needs four serial exits and invalid overlap or retry is terminal (5.844ms)
✔ N13 helper response exact snapshot identity and base64 validation (2.14ms)
✔ N14 helper decoded aggregate boundary and +1 (388.5384ms)
✔ N15 native fixed PowerShell snapshots and checked inspection sanitization (15986.3762ms)
✔ N16 native helper rejects hostile operation extra fields and oversized frame (2926.9387ms)
✔ N17 native CLI evaluates and publishes exact integrated result (14937.35ms)
✔ N18 publication exclusive create exact pending and single-file commit (49.3598ms)
✔ N19 existing final destination never replaced and pending retained (28.1003ms)
✔ N20 pending collision and mutation fail closed without cleanup (44.4281ms)
✔ N21 publication byte ceiling boundary and +1 before write (52.5279ms)
✔ N22 branded framed inspection required and identity change rejects (15.8266ms)
✔ N23 primitive late checkpoint prevents rename and retains pending (23.6683ms)
✔ N24 foundation retains no-network and fixed orchestration boundaries (5.4133ms)
✔ package metadata and deterministic nonrecursive bindings (482.0341ms)
✔ unexpected member is rejected without refreshing the binding (288.2314ms)
✔ changed shipped source fails exact distribution binding (304.6736ms)
✔ schema drift cannot be hidden by rebuilding manifests (268.1651ms)
✔ constants drift cannot be hidden by rebuilding manifests (290.6146ms)
✔ dependencies, lifecycle hooks, extra exports and traversal allowlist are rejected (987.7965ms)
✔ network and external imports are rejected before manifest regeneration (739.7495ms)
✔ missing fixed helper and mutated manifest rows are rejected (510.2659ms)
✔ A01 exact independent Phase 1 result and summary bytes: could-not-evaluate (116.9946ms)
✔ A01 exact independent Phase 1 result and summary bytes: history-blocker-unavailable (87.447ms)
✔ A01 exact independent Phase 1 result and summary bytes: informational-ready (79.4971ms)
✔ A01 exact independent Phase 1 result and summary bytes: metadata-only (80.9668ms)
✔ A01 exact independent Phase 1 result and summary bytes: mixed-precedence (79.7704ms)
✔ A01 exact independent Phase 1 result and summary bytes: mo1306-qualified (339.1337ms)
✔ A01 exact independent Phase 1 result and summary bytes: not-ready (76.9692ms)
✔ A01 exact independent Phase 1 result and summary bytes: post-tag-absent (80.7844ms)
✔ A01 exact independent Phase 1 result and summary bytes: post-tag-lightweight (86.9092ms)
✔ A01 exact independent Phase 1 result and summary bytes: post-tag-ready (73.8485ms)
✔ A01 exact independent Phase 1 result and summary bytes: post-tag-wrong-target (88.1007ms)
✔ A01 exact independent Phase 1 result and summary bytes: pre-tag-present (89.5291ms)
✔ A01 exact independent Phase 1 result and summary bytes: qualified (81.6105ms)
✔ A01 exact independent Phase 1 result and summary bytes: ready (71.2031ms)
✔ A01 exact independent Phase 1 result and summary bytes: rest-qualified (61.4947ms)
✔ A01 exact independent Phase 1 result and summary bytes: selective-reuse (89.2795ms)
✔ A02 core consumes claims rather than caller gate states and retains complete compiled profile (100.9233ms)
✔ A03 coverage FAIL and UNEVALUABLE drive mandatory artifact (112.6637ms)
✔ A03 coverage FAIL and UNEVALUABLE drive mandatory binding (105.2348ms)
✔ A03 coverage FAIL and UNEVALUABLE drive mandatory history (103.8076ms)
✔ A03 coverage FAIL and UNEVALUABLE drive mandatory provenance (109.0008ms)
✔ A03 coverage FAIL and UNEVALUABLE drive mandatory provider.azure (97.1163ms)
✔ A03 coverage FAIL and UNEVALUABLE drive mandatory provider.generic (103.5617ms)
✔ A03 coverage FAIL and UNEVALUABLE drive mandatory provider.github (100.0827ms)
✔ A03 coverage FAIL and UNEVALUABLE drive mandatory provider.gitlab (95.5072ms)
✔ A03 coverage FAIL and UNEVALUABLE drive mandatory provider.jenkins (118.4644ms)
✔ A03 coverage FAIL and UNEVALUABLE drive mandatory resources (103.6331ms)
✔ A03 coverage FAIL and UNEVALUABLE drive mandatory sbom (100.5247ms)
✔ A03 coverage FAIL and UNEVALUABLE drive mandatory scope (106.2185ms)
✔ A03 coverage FAIL and UNEVALUABLE drive mandatory security (117.8708ms)
✔ A03 coverage FAIL and UNEVALUABLE drive mandatory semantic (115.9811ms)
✔ A03 coverage FAIL and UNEVALUABLE drive mandatory supply (109.9597ms)
✔ A03 coverage FAIL and UNEVALUABLE drive mandatory tag (109.4521ms)
✔ A03 coverage FAIL and UNEVALUABLE drive mandatory windows (100.6593ms)
✔ A04 REST coverage failures retain same-host limitation (40.0871ms)
✔ A05 unavailable MISSING is CNE with exact reason (53.5101ms)
✔ A05 unavailable AUTHORITY_UNAVAILABLE is CNE with exact reason (51.2681ms)
✔ A05 unavailable STALE is CNE with exact reason (54.389ms)
✔ A05 unavailable UNEVALUABLE is CNE with exact reason (50.8988ms)
✔ A06 unavailable provider leaves optional observation empty without fabricating certification (47.7687ms)
✔ A07 blockers dominate independent CNE and qualifications without erasing any finding (57.4487ms)
✔ A08 CNE dominates release qualification and informational-only stays READY (118.2905ms)
✔ A09 known provider minimum failures remain blockers, including simultaneous coverage and CNE (284.6633ms)
✔ A10 Generic real execution requirement is independent of coverage verdict (50.379ms)
✔ A11 false hosted promotion and required provider disclosure omission are rejected (43.5375ms)
✔ A12 scope qualification union rejects missing, extra, weakened and conflicting records (91.7077ms)
✔ A13 identical qualification carriers share one result with every claim and grant reference (53.9784ms)
✔ A14 missing scope or history retains known records and defers only completeness (258.2759ms)
✔ A15 preserved history remains negative; observed recurrence blocks active mandatory gates (203.4868ms)
✔ A16 currently applicable history and duplicate recurrence produce one exact blocker (55.1747ms)
✔ A17 all applicable tag predicates are collected; absent post-tag fabricates no target failure (140.9945ms)
✔ A18 expected negative Policy and operational outcomes remain accepted semantic certification (45.3323ms)
✔ A19 metadata-only proof change preserves readiness and invalidates old external decision (151.4742ms)
✔ A20 nonsemantic input collection order and repeated calls preserve exact result bytes (608.1614ms)
✔ A21 new metadata proof is distinct from normative changed qualification identity (90.7697ms)
✔ A22 exact comparison rejects existing altered and self-hashed false result fixtures (269.8382ms)
✔ A23 result recomputation rejects self-consistent alterations of each normative projection (1212.9418ms)
✔ A24 V18 retains exact five providers, ten disclosures, twelve negative history rows and human actions (261.2404ms)
✔ A25 history count 128 is retained exactly and 129 is a resource error (120.4436ms)
✔ A26 global qualification union 128 is complete and 129 cannot be truncated (169.2153ms)
✔ A27 128 unique historical blockers are complete and one additional known failure rejects (180.3084ms)
✔ A28 EVALUATION numeric and logical-reference precedence is independent of collection order (87.8266ms)
✔ A29 projection boundary rejects caller gate vectors, accessors and unknown profiles (26.2886ms)
✔ A30 returned proof input uses the exact independent nonrecursive binding shape (61.7166ms)
✔ A31 all twelve external human decisions bind computed results without changing readiness (1242.7092ms)
✔ A32 every one of seven qualification codes is retained with its frozen impact (376.3301ms)
✔ A33 complete blocker CNE qualification cross-product follows frozen precedence and retains all lists (429.1563ms)
✔ A34 permutations preserve exact gate blocker qualification history JSON and text bytes (647.7881ms)
✔ A35 comparison rejects omitted mandatory CNE and substituted candidate profile or identity digest (229.8182ms)
✔ A36 static pure-core import closure excludes acquisition execution network and ambient selectors (3.4274ms)
✔ A37 coverage missing duplicate cross-partition or contradictory verdict uses INTEGRITY (39.8171ms)
✔ A38 nested candidate accessor is rejected before calling user code (3.9302ms)
✔ A39 informational qualification on an inactive gate remains global without activating that gate (53.158ms)
✔ A40 preserved-history qualification must match exact condition and affected gates (200.1905ms)
✔ A41 unavailable scope never exempts locally invalid or omitted required provider qualifications (35.9ms)
✔ A42 minimum-met contradictory qualified support is an error; lower minimum unsupported facts are blockers (145.1041ms)
✔ A43 known history only contributes blockers to active mandatory affected gates (49.4377ms)
✔ A44 conflicting qualification scope errors choose the smallest logical ID regardless of carrier order (41.8585ms)
✔ A45 REST unevaluable required coverage yields CNE with same-host qualification retained (70.7418ms)
✔ result boundary: exactly 4 MiB is retained and +1 is OUTPUT/EVALUATION (1747.3769ms)
✔ text boundary: exactly 128 KiB is complete and +1 is OUTPUT/EVALUATION (899.533ms)
✔ result/proof/input snapshots do not share mutable output objects (35.7466ms)
✔ global derived counts reject 128+1 before malformed rows or byte sizing (8.7551ms)
✔ result construction cannot promote a blocked aggregate to READY (7.443ms)
✔ A01 all sixteen frozen bundles produce only verified claims and exact independent graph/audit identities (1949.7602ms)
✔ A02 operator authority pin is separate and rejects an independently wrong trust root (23.2414ms)
✔ A03 an evidence-controlled authority mutation cannot select its own new pin (8.4779ms)
✔ A04 raw source bytes and raw length are verified independently of intact claim identity (62.7623ms)
✔ A05 raw manifest identity and envelope hash cannot be repaired by a self-consistent claim hash (49.1612ms)
✔ A06 exact canonical claim digest is recomputed under an intact reviewed envelope grant (37.7264ms)
✔ A07 ungranted external evidence cannot satisfy a gate (41.9926ms)
✔ A08 unknown evidence type and evidence version fail closed (59.7225ms)
✔ A09 granting the wrong existing claim for a compiled gate is rejected (35.9152ms)
✔ A10 exact grant source IDs cannot substitute or omit the envelope lineage (35.759ms)
✔ A11 source bytes cannot appoint themselves as authority provenance (37.3686ms)
✔ A12 authority source Git fields, classification, length, hash and released target bind exactly (456.6813ms)
✔ A13 candidate, manifest and independently reviewed component/contract closures cannot be substituted (120.9274ms)
✔ A14 whole-candidate claims cannot use an earlier candidate root (36.6212ms)
✔ A15 a manifest cannot relabel a claim origin or dependency identity (86.5644ms)
✔ A16 declared dependency role, length and content are checked against the current inventory (179.6264ms)
✔ A17 minimum dependency closure cannot omit any relevant current component (47.7401ms)
✔ A18 changed declared grant closure and dangling dependency IDs reject rather than first-win (74.2963ms)
✔ A19 scope escalation and unapproved/changed assumptions are stale (112.8142ms)
✔ A20 unrelated root assumptions do not stale an approved claim subset (96.8214ms)
✔ A21 selective reuse is explicit and unchanged dependencies retain their exact claims (118.5934ms)
✔ A22 REUSED cannot conceal a whole-candidate claim (42.581ms)
✔ A23 old audit snapshots do not invent expiry and bounded disclosure remains mandatory (91.5979ms)
✔ A24 permitted fresh raw metadata pins change proof audit but preserve normative projection (170.1671ms)
✔ A25 duplicate IDs, copied normalized grants and unconsumed evidence fail closed (97.8697ms)
✔ A26 explicit unavailable slots omit evidence safely and optional provider slots mirror the parent (106.2111ms)
✔ A27 all admitted bytes are snapshots independent of subsequent caller mutations (78.9751ms)
✔ A28 raw source byte ceiling admits exact boundary and rejects plus one (97.944ms)
✔ A29 explicit source and authority references cannot dangle (72.9663ms)
✔ A30 canonical set orders remain normative and are never silently sorted by the verifier (57.3539ms)
✔ A31 input map insertion and object member order do not affect verified canonical projection (142.2369ms)
✔ A32 raw integrity failure wins over later root candidate mismatch (27.1286ms)
✔ A33 an authority failure wins over a later structurally valid provider contradiction (57.7752ms)
✔ A34 manifest file ceiling admits exactly 128 consumed files and rejects 129 (130.3281ms)
✔ A35 aggregate raw source admission accepts 8 MiB exactly and rejects one additional byte (131.8076ms)
✔ A36 authority source ceiling admits 32 explicit provenance records and rejects 33 (120.3505ms)
✔ F01 MO-1306 preserved configuration receipts have exact granted source lineage (487.9003ms)
✔ F02 correction preserves all normalized identities and every original raw source byte (20.8673ms)
✔ F03 reconstructed original fixture still rejects unused configuration sources (212.1708ms)
✔ G01 exact frozen graph, authority and audit bindings: could-not-evaluate (89.019ms)
✔ G01 exact frozen graph, authority and audit bindings: history-blocker-unavailable (66.947ms)
✔ G01 exact frozen graph, authority and audit bindings: informational-ready (69.3526ms)
✔ G01 exact frozen graph, authority and audit bindings: metadata-only (66.1995ms)
✔ G01 exact frozen graph, authority and audit bindings: mixed-precedence (56.9776ms)
✔ G01 exact frozen graph, authority and audit bindings: mo1306-qualified (319.5508ms)
✔ G01 exact frozen graph, authority and audit bindings: not-ready (55.791ms)
✔ G01 exact frozen graph, authority and audit bindings: post-tag-absent (59.0253ms)
✔ G01 exact frozen graph, authority and audit bindings: post-tag-lightweight (80.2848ms)
✔ G01 exact frozen graph, authority and audit bindings: post-tag-ready (59.8714ms)
✔ G01 exact frozen graph, authority and audit bindings: post-tag-wrong-target (55.9528ms)
✔ G01 exact frozen graph, authority and audit bindings: pre-tag-present (55.7478ms)
✔ G01 exact frozen graph, authority and audit bindings: qualified (54.9573ms)
✔ G01 exact frozen graph, authority and audit bindings: ready (55.7789ms)
✔ G01 exact frozen graph, authority and audit bindings: rest-qualified (41.1698ms)
✔ G01 exact frozen graph, authority and audit bindings: selective-reuse (57.6286ms)
✔ G02 exactly six node and five edge types, one root, content sharing and origin provenance (187.0218ms)
✔ G03 metadata and opaque historical cross-links cannot add normative authority or cycles (378.1087ms)
✔ G04 missing normative claim, dependency, authority, grant and edge endpoints reject (27.1428ms)
✔ G05 duplicate node IDs, duplicate edges, malformed content IDs and unknown types reject (24.9238ms)
✔ G06 wrong edge direction, endpoint type, root and candidate identity reject (31.3677ms)
✔ G07 every grant and claim must be rooted and every normative node reachable (60.5181ms)
✔ G08 internal normative cycles and self references retain exact GRAPH_CYCLE classification (10.9743ms)
✔ G09 dependency claims cannot mix current candidate and dependency edges (10.0296ms)
✔ G10 graph nodes exactly 2048 pass and 2049 fail before expansion (205.8811ms)
✔ G11 graph edges exactly 8192 pass and 8193 fail before expansion (384.9994ms)
✔ G12 dependencies per claim exactly 1024 pass and 1025 fail (178.3823ms)
✔ G13 derivation cannot silently drop or duplicate claims, grants or authorities (84.7894ms)
✔ G14 claimed identity, dependency identity and candidate root mismatches reject (32.851ms)
✔ G15 normalized grant identity omits audit bytes, retains classes and scoped assumptions (3.8267ms)
✔ G16 noncanonical normative array order rejects instead of silently changing identity (16.9257ms)
✔ G17 derivation enforces the edge ceiling while expanding verified claim dependencies (1110.7543ms)
✔ G18 arbitrary object property insertion order preserves exact graph and authority bytes (333.1621ms)
✔ HB01: all sixteen Phase 1 bundles preserve exact history, qualifications and independent provider projections (401.5281ms)
✔ HB02: MO-1306 binds nineteen immutable raw rows and exact twelve negative history projections (93.5448ms)
✔ HB03: MO-1306 preserves all independent provider axes and ten disclosures (76.5555ms)
✔ HB04: known recurrence links only active mandatory gates, including an unavailable current gate (15.709ms)
✔ HB05: observed recurrence preserves historical outcome while excluding optional and inactive links (82.4979ms)
✔ HB06: current-applicable history cannot erase an unavailable gate condition (17.5317ms)
✔ HB07 immutable granted history rejects FAIL to PASS rewrite (42.5164ms)
✔ HB07 immutable granted history rejects BLOCKED removal (48.7675ms)
✔ HB07 immutable granted history rejects changed historical disposition (42.4865ms)
✔ HB07 immutable granted history rejects wrong historical source (42.3799ms)
✔ HB07 immutable granted history rejects wrong candidate provenance (42.307ms)
✔ HB07 immutable granted history rejects omitted required unresolved history (39.7147ms)
✔ HB07 immutable granted history rejects fabricated resolution (38.7782ms)
✔ HB07 immutable granted history rejects duplicate conflicting history (46.2879ms)
✔ HB08: malformed PASS history and duplicate conflicting rows remain invalid with fixture-owned updated pins (135.258ms)
✔ HB09: reviewed history must resolve nested source and authority lineage (142.4317ms)
✔ HB10: supplied scope and history inventories reject omissions and unknown condition references (213.6453ms)
✔ QB01: qualifications reject omission (71.2103ms)
✔ QB01: qualifications reject impact downgrade (64.0835ms)
✔ QB01: qualifications reject wrong provider (67.3574ms)
✔ QB01: qualifications reject wrong gate (66.0389ms)
✔ QB01: qualifications reject unknown code (76.6339ms)
✔ QB01: qualifications reject wrong scope authority (66.7982ms)
✔ QB01: qualifications reject disclosure removal (72.1881ms)
✔ QB01: qualifications reject fabricated authority member (64.2513ms)
✔ QB02: scope qualification inventory rejects extra, omitted and conflicting records (222.0295ms)
✔ QB03: an identical qualification shared by granted claims merges exact claim/grant identities (129.6788ms)
✔ QB04: historical disclosures require exact preserved condition and gate set (221.6398ms)
✔ QB05: bounded advisory and REST scope require their exact disclosures (106.643ms)
✔ QB06: unavailable scope retains known qualified history without inventing completeness (73.4922ms)
✔ QB07: unavailable history retains known disclosures but still validates supplied scope condition inventory (208.2648ms)
✔ QB08: both unavailable inventories retain locally valid known qualifications and defer missing inventory references (112.1087ms)
✔ PB01 immutable MO-1306 authority rejects false github execution promotion (41.2942ms)
✔ PB01 immutable MO-1306 authority rejects false gitlab execution promotion (41.8348ms)
✔ PB01 immutable MO-1306 authority rejects false jenkins execution promotion (41.597ms)
✔ PB01 immutable MO-1306 authority rejects false azure execution promotion (42.1844ms)
✔ PB02: full GitHub hosted certification requires all four exact case facts (57.3321ms)
✔ PB03: provider labels cannot alias, substitute provider identity, or remove Generic certification unnoticed (159.0993ms)
✔ PB04: contract-only providers cannot claim SUPPORTED while not live certified (194.5526ms)
✔ PB05: known lower-minimum unsupported facts are retained for 2A blockers with no fabricated certification (22.9606ms)
✔ PB06: unavailable provider parents produce no fabricated provider observation (13.0252ms)
✔ PB07: independently reviewed validation and execution facts do not imply a universal certification ranking (14.6008ms)
✔ DB01: selection order does not affect projection bytes or mutate input, and outputs are detached (105.7173ms)
✔ DB02: semantic history and qualification set order remains frozen and rejects reordered arrays (124.0973ms)
✔ LB01: history record count accepts 128 and rejects 129 without truncation (48.6731ms)
✔ LB02: assessment qualification union accepts 128 and rejects 129 across individually bounded claims (51.425ms)
✔ LB03: exact original disposition length accepts 256 printable characters and rejects 257 (21.5466ms)
✔ IB01: complete independently pinned MO-1306 verifier retains exact history, provider state and qualifications (977.1712ms)
✔ IB02: complete verifier rejects schema-valid rewritten or removed history despite fresh raw pins (579.5089ms)
✔ IB03: complete verifier rejects all four MO-1306 execution promotions with unchanged reviewed grants (734.0001ms)
✔ IB04: complete verifier uses dedicated qualification mismatch classification (305.2116ms)
✔ IB05: complete verifier uses dedicated history mismatch classification for PASS rewriting (51.269ms)
✔ IB06: independently pinned source bytes and candidate context bind historical claims (159.9672ms)
✔ L01 authority byte admission includes the exact ceiling and rejects plus one before parse/copy (23.7801ms)
✔ L02 envelope byte ceiling is enforced in acquisition before snapshot copying (64.4127ms)
✔ L03 manifest claim admission is 64 envelopes, independent of the finite gate authority limit (16.1452ms)
✔ L04 grant representation admits 64 and rejects 65 without claiming all grants fit the closed profile (18.5109ms)
✔ L05 claim dependencies and every explicit dependency reference list admit 1024 and reject 1025 (85.3632ms)
✔ L06 root, grant and claim assumption sets admit 32 and reject 33 (11.936ms)
✔ L07 history representation admits 128 immutable rows and rejects 129 (36.3817ms)
✔ L08 qualification representation admits 128 and rejects 129 without truncation (19.3157ms)
✔ L09 scope qualification/condition reference sets each enforce their exact 128 cap (10.5929ms)
✔ L10 source references admit 128 and authority source references admit 32 at their declared schemas (7.2127ms)
✔ L11 normalized authority and audit digest reference capacities are explicit, not generic INPUT errors (126.5863ms)
✔ L12 independent cap failures never fabricate a partial verified projection (18.7826ms)
✔ P2B projection and independent result evidence: could-not-evaluate (276.9595ms)
✔ P2B projection and independent result evidence: history-blocker-unavailable (204.9893ms)
✔ P2B projection and independent result evidence: informational-ready (212.5133ms)
✔ P2B projection and independent result evidence: metadata-only (194.4078ms)
✔ P2B projection and independent result evidence: mixed-precedence (183.4999ms)
✔ P2B projection and independent result evidence: mo1306-qualified (873.3227ms)
✔ P2B projection and independent result evidence: not-ready (168.9753ms)
✔ P2B projection and independent result evidence: post-tag-absent (194.5997ms)
✔ P2B projection and independent result evidence: post-tag-lightweight (185.6131ms)
✔ P2B projection and independent result evidence: post-tag-ready (191.3894ms)
✔ P2B projection and independent result evidence: post-tag-wrong-target (187.45ms)
✔ P2B projection and independent result evidence: pre-tag-present (184.6118ms)
✔ P2B projection and independent result evidence: qualified (215.7169ms)
✔ P2B projection and independent result evidence: ready (199.7089ms)
✔ P2B projection and independent result evidence: rest-qualified (139.9646ms)
✔ P2B projection and independent result evidence: selective-reuse (186.9959ms)
✔ P2B verified snapshots detach and freeze every returned fact (102.5167ms)
✔ P2B metadata changes only raw proof binding and diagnostics (154.1593ms)
✔ P2B opaque bounded advisory timestamp has no age window or invented syntax (440.8145ms)
✔ P2B deterministic internal projection uses canonical records, not object insertion order (180.7798ms)
✔ P2B Freeze-mandated set ordering rejects permutations instead of normalizing signed identity (273.6543ms)
✔ P2B explicit reuse dispositions preserve unrelated dependency closure (114.1997ms)
✔ P2B independently reverified source mutation cannot hide behind result self-hashes (26.1307ms)
✔ P2B result evidence tamper: candidate (508.9411ms)
✔ P2B result evidence tamper: authorityIdentityDigest (506.07ms)
✔ P2B result evidence tamper: qualification (554.299ms)
✔ P2B result evidence tamper: history (505.5305ms)
✔ P2B result evidence tamper: provider (458.7107ms)
✔ P2B result evidence tamper: graph (429.2773ms)
✔ P2B result evidence tamper: audit (440.045ms)
✔ P2B result evidence tamper: gateBinding (459.4947ms)
✔ P2B proof material is exact frozen audit, independent of final readiness calculation (70.4074ms)
✔ R01 raw source integrity precedes an earlier logical envelope coverage contradiction (55.7201ms)
✔ R02 earlier validation phase precedes a smaller later-phase error exit (36.3135ms)
✔ R03 independent source corruption precedes current-candidate authority mismatch (38.6208ms)
✔ APIBOOT01 earlier malformed config dominates later oversized evidence (23.7305ms)
✔ APIBOOT02 config shape error dominates wrong authority pin in same phase (13.9142ms)
✔ APIBOOT03 malformed config dominates oversized authority safely (6.3731ms)
✔ APIBOOT04 exact manifest ENVELOPE cap applied before bytes copy (13.8556ms)
✔ APIBOOT05 exact manifest file set checked before copying unknown file (13.2359ms)
✔ APIBOOT06 snapshots remain detached and byte-identical (16.4116ms)
✔ APIBOOT07 TIMEOUT interruption dominates collected parse errors (0.5089ms)
✔ APIBOOT07 CANCELLED interruption dominates collected parse errors (0.2355ms)
✔ APIBOOT08 hostile typed-array byteLength override is never invoked (13.587ms)
✔ C2C01 corrected limits leave all byte ceilings unchanged (2.3322ms)
✔ C2C02 every required observation has a canonical closed framed representation (9.9726ms)
✔ C2C03 old wire version missing session unknown fields and arbitrary operations reject (1.26ms)
✔ C2C04 operation sequence and fixed output leaf authority are closed (3.0079ms)
✔ C2C05 bounded frames reject trailing requests responses and alternate session (1.1588ms)
✔ C2C06 complete acquisition then terminated worker then five publication requests (7.8804ms)
✔ C2C07 helper completion cannot substitute for fully quiescent exit (2.8678ms)
✔ C2C08 helper and worker overlap and repeated worker transition are terminal (5.7224ms)
✔ C2C09 verify remains four reads followed by worker and cannot publish (2.7525ms)
✔ C2C10 request failure abort and transport failure permit no retry (3.6407ms)
✔ C2C11 full component chains reject missing ancestors wrong paths reparse and hardlinks (1.4068ms)
✔ C2C12 acquisition parent cannot be reused after native identity change (2.7317ms)
✔ C2C13 path and cross-invocation session substitutions terminate assessment (2.1648ms)
✔ C2C14 capability branding root binding and single claim exclude substitution (9.1289ms)
✔ C2C15 unclaimed out-of-order or concurrent inspection cannot be retried (6.0933ms)
✔ C2C16 bridge requires exact transport fields and confirmed process quiescence (5.6573ms)
✔ C2C17 per-invocation deadline includes response parsing and process exit (1.1917ms)
✔ C2C18 aggregate helper budget cannot silently multiply with sequential invocations (1.956ms)
✔ C2C19 overall CLI deadline and nonmonotonic clock fail without grace (2.2369ms)
✔ C2C20 framed publication performs exact five observations and one final rename (58.0764ms)
✔ C2C21 cancellation after each publication inspection is terminal and retains incomplete attempt (84.1066ms)
✔ C2C22 immediate pre-rename checkpoint blocks timeout after final native observation (26.5297ms)
✔ C2C23 final native pending identity comparison rejects stale replacement and retains bytes (30.7671ms)
✔ C2C24 mismatched branded capability and legacy callback cannot create an output root (3.1425ms)
✔ F01 publication status is an immutable operational snapshot before submission (58.4212ms)
✔ F02 timeout before submission prevents any rename and retains pending (26.1672ms)
✔ F03 cancellation before submission prevents rename and is terminal (24.1812ms)
✔ F04 actual admission checkpoint rejects a deadline reached after final native inspection (26.9655ms)
✔ F05 admitted delayed success remains unresolved at post-submission deadline (28.593ms)
✔ F06 cancellation after submission is recorded without early cancellation or namespace cleanup (29.9573ms)
✔ F07 admitted failure after deadline resolves OUTPUT only after exact submitted operation settles (26.2197ms)
✔ F08 no second rename or token reuse while an admitted rename is outstanding (28.5036ms)
✔ F09 commit status changes only after successful actual rename and then preserves bytes (27.936ms)
✔ F10 mandatory checkpoint overrun after settlement is operational metadata, not precommit TIMEOUT (27.6871ms)
✔ F11 postcommit deadline or cancellation prevents a success summary and retains committed final (50.4402ms)
✔ F12 normal verified commit permits transport while precommit and failed tokens do not (24.1849ms)
✔ F13 wrong interruption code and foreign token cannot create publication authority (18.0058ms)
✔ F14 changed pending bytes before admission prevent rename (28.9786ms)
✔ F15 existing final is retained and finalization never retries or chooses another basename (30.9709ms)
✔ F16 postcommit transport error cannot retract or reclassify committed final as partial (39.3136ms)
✔ F17 bounded invocation timers are allowed and destroyed after successful operation (2.5867ms)
✔ F18 timer lifetime policy detects a persistent cross-run scheduler (1.9089ms)
✔ F19 actual foundation finalization leaves no live timers across sequential invocations (66.4469ms)
✔ F20 failed and cancelled foundation calls leave no cross-run timers (54.8249ms)
✔ F21 failed read-only namespace verification retains committed output and clears its timer (41.1755ms)
✔ F22 read-only verification timeout is bounded and late handle completion only closes (2040.1618ms)
✔ F23 interruption recorded while pre-submission read is pending prevents later admission (29.4152ms)
✔ F24 the first observed pre-submission interruption remains terminal (23.5998ms)
✔ LP01 exact trusted Windows PowerShell 5.1 executable (1.1247ms)
✔ LP02 exact fixed argument ordering and Bypass value (0.7728ms)
✔ LP03 fixed packaged helper path from module location (0.1297ms)
✔ LP04 no encoded command, expression or shell authority (0.119ms)
✔ LP05 caller object cannot supply executable, script or policy (0.1442ms)
✔ LP06 launch specification and nested authority are immutable (0.4626ms)
✔ LP07 ambient PATH, system-root, policy and script poisons cannot select launch (0.4026ms)
✔ LP08 actual transport calls spawn with fixed array and sanitized environment (1.2815ms)
✔ LP09 CLI cannot select --script (0.5006ms)
✔ LP09 CLI cannot select --execution-policy (0.187ms)
✔ LP09 CLI cannot select --powershell (0.1466ms)
✔ LP10 no persistent policy or registry mutation code is introduced (12.0282ms)
✔ LP11 public package exports cannot expose launch override (0.9034ms)
✔ NRT01 native CPU-bound worker is terminated at fixed 10000ms CLI evaluation deadline (10.4666ms)
✔ PTERM01 a rejected second staging terminally consumes publication (46.6386ms)
✔ PTERM02 premature finalization consumes token before later staging (13.5888ms)
✔ PCHAIN5-attributes all-field cross-slot stability rejects changed attributes (6.0719ms)
✔ PCHAIN5-byteLength all-field cross-slot stability rejects changed byteLength (7.2158ms)
✔ PCHAIN5-fileId all-field cross-slot stability rejects changed fileId (7.1099ms)
✔ PCHAIN5-finalPath all-field cross-slot stability rejects changed finalPath (7.8487ms)
✔ PCHAIN5-isDirectory all-field cross-slot stability rejects changed isDirectory (6.8013ms)
✔ PCHAIN5-linkCount all-field cross-slot stability rejects changed linkCount (6.4295ms)
✔ PCHAIN5-volumeSerial all-field cross-slot stability rejects changed volumeSerial (9.0205ms)
✔ PCHAIN6-attributes all-field cross-slot stability rejects changed attributes (14.3829ms)
✔ PCHAIN6-byteLength all-field cross-slot stability rejects changed byteLength (10.4516ms)
✔ PCHAIN6-fileId all-field cross-slot stability rejects changed fileId (10.9566ms)
✔ PCHAIN6-finalPath all-field cross-slot stability rejects changed finalPath (10.8334ms)
✔ PCHAIN6-isDirectory all-field cross-slot stability rejects changed isDirectory (12.258ms)
✔ PCHAIN6-linkCount all-field cross-slot stability rejects changed linkCount (13.4806ms)
✔ PCHAIN6-volumeSerial all-field cross-slot stability rejects changed volumeSerial (12.1268ms)
✔ PCHAIN7-attributes all-field cross-slot stability rejects changed attributes (13.0448ms)
✔ PCHAIN7-byteLength all-field cross-slot stability rejects changed byteLength (14.6702ms)
✔ PCHAIN7-fileId all-field cross-slot stability rejects changed fileId (13.1106ms)
✔ PCHAIN7-finalPath all-field cross-slot stability rejects changed finalPath (13.0834ms)
✔ PCHAIN7-isDirectory all-field cross-slot stability rejects changed isDirectory (12.2775ms)
✔ PCHAIN7-linkCount all-field cross-slot stability rejects changed linkCount (10.8832ms)
✔ PCHAIN7-volumeSerial all-field cross-slot stability rejects changed volumeSerial (11.2399ms)
✔ PCHAIN8-attributes all-field cross-slot stability rejects changed attributes (23.9681ms)
✔ PCHAIN8-byteLength all-field cross-slot stability rejects changed byteLength (22.0942ms)
✔ PCHAIN8-fileId all-field cross-slot stability rejects changed fileId (21.5656ms)
✔ PCHAIN8-finalPath all-field cross-slot stability rejects changed finalPath (20.9095ms)
✔ PCHAIN8-isDirectory all-field cross-slot stability rejects changed isDirectory (20.3769ms)
✔ PCHAIN8-linkCount all-field cross-slot stability rejects changed linkCount (18.8098ms)
✔ PCHAIN8-volumeSerial all-field cross-slot stability rejects changed volumeSerial (17.12ms)
✔ PCHAIN9-attributes all-field cross-slot stability rejects changed attributes (23.4572ms)
✔ PCHAIN9-byteLength all-field cross-slot stability rejects changed byteLength (22.065ms)
✔ PCHAIN9-fileId all-field cross-slot stability rejects changed fileId (21.4981ms)
✔ PCHAIN9-finalPath all-field cross-slot stability rejects changed finalPath (27.5502ms)
✔ PCHAIN9-isDirectory all-field cross-slot stability rejects changed isDirectory (23.0464ms)
✔ PCHAIN9-linkCount all-field cross-slot stability rejects changed linkCount (25.3596ms)
✔ PCHAIN9-volumeSerial all-field cross-slot stability rejects changed volumeSerial (25.4644ms)
✔ PNEG01 pending native byteLength must equal staged detached bytes (22.1562ms)
✔ PNEG02 wrong root branded capability cannot mutate either destination (6.0336ms)
✔ PNEG03 foreign capability and legacy callback cannot create a directory (1.3128ms)
✔ PNEG04 foreign token never authorizes staging or finalization (0.8136ms)
✔ PNEG05 second capability claim terminates original token (14.2309ms)
✔ PNEG06 second finalization preserves committed exact file and cannot rename again (37.1922ms)
✔ PNEG07 same-length changed pending bytes fail final reread before slot9 (22.8456ms)
✔ PNEG08 preexisting pending file is never overwritten and remains diagnostic evidence (14.1284ms)
✔ PNEG09 preexisting final file causes failure and remains byte-identical (20.3936ms)
✔ PNEG10 existing output directory cannot be claimed or overwritten (5.6169ms)
✔ PNEG11-TIMEOUT immediate pre-rename checkpoint is terminal (20.5176ms)
✔ PNEG11-CANCELLED immediate pre-rename checkpoint is terminal (19.8808ms)
✔ PNEG12-before-write cancellation retains owned pending bytes without publishing (14.4376ms)
✔ PNEG12-after-write cancellation retains owned pending bytes without publishing (16.0739ms)
✔ PNEG13 in-flight staging cannot revive token after concurrent staging rejection (12.9064ms)
✔ PNEG14 wrong session from framed transport aborts sequence and cannot publish (6.6332ms)
✔ PDET01 staging snapshots caller bytes before async work (37.5552ms)
✔ PDET02 changing roots and assessment sessions does not alter exact published bytes (54.7061ms)
✔ PTERM03 concurrent rejection during final reread cannot launch slot9 (18.4475ms)
✔ PTERM04 concurrent rejection during pending close cannot launch slot8 (19.2826ms)
# QUEUED_CLI {"mode":"deadline","scope":"ACTUAL_QUEUED_RENAME_AND_CLI_WITH_SYNTHETIC_IDENTITY_FRAMES","requests":1,"engineeringClock":"Monotonic elapsed-time offset at slot 8; original CLI absolute deadline has 100ms remaining, no budget restart.","finiteJobs":4,"observation":{"elapsedMs":400.2736,"settled":false,"snapshot":{"kind":"cli","deadline":30118.4565,"helpers":0,"workers":1,"helperUsedMs":0,"activeRole":null,"cleanupConfirmed":false,"publication":{"phase":"COMMIT_IN_PROGRESS","admitted":true,"deadlineExpiredAfterAdmission":true,"cancelledAfterAdmission":true,"namespaceVerified":false,"dispositionDeadline":null},"terminalCode":null,"terminalAt":null,"cleanupDeadline":null,"events":[{"type":"start","at":193.0325,"role":"worker","deadline":10192.9267,"ordinal":1},{"type":"observation","at":194.9435,"role":"worker","threadId":1,"resourceLimits":{"maxYoungGenerationSizeMb":16,"maxOldGenerationSizeMb":128,"codeRangeSizeMb":0,"stackSizeMb":4}},{"type":"quiescent","at":316.9036,"role":"worker","ordinal":1},{"type":"publication-interruption","at":30124.4674,"code":"MO1307_TIMEOUT","phase":"COMMIT_IN_PROGRESS"},{"type":"publication-interruption","at":30192.057500000003,"code":"MO1307_CANCELLED","phase":"COMMIT_IN_PROGRESS"}]},"finalPresent":false,"pendingPresent":true,"stdoutBytes":0},"elapsedMs":1679.9638,"snapshot":{"kind":"cli","deadline":30118.4565,"helpers":0,"workers":1,"helperUsedMs":0,"activeRole":null,"cleanupConfirmed":true,"publication":{"phase":"COMMITTED","admitted":true,"deadlineExpiredAfterAdmission":true,"cancelledAfterAdmission":true,"namespaceVerified":true,"dispositionDeadline":3710.8471},"terminalCode":"MO1307_OUTPUT","terminalAt":31385.5452,"cleanupDeadline":3710.8471,"events":[{"type":"start","at":193.0325,"role":"worker","deadline":10192.9267,"ordinal":1},{"type":"observation","at":194.9435,"role":"worker","threadId":1,"resourceLimits":{"maxYoungGenerationSizeMb":16,"maxOldGenerationSizeMb":128,"codeRangeSizeMb":0,"stackSizeMb":4}},{"type":"quiescent","at":316.9036,"role":"worker","ordinal":1},{"type":"publication-interruption","at":30124.4674,"code":"MO1307_TIMEOUT","phase":"COMMIT_IN_PROGRESS"},{"type":"publication-interruption","at":30192.057500000003,"code":"MO1307_CANCELLED","phase":"COMMIT_IN_PROGRESS"},{"type":"terminal","at":31385.5816,"code":"MO1307_OUTPUT","stage":"PUBLICATION"}]},"failure":"MO1307_OUTPUT","exitCode":21,"stdoutBytes":0,"failureCleanupDeadline":3710.8471}
✔ FCLI actual queued rename awaits settlement after deadline (1699.3995ms)
# QUEUED_CLI {"mode":"cancellation","scope":"ACTUAL_QUEUED_RENAME_AND_CLI_WITH_SYNTHETIC_IDENTITY_FRAMES","requests":1,"engineeringClock":"Real monotonic clock","finiteJobs":4,"observation":{"elapsedMs":309.41730000000007,"settled":false,"snapshot":{"kind":"cli","deadline":31810.5495,"helpers":0,"workers":1,"helperUsedMs":0,"activeRole":null,"cleanupConfirmed":false,"publication":{"phase":"COMMIT_IN_PROGRESS","admitted":true,"deadlineExpiredAfterAdmission":false,"cancelledAfterAdmission":true,"namespaceVerified":false,"dispositionDeadline":null},"terminalCode":null,"terminalAt":null,"cleanupDeadline":null,"events":[{"type":"start","at":1874.2935,"role":"worker","deadline":11874.2627,"ordinal":1},{"type":"observation","at":1875.134,"role":"worker","threadId":2,"resourceLimits":{"maxYoungGenerationSizeMb":16,"maxOldGenerationSizeMb":128,"codeRangeSizeMb":-1,"stackSizeMb":4}},{"type":"quiescent","at":2052.0719,"role":"worker","ordinal":1},{"type":"publication-interruption","at":2119.9789,"code":"MO1307_CANCELLED","phase":"COMMIT_IN_PROGRESS"}]},"finalPresent":false,"pendingPresent":true,"stdoutBytes":0},"elapsedMs":2130.4118,"snapshot":{"kind":"cli","deadline":31810.5495,"helpers":0,"workers":1,"helperUsedMs":0,"activeRole":null,"cleanupConfirmed":true,"publication":{"phase":"COMMITTED","admitted":true,"deadlineExpiredAfterAdmission":false,"cancelledAfterAdmission":true,"namespaceVerified":true,"dispositionDeadline":5678.256600000001},"terminalCode":"MO1307_OUTPUT","terminalAt":3680.8799,"cleanupDeadline":5678.256600000001,"events":[{"type":"start","at":1874.2935,"role":"worker","deadline":11874.2627,"ordinal":1},{"type":"observation","at":1875.134,"role":"worker","threadId":2,"resourceLimits":{"maxYoungGenerationSizeMb":16,"maxOldGenerationSizeMb":128,"codeRangeSizeMb":-1,"stackSizeMb":4}},{"type":"quiescent","at":2052.0719,"role":"worker","ordinal":1},{"type":"publication-interruption","at":2119.9789,"code":"MO1307_CANCELLED","phase":"COMMIT_IN_PROGRESS"},{"type":"terminal","at":3680.9039,"code":"MO1307_OUTPUT","stage":"PUBLICATION"}]},"failure":"MO1307_OUTPUT","exitCode":21,"stdoutBytes":0,"failureCleanupDeadline":5678.256600000001}
✔ FCLI actual queued rename awaits settlement after cancellation (2138.4962ms)
✔ PWAIT terminal cancellation prevents late advancement after mkdir (77.0855ms)
✔ PWAIT terminal cancellation prevents late advancement after sync (84.5813ms)
✔ PWAIT terminal cancellation prevents late advancement after final-open (97.7901ms)
# STDOUT_DISPOSITION {"mode":"timeout","delivered":353,"snapshot":{"kind":"cli","deadline":34212.0611,"helpers":0,"workers":1,"helperUsedMs":0,"activeRole":null,"cleanupConfirmed":true,"publication":{"phase":"COMMITTED","admitted":true,"deadlineExpiredAfterAdmission":true,"cancelledAfterAdmission":false,"namespaceVerified":true,"dispositionDeadline":6466.7738},"terminalCode":"MO1307_OUTPUT","terminalAt":34230.1364,"cleanupDeadline":36230.1364,"events":[{"type":"start","at":4276.5609,"role":"worker","deadline":14276.493900000001,"ordinal":1},{"type":"observation","at":4277.5901,"role":"worker","threadId":3,"resourceLimits":{"maxYoungGenerationSizeMb":16,"maxOldGenerationSizeMb":128,"codeRangeSizeMb":-1,"stackSizeMb":4}},{"type":"quiescent","at":4433.202,"role":"worker","ordinal":1},{"type":"publication-transport","at":4467.8556},{"type":"publication-interruption","at":34230.005000000005,"code":"MO1307_TIMEOUT","phase":"COMMITTED"},{"type":"terminal","at":34230.1615,"code":"MO1307_OUTPUT","stage":"PUBLICATION"}]}}
✔ FCLI post-commit stalled stdout timeout retains final and one transport allowance (318.191ms)
# STDOUT_DISPOSITION {"mode":"cancellation","delivered":353,"snapshot":{"kind":"cli","deadline":34528.8082,"helpers":0,"workers":1,"helperUsedMs":0,"activeRole":null,"cleanupConfirmed":true,"publication":{"phase":"COMMITTED","admitted":true,"deadlineExpiredAfterAdmission":false,"cancelledAfterAdmission":true,"namespaceVerified":true,"dispositionDeadline":6790.6919},"terminalCode":"MO1307_OUTPUT","terminalAt":4834.9443,"cleanupDeadline":6834.9443,"events":[{"type":"start","at":4605.3078,"role":"worker","deadline":14605.2811,"ordinal":1},{"type":"observation","at":4606.0174,"role":"worker","threadId":4,"resourceLimits":{"maxYoungGenerationSizeMb":16,"maxOldGenerationSizeMb":128,"codeRangeSizeMb":-1,"stackSizeMb":4}},{"type":"quiescent","at":4753.6741,"role":"worker","ordinal":1},{"type":"publication-transport","at":4791.7068},{"type":"publication-interruption","at":4834.8804,"code":"MO1307_CANCELLED","phase":"COMMITTED"},{"type":"terminal","at":4834.957,"code":"MO1307_OUTPUT","stage":"PUBLICATION"}]}}
✔ FCLI post-commit stalled stdout cancellation retains final and one transport allowance (315.9056ms)
✔ R01 api exact absolute deadline and equality (4.0866ms)
✔ R01 cli exact absolute deadline and equality (0.3355ms)
✔ R02 earlier cancellation stays terminal after deadline (0.4697ms)
✔ R03 timeout wins simultaneous first cancellation observation (0.4554ms)
✔ R04 preaborted signal prevents any launch (1.1246ms)
✔ R05 monotonic decreasing clock rejects (0.3987ms)
✔ R06 API cannot launch helper (0.5693ms)
✔ R07 helper deadline includes all active time; equality rejects (1.3749ms)
✔ R08 aggregate deadline does not reset across helpers (1.1356ms)
✔ R09 worker time is excluded from helper aggregate but inside overall (0.7207ms)
✔ R10 helper overlap is terminal and cleans prior owned role (0.7449ms)
✔ R11 helper and worker cannot overlap (0.6931ms)
✔ R12 frame alone cannot advance before actual close (62.2022ms)
✔ R13 launch uses only fixed executable/script/environment and no shell (1.7753ms)
✔ R14 helper trailing byte fails closed (3.1033ms)
✔ R14 helper extra frame fails closed (1.8853ms)
✔ R14 helper debug stdout fails closed (2.2047ms)
✔ R14 helper truncated frame fails closed (5.3898ms)
✔ R14 helper oversized prefix fails closed (2.2086ms)
✔ R14 helper stderr overflow fails closed (1.7388ms)
✔ R14 helper nonzero exit fails closed (3.6587ms)
✔ R15 cancellation in launch terminates and ignores later valid frame (2.3727ms)
✔ R16 cancellation during transport cleans child (21.4909ms)
✔ R17 fixed actual worker has empty environment and exact heap intent (59.8397ms)
✔ R18 successful worker result waits for termination (164.0869ms)
✔ R19 actual worker crash fails closed (52.7996ms)
✔ R19 actual worker duplicate fails closed (44.1938ms)
✔ R19 actual worker stdout fails closed (54.1829ms)
✔ R20 cancellation actually terminates CPU-bound worker thread (45.0721ms)
✔ R21 production worker executes accepted 2A/2B and confirms quiescence (348.8643ms)
✔ R22 adapter matches closed 2A handoff; operational/session fields excluded (1.0143ms)
✔ R23 verify evidence seam excludes result and decision bytes (0.3847ms)
✔ R24 malformed decision uses dedicated mismatch, cap uses resource (0.7123ms)
✔ R25 actual worker policy denies filesystem/network/process/module escape imports (93.9681ms)
✔ R26 cancellation preempts pending publication promise without another role (1.0124ms)
✔ R27 late publication promise cannot restore terminal success (0.4492ms)
✔ SUP01 post-rename TIMEOUT returns OUTPUT and retains exact committed result (285.0469ms)
✔ SUP01 post-rename CANCELLED returns OUTPUT and retains exact committed result (236.3132ms)
✔ SUP02 verify stdout backpressure times out without product filesystem changes (256.23ms)
✔ SUP03 input root identity change between helper slots fails closed (26.5804ms)
✔ SUP04 physical file alias across bootstrap slots is rejected despite distinct paths (26.3409ms)
✔ SUP05 malformed external decision rejects without stdout or changes (306.4208ms)
✔ SUP06 wrong external decision proof binding rejects (317.5225ms)
✔ SUP07 contrary APPROVE preserves not-ready and reports unverified authenticity (308.7813ms)
✔ SUP07 contrary APPROVE preserves could-not-evaluate and reports unverified authenticity (298.8159ms)
✔ SUP08 slot4 output inspection ERROR maps to frozen OUTPUT before worker (57.7692ms)
✔ SURFACE evaluate nine slots exact bytes/summary/exit ready (284.7573ms)
✔ SURFACE evaluate nine slots exact bytes/summary/exit qualified (248.9747ms)
✔ SURFACE evaluate nine slots exact bytes/summary/exit not-ready (251.5789ms)
✔ SURFACE evaluate nine slots exact bytes/summary/exit could-not-evaluate (239.6746ms)
✔ SURFACE verify four slots exit0 no writes (237.688ms)
✔ SURFACE decision transport downstream and authenticity retained (283.1486ms)
✔ SURFACE verify altered supplied result rejects before stdout (229.4641ms)
✔ SURFACE tag observations transported as original bytes without Git (129.0099ms)
✔ SURFACE determinism across random sessions and output roots (477.3449ms)
✔ SURFACE complete text output (267.5265ms)
✔ SURFACE post-rename stdout failure returns OUTPUT retains committed result (216.1118ms)
✔ SURFACE cancellation before worker no directory publication (60.4499ms)
✔ SURFACE cancellation before final inspection retains pending (226.6122ms)
✔ SURFACE 2B to 2A adapter selects exact handoff fields (0.564ms)
✔ API admission wrong argument (1.0076ms)
✔ API admission shared array (8.7909ms)
✔ API admission duplicate file ID (11.667ms)
✔ API admission oversized candidate (7.6082ms)
✔ API admission unknown property (0.2579ms)
✔ API admission wrong pin (0.1662ms)
✔ API snapshots all bytes before asynchronous work (11.7084ms)
✔ API caller mutation after entry cannot affect worker (359.9043ms)
✔ API missing declared file rejects (13.7576ms)
✔ API abort before entry is terminal (0.3699ms)
✔ API abort during worker terminates (22.0899ms)
✔ API public evaluate and verify execute accepted integrated semantics (765.1448ms)
✔ CLI dispatch "" (0.6734ms)
✔ CLI dispatch "unknown" (0.1111ms)
✔ CLI dispatch "constructor" (0.1019ms)
✔ CLI dispatch "toString" (0.0702ms)
✔ CLI dispatch "__proto__" (0.0729ms)
✔ CLI dispatch "Evaluate" (0.0615ms)
✔ CLI negative missing command (0.1104ms)
✔ CLI negative missing flag (0.1258ms)
✔ CLI negative duplicate flag (0.0758ms)
✔ CLI negative unknown flag (0.0737ms)
✔ CLI negative unsafe path (0.3934ms)
✔ CLI negative overlong argument (0.1345ms)
# TIMER_WITNESS [{"name":"success-a","observedTimers":5,"remainingTimers":0,"serverOrWatcherResources":0,"callbacksAfterSettlement":0,"outcome":"COMMITTED","activeRole":null},{"name":"write-failure","observedTimers":4,"remainingTimers":0,"serverOrWatcherResources":0,"callbacksAfterSettlement":0,"outcome":"MO1307_OUTPUT","activeRole":null},{"name":"write-cancellation","observedTimers":4,"remainingTimers":0,"serverOrWatcherResources":0,"callbacksAfterSettlement":0,"outcome":"MO1307_CANCELLED","activeRole":null},{"name":"rename-failure","observedTimers":6,"remainingTimers":0,"serverOrWatcherResources":0,"callbacksAfterSettlement":0,"outcome":"MO1307_OUTPUT","activeRole":null},{"name":"post-admission-cancellation","observedTimers":6,"remainingTimers":0,"serverOrWatcherResources":0,"callbacksAfterSettlement":0,"outcome":"MO1307_OUTPUT","activeRole":null},{"name":"stalled-write-cancellation","observedTimers":3,"remainingTimers":0,"serverOrWatcherResources":0,"callbacksAfterSettlement":0,"outcome":"MO1307_CANCELLED","activeRole":null},{"name":"success-b","observedTimers":5,"remainingTimers":0,"serverOrWatcherResources":0,"callbacksAfterSettlement":0,"outcome":"COMMITTED","activeRole":null}]
✔ N24-C invocation timers clear after success, write/rename failure and pre/post-admission cancellation including a stalled write; no server, watcher or cross-run callbacks (447.5564ms)
✔ D01 actual integrated evaluation and independent verify: could-not-evaluate (594.5297ms)
✔ D01 actual integrated evaluation and independent verify: history-blocker-unavailable (473.6681ms)
✔ D01 actual integrated evaluation and independent verify: informational-ready (474.5273ms)
✔ D01 actual integrated evaluation and independent verify: metadata-only (446.5511ms)
✔ D01 actual integrated evaluation and independent verify: mixed-precedence (512.0711ms)
✔ D01 actual integrated evaluation and independent verify: mo1306-qualified (2540.3502ms)
✔ D01 actual integrated evaluation and independent verify: not-ready (501.3663ms)
✔ D01 actual integrated evaluation and independent verify: post-tag-absent (518.6406ms)
✔ D01 actual integrated evaluation and independent verify: post-tag-lightweight (560.2673ms)
✔ D01 actual integrated evaluation and independent verify: post-tag-ready (523.3628ms)
✔ D01 actual integrated evaluation and independent verify: post-tag-wrong-target (490.1901ms)
✔ D01 actual integrated evaluation and independent verify: pre-tag-present (459.77ms)
✔ D01 actual integrated evaluation and independent verify: qualified (484.5175ms)
✔ D01 actual integrated evaluation and independent verify: ready (450.7005ms)
✔ D01 actual integrated evaluation and independent verify: rest-qualified (375.7438ms)
✔ D01 actual integrated evaluation and independent verify: selective-reuse (455.3705ms)
✔ D02 all four states and blocker-over-CNE precedence survive the actual pipeline (578.5562ms)
✔ D03 adapter has exactly the accepted closed fields and never uses diagnostics as authority (197.7211ms)
✔ D04 MO1306 all nineteen source rows and twelve negative projections remain exact (591.9719ms)
✔ D05 MO1306 provider axes and ten disclosures retain their exact released limitations (613.0999ms)
✔ D06 MO1306 raw configuration lineage survives integration and original omission still rejects (310.1871ms)
✔ D07 verified historical applicability blocks an unavailable mandatory gate without erasing CNE (133.3401ms)
✔ D08 REST authority remains separate with mandatory same-host qualification and no providers (103.4489ms)
✔ D09 human decision binding is downstream and never changes readiness: ready/APPROVE (278.1477ms)
✔ D09 human decision binding is downstream and never changes readiness: ready/REJECT (265.651ms)
✔ D09 human decision binding is downstream and never changes readiness: ready/DEFER (290.516ms)
✔ D09 human decision binding is downstream and never changes readiness: qualified/APPROVE (310.5026ms)
✔ D09 human decision binding is downstream and never changes readiness: not-ready/APPROVE (279.3055ms)
✔ D10 mismatched human decision rejects: candidateDigest (292.9603ms)
✔ D10 mismatched human decision rejects: readinessDigest (267.4662ms)
✔ D10 mismatched human decision rejects: proofBindingDigest (252.9789ms)
✔ D11 tag-stage facts yield exact mandatory blockers and never execute Git (675.5413ms)
✔ D12 integrated operational failure remains an error: candidate substitution (8.9057ms)
✔ D12 integrated operational failure remains an error: trust-root mismatch (6.2573ms)
✔ D12 integrated operational failure remains an error: raw-source tamper (22.9533ms)
✔ D12 integrated operational failure remains an error: claim tamper under an old grant (52.8405ms)
✔ D12 integrated operational failure remains an error: grant substitution (50.7506ms)
✔ D12 integrated operational failure remains an error: stale dependency (55.4355ms)
✔ D12 integrated operational failure remains an error: history rewrite with intact grant (262.2293ms)
✔ D12 integrated operational failure remains an error: history PASS fabrication (333.0627ms)
✔ D12 integrated operational failure remains an error: qualification omission (85.8507ms)
✔ D12 integrated operational failure remains an error: provider false hosted promotion (474.3034ms)
✔ D12 integrated operational failure remains an error: dangling authority reference (53.9205ms)
✔ D12 integrated operational failure remains an error: profile substitution (13.2928ms)
✔ D12 integrated operational failure remains an error: path traversal rejected by the frozen manifest schema (15.6298ms)
✔ D13 result verification independently rechecks original raw bytes before trusting a valid result (36.4753ms)
✔ D14 self-consistent changed readiness passes evidence-only support but fails integrated recomputation (268.4643ms)
✔ D15 supplied result digest tamper rejects: readinessDigest (108.0893ms)
✔ D15 supplied result digest tamper rejects: proofBindingDigest (116.8393ms)
✔ D16 self-consistent result history or qualification omission cannot hide behind repaired hashes (1234.9401ms)
✔ D17 derived graph is candidate-rooted, authority-rooted, closed and bounded (927.3867ms)
✔ D18 no supplied cyclic or dangling graph can replace independently derived evidence (276.5872ms)
✔ D19 repeated calls and nonsemantic object/map insertion order preserve exact normative bytes (498.5805ms)
✔ D20 signed set ordering is preserved rather than silently normalized during integration (31.0251ms)
✔ D21 metadata affects exact proof audit while leaving all readiness semantics byte-identical (255.2768ms)
✔ D22 selective reuse stays explicit and relevant changes fail before readiness computation (204.5582ms)
✔ D23 evidenceInput strips only known verification transport fields and adds no authority (17.3981ms)
✔ D24 integrated preflight preserves accepted authority-before-semantic error priority (162.9655ms)
ℹ tests 639
ℹ suites 0
ℹ pass 639
ℹ fail 0
ℹ cancelled 0
ℹ skipped 0
ℹ todo 0
ℹ duration_ms 126227.457
