✔ EO1 every MO-1306/MO-1307 J-canonical fixture equals JCS plus one trailing LF (699.9341ms)
✔ EO1 MO-1306 and MO-1307 J serialize every fixture value in their domain exactly as JCS plus LF (882.011ms)
✔ EO1 boundary vectors: key order, escapes, integers and nesting agree (1.5631ms)
✔ EO2 inspectRegressionReport accepts a genuine report and returns its Standard identity (105.6391ms)
✔ EO2 inspectRegressionReport rejects identifier and content tampering (62.7983ms)
✔ EO2 identity is integrity, not origin: a self-consistent recomputed forgery is accepted (53.314ms)
✔ EO3 released SDK copies are byte-identical to the SDK released at memoryos-1.3-mo1302 (305.0485ms)
✔ EO3 the workspace verifier pins the MO-1302 vendored runtime to its release, not to current source (10010.9272ms)
✔ WC01 unchanged Action passes the corrected check (2439.1112ms)
✔ WC02 one-byte SDK or CLI source edits now pass; the replaced rule rejected them (0.4198ms)
✔ WC03 any bundled byte change fails (0.283ms)
✔ WC04 a bundled change with a consistently rewritten manifest still fails on the released manifest (0.2014ms)
✔ WC05 an added or removed bundled file fails (0.2004ms)
✔ WC06 a manifest that no longer matches the released bytes fails (0.3194ms)
✔ WC07 the tag exists, is annotated and peels to the commit the MO-1302 records name (838.256ms)
✔ WC08 every pin equals the exact blob at the release tag (17392.0399ms)
✔ WC09 the released Action bytes are unchanged since the tag (R32) (204.7254ms)
✔ WC10 the correction replaces only the source comparison (230.082ms)
✔ WC11 every other verifier check reports exactly as before the correction (2416.7577ms)
ℹ tests 19
ℹ suites 0
ℹ pass 19
ℹ fail 0
ℹ cancelled 0
ℹ skipped 0
ℹ todo 0
ℹ duration_ms 36025.448
