[0/2] Re-checking globbed directories...
[1/188] Building CXX object repositories\cca-core\CMakeFiles\cca_core.dir\src\version.cpp.obj
[2/188] Building CXX object repositories\cca-core\CMakeFiles\cca_core.dir\src\string_utils.cpp.obj
[3/188] Building CXX object repositories\cca-core\CMakeFiles\cca_core.dir\src\configuration.cpp.obj
[4/188] Building CXX object repositories\cca-core\CMakeFiles\cca_core.dir\src\logging.cpp.obj
[5/188] Linking CXX static library repositories\cca-core\cca_core.lib
[6/188] Building CXX object repositories\cca-core\CMakeFiles\cca_runtime.dir\src\runtime\configuration_manager.cpp.obj
[7/188] Building CXX object repositories\cca-core\CMakeFiles\cca_runtime.dir\src\runtime\dependency_injector.cpp.obj
[8/188] Building CXX object repositories\cca-core\CMakeFiles\cca_representation.dir\src\representation\representation.cpp.obj
[9/188] Building CXX object repositories\cca-core\CMakeFiles\cca_runtime.dir\src\runtime\lifecycle_manager.cpp.obj
[10/188] Building CXX object repositories\cca-core\CMakeFiles\cca_runtime.dir\src\runtime\observability.cpp.obj
[11/188] Building CXX object repositories\cca-core\CMakeFiles\cca_runtime.dir\src\runtime\runtime.cpp.obj
[12/188] Building CXX object repositories\cca-core\CMakeFiles\cca_runtime.dir\src\runtime\event_bus.cpp.obj
[13/188] Building CXX object repositories\cca-core\CMakeFiles\cca_runtime.dir\src\runtime\runtime_builder.cpp.obj
[14/188] Building CXX object repositories\cca-core\CMakeFiles\cca_runtime.dir\src\runtime\runtime_context.cpp.obj
[15/188] Building CXX object repositories\cca-core\CMakeFiles\cca_runtime.dir\src\runtime\runtime_id.cpp.obj
[16/188] Building CXX object repositories\cca-core\CMakeFiles\cca_runtime.dir\src\runtime\runtime_result.cpp.obj
[17/188] Linking CXX static library repositories\cca-core\cca_representation.lib
[18/188] Building CXX object repositories\cca-core\CMakeFiles\cca_runtime.dir\src\runtime\runtime_state.cpp.obj
[19/188] Building CXX object repositories\cca-core\CMakeFiles\cca_runtime.dir\src\runtime\runtime_host.cpp.obj
[20/188] Building CXX object repositories\cca-core\CMakeFiles\cca_process.dir\src\process\process.cpp.obj
[21/188] Building CXX object repositories\cca-core\CMakeFiles\cca_runtime.dir\src\runtime\service_registry.cpp.obj
[22/188] Linking CXX static library repositories\cca-core\cca_runtime.lib
[23/188] Building CXX object repositories\cca-core\CMakeFiles\cca_process.dir\src\process\process_runtime_integration.cpp.obj
C:\g5b\repositories\cca-core\include\cca/runtime/service_registry.hpp(94): warning C4100: 'registry': unreferenced parameter
C:\g5b\repositories\cca-core\include\cca/runtime/service_registry.hpp(94): note: the template instantiation context (the oldest one first) is
C:\g5b\repositories\cca-core\src\process\process_runtime_integration.cpp(21): note: see reference to function template instantiation 'cca::runtime::RuntimeBuilder &cca::runtime::RuntimeBuilder::add_provider<cca::process::detail::ProcessEngineContract,cca::process::detail::ProcessEngineProvider,,cca::process::detail::add_process_runtime_integration::<lambda_1>>(Factory &&)' being compiled
        with
        [
            Factory=cca::process::detail::add_process_runtime_integration::<lambda_1>
        ]
C:\g5b\repositories\cca-core\include\cca/runtime/runtime_builder.hpp(69): note: see reference to function template instantiation 'cca::runtime::RuntimeResult cca::runtime::ServiceRegistry::register_provider<cca::process::detail::ProcessEngineContract,cca::process::detail::ProcessEngineProvider,,cca::process::detail::add_process_runtime_integration::<lambda_1>&>(Factory)' being compiled
        with
        [
            Factory=cca::process::detail::add_process_runtime_integration::<lambda_1> &
        ]
[24/188] Linking CXX static library repositories\cca-core\cca_process.lib
[25/188] Building CXX object repositories\cca-core\CMakeFiles\cca_persistence.dir\src\persistence\persistence.cpp.obj
[26/188] Linking CXX static library repositories\cca-core\cca_persistence.lib
[27/188] Building CXX object repositories\cca-core\CMakeFiles\cca_memory.dir\src\memory\episodic_memory.cpp.obj
[28/188] Building CXX object repositories\cca-core\CMakeFiles\cca_memory.dir\src\memory\episodic_memory_persistence.cpp.obj
[29/188] Building CXX object repositories\cca-core\CMakeFiles\cca_memory.dir\src\memory\long_term_memory.cpp.obj
[30/188] Building CXX object repositories\cca-core\CMakeFiles\cca_memory.dir\src\memory\knowledge_retrieval.cpp.obj
[31/188] Building CXX object repositories\cca-core\CMakeFiles\cca_memory.dir\src\memory\long_term_memory_persistence.cpp.obj
[32/188] Building CXX object repositories\cca-core\CMakeFiles\cca_memory.dir\src\memory\memory.cpp.obj
[33/188] Building CXX object repositories\cca-core\CMakeFiles\cca_memory.dir\src\memory\memory_consolidation.cpp.obj
[34/188] Building CXX object repositories\cca-core\CMakeFiles\cca_memory.dir\src\memory\memory_provider.cpp.obj
[35/188] Building CXX object repositories\cca-core\CMakeFiles\cca_memory.dir\src\memory\memory_reflection.cpp.obj
[36/188] Building CXX object repositories\cca-core\CMakeFiles\cca_memory.dir\src\memory\procedural_memory.cpp.obj
[37/188] Building CXX object repositories\cca-core\CMakeFiles\cca_memory.dir\src\memory\semantic_memory.cpp.obj
[38/188] Building CXX object repositories\cca-core\CMakeFiles\cca_memory.dir\src\memory\procedural_memory_persistence.cpp.obj
[39/188] Building CXX object repositories\cca-core\CMakeFiles\cca_memory.dir\src\memory\working_memory.cpp.obj
[40/188] Building CXX object repositories\cca-core\CMakeFiles\cca_memory.dir\src\memory\semantic_memory_persistence.cpp.obj
[41/188] Building CXX object repositories\cca-core\CMakeFiles\cca_testing.dir\src\testing\recording_log_sink.cpp.obj
[42/188] Linking CXX static library repositories\cca-core\cca_memory.lib
[43/188] Building CXX object repositories\cca-compiler\CMakeFiles\cca_compiler.dir\src\analyzer.cpp.obj
[44/188] Building CXX object repositories\cca-compiler\CMakeFiles\cca_compiler.dir\src\artifact_generator.cpp.obj
[45/188] Building CXX object repositories\cca-compiler\CMakeFiles\cca_compiler.dir\src\cli.cpp.obj
[46/188] Building CXX object repositories\cca-compiler\CMakeFiles\cca_compiler.dir\src\canonical_value.cpp.obj
[47/188] Building CXX object repositories\cca-compiler\CMakeFiles\cca_compiler.dir\src\configuration.cpp.obj
[48/188] Building CXX object repositories\cca-compiler\CMakeFiles\cca_compiler.dir\src\conformance_generator.cpp.obj
[49/188] Building CXX object repositories\cca-compiler\CMakeFiles\cca_compiler.dir\src\compiler_pipeline.cpp.obj
[50/188] Building CXX object repositories\cca-compiler\CMakeFiles\cca_compiler.dir\src\compiler_service.cpp.obj
[51/188] Building CXX object repositories\cca-compiler\CMakeFiles\cca_compiler.dir\src\diagnostics.cpp.obj
[52/188] Building CXX object repositories\cca-compiler\CMakeFiles\cca_compiler.dir\src\documentation_generator.cpp.obj
[53/188] Building CXX object repositories\cca-compiler\CMakeFiles\cca_compiler.dir\src\dependency_resolver.cpp.obj
[54/188] Building CXX object repositories\cca-compiler\CMakeFiles\cca_compiler.dir\src\internal_model.cpp.obj
[55/188] Building CXX object repositories\cca-compiler\CMakeFiles\cca_compiler.dir\src\logging.cpp.obj
[56/188] Building CXX object repositories\cca-compiler\CMakeFiles\cca_compiler.dir\src\package_generator.cpp.obj
[57/188] Building CXX object repositories\cca-compiler\CMakeFiles\cca_compiler.dir\src\model_builder.cpp.obj
[58/188] Building CXX object repositories\cca-compiler\CMakeFiles\cca_compiler.dir\src\parser.cpp.obj
[59/188] Building CXX object repositories\cca-compiler\CMakeFiles\cca_compiler.dir\src\serialization.cpp.obj
[60/188] Building CXX object repositories\cca-compiler\CMakeFiles\cca_compiler.dir\src\source_loader.cpp.obj
[61/188] Building CXX object repositories\cca-studio\CMakeFiles\cca_studio.dir\src\memory_studio.cpp.obj
[62/188] Building CXX object repositories\cca-compiler\CMakeFiles\cca_compiler.dir\src\validator.cpp.obj
[63/188] Building CXX object repositories\cca-sdk\CMakeFiles\memoryos_sdk.dir\src\client.cpp.obj
[64/188] Building CXX object repositories\cca-sdk\CMakeFiles\memoryos_sdk.dir\src\core_process.cpp.obj
[65/188] Linking CXX static library repositories\cca-core\cca_testing.lib
[66/188] Generating generated/reference-snapshot.json, generated/changed-snapshot.json
[67/188] Building CXX object repositories\cca-sdk\CMakeFiles\memoryos_sdk.dir\src\memoryos.cpp.obj
C:\g5b\repositories\cca-sdk\src\memoryos.cpp(194): warning C4996: 'getenv': This function or variable may be unsafe. Consider using _dupenv_s instead. To disable deprecation, use _CRT_SECURE_NO_WARNINGS. See online help for details.
[68/188] Building CXX object repositories\cca-sdk\CMakeFiles\memoryos_sdk.dir\src\policy.cpp.obj
[69/188] Building CXX object repositories\cca-core\CMakeFiles\cca_process_direct_example.dir\examples\process_usage.cpp.obj
[70/188] Building CXX object repositories\cca-core\CMakeFiles\cca_persistence_example.dir\examples\persistence_usage.cpp.obj
[71/188] Building CXX object repositories\cca-core\CMakeFiles\cca_process_runtime_example.dir\examples\process_runtime_usage.cpp.obj
[72/188] Building CXX object repositories\cca-core\CMakeFiles\cca_memory_example.dir\examples\memory_usage.cpp.obj
[73/188] Building CXX object repositories\cca-core\CMakeFiles\cca_memory_consolidation_example.dir\examples\memory_consolidation_usage.cpp.obj
[74/188] Building CXX object repositories\cca-core\CMakeFiles\cca_runtime_host.dir\src\runtime\main.cpp.obj
[75/188] Building CXX object repositories\cca-core\CMakeFiles\cca_long_term_memory_example.dir\examples\long_term_memory_usage.cpp.obj
[76/188] Building CXX object repositories\cca-core\CMakeFiles\cca_working_memory_example.dir\examples\working_memory_usage.cpp.obj
[77/188] Building CXX object repositories\cca-core\CMakeFiles\cca_semantic_memory_example.dir\examples\semantic_memory_usage.cpp.obj
[78/188] Building CXX object repositories\cca-core\CMakeFiles\cca_episodic_memory_example.dir\examples\episodic_memory_usage.cpp.obj
[79/188] Building CXX object repositories\cca-core\CMakeFiles\cca_procedural_memory_example.dir\examples\procedural_memory_usage.cpp.obj
[80/188] Building CXX object repositories\cca-core\CMakeFiles\cca_knowledge_retrieval_example.dir\examples\knowledge_retrieval_usage.cpp.obj
[81/188] Building CXX object repositories\cca-core\CMakeFiles\cca_memory_reflection_example.dir\examples\memory_reflection_usage.cpp.obj
[82/188] Building CXX object repositories\cca-core\CMakeFiles\cca_memory_provider_example.dir\examples\memory_provider_usage.cpp.obj
[83/188] Building CXX object repositories\cca-core\tests\CMakeFiles\cca_core_tests.dir\configuration_test.cpp.obj
[84/188] Building CXX object repositories\cca-core\tests\CMakeFiles\cca_core_tests.dir\configuration_manager_runtime_test.cpp.obj
[85/188] Building CXX object repositories\cca-core\tests\CMakeFiles\cca_core_tests.dir\dependency_injector_test.cpp.obj
C:\g5b\repositories\cca-core\include\cca/runtime/service_registry.hpp(94): warning C4100: 'registry': unreferenced parameter
C:\g5b\repositories\cca-core\include\cca/runtime/service_registry.hpp(94): note: the template instantiation context (the oldest one first) is
C:\g5b\repositories\cca-core\tests\dependency_injector_test.cpp(174): note: see reference to function template instantiation 'cca::runtime::RuntimeResult cca::runtime::ServiceRegistry::register_provider<`anonymous-namespace'::RootContract,`anonymous-namespace'::RootProvider,,`anonymous-namespace'::register_diamond_providers::<lambda_1>>(Factory &&)' being compiled
        with
        [
            Factory=`anonymous-namespace'::register_diamond_providers::<lambda_1>
        ]
[86/188] Building CXX object repositories\cca-core\tests\CMakeFiles\cca_core_tests.dir\event_bus_test.cpp.obj
[87/188] Building CXX object repositories\cca-core\tests\CMakeFiles\cca_core_tests.dir\lifecycle_manager_test.cpp.obj
[88/188] Building CXX object repositories\cca-core\tests\CMakeFiles\cca_core_tests.dir\episodic_memory_test.cpp.obj
[89/188] Building CXX object repositories\cca-core\tests\CMakeFiles\cca_core_tests.dir\logging_test.cpp.obj
[90/188] Building CXX object repositories\cca-core\tests\CMakeFiles\cca_core_tests.dir\knowledge_retrieval_test.cpp.obj
[91/188] Building CXX object repositories\cca-core\tests\CMakeFiles\cca_core_tests.dir\memory_test.cpp.obj
[92/188] Building CXX object repositories\cca-core\tests\CMakeFiles\cca_core_tests.dir\long_term_memory_test.cpp.obj
[93/188] Building CXX object repositories\cca-core\tests\CMakeFiles\cca_core_tests.dir\memory_consolidation_test.cpp.obj
[94/188] Building CXX object repositories\cca-core\tests\CMakeFiles\cca_core_tests.dir\observability_test.cpp.obj
FAILED: [code=2] repositories/cca-core/tests/CMakeFiles/cca_core_tests.dir/observability_test.cpp.obj 
C:\PROGRA~2\MICROS~2\2022\BUILDT~1\VC\Tools\MSVC\1444~1.352\bin\Hostx64\x64\cl.exe  /nologo /TP -DGTEST_LINKED_AS_SHARED_LIBRARY=1 -IC:\g5b\repositories\cca-core\tests\..\src\memory -IC:\g5b\repositories\cca-core\tests\..\src\representation -IC:\g5b\repositories\cca-core\include -IC:\g5b\out\build\default\generated\include -external:IC:\g5b\out\build\default\vcpkg_installed\x64-windows\include -external:W0 /DWIN32 /D_WINDOWS /EHsc /Ob0 /Od /RTC1 -std:c++latest -MDd -Zi /W4 /permissive- /Zc:__cplusplus /Zc:preprocessor /utf-8 /showIncludes /Forepositories\cca-core\tests\CMakeFiles\cca_core_tests.dir\observability_test.cpp.obj /Fdrepositories\cca-core\tests\CMakeFiles\cca_core_tests.dir\ /FS -c C:\g5b\repositories\cca-core\tests\observability_test.cpp
C:\g5b\repositories\cca-core\tests\observability_test.cpp(86): error C2607: static assertion failed
[95/188] Building CXX object repositories\cca-core\tests\CMakeFiles\cca_core_tests.dir\memory_reflection_test.cpp.obj
[96/188] Building CXX object repositories\cca-core\tests\CMakeFiles\cca_core_tests.dir\memory_provider_test.cpp.obj
[97/188] Building CXX object repositories\cca-core\tests\CMakeFiles\cca_core_tests.dir\persistence_test.cpp.obj
[98/188] Building CXX object repositories\cca-core\tests\CMakeFiles\cca_core_tests.dir\process_test.cpp.obj
C:\g5b\repositories\cca-core\include\cca/runtime/service_registry.hpp(94): warning C4100: 'registry': unreferenced parameter
C:\g5b\repositories\cca-core\include\cca/runtime/service_registry.hpp(94): note: the template instantiation context (the oldest one first) is
C:\g5b\repositories\cca-core\tests\process_test.cpp(1300): note: see reference to function template instantiation 'cca::runtime::RuntimeBuilder &cca::runtime::RuntimeBuilder::add_provider<`anonymous-namespace'::RuntimeIntegrationTest_ProcessProviderLifecycleFailuresRemainRuntimeFailures_Test::TestBody::Contract,`anonymous-namespace'::FailingProcessProvider,,`anonymous-namespace'::RuntimeIntegrationTest_ProcessProviderLifecycleFailuresRemainRuntimeFailures_Test::TestBody::<lambda_1>>(Factory &&)' being compiled
        with
        [
            Factory=`anonymous-namespace'::RuntimeIntegrationTest_ProcessProviderLifecycleFailuresRemainRuntimeFailures_Test::TestBody::<lambda_1>
        ]
C:\g5b\repositories\cca-core\include\cca/runtime/runtime_builder.hpp(69): note: see reference to function template instantiation 'cca::runtime::RuntimeResult cca::runtime::ServiceRegistry::register_provider<`anonymous-namespace'::RuntimeIntegrationTest_ProcessProviderLifecycleFailuresRemainRuntimeFailures_Test::TestBody::Contract,`anonymous-namespace'::FailingProcessProvider,,`anonymous-namespace'::RuntimeIntegrationTest_ProcessProviderLifecycleFailuresRemainRuntimeFailures_Test::TestBody::<lambda_1>&>(Factory)' being compiled
        with
        [
            Factory=`anonymous-namespace'::RuntimeIntegrationTest_ProcessProviderLifecycleFailuresRemainRuntimeFailures_Test::TestBody::<lambda_1> &
        ]
[99/188] Building CXX object repositories\cca-core\tests\CMakeFiles\cca_core_tests.dir\representation_internal_test.cpp.obj
[100/188] Building CXX object repositories\cca-core\tests\CMakeFiles\cca_core_tests.dir\recording_log_sink_test.cpp.obj
[101/188] Building CXX object repositories\cca-core\tests\CMakeFiles\cca_core_tests.dir\representation_test.cpp.obj
[102/188] Building CXX object repositories\cca-core\tests\CMakeFiles\cca_core_tests.dir\runtime_host_test.cpp.obj
[103/188] Building CXX object repositories\cca-core\tests\CMakeFiles\cca_core_tests.dir\procedural_memory_test.cpp.obj
[104/188] Building CXX object repositories\cca-core\tests\CMakeFiles\cca_core_tests.dir\semantic_memory_test.cpp.obj
[105/188] Building CXX object repositories\cca-core\tests\CMakeFiles\cca_core_tests.dir\runtime_test.cpp.obj
C:\g5b\repositories\cca-core\include\cca/runtime/service_registry.hpp(94): warning C4100: 'registry': unreferenced parameter
C:\g5b\repositories\cca-core\include\cca/runtime/service_registry.hpp(94): note: the template instantiation context (the oldest one first) is
C:\g5b\repositories\cca-core\tests\runtime_test.cpp(187): note: see reference to function template instantiation 'cca::runtime::RuntimeBuilder &cca::runtime::RuntimeBuilder::add_provider<`anonymous-namespace'::RootContract,`anonymous-namespace'::RootProvider,,`anonymous-namespace'::make_diamond_runtime::<lambda_1>>(Factory &&)' being compiled
        with
        [
            Factory=`anonymous-namespace'::make_diamond_runtime::<lambda_1>
        ]
C:\g5b\repositories\cca-core\include\cca/runtime/runtime_builder.hpp(69): note: see reference to function template instantiation 'cca::runtime::RuntimeResult cca::runtime::ServiceRegistry::register_provider<`anonymous-namespace'::RootContract,`anonymous-namespace'::RootProvider,,`anonymous-namespace'::make_diamond_runtime::<lambda_1>&>(Factory)' being compiled
        with
        [
            Factory=`anonymous-namespace'::make_diamond_runtime::<lambda_1> &
        ]
[106/188] Building CXX object repositories\cca-core\tests\CMakeFiles\cca_core_tests.dir\string_utils_test.cpp.obj
[107/188] Building CXX object repositories\cca-core\tests\CMakeFiles\cca_core_tests.dir\service_registry_test.cpp.obj
C:\g5b\repositories\cca-core\include\cca/runtime/service_registry.hpp(94): warning C4100: 'registry': unreferenced parameter
C:\g5b\repositories\cca-core\include\cca/runtime/service_registry.hpp(94): note: the template instantiation context (the oldest one first) is
C:\g5b\repositories\cca-core\tests\service_registry_test.cpp(181): note: see reference to function template instantiation 'cca::runtime::RuntimeResult cca::runtime::ServiceRegistry::register_provider<`anonymous-namespace'::ExactlyOneContract,`anonymous-namespace'::ExactlyOneProvider,,`anonymous-namespace'::ServiceRegistryTest_EnforcesExactlyOneCardinality_Test::TestBody::<lambda_1>>(Factory &&)' being compiled
        with
        [
            Factory=`anonymous-namespace'::ServiceRegistryTest_EnforcesExactlyOneCardinality_Test::TestBody::<lambda_1>
        ]
[108/188] Building CXX object repositories\cca-core\tests\CMakeFiles\cca_core_tests.dir\version_test.cpp.obj
[109/188] Building CXX object repositories\cca-core\tests\CMakeFiles\cca_core_tests.dir\working_memory_test.cpp.obj
[110/188] Building CXX object repositories\cca-core\tests\CMakeFiles\cca_process_allocation_tests.dir\process_allocation_failure_test.cpp.obj
[111/188] Building CXX object repositories\cca-core\tests\CMakeFiles\cca_episodic_memory_allocation_tests.dir\episodic_memory_allocation_failure_test.cpp.obj
[112/188] Building CXX object repositories\cca-core\tests\CMakeFiles\cca_memory_allocation_tests.dir\memory_allocation_failure_test.cpp.obj
[113/188] Building CXX object repositories\cca-core\tests\CMakeFiles\cca_working_memory_allocation_tests.dir\working_memory_allocation_failure_test.cpp.obj
[114/188] Building CXX object repositories\cca-core\tests\CMakeFiles\cca_long_term_memory_allocation_tests.dir\long_term_memory_allocation_failure_test.cpp.obj
[115/188] Building CXX object repositories\cca-core\tests\CMakeFiles\cca_semantic_memory_allocation_tests.dir\semantic_memory_allocation_failure_test.cpp.obj
[116/188] Building CXX object repositories\cca-core\tests\CMakeFiles\cca_procedural_memory_allocation_tests.dir\procedural_memory_allocation_failure_test.cpp.obj
[117/188] Building CXX object repositories\cca-core\tests\CMakeFiles\cca_memory_consolidation_allocation_tests.dir\memory_consolidation_allocation_failure_test.cpp.obj
[118/188] Building CXX object repositories\cca-core\tests\CMakeFiles\cca_knowledge_retrieval_allocation_tests.dir\knowledge_retrieval_allocation_failure_test.cpp.obj
[119/188] Linking CXX static library repositories\cca-compiler\cca_compiler.lib
[120/188] Building CXX object repositories\cca-core\tests\CMakeFiles\cca_memory_reflection_allocation_tests.dir\memory_reflection_allocation_failure_test.cpp.obj
[121/188] Building CXX object repositories\cca-core\tests\CMakeFiles\cca_memory_provider_allocation_tests.dir\memory_provider_allocation_failure_test.cpp.obj
[122/188] Building CXX object repositories\cca-compiler\CMakeFiles\cca.dir\src\main.cpp.obj
[123/188] Building CXX object repositories\cca-compiler\CMakeFiles\cca_compiler_tests.dir\tests\analyzer_test.cpp.obj
[124/188] Building CXX object repositories\cca-compiler\CMakeFiles\cca_compiler_tests.dir\tests\artifact_generator_test.cpp.obj
[125/188] Building CXX object repositories\cca-compiler\CMakeFiles\cca_compiler_tests.dir\tests\canonical_value_test.cpp.obj
[126/188] Building CXX object repositories\cca-compiler\CMakeFiles\cca_compiler_tests.dir\tests\cli_test.cpp.obj
[127/188] Building CXX object repositories\cca-compiler\CMakeFiles\cca_compiler_tests.dir\tests\compiler_pipeline_test.cpp.obj
[128/188] Building CXX object repositories\cca-compiler\CMakeFiles\cca_compiler_tests.dir\tests\compiler_service_test.cpp.obj
[129/188] Building CXX object repositories\cca-compiler\CMakeFiles\cca_compiler_tests.dir\tests\configuration_test.cpp.obj
[130/188] Building CXX object repositories\cca-compiler\CMakeFiles\cca_compiler_tests.dir\tests\conformance_generator_test.cpp.obj
[131/188] Building CXX object repositories\cca-compiler\CMakeFiles\cca_compiler_tests.dir\tests\dependency_resolver_test.cpp.obj
[132/188] Building CXX object repositories\cca-compiler\CMakeFiles\cca_compiler_tests.dir\tests\diagnostics_test.cpp.obj
[133/188] Building CXX object repositories\cca-compiler\CMakeFiles\cca_compiler_tests.dir\tests\documentation_generator_test.cpp.obj
[134/188] Building CXX object repositories\cca-compiler\CMakeFiles\cca_compiler_tests.dir\tests\internal_model_test.cpp.obj
[135/188] Building CXX object repositories\cca-compiler\CMakeFiles\cca_compiler_tests.dir\tests\logging_test.cpp.obj
[136/188] Building CXX object repositories\cca-compiler\CMakeFiles\cca_compiler_tests.dir\tests\model_builder_test.cpp.obj
[137/188] Building CXX object repositories\cca-compiler\CMakeFiles\cca_compiler_tests.dir\tests\package_generator_test.cpp.obj
[138/188] Building CXX object repositories\cca-compiler\CMakeFiles\cca_compiler_tests.dir\tests\parser_test.cpp.obj
[139/188] Linking CXX static library repositories\cca-studio\cca-studio.lib
[140/188] Building CXX object repositories\cca-compiler\CMakeFiles\cca_compiler_tests.dir\tests\serialization_test.cpp.obj
[141/188] Building CXX object repositories\cca-compiler\CMakeFiles\cca_compiler_tests.dir\tests\source_loader_test.cpp.obj
[142/188] Building CXX object repositories\cca-studio\CMakeFiles\cca_memory_studio_example.dir\examples\memory_studio_usage.cpp.obj
[143/188] Linking CXX static library repositories\cca-sdk\memoryos-sdk.lib
[144/188] Building CXX object repositories\cca-compiler\CMakeFiles\cca_compiler_tests.dir\tests\validator_test.cpp.obj
[145/188] Building CXX object repositories\cca-studio\CMakeFiles\cca_memory_studio_tests.dir\tests\memory_studio_test.cpp.obj
[146/188] Building CXX object repositories\cca-sdk\CMakeFiles\memoryos_sdk_cpp_quickstart.dir\examples\cpp_quickstart.cpp.obj
[147/188] Building CXX object repositories\cca-studio\CMakeFiles\cca_memory_studio_allocation_tests.dir\tests\memory_studio_allocation_failure_test.cpp.obj
[148/188] Building CXX object repositories\cca-sdk\CMakeFiles\memoryos_sdk_cpp_regression.dir\examples\cpp_regression.cpp.obj
[149/188] Linking CXX executable repositories\cca-core\cca_persistence_example.exe
C:/g5b/out/build/default/repositories/cca-core/cca_persistence_example.exe: message: deploying dependencies
[150/188] Linking CXX executable repositories\cca-core\cca_process_direct_example.exe
C:/g5b/out/build/default/repositories/cca-core/cca_process_direct_example.exe: message: deploying dependencies
[151/188] Building CXX object repositories\cca-sdk\CMakeFiles\memoryos_sdk_cpp_investigate.dir\examples\cpp_investigate.cpp.obj
[152/188] Building CXX object repositories\cca-sdk\CMakeFiles\memoryos_sdk_cpp_policy.dir\examples\cpp_policy.cpp.obj
[153/188] Linking CXX executable repositories\cca-core\cca_process_runtime_example.exe
C:/g5b/out/build/default/repositories/cca-core/cca_process_runtime_example.exe: message: deploying dependencies
[154/188] Linking CXX executable repositories\cca-core\cca-runtime.exe
C:/g5b/out/build/default/repositories/cca-core/cca-runtime.exe: message: deploying dependencies
[155/188] Linking CXX executable repositories\cca-core\cca_memory_example.exe
C:/g5b/out/build/default/repositories/cca-core/cca_memory_example.exe: message: deploying dependencies
[156/188] Linking CXX executable repositories\cca-core\cca_memory_consolidation_example.exe
C:/g5b/out/build/default/repositories/cca-core/cca_memory_consolidation_example.exe: message: deploying dependencies
[157/188] Linking CXX executable repositories\cca-core\cca_long_term_memory_example.exe
C:/g5b/out/build/default/repositories/cca-core/cca_long_term_memory_example.exe: message: deploying dependencies
[158/188] Linking CXX executable repositories\cca-core\cca_working_memory_example.exe
C:/g5b/out/build/default/repositories/cca-core/cca_working_memory_example.exe: message: deploying dependencies
[159/188] Linking CXX executable repositories\cca-core\cca_semantic_memory_example.exe
C:/g5b/out/build/default/repositories/cca-core/cca_semantic_memory_example.exe: message: deploying dependencies
[160/188] Linking CXX executable repositories\cca-core\cca_procedural_memory_example.exe
C:/g5b/out/build/default/repositories/cca-core/cca_procedural_memory_example.exe: message: deploying dependencies
[161/188] Linking CXX executable repositories\cca-core\cca_episodic_memory_example.exe
C:/g5b/out/build/default/repositories/cca-core/cca_episodic_memory_example.exe: message: deploying dependencies
[162/188] Linking CXX executable repositories\cca-core\cca_knowledge_retrieval_example.exe
C:/g5b/out/build/default/repositories/cca-core/cca_knowledge_retrieval_example.exe: message: deploying dependencies
[163/188] Linking CXX executable repositories\cca-core\cca_memory_reflection_example.exe
C:/g5b/out/build/default/repositories/cca-core/cca_memory_reflection_example.exe: message: deploying dependencies
[164/188] Linking CXX executable repositories\cca-core\cca_memory_provider_example.exe
C:/g5b/out/build/default/repositories/cca-core/cca_memory_provider_example.exe: message: deploying dependencies
[165/188] Building CXX object repositories\cca-sdk\CMakeFiles\memoryos_sdk_cpp_tests.dir\tests\memoryos_sdk_test.cpp.obj
[166/188] Linking CXX executable repositories\cca-core\tests\cca_process_allocation_tests.exe
C:/g5b/out/build/default/repositories/cca-core/tests/cca_process_allocation_tests.exe: message: deploying dependencies
C:\g5b\out\build\default\vcpkg_installed\x64-windows\debug\bin\gtest_main.dll -> C:\g5b\out\build\default\repositories\cca-core\tests\gtest_main.dll done
C:/g5b/out/build/default/repositories/cca-core/tests\gtest_main.dll: message: deploying dependencies
C:\g5b\out\build\default\vcpkg_installed\x64-windows\debug\bin\gtest.dll -> C:\g5b\out\build\default\repositories\cca-core\tests\gtest.dll done
C:/g5b/out/build/default/repositories/cca-core/tests\gtest.dll: message: deploying dependencies
[167/188] Linking CXX executable repositories\cca-core\tests\cca_episodic_memory_allocation_tests.exe
C:/g5b/out/build/default/repositories/cca-core/tests/cca_episodic_memory_allocation_tests.exe: message: deploying dependencies
C:\g5b\out\build\default\vcpkg_installed\x64-windows\debug\bin\gtest_main.dll -> C:\g5b\out\build\default\repositories\cca-core\tests\gtest_main.dll skipped, up to date
C:/g5b/out/build/default/repositories/cca-core/tests\gtest_main.dll: message: deploying dependencies
C:\g5b\out\build\default\vcpkg_installed\x64-windows\debug\bin\gtest.dll -> C:\g5b\out\build\default\repositories\cca-core\tests\gtest.dll skipped, up to date
C:/g5b/out/build/default/repositories/cca-core/tests\gtest.dll: message: deploying dependencies
[168/188] Linking CXX executable repositories\cca-core\tests\cca_memory_allocation_tests.exe
C:/g5b/out/build/default/repositories/cca-core/tests/cca_memory_allocation_tests.exe: message: deploying dependencies
C:\g5b\out\build\default\vcpkg_installed\x64-windows\debug\bin\gtest_main.dll -> C:\g5b\out\build\default\repositories\cca-core\tests\gtest_main.dll skipped, up to date
C:/g5b/out/build/default/repositories/cca-core/tests\gtest_main.dll: message: deploying dependencies
C:\g5b\out\build\default\vcpkg_installed\x64-windows\debug\bin\gtest.dll -> C:\g5b\out\build\default\repositories\cca-core\tests\gtest.dll skipped, up to date
C:/g5b/out/build/default/repositories/cca-core/tests\gtest.dll: message: deploying dependencies
[169/188] Linking CXX executable repositories\cca-core\tests\cca_working_memory_allocation_tests.exe
C:/g5b/out/build/default/repositories/cca-core/tests/cca_working_memory_allocation_tests.exe: message: deploying dependencies
C:\g5b\out\build\default\vcpkg_installed\x64-windows\debug\bin\gtest_main.dll -> C:\g5b\out\build\default\repositories\cca-core\tests\gtest_main.dll skipped, up to date
C:/g5b/out/build/default/repositories/cca-core/tests\gtest_main.dll: message: deploying dependencies
C:\g5b\out\build\default\vcpkg_installed\x64-windows\debug\bin\gtest.dll -> C:\g5b\out\build\default\repositories\cca-core\tests\gtest.dll skipped, up to date
C:/g5b/out/build/default/repositories/cca-core/tests\gtest.dll: message: deploying dependencies
[170/188] Linking CXX executable repositories\cca-core\tests\cca_long_term_memory_allocation_tests.exe
C:/g5b/out/build/default/repositories/cca-core/tests/cca_long_term_memory_allocation_tests.exe: message: deploying dependencies
C:\g5b\out\build\default\vcpkg_installed\x64-windows\debug\bin\gtest_main.dll -> C:\g5b\out\build\default\repositories\cca-core\tests\gtest_main.dll skipped, up to date
C:/g5b/out/build/default/repositories/cca-core/tests\gtest_main.dll: message: deploying dependencies
C:\g5b\out\build\default\vcpkg_installed\x64-windows\debug\bin\gtest.dll -> C:\g5b\out\build\default\repositories\cca-core\tests\gtest.dll skipped, up to date
C:/g5b/out/build/default/repositories/cca-core/tests\gtest.dll: message: deploying dependencies
[171/188] Linking CXX executable repositories\cca-core\tests\cca_semantic_memory_allocation_tests.exe
C:/g5b/out/build/default/repositories/cca-core/tests/cca_semantic_memory_allocation_tests.exe: message: deploying dependencies
C:\g5b\out\build\default\vcpkg_installed\x64-windows\debug\bin\gtest_main.dll -> C:\g5b\out\build\default\repositories\cca-core\tests\gtest_main.dll skipped, up to date
C:/g5b/out/build/default/repositories/cca-core/tests\gtest_main.dll: message: deploying dependencies
C:\g5b\out\build\default\vcpkg_installed\x64-windows\debug\bin\gtest.dll -> C:\g5b\out\build\default\repositories\cca-core\tests\gtest.dll skipped, up to date
C:/g5b/out/build/default/repositories/cca-core/tests\gtest.dll: message: deploying dependencies
[172/188] Linking CXX executable repositories\cca-core\tests\cca_procedural_memory_allocation_tests.exe
C:/g5b/out/build/default/repositories/cca-core/tests/cca_procedural_memory_allocation_tests.exe: message: deploying dependencies
C:\g5b\out\build\default\vcpkg_installed\x64-windows\debug\bin\gtest_main.dll -> C:\g5b\out\build\default\repositories\cca-core\tests\gtest_main.dll skipped, up to date
C:/g5b/out/build/default/repositories/cca-core/tests\gtest_main.dll: message: deploying dependencies
C:\g5b\out\build\default\vcpkg_installed\x64-windows\debug\bin\gtest.dll -> C:\g5b\out\build\default\repositories\cca-core\tests\gtest.dll skipped, up to date
C:/g5b/out/build/default/repositories/cca-core/tests\gtest.dll: message: deploying dependencies
[173/188] Linking CXX executable repositories\cca-core\tests\cca_knowledge_retrieval_allocation_tests.exe
C:/g5b/out/build/default/repositories/cca-core/tests/cca_knowledge_retrieval_allocation_tests.exe: message: deploying dependencies
C:\g5b\out\build\default\vcpkg_installed\x64-windows\debug\bin\gtest_main.dll -> C:\g5b\out\build\default\repositories\cca-core\tests\gtest_main.dll skipped, up to date
C:/g5b/out/build/default/repositories/cca-core/tests\gtest_main.dll: message: deploying dependencies
C:\g5b\out\build\default\vcpkg_installed\x64-windows\debug\bin\gtest.dll -> C:\g5b\out\build\default\repositories\cca-core\tests\gtest.dll skipped, up to date
C:/g5b/out/build/default/repositories/cca-core/tests\gtest.dll: message: deploying dependencies
[174/188] Linking CXX executable repositories\cca-core\tests\cca_memory_consolidation_allocation_tests.exe
C:/g5b/out/build/default/repositories/cca-core/tests/cca_memory_consolidation_allocation_tests.exe: message: deploying dependencies
C:\g5b\out\build\default\vcpkg_installed\x64-windows\debug\bin\gtest_main.dll -> C:\g5b\out\build\default\repositories\cca-core\tests\gtest_main.dll skipped, up to date
C:/g5b/out/build/default/repositories/cca-core/tests\gtest_main.dll: message: deploying dependencies
C:\g5b\out\build\default\vcpkg_installed\x64-windows\debug\bin\gtest.dll -> C:\g5b\out\build\default\repositories\cca-core\tests\gtest.dll skipped, up to date
C:/g5b/out/build/default/repositories/cca-core/tests\gtest.dll: message: deploying dependencies
[175/188] Linking CXX executable repositories\cca-core\tests\cca_memory_reflection_allocation_tests.exe
C:/g5b/out/build/default/repositories/cca-core/tests/cca_memory_reflection_allocation_tests.exe: message: deploying dependencies
C:\g5b\out\build\default\vcpkg_installed\x64-windows\debug\bin\gtest_main.dll -> C:\g5b\out\build\default\repositories\cca-core\tests\gtest_main.dll skipped, up to date
C:/g5b/out/build/default/repositories/cca-core/tests\gtest_main.dll: message: deploying dependencies
C:\g5b\out\build\default\vcpkg_installed\x64-windows\debug\bin\gtest.dll -> C:\g5b\out\build\default\repositories\cca-core\tests\gtest.dll skipped, up to date
C:/g5b/out/build/default/repositories/cca-core/tests\gtest.dll: message: deploying dependencies
[176/188] Linking CXX executable repositories\cca-core\tests\cca_memory_provider_allocation_tests.exe
C:/g5b/out/build/default/repositories/cca-core/tests/cca_memory_provider_allocation_tests.exe: message: deploying dependencies
C:\g5b\out\build\default\vcpkg_installed\x64-windows\debug\bin\gtest_main.dll -> C:\g5b\out\build\default\repositories\cca-core\tests\gtest_main.dll skipped, up to date
C:/g5b/out/build/default/repositories/cca-core/tests\gtest_main.dll: message: deploying dependencies
C:\g5b\out\build\default\vcpkg_installed\x64-windows\debug\bin\gtest.dll -> C:\g5b\out\build\default\repositories\cca-core\tests\gtest.dll skipped, up to date
C:/g5b/out/build/default/repositories/cca-core/tests\gtest.dll: message: deploying dependencies
[177/188] Linking CXX executable repositories\cca-compiler\cca.exe
C:/g5b/out/build/default/repositories/cca-compiler/cca.exe: message: deploying dependencies
C:\g5b\out\build\default\vcpkg_installed\x64-windows\debug\bin\yaml-cppd.dll -> C:\g5b\out\build\default\repositories\cca-compiler\yaml-cppd.dll done
C:/g5b/out/build/default/repositories/cca-compiler\yaml-cppd.dll: message: deploying dependencies
[178/188] Linking CXX executable repositories\cca-studio\cca_memory_studio_example.exe
C:/g5b/out/build/default/repositories/cca-studio/cca_memory_studio_example.exe: message: deploying dependencies
[179/188] Linking CXX executable repositories\cca-compiler\cca_compiler_tests.exe
C:/g5b/out/build/default/repositories/cca-compiler/cca_compiler_tests.exe: message: deploying dependencies
C:\g5b\out\build\default\vcpkg_installed\x64-windows\debug\bin\gtest_main.dll -> C:\g5b\out\build\default\repositories\cca-compiler\gtest_main.dll done
C:/g5b/out/build/default/repositories/cca-compiler\gtest_main.dll: message: deploying dependencies
C:\g5b\out\build\default\vcpkg_installed\x64-windows\debug\bin\gtest.dll -> C:\g5b\out\build\default\repositories\cca-compiler\gtest.dll done
C:/g5b/out/build/default/repositories/cca-compiler\gtest.dll: message: deploying dependencies
C:\g5b\out\build\default\vcpkg_installed\x64-windows\debug\bin\yaml-cppd.dll -> C:\g5b\out\build\default\repositories\cca-compiler\yaml-cppd.dll skipped, up to date
C:/g5b/out/build/default/repositories/cca-compiler\yaml-cppd.dll: message: deploying dependencies
[180/188] Linking CXX executable repositories\cca-studio\cca_memory_studio_tests.exe
C:/g5b/out/build/default/repositories/cca-studio/cca_memory_studio_tests.exe: message: deploying dependencies
C:\g5b\out\build\default\vcpkg_installed\x64-windows\debug\bin\gtest_main.dll -> C:\g5b\out\build\default\repositories\cca-studio\gtest_main.dll done
C:/g5b/out/build/default/repositories/cca-studio\gtest_main.dll: message: deploying dependencies
C:\g5b\out\build\default\vcpkg_installed\x64-windows\debug\bin\gtest.dll -> C:\g5b\out\build\default\repositories\cca-studio\gtest.dll done
C:/g5b/out/build/default/repositories/cca-studio\gtest.dll: message: deploying dependencies
[181/188] Linking CXX executable repositories\cca-studio\cca_memory_studio_allocation_tests.exe
C:/g5b/out/build/default/repositories/cca-studio/cca_memory_studio_allocation_tests.exe: message: deploying dependencies
C:\g5b\out\build\default\vcpkg_installed\x64-windows\debug\bin\gtest_main.dll -> C:\g5b\out\build\default\repositories\cca-studio\gtest_main.dll skipped, up to date
C:/g5b/out/build/default/repositories/cca-studio\gtest_main.dll: message: deploying dependencies
C:\g5b\out\build\default\vcpkg_installed\x64-windows\debug\bin\gtest.dll -> C:\g5b\out\build\default\repositories\cca-studio\gtest.dll skipped, up to date
C:/g5b/out/build/default/repositories/cca-studio\gtest.dll: message: deploying dependencies
[182/188] Linking CXX executable repositories\cca-sdk\memoryos_sdk_cpp_quickstart.exe
C:/g5b/out/build/default/repositories/cca-sdk/memoryos_sdk_cpp_quickstart.exe: message: deploying dependencies
[183/188] Linking CXX executable repositories\cca-sdk\memoryos_sdk_cpp_regression.exe
C:/g5b/out/build/default/repositories/cca-sdk/memoryos_sdk_cpp_regression.exe: message: deploying dependencies
[184/188] Linking CXX executable repositories\cca-sdk\memoryos_sdk_cpp_investigate.exe
C:/g5b/out/build/default/repositories/cca-sdk/memoryos_sdk_cpp_investigate.exe: message: deploying dependencies
[185/188] Linking CXX executable repositories\cca-sdk\memoryos_sdk_cpp_policy.exe
C:/g5b/out/build/default/repositories/cca-sdk/memoryos_sdk_cpp_policy.exe: message: deploying dependencies
[186/188] Linking CXX executable repositories\cca-sdk\memoryos_sdk_cpp_tests.exe
C:/g5b/out/build/default/repositories/cca-sdk/memoryos_sdk_cpp_tests.exe: message: deploying dependencies
C:\g5b\out\build\default\vcpkg_installed\x64-windows\debug\bin\gtest_main.dll -> C:\g5b\out\build\default\repositories\cca-sdk\gtest_main.dll done
C:/g5b/out/build/default/repositories/cca-sdk\gtest_main.dll: message: deploying dependencies
C:\g5b\out\build\default\vcpkg_installed\x64-windows\debug\bin\gtest.dll -> C:\g5b\out\build\default\repositories\cca-sdk\gtest.dll done
C:/g5b/out/build/default/repositories/cca-sdk\gtest.dll: message: deploying dependencies
ninja: build stopped: cannot make progress due to previous errors.
