✔ package bin resolves to the production executable entry (8.2553ms)
✔ production CLI depends on the SDK facade and no lower platform layer (6.1391ms)
✔ CLI output preserves direct SDK transition truth (2642.0808ms)
✔ Regression output is the exact public SDK report (2074.5624ms)
✔ Investigation navigation output is the exact public SDK result (1939.4245ms)
✔ version and help expose the deterministic supported command surface (12143.9808ms)
✔ argument failures are stable, non-interactive, and use exit code 1 (26179.6398ms)
✔ observe requires explicit deterministic files and emits stable summaries (4660.279ms)
✔ input validation failures use exit code 2 and deterministic JSON (8055.49ms)
✔ all documented exit-code classes are observable (8247.5486ms)
✔ L3a a closed stdout after a committed init: no crash, no trace, exit 0, the ledger exists (1194.9533ms)
✔ L3b a closed stdout on a read-only command: no crash, no trace, exit 0 (2467.2045ms)
✔ L3c a failure whose error output cannot be written keeps its exit category and prints no trace (1138.095ms)
✔ history grammar enumerations equal the SDK contract and the fixed usage message (2.2837ms)
✔ every valid history command is accepted by the grammar and answered by the store with a frozen code (16533.3393ms)
✔ history grammar rejects malformed commands with MO1308_USAGE (46882.5249ms)
✔ history human errors carry the history code and the fixed message (1100.3584ms)
✔ history help lists the exact frozen grammar (1088.9937ms)
✔ non-history error envelopes are unchanged (no historyCode) (1097.7637ms)
✔ history grammar performs no I/O, starts no process and reads no clock (R35, R37) (3.3469ms)
✔ L01 a full ledger refuses the next append with RESOURCE_LIMIT before any shape check, and changes nothing (686.3965ms)
✔ L02 a ledger exactly at a limit of four accepts four appends and refuses the fifth with RESOURCE_LIMIT (358.304ms)
✔ W01 junctions and directory symlinks anywhere on the path or inside the ledger fail closed on every operation (R17, H40) (449.0614ms)
✔ W01b a reparse point that is neither a junction nor a symlink (an app-execution alias) is refused as an input file (H40) (15.0071ms)
✔ W02 a junction swapped in for a record directory during an append is detected; decoy content survives; the entry is never committed; reads then fail closed (H40) (253.8042ms)
✔ W03 the entries directory swapped for a junction at the commit point is detected after the fact: the real entries stay unchanged, reads fail closed (H40) (334.2809ms)
✔ W04 NTFS hard links: publication leaves one link per file, never replaces a name, and an unremoved staging link is only an anomaly (R06, section 9.2) (432.0231ms)
✔ W05 exclusive-create semantics: an existing name is never opened for writing, even one locked by another process or differing only in case (R06) (2025.4928ms)
✔ W05b a sharing violation (another process holds a ledger file with no sharing) fails closed with a typed IO error and changes nothing; releasing restores service (R17) (1761.1715ms)
✔ W06 the case-insensitive realpath comparison accepts any casing of the real path and refuses a short (8.3) alias; case-only renames inside a ledger are corruption (R17, H40) (176.9566ms)
✔ W07 drive-letter, UNC and long-path forms work end to end; the \\?\ and \\.\ forms are refused fail-closed without creating anything (R17) (1082.2518ms)
✔ W07b an export into the ledger is refused under every Windows spelling of the ledger: drive-letter, UNC and differently cased forms (3C-F4, Amendment A9) (125.2232ms)
✔ W08 NTFS concurrency: ten real appender processes with concurrent readers; every append that succeeded is in the ledger exactly once, every record that is not was reported as a typed failure, and no failed writer left a record (R15) (17533.5966ms)
ℹ W08 attempts=30 succeeded=30 failedByCode={} fsErrorsByCodeErrnoSyscall={}
✔ W08b concurrent tombstones and appends in separate processes leave one tombstone per target and a verifying chain (R15, section 10.2) (6903.5232ms)
✔ W08c a junction swapper racing real appender processes: the race is exercised, nothing outside is overwritten, and the ledger only ever verifies or fails closed with a typed error (H40) (7143.6532ms)
✔ W09 a link planted at a staging name is detected before anything is created: typed FILESYSTEM_BOUNDARY, nothing is created at its target (3A-D4, Amendment A10) (465.276ms)
✔ W10 a record directory swapped for a junction after the tombstone commit: the purge deletes nothing outside the ledger and fails closed (3A-G3, Amendment A10) (137.3303ms)
✔ W11 staging names carry the writer's process id, so concurrent writers never contend for one name (3A-F7, Amendment A10) (121.2761ms)
✔ T01 store constants equal the Freeze contract module (layout, limits, member names) (3.499ms)
✔ T02 init creates exactly the frozen layout once; an existing target or a missing parent is refused (section 9.1) (35.3594ms)
✔ T03 append publishes members, then the entry; every earlier file is untouched (R06, R15) (209.4278ms)
✔ T04 rejected appends change nothing: duplicates, wrong members, purged re-supply (R09, R10, R20) (156.423ms)
✔ T05 the commit point is exclusive creation of entries/<n>.json: a lost race is LEDGER_CONFLICT and publishes nothing (R15, H41) (431.5374ms)
✔ T06 interruption at every mutating step before the commit point publishes nothing; after it, a complete entry (R16) (1511.0348ms)
✔ T07 tombstone commits first, then purges every member; the chain still verifies (R18, R19, section 10.2) (88.1491ms)
✔ T08 a crash during purge leaves purgePending; re-running the same command finishes it without a new entry (section 10.2) (203.3293ms)
✔ T09 verify fails closed on every layout defect (section 11.1) (244.0286ms)
✔ T10 verify reports staging and unreferenced artifacts; tampered bytes fail closed (R21) (124.8812ms)
✔ T11 filesystem boundary: a link anywhere on the path or inside the ledger fails closed on every operation (R17, H40) (163.3912ms)
✔ T12 a handle/path identity mismatch fails closed (H40) (11.7486ms)
✔ T12b a published name whose identity differs from the staged file is detected after the link (H40) (128.7092ms)
✔ T13 a directory swapped for a link during an append is detected after the fact; no content is overwritten; reads then fail closed (H40 risk acceptance) (234.2717ms)
✔ T13b the same swap with no decoy is detected after the link: a boundary failure, the entry is never committed (H40) (151.4226ms)
✔ T14 export is written once, marker last, byte-identical for equal ledgers, and verify-export fails closed (R23, section 12) (567.12ms)
✔ T15 query and verify-export are read-only; query verifies the chain and never reads member bytes (R22) (76.8961ms)
✔ T16 commands: arguments become store operations, inputs are read through the boundary, errors carry only fixed text (section 13.3, 14.1) (535.0605ms)
✔ T17 concurrent appenders in separate processes: exactly one entry per index, losers get LEDGER_CONFLICT, the chain verifies (R15) (6437.0172ms)
✔ T18 the store is Node-only, helper-free, timeless and never overwrites (R06, R35, R37, H40) (1.4147ms)
✔ T19 nothing outside the SDK facade and the contract is imported by the history sources; commands.js stays the only SDK importer (ARCHITECTURE section 5) (0.6944ms)
✔ T20 a purge committed between the entry listing and the member listing never produces RECORD_BYTES_MISMATCH: the read is repeated on a consistent snapshot (section 10.2, found by W08b) (560.0167ms)
✔ T21 when writers overtake every pass the read fails with LEDGER_CONFLICT after exactly the fixed number of passes, never with an integrity code, and publishes nothing (2049.219ms)
✔ T22 on a stable snapshot every mismatch is reported exactly as before: corruption of a quiescent ledger is an integrity error found in a single pass (74.6307ms)
✔ T23 export never writes into the ledger it is made from: every spelling that resolves to the ledger root, entries/, records/ or .pending/ is a FILESYSTEM_BOUNDARY failure that creates nothing and leaves the ledger unchanged (3C-F4, Amendment A9) (217.9614ms)
✔ CCA-MOS-CLI-004: every command emits deterministic human output through the production CLI (87845.1087ms)
✔ investigate delegates raw and enveloped Regression Reports with stable JSON (8152.1763ms)
✔ investigate selects Evidence, Reflection, Retrieval, and Evolution through the SDK (6223.393ms)
✔ investigate selects Replay, Transition, and Verification facts exactly (4018.0657ms)
✔ investigate rejects invalid grammar, reports, categories, and selector combinations (15285.0546ms)
✔ investigate remains bounded for a complete deterministic Regression Report (1849.8686ms)
✔ verify delegates valid and invalid package truth with exit code 3 on failure (6666.2223ms)
✔ import and inspect expose the same deterministic SDK investigation metadata (3519.1395ms)
✔ trace requires and preserves one exact package Trace selector (3660.8668ms)
✔ replay applies repeated SDK actions in caller order and is deterministic (6460.0252ms)
✔ compare uses one package, completes its Replay, and enters exact Evolution (7896.287ms)
✔ regression delegates two packages to the SDK and preserves deterministic report truth (4865.473ms)
✔ regression reports identical packages and accepts at most one stdin operand (7231.9405ms)
✔ export is a byte-for-byte SDK round trip for files and stdout (4756.2257ms)
✔ package stdin supports non-interactive verification and import (3358.0035ms)
✔ invalid package import is reported as a package error (1903.9089ms)
✔ policy namespace exposes exactly the seven frozen commands (11823.1991ms)
✔ unexpected Policy operational failure maps to exit 5 and the exact JSON semantic projection (1.7406ms)
✔ validate, digest, identities, and presentation envelopes preserve frozen bytes (9544.9177ms)
✔ evaluate preserves PASS, FAIL, CNE, exact artifacts, and outcome-last generation (12739.6251ms)
✔ all detached inspections and both verification modes remain SDK-owned (19400.8444ms)
✔ policy transport rejects collisions, multiple stdin inputs, URLs, and output-only stdin (9205.9441ms)
✔ session preserves opaque checkpoints and restores exact SDK state (7537.803ms)
✔ checkpoint names cannot restore across live CLI sessions (3625.9807ms)
✔ session executes Trace, complete Replay, and Compare in one live SDK (6195.3412ms)
✔ session can verify and byte-preserving export through the SDK (2459.3073ms)
✔ native observations fail export safely without fabricating a MIP (2059.8424ms)
✔ session accepts a workflow file and fails malformed JSON deterministically (3620.2503ms)
ℹ tests 91
ℹ suites 0
ℹ pass 91
ℹ fail 0
ℹ cancelled 0
ℹ skipped 0
ℹ todo 0
ℹ duration_ms 467791.7604
