✔ C01 frozen public exports contain exactly two async functions (2.1447ms)
✔ C02 closed counts and every frozen exit (0.7051ms)
✔ C03 deterministic key order includes numeric-looking ASCII keys (0.6383ms)
✔ C04 Unicode scalars are not normalized or escaped unnecessarily (1.284ms)
✔ C05 parser duplicate-key (0.2644ms)
✔ C05 parser escaped-duplicate-key (0.2081ms)
✔ C05 parser unknown-token (0.1368ms)
✔ C05 parser negative-zero (0.244ms)
✔ C05 parser negative-integer (0.1388ms)
✔ C05 parser fraction (0.2052ms)
✔ C05 parser exponent (0.1515ms)
✔ C05 parser unsafe-integer (0.1248ms)
✔ C05 parser leading-zero (0.1967ms)
✔ C05 parser unpaired-surrogate (0.1806ms)
✔ C05 parser control-string (0.1598ms)
✔ C05 parser del-string (0.1569ms)
✔ C05 parser non-ascii-key (0.1532ms)
✔ C05 parser trailing-garbage (0.1398ms)
✔ C05 parser trailing-comma (0.1714ms)
✔ C05 parser empty-document (0.1243ms)
✔ C05 parser noncanonical-spaces (0.1446ms)
✔ C05 parser missing-lf (0.125ms)
✔ C05 parser double-lf (0.1049ms)
✔ C05 parser key-order (0.1415ms)
✔ C05 parser unnecessary-escape (0.0973ms)
✔ C05 parser escaped-solidus (0.0851ms)
✔ C05 parser crlf (0.1051ms)
✔ C06 invalid UTF-8 and BOM reject (0.2705ms)
✔ C07 depth limit admits16 and rejects17 (0.4479ms)
✔ C08 members/key/string exact boundaries (1.2446ms)
✔ C09 total values boundary and bounded copy (138.1332ms)
✔ C10 shared buffers/accessors/sparse arrays/cycles/undefined reject (0.3736ms)
✔ C11 SHA256 raw/claim/candidate identity and independent proof layer (0.4465ms)
✔ C12 every error has immutable fields and fixed safe diagnostic (2.1256ms)
✔ C13 errors select numeric exit then ASCII reference within a phase (0.2692ms)
✔ C14 exact configuration accepted and unknown fields/profiles/versions rejected (1.5672ms)
✔ C15 no discovery or output/trust fields in configuration (0.6486ms)
✔ C16 deterministic blocker ID excludes mutable claim provenance (0.4147ms)
✔ C17 error schema is closed and operational outcomes are not readiness states (0.284ms)
✔ C18 public entry points reject malformed input and prior cancellation (1.7565ms)
✔ C19 shared definitions are deeply immutable (0.1348ms)
✔ C20 generated definitions equal source canonical bytes (1.7198ms)
✔ C21 serializer stops at byte budget before expansive allocation (16.4282ms)
✔ C22 arrays reject hidden properties without reading getters (0.1747ms)
✔ C23 admission errors precede restrictive schema predicates (9.8842ms)
✔ C24 nested evidence version and coverage mappings (0.9052ms)
✔ C25 profile product mismatch precedes schema INPUT (0.5116ms)
✔ C26 defensive internal cycle has GRAPH_CYCLE and bound has GRAPH_LIMIT (28.2875ms)
✔ C27 configuration errors precede evidence acquisition errors (15.8976ms)
✔ C28 API holder shape rejects getters/symbols/hidden fields safely (8.91ms)
✔ C29 well formed bundle traverses integrated verifier and readiness worker (282.1085ms)
✔ C30 malformed verification versions use their own mismatch categories (6.8396ms)
✔ C31 reference aggregation rejects empty vectors and dangling CNE (4.6855ms)
✔ C32 provider representation cannot assert hosted certificate without vectors (0.5066ms)
✔ C33 malformed nested verification records preserve mismatch code and reference (11.5288ms)
✔ C34 nested authority profile errors use PROFILE_MISMATCH during bootstrap (22.0326ms)
✔ C35 verification shape remapping does not hide admission limits (11.3253ms)
✔ C36 known lower GitHub minimum remains valid without fabricated hosted cases (0.374ms)
✔ fixture catalog is finite, complete and matches independent exact-byte SHA-256 (74.847ms)
✔ 476 non-parser fixture records match closed schema and local foundation classifications (1769.2369ms)
✔ nine malformed byte/parser vectors reject with exact operational codes (1.7381ms)
✔ focused Phase 1 negative fixtures use the appropriate foundation seam (19.2582ms)
✔ all sixteen complete bundles pass snapshot, pin and byte-integrity foundations (476.6738ms)
✔ reference aggregation retains all records and realizes all four readiness states (41.8774ms)
✔ canonical result identities and summaries match exact independently constructed fixture bytes (359.5389ms)
✔ all fourteen evidence types and six graph node / five edge types have canonical positives (6.8434ms)
✔ MO-1306 preserves actual production, BF, tag, package and all nineteen source history rows (12.821ms)
✔ MO-1306 provider limitations and ten disclosures cannot silently become hosted certification (3.0526ms)
✔ metadata-only proof changes and selective dependency reuse keep separate identities (7.8631ms)
✔ human decision bindings leave all readiness and proof bytes unchanged (63.6524ms)
✔ tag fixtures distinguish pre/post stage predicates from operational tampering (5.931ms)
✔ future semantic negatives are classified without claiming a Phase 2 verifier exists (16.9693ms)
✔ N01 pinned native runtime and fixed PowerShell installation (5.1285ms)
✔ N02 closed CLI commands and defaults (1.1659ms)
✔ N03 prototype-sensitive and invented commands reject as usage (0.5742ms)
✔ N04 duplicate unknown missing extra flags reject (0.3511ms)
✔ N05 forbidden runtime environment and Node options reject before I/O (0.3072ms)
✔ N04b inspectable configuration path failures select lowest logical ID (0.3529ms)
✔ N06 relative lexical boundaries and hostile spellings (0.3351ms)
✔ N07 absolute roots full paths overlap and case aliases (0.4538ms)
✔ N08 identity policy rejects any reparse flag hardlink wrong type and changes (0.7487ms)
✔ N09 helper canonical round-trip and closed operation fields (3.6697ms)
✔ N10 helper frame prefix truncation trailing data and caps (0.7978ms)
✔ N11 helper sorted explicit allowlist path and per-file boundaries (1.6573ms)
✔ N12 acquisition needs four serial exits and invalid overlap or retry is terminal (4.7521ms)
✔ N13 helper response exact snapshot identity and base64 validation (0.8647ms)
✔ N14 helper decoded aggregate boundary and +1 (255.0756ms)
✔ N15 native fixed PowerShell snapshots and checked inspection sanitization (11757.8946ms)
✔ N16 native helper rejects hostile operation extra fields and oversized frame (2482.3341ms)
✔ N17 native CLI evaluates and publishes exact integrated result (13957.045ms)
✔ N18 publication exclusive create exact pending and single-file commit (36.1541ms)
✔ N19 existing final destination never replaced and pending retained (21.9131ms)
✔ N20 pending collision and mutation fail closed without cleanup (29.6793ms)
✔ N21 publication byte ceiling boundary and +1 before write (38.4385ms)
✔ N22 branded framed inspection required and identity change rejects (12.9238ms)
✔ N23 primitive late checkpoint prevents rename and retains pending (24.9807ms)
✔ N24 foundation retains no-network and fixed orchestration boundaries (7.7179ms)
✔ package metadata and deterministic nonrecursive bindings (321.5011ms)
✔ unexpected member is rejected without refreshing the binding (181.1338ms)
✔ changed shipped source fails exact distribution binding (190.6783ms)
✔ schema drift cannot be hidden by rebuilding manifests (179.0328ms)
✔ constants drift cannot be hidden by rebuilding manifests (180.5181ms)
✔ dependencies, lifecycle hooks, extra exports and traversal allowlist are rejected (723.9315ms)
✔ network and external imports are rejected before manifest regeneration (600.1954ms)
✔ missing fixed helper and mutated manifest rows are rejected (374.248ms)
✔ A01 exact independent Phase 1 result and summary bytes: could-not-evaluate (83.867ms)
✔ A01 exact independent Phase 1 result and summary bytes: history-blocker-unavailable (66.7454ms)
✔ A01 exact independent Phase 1 result and summary bytes: informational-ready (56.5841ms)
✔ A01 exact independent Phase 1 result and summary bytes: metadata-only (59.6462ms)
✔ A01 exact independent Phase 1 result and summary bytes: mixed-precedence (61.1818ms)
✔ A01 exact independent Phase 1 result and summary bytes: mo1306-qualified (278.4628ms)
✔ A01 exact independent Phase 1 result and summary bytes: not-ready (55.6009ms)
✔ A01 exact independent Phase 1 result and summary bytes: post-tag-absent (52.7794ms)
✔ A01 exact independent Phase 1 result and summary bytes: post-tag-lightweight (53.5297ms)
✔ A01 exact independent Phase 1 result and summary bytes: post-tag-ready (59.7505ms)
✔ A01 exact independent Phase 1 result and summary bytes: post-tag-wrong-target (53.4746ms)
✔ A01 exact independent Phase 1 result and summary bytes: pre-tag-present (52.9732ms)
✔ A01 exact independent Phase 1 result and summary bytes: qualified (57.5382ms)
✔ A01 exact independent Phase 1 result and summary bytes: ready (56.9986ms)
✔ A01 exact independent Phase 1 result and summary bytes: rest-qualified (42.7858ms)
✔ A01 exact independent Phase 1 result and summary bytes: selective-reuse (52.4518ms)
✔ A02 core consumes claims rather than caller gate states and retains complete compiled profile (71.9986ms)
✔ A03 coverage FAIL and UNEVALUABLE drive mandatory artifact (79.612ms)
✔ A03 coverage FAIL and UNEVALUABLE drive mandatory binding (76.9913ms)
✔ A03 coverage FAIL and UNEVALUABLE drive mandatory history (78.3112ms)
✔ A03 coverage FAIL and UNEVALUABLE drive mandatory provenance (84.0248ms)
✔ A03 coverage FAIL and UNEVALUABLE drive mandatory provider.azure (82.8505ms)
✔ A03 coverage FAIL and UNEVALUABLE drive mandatory provider.generic (82.5549ms)
✔ A03 coverage FAIL and UNEVALUABLE drive mandatory provider.github (86.8785ms)
✔ A03 coverage FAIL and UNEVALUABLE drive mandatory provider.gitlab (86.3199ms)
✔ A03 coverage FAIL and UNEVALUABLE drive mandatory provider.jenkins (94.9444ms)
✔ A03 coverage FAIL and UNEVALUABLE drive mandatory resources (99.0475ms)
✔ A03 coverage FAIL and UNEVALUABLE drive mandatory sbom (82.4841ms)
✔ A03 coverage FAIL and UNEVALUABLE drive mandatory scope (82.975ms)
✔ A03 coverage FAIL and UNEVALUABLE drive mandatory security (82.6498ms)
✔ A03 coverage FAIL and UNEVALUABLE drive mandatory semantic (83.01ms)
✔ A03 coverage FAIL and UNEVALUABLE drive mandatory supply (86.3643ms)
✔ A03 coverage FAIL and UNEVALUABLE drive mandatory tag (82.1459ms)
✔ A03 coverage FAIL and UNEVALUABLE drive mandatory windows (82.7107ms)
✔ A04 REST coverage failures retain same-host limitation (33.9515ms)
✔ A05 unavailable MISSING is CNE with exact reason (42.1907ms)
✔ A05 unavailable AUTHORITY_UNAVAILABLE is CNE with exact reason (41.3364ms)
✔ A05 unavailable STALE is CNE with exact reason (42.4781ms)
✔ A05 unavailable UNEVALUABLE is CNE with exact reason (41.9412ms)
✔ A06 unavailable provider leaves optional observation empty without fabricating certification (42.7988ms)
✔ A07 blockers dominate independent CNE and qualifications without erasing any finding (48.105ms)
✔ A08 CNE dominates release qualification and informational-only stays READY (89.3461ms)
✔ A09 known provider minimum failures remain blockers, including simultaneous coverage and CNE (234.4169ms)
✔ A10 Generic real execution requirement is independent of coverage verdict (43.4669ms)
✔ A11 false hosted promotion and required provider disclosure omission are rejected (33.0129ms)
✔ A12 scope qualification union rejects missing, extra, weakened and conflicting records (68.738ms)
✔ A13 identical qualification carriers share one result with every claim and grant reference (43.8807ms)
✔ A14 missing scope or history retains known records and defers only completeness (223.1073ms)
✔ A15 preserved history remains negative; observed recurrence blocks active mandatory gates (186.8613ms)
✔ A16 currently applicable history and duplicate recurrence produce one exact blocker (42.2363ms)
✔ A17 all applicable tag predicates are collected; absent post-tag fabricates no target failure (145.317ms)
✔ A18 expected negative Policy and operational outcomes remain accepted semantic certification (44.0801ms)
✔ A19 metadata-only proof change preserves readiness and invalidates old external decision (127.6555ms)
✔ A20 nonsemantic input collection order and repeated calls preserve exact result bytes (533.5561ms)
✔ A21 new metadata proof is distinct from normative changed qualification identity (85.9616ms)
✔ A22 exact comparison rejects existing altered and self-hashed false result fixtures (246.4672ms)
✔ A23 result recomputation rejects self-consistent alterations of each normative projection (1004.8416ms)
✔ A24 V18 retains exact five providers, ten disclosures, twelve negative history rows and human actions (213.5665ms)
✔ A25 history count 128 is retained exactly and 129 is a resource error (114.3132ms)
✔ A26 global qualification union 128 is complete and 129 cannot be truncated (143.3079ms)
✔ A27 128 unique historical blockers are complete and one additional known failure rejects (158.1507ms)
✔ A28 EVALUATION numeric and logical-reference precedence is independent of collection order (56.2555ms)
✔ A29 projection boundary rejects caller gate vectors, accessors and unknown profiles (14.7474ms)
✔ A30 returned proof input uses the exact independent nonrecursive binding shape (46.0861ms)
✔ A31 all twelve external human decisions bind computed results without changing readiness (968.9813ms)
✔ A32 every one of seven qualification codes is retained with its frozen impact (297.8569ms)
✔ A33 complete blocker CNE qualification cross-product follows frozen precedence and retains all lists (368.9342ms)
✔ A34 permutations preserve exact gate blocker qualification history JSON and text bytes (542.9803ms)
✔ A35 comparison rejects omitted mandatory CNE and substituted candidate profile or identity digest (192.7571ms)
✔ A36 static pure-core import closure excludes acquisition execution network and ambient selectors (3.0049ms)
✔ A37 coverage missing duplicate cross-partition or contradictory verdict uses INTEGRITY (33.5873ms)
✔ A38 nested candidate accessor is rejected before calling user code (4.0341ms)
✔ A39 informational qualification on an inactive gate remains global without activating that gate (44.5954ms)
✔ A40 preserved-history qualification must match exact condition and affected gates (178.9544ms)
✔ A41 unavailable scope never exempts locally invalid or omitted required provider qualifications (32.5311ms)
✔ A42 minimum-met contradictory qualified support is an error; lower minimum unsupported facts are blockers (116.4617ms)
✔ A43 known history only contributes blockers to active mandatory affected gates (39.7124ms)
✔ A44 conflicting qualification scope errors choose the smallest logical ID regardless of carrier order (34.7929ms)
✔ A45 REST unevaluable required coverage yields CNE with same-host qualification retained (63.0895ms)
✔ result boundary: exactly 4 MiB is retained and +1 is OUTPUT/EVALUATION (1338.3738ms)
✔ text boundary: exactly 128 KiB is complete and +1 is OUTPUT/EVALUATION (710.5881ms)
✔ result/proof/input snapshots do not share mutable output objects (25.5899ms)
✔ global derived counts reject 128+1 before malformed rows or byte sizing (7.5184ms)
✔ result construction cannot promote a blocked aggregate to READY (8.1518ms)
✔ A01 all sixteen frozen bundles produce only verified claims and exact independent graph/audit identities (1366.4845ms)
✔ A02 operator authority pin is separate and rejects an independently wrong trust root (18.0063ms)
✔ A03 an evidence-controlled authority mutation cannot select its own new pin (7.3191ms)
✔ A04 raw source bytes and raw length are verified independently of intact claim identity (43.333ms)
✔ A05 raw manifest identity and envelope hash cannot be repaired by a self-consistent claim hash (41.361ms)
✔ A06 exact canonical claim digest is recomputed under an intact reviewed envelope grant (29.5484ms)
✔ A07 ungranted external evidence cannot satisfy a gate (30.169ms)
✔ A08 unknown evidence type and evidence version fail closed (49.7967ms)
✔ A09 granting the wrong existing claim for a compiled gate is rejected (29.903ms)
✔ A10 exact grant source IDs cannot substitute or omit the envelope lineage (29.4648ms)
✔ A11 source bytes cannot appoint themselves as authority provenance (28.7314ms)
✔ A12 authority source Git fields, classification, length, hash and released target bind exactly (371.3328ms)
✔ A13 candidate, manifest and independently reviewed component/contract closures cannot be substituted (96.2752ms)
✔ A14 whole-candidate claims cannot use an earlier candidate root (32.9782ms)
✔ A15 a manifest cannot relabel a claim origin or dependency identity (60.1919ms)
✔ A16 declared dependency role, length and content are checked against the current inventory (88.7849ms)
✔ A17 minimum dependency closure cannot omit any relevant current component (31.3459ms)
✔ A18 changed declared grant closure and dangling dependency IDs reject rather than first-win (62.3783ms)
✔ A19 scope escalation and unapproved/changed assumptions are stale (91.8193ms)
✔ A20 unrelated root assumptions do not stale an approved claim subset (89.8271ms)
✔ A21 selective reuse is explicit and unchanged dependencies retain their exact claims (95.8391ms)
✔ A22 REUSED cannot conceal a whole-candidate claim (30.1559ms)
✔ A23 old audit snapshots do not invent expiry and bounded disclosure remains mandatory (69.1049ms)
✔ A24 permitted fresh raw metadata pins change proof audit but preserve normative projection (130.4907ms)
✔ A25 duplicate IDs, copied normalized grants and unconsumed evidence fail closed (74.9971ms)
✔ A26 explicit unavailable slots omit evidence safely and optional provider slots mirror the parent (90.4828ms)
✔ A27 all admitted bytes are snapshots independent of subsequent caller mutations (67.7809ms)
✔ A28 raw source byte ceiling admits exact boundary and rejects plus one (97.7983ms)
✔ A29 explicit source and authority references cannot dangle (63.2408ms)
✔ A30 canonical set orders remain normative and are never silently sorted by the verifier (51.8601ms)
✔ A31 input map insertion and object member order do not affect verified canonical projection (152.2917ms)
✔ A32 raw integrity failure wins over later root candidate mismatch (24.6978ms)
✔ A33 an authority failure wins over a later structurally valid provider contradiction (49.5602ms)
✔ A34 manifest file ceiling admits exactly 128 consumed files and rejects 129 (115.3179ms)
✔ A35 aggregate raw source admission accepts 8 MiB exactly and rejects one additional byte (122.4163ms)
✔ A36 authority source ceiling admits 32 explicit provenance records and rejects 33 (101.4419ms)
✔ F01 MO-1306 preserved configuration receipts have exact granted source lineage (397.9314ms)
✔ F02 correction preserves all normalized identities and every original raw source byte (18.7027ms)
✔ F03 reconstructed original fixture still rejects unused configuration sources (172.235ms)
✔ G01 exact frozen graph, authority and audit bindings: could-not-evaluate (88.053ms)
✔ G01 exact frozen graph, authority and audit bindings: history-blocker-unavailable (59.0097ms)
✔ G01 exact frozen graph, authority and audit bindings: informational-ready (52.3071ms)
✔ G01 exact frozen graph, authority and audit bindings: metadata-only (52.8013ms)
✔ G01 exact frozen graph, authority and audit bindings: mixed-precedence (50.7208ms)
✔ G01 exact frozen graph, authority and audit bindings: mo1306-qualified (269.5026ms)
✔ G01 exact frozen graph, authority and audit bindings: not-ready (52.9563ms)
✔ G01 exact frozen graph, authority and audit bindings: post-tag-absent (65.6297ms)
✔ G01 exact frozen graph, authority and audit bindings: post-tag-lightweight (56.7105ms)
✔ G01 exact frozen graph, authority and audit bindings: post-tag-ready (53.6345ms)
✔ G01 exact frozen graph, authority and audit bindings: post-tag-wrong-target (53.261ms)
✔ G01 exact frozen graph, authority and audit bindings: pre-tag-present (53.0886ms)
✔ G01 exact frozen graph, authority and audit bindings: qualified (51.9885ms)
✔ G01 exact frozen graph, authority and audit bindings: ready (47.6378ms)
✔ G01 exact frozen graph, authority and audit bindings: rest-qualified (37.817ms)
✔ G01 exact frozen graph, authority and audit bindings: selective-reuse (58.9602ms)
✔ G02 exactly six node and five edge types, one root, content sharing and origin provenance (158.3501ms)
✔ G03 metadata and opaque historical cross-links cannot add normative authority or cycles (296.9941ms)
✔ G04 missing normative claim, dependency, authority, grant and edge endpoints reject (21.1804ms)
✔ G05 duplicate node IDs, duplicate edges, malformed content IDs and unknown types reject (18.9155ms)
✔ G06 wrong edge direction, endpoint type, root and candidate identity reject (23.0719ms)
✔ G07 every grant and claim must be rooted and every normative node reachable (44.2277ms)
✔ G08 internal normative cycles and self references retain exact GRAPH_CYCLE classification (9.0057ms)
✔ G09 dependency claims cannot mix current candidate and dependency edges (7.1824ms)
✔ G10 graph nodes exactly 2048 pass and 2049 fail before expansion (168.8093ms)
✔ G11 graph edges exactly 8192 pass and 8193 fail before expansion (306.9252ms)
✔ G12 dependencies per claim exactly 1024 pass and 1025 fail (149.6777ms)
✔ G13 derivation cannot silently drop or duplicate claims, grants or authorities (72.183ms)
✔ G14 claimed identity, dependency identity and candidate root mismatches reject (27.8534ms)
✔ G15 normalized grant identity omits audit bytes, retains classes and scoped assumptions (3.3625ms)
✔ G16 noncanonical normative array order rejects instead of silently changing identity (14.0407ms)
✔ G17 derivation enforces the edge ceiling while expanding verified claim dependencies (844.859ms)
✔ G18 arbitrary object property insertion order preserves exact graph and authority bytes (232.246ms)
✔ HB01: all sixteen Phase 1 bundles preserve exact history, qualifications and independent provider projections (278.154ms)
✔ HB02: MO-1306 binds nineteen immutable raw rows and exact twelve negative history projections (70.976ms)
✔ HB03: MO-1306 preserves all independent provider axes and ten disclosures (56.2774ms)
✔ HB04: known recurrence links only active mandatory gates, including an unavailable current gate (11.6693ms)
✔ HB05: observed recurrence preserves historical outcome while excluding optional and inactive links (59.4092ms)
✔ HB06: current-applicable history cannot erase an unavailable gate condition (10.7763ms)
✔ HB07 immutable granted history rejects FAIL to PASS rewrite (34.7966ms)
✔ HB07 immutable granted history rejects BLOCKED removal (38.3565ms)
✔ HB07 immutable granted history rejects changed historical disposition (36.5998ms)
✔ HB07 immutable granted history rejects wrong historical source (41.5738ms)
✔ HB07 immutable granted history rejects wrong candidate provenance (37.4013ms)
✔ HB07 immutable granted history rejects omitted required unresolved history (31.5374ms)
✔ HB07 immutable granted history rejects fabricated resolution (36.1453ms)
✔ HB07 immutable granted history rejects duplicate conflicting history (31.6432ms)
✔ HB08: malformed PASS history and duplicate conflicting rows remain invalid with fixture-owned updated pins (112.4122ms)
✔ HB09: reviewed history must resolve nested source and authority lineage (108.3343ms)
✔ HB10: supplied scope and history inventories reject omissions and unknown condition references (172.5338ms)
✔ QB01: qualifications reject omission (62.7824ms)
✔ QB01: qualifications reject impact downgrade (54.6834ms)
✔ QB01: qualifications reject wrong provider (57.8185ms)
✔ QB01: qualifications reject wrong gate (57.5348ms)
✔ QB01: qualifications reject unknown code (53.6309ms)
✔ QB01: qualifications reject wrong scope authority (54.1226ms)
✔ QB01: qualifications reject disclosure removal (53.8085ms)
✔ QB01: qualifications reject fabricated authority member (54.0436ms)
✔ QB02: scope qualification inventory rejects extra, omitted and conflicting records (167.4069ms)
✔ QB03: an identical qualification shared by granted claims merges exact claim/grant identities (103.2997ms)
✔ QB04: historical disclosures require exact preserved condition and gate set (177.3263ms)
✔ QB05: bounded advisory and REST scope require their exact disclosures (64.9809ms)
✔ QB06: unavailable scope retains known qualified history without inventing completeness (64.015ms)
✔ QB07: unavailable history retains known disclosures but still validates supplied scope condition inventory (133.2396ms)
✔ QB08: both unavailable inventories retain locally valid known qualifications and defer missing inventory references (87.0002ms)
✔ PB01 immutable MO-1306 authority rejects false github execution promotion (33.1958ms)
✔ PB01 immutable MO-1306 authority rejects false gitlab execution promotion (34.5616ms)
✔ PB01 immutable MO-1306 authority rejects false jenkins execution promotion (33.4669ms)
✔ PB01 immutable MO-1306 authority rejects false azure execution promotion (34.5007ms)
✔ PB02: full GitHub hosted certification requires all four exact case facts (48.2861ms)
✔ PB03: provider labels cannot alias, substitute provider identity, or remove Generic certification unnoticed (120.8777ms)
✔ PB04: contract-only providers cannot claim SUPPORTED while not live certified (167.5168ms)
✔ PB05: known lower-minimum unsupported facts are retained for 2A blockers with no fabricated certification (21.0807ms)
✔ PB06: unavailable provider parents produce no fabricated provider observation (12.0438ms)
✔ PB07: independently reviewed validation and execution facts do not imply a universal certification ranking (11.5111ms)
✔ DB01: selection order does not affect projection bytes or mutate input, and outputs are detached (85.9955ms)
✔ DB02: semantic history and qualification set order remains frozen and rejects reordered arrays (114.1246ms)
✔ LB01: history record count accepts 128 and rejects 129 without truncation (40.7003ms)
✔ LB02: assessment qualification union accepts 128 and rejects 129 across individually bounded claims (42.5706ms)
✔ LB03: exact original disposition length accepts 256 printable characters and rejects 257 (18.361ms)
✔ IB01: complete independently pinned MO-1306 verifier retains exact history, provider state and qualifications (779.062ms)
✔ IB02: complete verifier rejects schema-valid rewritten or removed history despite fresh raw pins (476.7332ms)
✔ IB03: complete verifier rejects all four MO-1306 execution promotions with unchanged reviewed grants (616.6238ms)
✔ IB04: complete verifier uses dedicated qualification mismatch classification (241.2259ms)
✔ IB05: complete verifier uses dedicated history mismatch classification for PASS rewriting (49.6965ms)
✔ IB06: independently pinned source bytes and candidate context bind historical claims (128.2771ms)
✔ L01 authority byte admission includes the exact ceiling and rejects plus one before parse/copy (18.6176ms)
✔ L02 envelope byte ceiling is enforced in acquisition before snapshot copying (45.1921ms)
✔ L03 manifest claim admission is 64 envelopes, independent of the finite gate authority limit (13.8265ms)
✔ L04 grant representation admits 64 and rejects 65 without claiming all grants fit the closed profile (13.4277ms)
✔ L05 claim dependencies and every explicit dependency reference list admit 1024 and reject 1025 (57.8938ms)
✔ L06 root, grant and claim assumption sets admit 32 and reject 33 (8.7794ms)
✔ L07 history representation admits 128 immutable rows and rejects 129 (28.2819ms)
✔ L08 qualification representation admits 128 and rejects 129 without truncation (13.3523ms)
✔ L09 scope qualification/condition reference sets each enforce their exact 128 cap (8.5713ms)
✔ L10 source references admit 128 and authority source references admit 32 at their declared schemas (5.1065ms)
✔ L11 normalized authority and audit digest reference capacities are explicit, not generic INPUT errors (80.0803ms)
✔ L12 independent cap failures never fabricate a partial verified projection (13.915ms)
✔ P2B projection and independent result evidence: could-not-evaluate (191.3024ms)
✔ P2B projection and independent result evidence: history-blocker-unavailable (156.7926ms)
✔ P2B projection and independent result evidence: informational-ready (170.635ms)
✔ P2B projection and independent result evidence: metadata-only (146.2558ms)
✔ P2B projection and independent result evidence: mixed-precedence (144.9308ms)
✔ P2B projection and independent result evidence: mo1306-qualified (727.5168ms)
✔ P2B projection and independent result evidence: not-ready (150.0251ms)
✔ P2B projection and independent result evidence: post-tag-absent (149.8019ms)
✔ P2B projection and independent result evidence: post-tag-lightweight (172.925ms)
✔ P2B projection and independent result evidence: post-tag-ready (165.0632ms)
✔ P2B projection and independent result evidence: post-tag-wrong-target (148.0842ms)
✔ P2B projection and independent result evidence: pre-tag-present (153.5339ms)
✔ P2B projection and independent result evidence: qualified (167.3059ms)
✔ P2B projection and independent result evidence: ready (153.2195ms)
✔ P2B projection and independent result evidence: rest-qualified (119.2621ms)
✔ P2B projection and independent result evidence: selective-reuse (158.4616ms)
✔ P2B verified snapshots detach and freeze every returned fact (69.7156ms)
✔ P2B metadata changes only raw proof binding and diagnostics (137.027ms)
✔ P2B opaque bounded advisory timestamp has no age window or invented syntax (351.4139ms)
✔ P2B deterministic internal projection uses canonical records, not object insertion order (131.9755ms)
✔ P2B Freeze-mandated set ordering rejects permutations instead of normalizing signed identity (196.4528ms)
✔ P2B explicit reuse dispositions preserve unrelated dependency closure (97.5149ms)
✔ P2B independently reverified source mutation cannot hide behind result self-hashes (24.0831ms)
✔ P2B result evidence tamper: candidate (420.8104ms)
✔ P2B result evidence tamper: authorityIdentityDigest (415.3707ms)
✔ P2B result evidence tamper: qualification (421.5082ms)
✔ P2B result evidence tamper: history (388.7721ms)
✔ P2B result evidence tamper: provider (385.2393ms)
✔ P2B result evidence tamper: graph (389.2893ms)
✔ P2B result evidence tamper: audit (359.6388ms)
✔ P2B result evidence tamper: gateBinding (383.8804ms)
✔ P2B proof material is exact frozen audit, independent of final readiness calculation (56.9693ms)
✔ R01 raw source integrity precedes an earlier logical envelope coverage contradiction (44.7809ms)
✔ R02 earlier validation phase precedes a smaller later-phase error exit (28.0373ms)
✔ R03 independent source corruption precedes current-candidate authority mismatch (29.2149ms)
✔ APIBOOT01 earlier malformed config dominates later oversized evidence (23.1279ms)
✔ APIBOOT02 config shape error dominates wrong authority pin in same phase (11.0849ms)
✔ APIBOOT03 malformed config dominates oversized authority safely (5.7124ms)
✔ APIBOOT04 exact manifest ENVELOPE cap applied before bytes copy (11.8996ms)
✔ APIBOOT05 exact manifest file set checked before copying unknown file (8.9658ms)
✔ APIBOOT06 snapshots remain detached and byte-identical (9.9903ms)
✔ APIBOOT07 TIMEOUT interruption dominates collected parse errors (0.524ms)
✔ APIBOOT07 CANCELLED interruption dominates collected parse errors (0.2125ms)
✔ APIBOOT08 hostile typed-array byteLength override is never invoked (9.8753ms)
✔ C2C01 corrected limits leave all byte ceilings unchanged (0.9683ms)
✔ C2C02 every required observation has a canonical closed framed representation (8.1987ms)
✔ C2C03 old wire version missing session unknown fields and arbitrary operations reject (0.9327ms)
✔ C2C04 operation sequence and fixed output leaf authority are closed (1.769ms)
✔ C2C05 bounded frames reject trailing requests responses and alternate session (0.7525ms)
✔ C2C06 complete acquisition then terminated worker then five publication requests (5.6529ms)
✔ C2C07 helper completion cannot substitute for fully quiescent exit (2.3186ms)
✔ C2C08 helper and worker overlap and repeated worker transition are terminal (5.2371ms)
✔ C2C09 verify remains four reads followed by worker and cannot publish (3.2556ms)
✔ C2C10 request failure abort and transport failure permit no retry (3.5431ms)
✔ C2C11 full component chains reject missing ancestors wrong paths reparse and hardlinks (0.9219ms)
✔ C2C12 acquisition parent cannot be reused after native identity change (1.5259ms)
✔ C2C13 path and cross-invocation session substitutions terminate assessment (1.8911ms)
✔ C2C14 capability branding root binding and single claim exclude substitution (7.3471ms)
✔ C2C15 unclaimed out-of-order or concurrent inspection cannot be retried (3.9319ms)
✔ C2C16 bridge requires exact transport fields and confirmed process quiescence (2.9547ms)
✔ C2C17 per-invocation deadline includes response parsing and process exit (0.8706ms)
✔ C2C18 aggregate helper budget cannot silently multiply with sequential invocations (1.4872ms)
✔ C2C19 overall CLI deadline and nonmonotonic clock fail without grace (2.6941ms)
✔ C2C20 framed publication performs exact five observations and one final rename (41.6484ms)
✔ C2C21 cancellation after each publication inspection is terminal and retains incomplete attempt (63.1157ms)
✔ C2C22 immediate pre-rename checkpoint blocks timeout after final native observation (19.4277ms)
✔ C2C23 final native pending identity comparison rejects stale replacement and retains bytes (19.7462ms)
✔ C2C24 mismatched branded capability and legacy callback cannot create an output root (2.3141ms)
✔ F01 publication status is an immutable operational snapshot before submission (37.8965ms)
✔ F02 timeout before submission prevents any rename and retains pending (21.5788ms)
✔ F03 cancellation before submission prevents rename and is terminal (17.4798ms)
✔ F04 actual admission checkpoint rejects a deadline reached after final native inspection (21.4739ms)
✔ F05 admitted delayed success remains unresolved at post-submission deadline (23.12ms)
✔ F06 cancellation after submission is recorded without early cancellation or namespace cleanup (22.4054ms)
✔ F07 admitted failure after deadline resolves OUTPUT only after exact submitted operation settles (21.5756ms)
✔ F08 no second rename or token reuse while an admitted rename is outstanding (21.3472ms)
✔ F09 commit status changes only after successful actual rename and then preserves bytes (20.6905ms)
✔ F10 mandatory checkpoint overrun after settlement is operational metadata, not precommit TIMEOUT (22.1524ms)
✔ F11 postcommit deadline or cancellation prevents a success summary and retains committed final (42.3194ms)
✔ F12 normal verified commit permits transport while precommit and failed tokens do not (24.4686ms)
✔ F13 wrong interruption code and foreign token cannot create publication authority (18.5748ms)
✔ F14 changed pending bytes before admission prevent rename (19.6092ms)
✔ F15 existing final is retained and finalization never retries or chooses another basename (18.9386ms)
✔ F16 postcommit transport error cannot retract or reclassify committed final as partial (21.3574ms)
✔ F17 bounded invocation timers are allowed and destroyed after successful operation (1.3167ms)
✔ F18 timer lifetime policy detects a persistent cross-run scheduler (1.6444ms)
✔ F19 actual foundation finalization leaves no live timers across sequential invocations (40.4002ms)
✔ F20 failed and cancelled foundation calls leave no cross-run timers (34.1715ms)
✔ F21 failed read-only namespace verification retains committed output and clears its timer (21.5211ms)
✔ F22 read-only verification timeout is bounded and late handle completion only closes (2039.6033ms)
✔ F23 interruption recorded while pre-submission read is pending prevents later admission (21.537ms)
✔ F24 the first observed pre-submission interruption remains terminal (18.0256ms)
✔ LP01 exact trusted Windows PowerShell 5.1 executable (1.1729ms)
✔ LP02 exact fixed argument ordering and Bypass value (0.8497ms)
✔ LP03 fixed packaged helper path from module location (0.1324ms)
✔ LP04 no encoded command, expression or shell authority (0.1099ms)
✔ LP05 caller object cannot supply executable, script or policy (0.1637ms)
✔ LP06 launch specification and nested authority are immutable (0.5847ms)
✔ LP07 ambient PATH, system-root, policy and script poisons cannot select launch (0.4822ms)
✔ LP08 actual transport calls spawn with fixed array and sanitized environment (1.3772ms)
✔ LP09 CLI cannot select --script (0.5205ms)
✔ LP09 CLI cannot select --execution-policy (0.2155ms)
✔ LP09 CLI cannot select --powershell (0.1865ms)
✔ LP10 no persistent policy or registry mutation code is introduced (8.301ms)
✔ LP11 public package exports cannot expose launch override (0.9717ms)
✔ NRT01 native CPU-bound worker is terminated at fixed 10000ms CLI evaluation deadline (9.647ms)
✔ PTERM01 a rejected second staging terminally consumes publication (216.5634ms)
✔ PTERM02 premature finalization consumes token before later staging (12.2414ms)
✔ PCHAIN5-attributes all-field cross-slot stability rejects changed attributes (7.9697ms)
✔ PCHAIN5-byteLength all-field cross-slot stability rejects changed byteLength (6.3363ms)
✔ PCHAIN5-fileId all-field cross-slot stability rejects changed fileId (6.8911ms)
✔ PCHAIN5-finalPath all-field cross-slot stability rejects changed finalPath (6.7727ms)
✔ PCHAIN5-isDirectory all-field cross-slot stability rejects changed isDirectory (6.9804ms)
✔ PCHAIN5-linkCount all-field cross-slot stability rejects changed linkCount (6.0796ms)
✔ PCHAIN5-volumeSerial all-field cross-slot stability rejects changed volumeSerial (5.4172ms)
✔ PCHAIN6-attributes all-field cross-slot stability rejects changed attributes (10.4724ms)
✔ PCHAIN6-byteLength all-field cross-slot stability rejects changed byteLength (8.8993ms)
✔ PCHAIN6-fileId all-field cross-slot stability rejects changed fileId (10.6028ms)
✔ PCHAIN6-finalPath all-field cross-slot stability rejects changed finalPath (10.8681ms)
✔ PCHAIN6-isDirectory all-field cross-slot stability rejects changed isDirectory (8.9867ms)
✔ PCHAIN6-linkCount all-field cross-slot stability rejects changed linkCount (10.3949ms)
✔ PCHAIN6-volumeSerial all-field cross-slot stability rejects changed volumeSerial (6.9325ms)
✔ PCHAIN7-attributes all-field cross-slot stability rejects changed attributes (12.0721ms)
✔ PCHAIN7-byteLength all-field cross-slot stability rejects changed byteLength (11.1117ms)
✔ PCHAIN7-fileId all-field cross-slot stability rejects changed fileId (10.4026ms)
✔ PCHAIN7-finalPath all-field cross-slot stability rejects changed finalPath (14.3615ms)
✔ PCHAIN7-isDirectory all-field cross-slot stability rejects changed isDirectory (11.5083ms)
✔ PCHAIN7-linkCount all-field cross-slot stability rejects changed linkCount (10.9638ms)
✔ PCHAIN7-volumeSerial all-field cross-slot stability rejects changed volumeSerial (10.7921ms)
✔ PCHAIN8-attributes all-field cross-slot stability rejects changed attributes (23.2589ms)
✔ PCHAIN8-byteLength all-field cross-slot stability rejects changed byteLength (18.256ms)
✔ PCHAIN8-fileId all-field cross-slot stability rejects changed fileId (16.5588ms)
✔ PCHAIN8-finalPath all-field cross-slot stability rejects changed finalPath (15.3908ms)
✔ PCHAIN8-isDirectory all-field cross-slot stability rejects changed isDirectory (18.2224ms)
✔ PCHAIN8-linkCount all-field cross-slot stability rejects changed linkCount (17.8482ms)
✔ PCHAIN8-volumeSerial all-field cross-slot stability rejects changed volumeSerial (17.4844ms)
✔ PCHAIN9-attributes all-field cross-slot stability rejects changed attributes (18.9073ms)
✔ PCHAIN9-byteLength all-field cross-slot stability rejects changed byteLength (20.9955ms)
✔ PCHAIN9-fileId all-field cross-slot stability rejects changed fileId (25.3946ms)
✔ PCHAIN9-finalPath all-field cross-slot stability rejects changed finalPath (19.7417ms)
✔ PCHAIN9-isDirectory all-field cross-slot stability rejects changed isDirectory (18.4768ms)
✔ PCHAIN9-linkCount all-field cross-slot stability rejects changed linkCount (20.9648ms)
✔ PCHAIN9-volumeSerial all-field cross-slot stability rejects changed volumeSerial (24.1144ms)
✔ PNEG01 pending native byteLength must equal staged detached bytes (20.5614ms)
✔ PNEG02 wrong root branded capability cannot mutate either destination (3.8762ms)
✔ PNEG03 foreign capability and legacy callback cannot create a directory (1.4072ms)
✔ PNEG04 foreign token never authorizes staging or finalization (0.4887ms)
✔ PNEG05 second capability claim terminates original token (9.5764ms)
✔ PNEG06 second finalization preserves committed exact file and cannot rename again (24.3952ms)
✔ PNEG07 same-length changed pending bytes fail final reread before slot9 (18.8815ms)
✔ PNEG08 preexisting pending file is never overwritten and remains diagnostic evidence (11.388ms)
✔ PNEG09 preexisting final file causes failure and remains byte-identical (21.3599ms)
✔ PNEG10 existing output directory cannot be claimed or overwritten (8.6599ms)
✔ PNEG11-TIMEOUT immediate pre-rename checkpoint is terminal (20.9645ms)
✔ PNEG11-CANCELLED immediate pre-rename checkpoint is terminal (21.6136ms)
✔ PNEG12-before-write cancellation retains owned pending bytes without publishing (12.2132ms)
✔ PNEG12-after-write cancellation retains owned pending bytes without publishing (14.3725ms)
✔ PNEG13 in-flight staging cannot revive token after concurrent staging rejection (11.1328ms)
✔ PNEG14 wrong session from framed transport aborts sequence and cannot publish (4.1872ms)
✔ PDET01 staging snapshots caller bytes before async work (27.562ms)
✔ PDET02 changing roots and assessment sessions does not alter exact published bytes (45.7782ms)
✔ PTERM03 concurrent rejection during final reread cannot launch slot9 (19.6071ms)
✔ PTERM04 concurrent rejection during pending close cannot launch slot8 (19.8229ms)
# QUEUED_CLI {"mode":"deadline","scope":"ACTUAL_QUEUED_RENAME_AND_CLI_WITH_SYNTHETIC_IDENTITY_FRAMES","requests":1,"engineeringClock":"Monotonic elapsed-time offset at slot 8; original CLI absolute deadline has 100ms remaining, no budget restart.","finiteJobs":4,"observation":{"elapsedMs":356.2456,"settled":false,"snapshot":{"kind":"cli","deadline":30087.8268,"helpers":0,"workers":1,"helperUsedMs":0,"activeRole":null,"cleanupConfirmed":false,"publication":{"phase":"COMMIT_IN_PROGRESS","admitted":true,"deadlineExpiredAfterAdmission":true,"cancelledAfterAdmission":true,"namespaceVerified":false,"dispositionDeadline":null},"terminalCode":null,"terminalAt":null,"cleanupDeadline":null,"events":[{"type":"start","at":150.6146,"role":"worker","deadline":10150.5376,"ordinal":1},{"type":"observation","at":152.2562,"role":"worker","threadId":1,"resourceLimits":{"maxYoungGenerationSizeMb":16,"maxOldGenerationSizeMb":128,"codeRangeSizeMb":-1,"stackSizeMb":4}},{"type":"quiescent","at":257.0807,"role":"worker","ordinal":1},{"type":"publication-interruption","at":30089.423799999997,"code":"MO1307_TIMEOUT","phase":"COMMIT_IN_PROGRESS"},{"type":"publication-interruption","at":30156.777799999996,"code":"MO1307_CANCELLED","phase":"COMMIT_IN_PROGRESS"}]},"finalPresent":false,"pendingPresent":true,"stdoutBytes":0},"elapsedMs":1546.2256000000002,"snapshot":{"kind":"cli","deadline":30087.8268,"helpers":0,"workers":1,"helperUsedMs":0,"activeRole":null,"cleanupConfirmed":true,"publication":{"phase":"COMMITTED","admitted":true,"deadlineExpiredAfterAdmission":true,"cancelledAfterAdmission":true,"namespaceVerified":true,"dispositionDeadline":3464.6808},"terminalCode":"MO1307_OUTPUT","terminalAt":31179.543199999996,"cleanupDeadline":3464.6808,"events":[{"type":"start","at":150.6146,"role":"worker","deadline":10150.5376,"ordinal":1},{"type":"observation","at":152.2562,"role":"worker","threadId":1,"resourceLimits":{"maxYoungGenerationSizeMb":16,"maxOldGenerationSizeMb":128,"codeRangeSizeMb":-1,"stackSizeMb":4}},{"type":"quiescent","at":257.0807,"role":"worker","ordinal":1},{"type":"publication-interruption","at":30089.423799999997,"code":"MO1307_TIMEOUT","phase":"COMMIT_IN_PROGRESS"},{"type":"publication-interruption","at":30156.777799999996,"code":"MO1307_CANCELLED","phase":"COMMIT_IN_PROGRESS"},{"type":"terminal","at":31179.575999999997,"code":"MO1307_OUTPUT","stage":"PUBLICATION"}]},"failure":"MO1307_OUTPUT","exitCode":21,"stdoutBytes":0,"failureCleanupDeadline":3464.6808}
✔ FCLI actual queued rename awaits settlement after deadline (1564.6142ms)
# QUEUED_CLI {"mode":"cancellation","scope":"ACTUAL_QUEUED_RENAME_AND_CLI_WITH_SYNTHETIC_IDENTITY_FRAMES","requests":1,"engineeringClock":"Real monotonic clock","finiteJobs":4,"observation":{"elapsedMs":280.86069999999995,"settled":false,"snapshot":{"kind":"cli","deadline":31645.4054,"helpers":0,"workers":1,"helperUsedMs":0,"activeRole":null,"cleanupConfirmed":false,"publication":{"phase":"COMMIT_IN_PROGRESS","admitted":true,"deadlineExpiredAfterAdmission":false,"cancelledAfterAdmission":true,"namespaceVerified":false,"dispositionDeadline":null},"terminalCode":null,"terminalAt":null,"cleanupDeadline":null,"events":[{"type":"start","at":1701.4551,"role":"worker","deadline":11701.420900000001,"ordinal":1},{"type":"observation","at":1702.2514,"role":"worker","threadId":2,"resourceLimits":{"maxYoungGenerationSizeMb":16,"maxOldGenerationSizeMb":128,"codeRangeSizeMb":-1,"stackSizeMb":4}},{"type":"quiescent","at":1858.1522,"role":"worker","ordinal":1},{"type":"publication-interruption","at":1926.3188,"code":"MO1307_CANCELLED","phase":"COMMIT_IN_PROGRESS"}]},"finalPresent":false,"pendingPresent":true,"stdoutBytes":0},"elapsedMs":2006.2982999999997,"snapshot":{"kind":"cli","deadline":31645.4054,"helpers":0,"workers":1,"helperUsedMs":0,"activeRole":null,"cleanupConfirmed":true,"publication":{"phase":"COMMITTED","admitted":true,"deadlineExpiredAfterAdmission":false,"cancelledAfterAdmission":true,"namespaceVerified":true,"dispositionDeadline":5359.4312},"terminalCode":"MO1307_OUTPUT","terminalAt":3362.2285,"cleanupDeadline":5359.4312,"events":[{"type":"start","at":1701.4551,"role":"worker","deadline":11701.420900000001,"ordinal":1},{"type":"observation","at":1702.2514,"role":"worker","threadId":2,"resourceLimits":{"maxYoungGenerationSizeMb":16,"maxOldGenerationSizeMb":128,"codeRangeSizeMb":-1,"stackSizeMb":4}},{"type":"quiescent","at":1858.1522,"role":"worker","ordinal":1},{"type":"publication-interruption","at":1926.3188,"code":"MO1307_CANCELLED","phase":"COMMIT_IN_PROGRESS"},{"type":"terminal","at":3362.2602,"code":"MO1307_OUTPUT","stage":"PUBLICATION"}]},"failure":"MO1307_OUTPUT","exitCode":21,"stdoutBytes":0,"failureCleanupDeadline":5359.4312}
✔ FCLI actual queued rename awaits settlement after cancellation (2015.048ms)
✔ PWAIT terminal cancellation prevents late advancement after mkdir (74.0986ms)
✔ PWAIT terminal cancellation prevents late advancement after sync (82.6548ms)
✔ PWAIT terminal cancellation prevents late advancement after final-open (83.4734ms)
# STDOUT_DISPOSITION {"mode":"timeout","delivered":353,"snapshot":{"kind":"cli","deadline":33901.383499999996,"helpers":0,"workers":1,"helperUsedMs":0,"activeRole":null,"cleanupConfirmed":true,"publication":{"phase":"COMMITTED","admitted":true,"deadlineExpiredAfterAdmission":true,"cancelledAfterAdmission":false,"namespaceVerified":true,"dispositionDeadline":6137.5594},"terminalCode":"MO1307_OUTPUT","terminalAt":33919.8388,"cleanupDeadline":35919.8388,"events":[{"type":"start","at":3962.3814,"role":"worker","deadline":13962.2936,"ordinal":1},{"type":"observation","at":3963.6211,"role":"worker","threadId":3,"resourceLimits":{"maxYoungGenerationSizeMb":16,"maxOldGenerationSizeMb":128,"codeRangeSizeMb":-1,"stackSizeMb":4}},{"type":"quiescent","at":4110.4291,"role":"worker","ordinal":1},{"type":"publication-transport","at":4138.6341},{"type":"publication-interruption","at":33919.7357,"code":"MO1307_TIMEOUT","phase":"COMMITTED"},{"type":"terminal","at":33919.871399999996,"code":"MO1307_OUTPUT","stage":"PUBLICATION"}]}}
✔ FCLI post-commit stalled stdout timeout retains final and one transport allowance (301.6775ms)
# STDOUT_DISPOSITION {"mode":"cancellation","delivered":353,"snapshot":{"kind":"cli","deadline":34203.4504,"helpers":0,"workers":1,"helperUsedMs":0,"activeRole":null,"cleanupConfirmed":true,"publication":{"phase":"COMMITTED","admitted":true,"deadlineExpiredAfterAdmission":false,"cancelledAfterAdmission":true,"namespaceVerified":true,"dispositionDeadline":6422.7275},"terminalCode":"MO1307_OUTPUT","terminalAt":4460.5142,"cleanupDeadline":6460.5142,"events":[{"type":"start","at":4253.6255,"role":"worker","deadline":14253.599,"ordinal":1},{"type":"observation","at":4254.3187,"role":"worker","threadId":4,"resourceLimits":{"maxYoungGenerationSizeMb":16,"maxOldGenerationSizeMb":128,"codeRangeSizeMb":-1,"stackSizeMb":4}},{"type":"quiescent","at":4398.4136,"role":"worker","ordinal":1},{"type":"publication-transport","at":4423.6837},{"type":"publication-interruption","at":4460.459,"code":"MO1307_CANCELLED","phase":"COMMITTED"},{"type":"terminal","at":4460.5238,"code":"MO1307_OUTPUT","stage":"PUBLICATION"}]}}
✔ FCLI post-commit stalled stdout cancellation retains final and one transport allowance (281.8728ms)
✔ R01 api exact absolute deadline and equality (2.6926ms)
✔ R01 cli exact absolute deadline and equality (0.249ms)
✔ R02 earlier cancellation stays terminal after deadline (0.364ms)
✔ R03 timeout wins simultaneous first cancellation observation (0.3295ms)
✔ R04 preaborted signal prevents any launch (0.7335ms)
✔ R05 monotonic decreasing clock rejects (0.3923ms)
✔ R06 API cannot launch helper (0.3558ms)
✔ R07 helper deadline includes all active time; equality rejects (0.8142ms)
✔ R08 aggregate deadline does not reset across helpers (0.7787ms)
✔ R09 worker time is excluded from helper aggregate but inside overall (0.7703ms)
✔ R10 helper overlap is terminal and cleans prior owned role (0.9091ms)
✔ R11 helper and worker cannot overlap (1.1719ms)
✔ R12 frame alone cannot advance before actual close (64.6098ms)
✔ R13 launch uses only fixed executable/script/environment and no shell (0.9865ms)
✔ R14 helper trailing byte fails closed (15.5557ms)
✔ R14 helper extra frame fails closed (1.5498ms)
✔ R14 helper debug stdout fails closed (1.9334ms)
✔ R14 helper truncated frame fails closed (1.0809ms)
✔ R14 helper oversized prefix fails closed (1.2988ms)
✔ R14 helper stderr overflow fails closed (1.2074ms)
✔ R14 helper nonzero exit fails closed (9.378ms)
✔ R15 cancellation in launch terminates and ignores later valid frame (2.8688ms)
✔ R16 cancellation during transport cleans child (13.5363ms)
✔ R17 fixed actual worker has empty environment and exact heap intent (41.9617ms)
✔ R18 successful worker result waits for termination (143.2814ms)
✔ R19 actual worker crash fails closed (38.2116ms)
✔ R19 actual worker duplicate fails closed (38.6553ms)
✔ R19 actual worker stdout fails closed (38.4692ms)
✔ R20 cancellation actually terminates CPU-bound worker thread (49.7846ms)
✔ R21 production worker executes accepted 2A/2B and confirms quiescence (288.2216ms)
✔ R22 adapter matches closed 2A handoff; operational/session fields excluded (0.3475ms)
✔ R23 verify evidence seam excludes result and decision bytes (0.1779ms)
✔ R24 malformed decision uses dedicated mismatch, cap uses resource (0.41ms)
✔ R25 actual worker policy denies filesystem/network/process/module escape imports (76.2599ms)
✔ R26 cancellation preempts pending publication promise without another role (0.9092ms)
✔ R27 late publication promise cannot restore terminal success (0.4929ms)
✔ SUP01 post-rename TIMEOUT returns OUTPUT and retains exact committed result (202.4236ms)
✔ SUP01 post-rename CANCELLED returns OUTPUT and retains exact committed result (169.3474ms)
✔ SUP02 verify stdout backpressure times out without product filesystem changes (171.8391ms)
✔ SUP03 input root identity change between helper slots fails closed (20.4607ms)
✔ SUP04 physical file alias across bootstrap slots is rejected despite distinct paths (17.2654ms)
✔ SUP05 malformed external decision rejects without stdout or changes (233.5919ms)
✔ SUP06 wrong external decision proof binding rejects (220.2196ms)
✔ SUP07 contrary APPROVE preserves not-ready and reports unverified authenticity (221.9019ms)
✔ SUP07 contrary APPROVE preserves could-not-evaluate and reports unverified authenticity (217.5782ms)
✔ SUP08 slot4 output inspection ERROR maps to frozen OUTPUT before worker (57.1455ms)
✔ SURFACE evaluate nine slots exact bytes/summary/exit ready (205.8163ms)
✔ SURFACE evaluate nine slots exact bytes/summary/exit qualified (182.861ms)
✔ SURFACE evaluate nine slots exact bytes/summary/exit not-ready (186.0063ms)
✔ SURFACE evaluate nine slots exact bytes/summary/exit could-not-evaluate (189.6099ms)
✔ SURFACE verify four slots exit0 no writes (167.3465ms)
✔ SURFACE decision transport downstream and authenticity retained (223.3007ms)
✔ SURFACE verify altered supplied result rejects before stdout (170.3464ms)
✔ SURFACE tag observations transported as original bytes without Git (105.655ms)
✔ SURFACE determinism across random sessions and output roots (402.8106ms)
✔ SURFACE complete text output (220.7963ms)
✔ SURFACE post-rename stdout failure returns OUTPUT retains committed result (190.9658ms)
✔ SURFACE cancellation before worker no directory publication (43.3115ms)
✔ SURFACE cancellation before final inspection retains pending (186.0744ms)
✔ SURFACE 2B to 2A adapter selects exact handoff fields (0.3761ms)
✔ API admission wrong argument (0.6304ms)
✔ API admission shared array (8.1265ms)
✔ API admission duplicate file ID (11.4972ms)
✔ API admission oversized candidate (7.4101ms)
✔ API admission unknown property (0.2208ms)
✔ API admission wrong pin (0.1536ms)
✔ API snapshots all bytes before asynchronous work (11.6308ms)
✔ API caller mutation after entry cannot affect worker (333.2632ms)
✔ API missing declared file rejects (11.2067ms)
✔ API abort before entry is terminal (0.352ms)
✔ API abort during worker terminates (23.7449ms)
✔ API public evaluate and verify execute accepted integrated semantics (673.9196ms)
✔ CLI dispatch "" (1.0922ms)
✔ CLI dispatch "unknown" (0.1569ms)
✔ CLI dispatch "constructor" (0.137ms)
✔ CLI dispatch "toString" (0.1059ms)
✔ CLI dispatch "__proto__" (0.1018ms)
✔ CLI dispatch "Evaluate" (0.0694ms)
✔ CLI negative missing command (0.1164ms)
✔ CLI negative missing flag (0.1227ms)
✔ CLI negative duplicate flag (0.0758ms)
✔ CLI negative unknown flag (0.0665ms)
✔ CLI negative unsafe path (0.3996ms)
✔ CLI negative overlong argument (0.1329ms)
# TIMER_WITNESS [{"name":"success-a","observedTimers":5,"remainingTimers":0,"serverOrWatcherResources":0,"callbacksAfterSettlement":0,"outcome":"COMMITTED","activeRole":null},{"name":"write-failure","observedTimers":4,"remainingTimers":0,"serverOrWatcherResources":0,"callbacksAfterSettlement":0,"outcome":"MO1307_OUTPUT","activeRole":null},{"name":"write-cancellation","observedTimers":4,"remainingTimers":0,"serverOrWatcherResources":0,"callbacksAfterSettlement":0,"outcome":"MO1307_CANCELLED","activeRole":null},{"name":"rename-failure","observedTimers":6,"remainingTimers":0,"serverOrWatcherResources":0,"callbacksAfterSettlement":0,"outcome":"MO1307_OUTPUT","activeRole":null},{"name":"post-admission-cancellation","observedTimers":6,"remainingTimers":0,"serverOrWatcherResources":0,"callbacksAfterSettlement":0,"outcome":"MO1307_OUTPUT","activeRole":null},{"name":"stalled-write-cancellation","observedTimers":3,"remainingTimers":0,"serverOrWatcherResources":0,"callbacksAfterSettlement":0,"outcome":"MO1307_CANCELLED","activeRole":null},{"name":"success-b","observedTimers":5,"remainingTimers":0,"serverOrWatcherResources":0,"callbacksAfterSettlement":0,"outcome":"COMMITTED","activeRole":null}]
✔ N24-C invocation timers clear after success, write/rename failure and pre/post-admission cancellation including a stalled write; no server, watcher or cross-run callbacks (390.0197ms)
✔ D01 actual integrated evaluation and independent verify: could-not-evaluate (487.8758ms)
✔ D01 actual integrated evaluation and independent verify: history-blocker-unavailable (406.0296ms)
✔ D01 actual integrated evaluation and independent verify: informational-ready (421.8067ms)
✔ D01 actual integrated evaluation and independent verify: metadata-only (405.821ms)
✔ D01 actual integrated evaluation and independent verify: mixed-precedence (430.212ms)
✔ D01 actual integrated evaluation and independent verify: mo1306-qualified (2309.8931ms)
✔ D01 actual integrated evaluation and independent verify: not-ready (428.847ms)
✔ D01 actual integrated evaluation and independent verify: post-tag-absent (439.9331ms)
✔ D01 actual integrated evaluation and independent verify: post-tag-lightweight (469.1035ms)
✔ D01 actual integrated evaluation and independent verify: post-tag-ready (437.5077ms)
✔ D01 actual integrated evaluation and independent verify: post-tag-wrong-target (467.8518ms)
✔ D01 actual integrated evaluation and independent verify: pre-tag-present (447.5442ms)
✔ D01 actual integrated evaluation and independent verify: qualified (465.238ms)
✔ D01 actual integrated evaluation and independent verify: ready (442.3033ms)
✔ D01 actual integrated evaluation and independent verify: rest-qualified (345.3468ms)
✔ D01 actual integrated evaluation and independent verify: selective-reuse (449.4873ms)
✔ D02 all four states and blocker-over-CNE precedence survive the actual pipeline (562.824ms)
✔ D03 adapter has exactly the accepted closed fields and never uses diagnostics as authority (178.547ms)
✔ D04 MO1306 all nineteen source rows and twelve negative projections remain exact (533.658ms)
✔ D05 MO1306 provider axes and ten disclosures retain their exact released limitations (488.0194ms)
✔ D06 MO1306 raw configuration lineage survives integration and original omission still rejects (250.334ms)
✔ D07 verified historical applicability blocks an unavailable mandatory gate without erasing CNE (97.1004ms)
✔ D08 REST authority remains separate with mandatory same-host qualification and no providers (74.9357ms)
✔ D09 human decision binding is downstream and never changes readiness: ready/APPROVE (234.5532ms)
✔ D09 human decision binding is downstream and never changes readiness: ready/REJECT (229.9186ms)
✔ D09 human decision binding is downstream and never changes readiness: ready/DEFER (229.2493ms)
✔ D09 human decision binding is downstream and never changes readiness: qualified/APPROVE (263.9457ms)
✔ D09 human decision binding is downstream and never changes readiness: not-ready/APPROVE (227.0036ms)
✔ D10 mismatched human decision rejects: candidateDigest (232.6027ms)
✔ D10 mismatched human decision rejects: readinessDigest (232.4822ms)
✔ D10 mismatched human decision rejects: proofBindingDigest (227.3215ms)
✔ D11 tag-stage facts yield exact mandatory blockers and never execute Git (600.9535ms)
✔ D12 integrated operational failure remains an error: candidate substitution (6.3229ms)
✔ D12 integrated operational failure remains an error: trust-root mismatch (6.507ms)
✔ D12 integrated operational failure remains an error: raw-source tamper (23.8875ms)
✔ D12 integrated operational failure remains an error: claim tamper under an old grant (49.8204ms)
✔ D12 integrated operational failure remains an error: grant substitution (50.8476ms)
✔ D12 integrated operational failure remains an error: stale dependency (51.2781ms)
✔ D12 integrated operational failure remains an error: history rewrite with intact grant (251.9244ms)
✔ D12 integrated operational failure remains an error: history PASS fabrication (383.0814ms)
✔ D12 integrated operational failure remains an error: qualification omission (95.9332ms)
✔ D12 integrated operational failure remains an error: provider false hosted promotion (497.7658ms)
✔ D12 integrated operational failure remains an error: dangling authority reference (54.7393ms)
✔ D12 integrated operational failure remains an error: profile substitution (12.897ms)
✔ D12 integrated operational failure remains an error: path traversal rejected by the frozen manifest schema (16.9906ms)
✔ D13 result verification independently rechecks original raw bytes before trusting a valid result (27.5325ms)
✔ D14 self-consistent changed readiness passes evidence-only support but fails integrated recomputation (236.3313ms)
✔ D15 supplied result digest tamper rejects: readinessDigest (109.9593ms)
✔ D15 supplied result digest tamper rejects: proofBindingDigest (112.0485ms)
✔ D16 self-consistent result history or qualification omission cannot hide behind repaired hashes (1107.4543ms)
✔ D17 derived graph is candidate-rooted, authority-rooted, closed and bounded (720.2052ms)
✔ D18 no supplied cyclic or dangling graph can replace independently derived evidence (198.8398ms)
✔ D19 repeated calls and nonsemantic object/map insertion order preserve exact normative bytes (379.1553ms)
✔ D20 signed set ordering is preserved rather than silently normalized during integration (28.0983ms)
✔ D21 metadata affects exact proof audit while leaving all readiness semantics byte-identical (201.4315ms)
✔ D22 selective reuse stays explicit and relevant changes fail before readiness computation (163.4314ms)
✔ D23 evidenceInput strips only known verification transport fields and adds no authority (9.7811ms)
✔ D24 integrated preflight preserves accepted authority-before-semantic error priority (120.6587ms)
ℹ tests 639
ℹ suites 0
ℹ pass 639
ℹ fail 0
ℹ cancelled 0
ℹ skipped 0
ℹ todo 0
ℹ duration_ms 138346.0651
