✔ runtime closure manifest and identities reproduce the frozen independent digests (68.577ms)
✔ verifier copies exact bytes into a disposable private immutable snapshot (282.6534ms)
▶ closed runtime verifier rejects missing, unexpected, traversal, and symbolic members
  ✔ missing (76.1653ms)
  ✔ unexpected (67.2397ms)
  ✔ traversal manifest mutation (0.9384ms)
  ✔ duplicate normalized manifest path (0.8869ms)
  ✔ non-normalized manifest path (0.8834ms)
  ✔ symbolic leaf where supported (69.9392ms)
✔ closed runtime verifier rejects missing, unexpected, traversal, and symbolic members (217.5666ms)
▶ secure input snapshots enforce below, exact, and first-byte-above measured limits
  ✔ policy (21.678ms)
  ✔ policySet (18.2737ms)
  ✔ candidateMip (23.4901ms)
✔ secure input snapshots enforce below, exact, and first-byte-above measured limits (64.3183ms)
ℹ policy exact snapshot RSS delta=65536 bytes; fixed copy buffer=65536
ℹ policySet exact snapshot RSS delta=61440 bytes; fixed copy buffer=65536
ℹ candidateMip exact snapshot RSS delta=65536 bytes; fixed copy buffer=65536
✔ verification inputs use the frozen normative outcome ceiling without creating a transport limit (61.0119ms)
✔ input snapshots reject unsupported authorities and close acquire/dispose races (23.9995ms)
✔ opaque operation capability confines every CLI path to fixed private roles (35.3354ms)
✔ actual worker enforces exact stdout/stderr bounds and persists caught overflow (199.6922ms)
✔ actual worker disables stdin and treats crashes as adapter failures (41.464ms)
▶ actual worker enforces the closed bounded worker request
  ✔ extra request member (36.6264ms)
  ✔ relative module path (32.9977ms)
  ✔ oversized argument (33.4226ms)
  ✔ too many arguments (37.803ms)
  ✔ oversized encoded request (41.9145ms)
✔ actual worker enforces the closed bounded worker request (223.5366ms)
▶ actual worker rejects caught direct process output as an output-contract violation
  ✔ stdout (38.6007ms)
  ✔ stderr (37.4596ms)
  ✔ console (42.1075ms)
✔ actual worker rejects caught direct process output as an output-contract violation (119.0077ms)
✔ adapter preflight succeeds, rejects concurrency, and executes only through workers (326.7156ms)
✔ adapter cancellation hard-terminates a worker and dispose waits for the operation (153.249ms)
✔ adapter rejects out-of-band worker output immediately and terminates a non-reporting worker (183.2303ms)
✔ adapter rejects out-of-band output even when a worker also posts a valid result (189.6707ms)
✔ adapter terminates a worker after its single result message (177.0509ms)
✔ MemoryOS stable CLI codes pass through without becoming adapter decisions (263.9268ms)
▶ adapter rejects malformed envelopes and enforces command-aware exit binding
  ✔ exact digest success shape (276.2135ms)
  ✔ empty digest result (218.3632ms)
  ✔ wrong digest artifact kind (220.672ms)
  ✔ malformed digest (222.3102ms)
  ✔ extra digest member (223.6315ms)
  ✔ undefined worker message is a closed worker failure (225.497ms)
  ✔ worker failure with extra member (217.3224ms)
  ✔ worker failure with non-string message (226.5134ms)
  ✔ malformed JSON (228.1633ms)
  ✔ non-evaluation success with nonzero exit (233.7032ms)
  ✔ error envelope exit mismatch (232.832ms)
  ✔ FAIL decision uses frozen exit 6 (259.7852ms)
  ✔ evaluation decision/exit mismatch (219.2165ms)
  ✔ evaluation rejects an extra success member (226.0569ms)
  ✔ exact identity-verification success shape (253.6173ms)
  ✔ identity verification rejects wrong scope and false success (270.2363ms)
  ✔ exact outcome-verification success shape (263.2698ms)
  ✔ outcome verification rejects missing and unexpected members (220.4082ms)
✔ adapter rejects malformed envelopes and enforces command-aware exit binding (4268.8555ms)
✔ postflight mismatch blocks completion and invalidates the cached snapshot (387.0784ms)
ℹ tests 54
ℹ suites 0
ℹ pass 54
ℹ fail 0
ℹ cancelled 0
ℹ skipped 0
ℹ todo 0
ℹ duration_ms 9690.6828
