✔ package bin resolves to the production executable entry (7.8445ms)
✔ production CLI depends on the SDK facade and no lower platform layer (7.2363ms)
✔ CLI output preserves direct SDK transition truth (2076.3503ms)
✔ Regression output is the exact public SDK report (1233.333ms)
✔ Investigation navigation output is the exact public SDK result (965.2675ms)
✔ version and help expose the deterministic supported command surface (2078.741ms)
✔ argument failures are stable, non-interactive, and use exit code 1 (4756.2532ms)
✔ observe requires explicit deterministic files and emits stable summaries (1732.4574ms)
✔ input validation failures use exit code 2 and deterministic JSON (3810.9082ms)
✔ all documented exit-code classes are observable (3051.8839ms)
✔ history grammar enumerations equal the SDK contract and the fixed usage message (2.6683ms)
✔ every valid history command fails closed and writes nothing (3227.7744ms)
✔ history grammar rejects malformed commands with MO1308_USAGE (6750.5699ms)
✔ history human errors carry the history code and the fixed message (194.7135ms)
✔ history help lists the exact frozen grammar (178.352ms)
✔ non-history error envelopes are unchanged (no historyCode) (170.7821ms)
✔ history grammar performs no I/O, starts no process and reads no clock (R35, R37) (3.9039ms)
✔ T01 store constants equal the Freeze contract module (layout, limits, member names) (2.4296ms)
✔ T02 init creates exactly the frozen layout once; an existing target or a missing parent is refused (section 9.1) (36.5981ms)
✔ T03 append publishes members, then the entry; every earlier file is untouched (R06, R15) (77.129ms)
✔ T04 rejected appends change nothing: duplicates, wrong members, purged re-supply (R09, R10, R20) (62.4265ms)
✔ T05 the commit point is exclusive creation of entries/<n>.json: a lost race is LEDGER_CONFLICT and publishes nothing (R15, H41) (82.026ms)
✔ T06 interruption at every mutating step before the commit point publishes nothing; after it, a complete entry (R16) (1492.1396ms)
✔ T07 tombstone commits first, then purges every member; the chain still verifies (R18, R19, section 10.2) (70.271ms)
✔ T08 a crash during purge leaves purgePending; re-running the same command finishes it without a new entry (section 10.2) (234.8598ms)
✔ T09 verify fails closed on every layout defect (section 11.1) (146.6767ms)
✔ T10 verify reports staging and unreferenced artifacts; tampered bytes fail closed (R21) (107.6028ms)
✔ T11 filesystem boundary: a link anywhere on the path or inside the ledger fails closed on every operation (R17, H40) (88.6061ms)
✔ T12 a handle/path identity mismatch fails closed (H40) (15.8124ms)
✔ T12b a published name whose identity differs from the staged file is detected after the link (H40) (28.039ms)
✔ T13 a directory swapped for a link during an append is detected after the fact; no content is overwritten; reads then fail closed (H40 risk acceptance) (53.8502ms)
✔ T13b the same swap with no decoy is detected after the link: a boundary failure, the entry is never committed (H40) (50.251ms)
✔ T14 export is written once, marker last, byte-identical for equal ledgers, and verify-export fails closed (R23, section 12) (443.0619ms)
✔ T15 query and verify-export are read-only; query verifies the chain and never reads member bytes (R22) (72.8083ms)
✔ T16 commands: arguments become store operations, inputs are read through the boundary, errors carry only fixed text (section 13.3, 14.1) (233.1533ms)
✔ T17 concurrent appenders in separate processes: exactly one entry per index, losers get LEDGER_CONFLICT, the chain verifies (R15) (324.3507ms)
✔ T18 the store is Node-only, helper-free, timeless and never overwrites (R06, R35, R37, H40) (2.1237ms)
✔ T19 nothing outside the SDK facade and the contract is imported by the history sources; commands.js stays the only SDK importer (ARCHITECTURE section 5) (0.7699ms)
✔ CCA-MOS-CLI-004: every command emits deterministic human output through the production CLI (57891.9641ms)
✔ investigate delegates raw and enveloped Regression Reports with stable JSON (2096.0682ms)
✔ investigate selects Evidence, Reflection, Retrieval, and Evolution through the SDK (1823.9734ms)
✔ investigate selects Replay, Transition, and Verification facts exactly (1449.4455ms)
✔ investigate rejects invalid grammar, reports, categories, and selector combinations (2889.2282ms)
✔ investigate remains bounded for a complete deterministic Regression Report (940.3116ms)
✔ verify delegates valid and invalid package truth with exit code 3 on failure (1797.7241ms)
✔ import and inspect expose the same deterministic SDK investigation metadata (1812.2638ms)
✔ trace requires and preserves one exact package Trace selector (1619.9972ms)
✔ replay applies repeated SDK actions in caller order and is deterministic (3766.1022ms)
✔ compare uses one package, completes its Replay, and enters exact Evolution (4924.5383ms)
✔ regression delegates two packages to the SDK and preserves deterministic report truth (1717.4552ms)
✔ regression reports identical packages and accepts at most one stdin operand (3620.2936ms)
✔ export is a byte-for-byte SDK round trip for files and stdout (2072.9738ms)
✔ package stdin supports non-interactive verification and import (1754.5256ms)
✔ invalid package import is reported as a package error (1176.4987ms)
✔ policy namespace exposes exactly the seven frozen commands (1730.4918ms)
✔ unexpected Policy operational failure maps to exit 5 and the exact JSON semantic projection (2.311ms)
✔ validate, digest, identities, and presentation envelopes preserve frozen bytes (2099.6731ms)
✔ evaluate preserves PASS, FAIL, CNE, exact artifacts, and outcome-last generation (3868.5626ms)
✔ all detached inspections and both verification modes remain SDK-owned (3866.8167ms)
✔ policy transport rejects collisions, multiple stdin inputs, URLs, and output-only stdin (2045.1461ms)
✔ session preserves opaque checkpoints and restores exact SDK state (5698.5193ms)
✔ checkpoint names cannot restore across live CLI sessions (1646.2665ms)
✔ session executes Trace, complete Replay, and Compare in one live SDK (7485.0647ms)
✔ session can verify and byte-preserving export through the SDK (1890.66ms)
✔ native observations fail export safely without fabricating a MIP (1263.4416ms)
✔ session accepts a workflow file and fails malformed JSON deterministically (1796.0539ms)
ℹ tests 66
ℹ suites 0
ℹ pass 66
ℹ fail 0
ℹ cancelled 0
ℹ skipped 0
ℹ todo 0
ℹ duration_ms 160103.1914
