✔ C01 frozen public exports contain exactly two async functions (2.3696ms)
✔ C02 closed counts and every frozen exit (0.7323ms)
✔ C03 deterministic key order includes numeric-looking ASCII keys (0.7222ms)
✔ C04 Unicode scalars are not normalized or escaped unnecessarily (1.3795ms)
✔ C05 parser duplicate-key (0.2889ms)
✔ C05 parser escaped-duplicate-key (0.2234ms)
✔ C05 parser unknown-token (0.1354ms)
✔ C05 parser negative-zero (0.1506ms)
✔ C05 parser negative-integer (0.1683ms)
✔ C05 parser fraction (0.2244ms)
✔ C05 parser exponent (0.1534ms)
✔ C05 parser unsafe-integer (0.1554ms)
✔ C05 parser leading-zero (0.1165ms)
✔ C05 parser unpaired-surrogate (0.1017ms)
✔ C05 parser control-string (0.091ms)
✔ C05 parser del-string (0.08ms)
✔ C05 parser non-ascii-key (0.0768ms)
✔ C05 parser trailing-garbage (0.0661ms)
✔ C05 parser trailing-comma (0.0892ms)
✔ C05 parser empty-document (0.0986ms)
✔ C05 parser noncanonical-spaces (0.1184ms)
✔ C05 parser missing-lf (0.0955ms)
✔ C05 parser double-lf (0.0786ms)
✔ C05 parser key-order (0.1107ms)
✔ C05 parser unnecessary-escape (0.0861ms)
✔ C05 parser escaped-solidus (0.08ms)
✔ C05 parser crlf (0.0813ms)
✔ C06 invalid UTF-8 and BOM reject (0.2188ms)
✔ C07 depth limit admits16 and rejects17 (0.3822ms)
✔ C08 members/key/string exact boundaries (1.0677ms)
✔ C09 total values boundary and bounded copy (185.9171ms)
✔ C10 shared buffers/accessors/sparse arrays/cycles/undefined reject (0.5433ms)
✔ C11 SHA256 raw/claim/candidate identity and independent proof layer (0.385ms)
✔ C12 every error has immutable fields and fixed safe diagnostic (2.5343ms)
✔ C13 errors select numeric exit then ASCII reference within a phase (0.355ms)
✔ C14 exact configuration accepted and unknown fields/profiles/versions rejected (2.1056ms)
✔ C15 no discovery or output/trust fields in configuration (0.6953ms)
✔ C16 deterministic blocker ID excludes mutable claim provenance (0.4852ms)
✔ C17 error schema is closed and operational outcomes are not readiness states (0.3266ms)
✔ C18 public entry points reject malformed input and prior cancellation (2.2399ms)
✔ C19 shared definitions are deeply immutable (0.1671ms)
✔ C20 generated definitions equal source canonical bytes (1.8236ms)
✔ C21 serializer stops at byte budget before expansive allocation (24.1798ms)
✔ C22 arrays reject hidden properties without reading getters (0.3333ms)
✔ C23 admission errors precede restrictive schema predicates (12.1161ms)
✔ C24 nested evidence version and coverage mappings (1.1734ms)
✔ C25 profile product mismatch precedes schema INPUT (0.7511ms)
✔ C26 defensive internal cycle has GRAPH_CYCLE and bound has GRAPH_LIMIT (37.6626ms)
✔ C27 configuration errors precede evidence acquisition errors (17.1451ms)
✔ C28 API holder shape rejects getters/symbols/hidden fields safely (13.5513ms)
✔ C29 well formed bundle traverses integrated verifier and readiness worker (349.136ms)
✔ C30 malformed verification versions use their own mismatch categories (8.4448ms)
✔ C31 reference aggregation rejects empty vectors and dangling CNE (6.4112ms)
✔ C32 provider representation cannot assert hosted certificate without vectors (0.6545ms)
✔ C33 malformed nested verification records preserve mismatch code and reference (14.6187ms)
✔ C34 nested authority profile errors use PROFILE_MISMATCH during bootstrap (37.9162ms)
✔ C35 verification shape remapping does not hide admission limits (13.0792ms)
✔ C36 known lower GitHub minimum remains valid without fabricated hosted cases (0.4672ms)
✔ fixture catalog is finite, complete and matches independent exact-byte SHA-256 (90.6533ms)
✔ 476 non-parser fixture records match closed schema and local foundation classifications (2351.4011ms)
✔ nine malformed byte/parser vectors reject with exact operational codes (2.1578ms)
✔ focused Phase 1 negative fixtures use the appropriate foundation seam (22.3558ms)
✔ all sixteen complete bundles pass snapshot, pin and byte-integrity foundations (531.0779ms)
✔ reference aggregation retains all records and realizes all four readiness states (42.7254ms)
✔ canonical result identities and summaries match exact independently constructed fixture bytes (414.3627ms)
✔ all fourteen evidence types and six graph node / five edge types have canonical positives (7.6599ms)
✔ MO-1306 preserves actual production, BF, tag, package and all nineteen source history rows (15.1848ms)
✔ MO-1306 provider limitations and ten disclosures cannot silently become hosted certification (2.8762ms)
✔ metadata-only proof changes and selective dependency reuse keep separate identities (3.796ms)
✔ human decision bindings leave all readiness and proof bytes unchanged (63.9122ms)
✔ tag fixtures distinguish pre/post stage predicates from operational tampering (7.0347ms)
✔ future semantic negatives are classified without claiming a Phase 2 verifier exists (19.8907ms)
✔ N01 pinned native runtime and fixed PowerShell installation (6.2426ms)
✔ N02 closed CLI commands and defaults (1.4996ms)
✔ N03 prototype-sensitive and invented commands reject as usage (0.7839ms)
✔ N04 duplicate unknown missing extra flags reject (0.4514ms)
✔ N05 forbidden runtime environment and Node options reject before I/O (0.368ms)
✔ N04b inspectable configuration path failures select lowest logical ID (0.4429ms)
✔ N06 relative lexical boundaries and hostile spellings (0.4394ms)
✔ N07 absolute roots full paths overlap and case aliases (0.615ms)
✔ N08 identity policy rejects any reparse flag hardlink wrong type and changes (0.971ms)
✔ N09 helper canonical round-trip and closed operation fields (4.508ms)
✔ N10 helper frame prefix truncation trailing data and caps (0.5154ms)
✔ N11 helper sorted explicit allowlist path and per-file boundaries (1.8892ms)
✔ N12 acquisition needs four serial exits and invalid overlap or retry is terminal (5.6054ms)
✔ N13 helper response exact snapshot identity and base64 validation (1.4875ms)
✔ N14 helper decoded aggregate boundary and +1 (296.3311ms)
✔ N15 native fixed PowerShell snapshots and checked inspection sanitization (14453.1896ms)
✔ N16 native helper rejects hostile operation extra fields and oversized frame (3183.8226ms)
✔ N17 native CLI evaluates and publishes exact integrated result (13904.2799ms)
✔ N18 publication exclusive create exact pending and single-file commit (51.9438ms)
✔ N19 existing final destination never replaced and pending retained (31.5785ms)
✔ N20 pending collision and mutation fail closed without cleanup (48.8632ms)
✔ N21 publication byte ceiling boundary and +1 before write (52.4258ms)
✔ N22 branded framed inspection required and identity change rejects (14.6356ms)
✔ N23 primitive late checkpoint prevents rename and retains pending (26.437ms)
✔ N24 foundation retains no-network and fixed orchestration boundaries (7.6617ms)
✔ package metadata and deterministic nonrecursive bindings (454.3401ms)
✔ unexpected member is rejected without refreshing the binding (225.8217ms)
✔ changed shipped source fails exact distribution binding (287.1472ms)
✔ schema drift cannot be hidden by rebuilding manifests (267.5229ms)
✔ constants drift cannot be hidden by rebuilding manifests (263.9146ms)
✔ dependencies, lifecycle hooks, extra exports and traversal allowlist are rejected (931.1596ms)
✔ network and external imports are rejected before manifest regeneration (749.8161ms)
✔ missing fixed helper and mutated manifest rows are rejected (494.5693ms)
✔ A01 exact independent Phase 1 result and summary bytes: could-not-evaluate (122.7784ms)
✔ A01 exact independent Phase 1 result and summary bytes: history-blocker-unavailable (104.2453ms)
✔ A01 exact independent Phase 1 result and summary bytes: informational-ready (78.4836ms)
✔ A01 exact independent Phase 1 result and summary bytes: metadata-only (76.4848ms)
✔ A01 exact independent Phase 1 result and summary bytes: mixed-precedence (81.85ms)
✔ A01 exact independent Phase 1 result and summary bytes: mo1306-qualified (398.6016ms)
✔ A01 exact independent Phase 1 result and summary bytes: not-ready (85.6809ms)
✔ A01 exact independent Phase 1 result and summary bytes: post-tag-absent (77.5868ms)
✔ A01 exact independent Phase 1 result and summary bytes: post-tag-lightweight (76.2693ms)
✔ A01 exact independent Phase 1 result and summary bytes: post-tag-ready (74.115ms)
✔ A01 exact independent Phase 1 result and summary bytes: post-tag-wrong-target (74.8261ms)
✔ A01 exact independent Phase 1 result and summary bytes: pre-tag-present (75.6529ms)
✔ A01 exact independent Phase 1 result and summary bytes: qualified (74.6701ms)
✔ A01 exact independent Phase 1 result and summary bytes: ready (70.7104ms)
✔ A01 exact independent Phase 1 result and summary bytes: rest-qualified (67.9572ms)
✔ A01 exact independent Phase 1 result and summary bytes: selective-reuse (79.4628ms)
✔ A02 core consumes claims rather than caller gate states and retains complete compiled profile (104.2568ms)
✔ A03 coverage FAIL and UNEVALUABLE drive mandatory artifact (106.0839ms)
✔ A03 coverage FAIL and UNEVALUABLE drive mandatory binding (108.1258ms)
✔ A03 coverage FAIL and UNEVALUABLE drive mandatory history (107.7485ms)
✔ A03 coverage FAIL and UNEVALUABLE drive mandatory provenance (104.9463ms)
✔ A03 coverage FAIL and UNEVALUABLE drive mandatory provider.azure (97.3934ms)
✔ A03 coverage FAIL and UNEVALUABLE drive mandatory provider.generic (99.2033ms)
✔ A03 coverage FAIL and UNEVALUABLE drive mandatory provider.github (112.3323ms)
✔ A03 coverage FAIL and UNEVALUABLE drive mandatory provider.gitlab (93.0697ms)
✔ A03 coverage FAIL and UNEVALUABLE drive mandatory provider.jenkins (95.1404ms)
✔ A03 coverage FAIL and UNEVALUABLE drive mandatory resources (116.4832ms)
✔ A03 coverage FAIL and UNEVALUABLE drive mandatory sbom (103.7816ms)
✔ A03 coverage FAIL and UNEVALUABLE drive mandatory scope (94.6971ms)
✔ A03 coverage FAIL and UNEVALUABLE drive mandatory security (100.5181ms)
✔ A03 coverage FAIL and UNEVALUABLE drive mandatory semantic (99.6173ms)
✔ A03 coverage FAIL and UNEVALUABLE drive mandatory supply (107.847ms)
✔ A03 coverage FAIL and UNEVALUABLE drive mandatory tag (97.5247ms)
✔ A03 coverage FAIL and UNEVALUABLE drive mandatory windows (101.9804ms)
✔ A04 REST coverage failures retain same-host limitation (38.7866ms)
✔ A05 unavailable MISSING is CNE with exact reason (54.0127ms)
✔ A05 unavailable AUTHORITY_UNAVAILABLE is CNE with exact reason (53.1037ms)
✔ A05 unavailable STALE is CNE with exact reason (44.5689ms)
✔ A05 unavailable UNEVALUABLE is CNE with exact reason (45.4664ms)
✔ A06 unavailable provider leaves optional observation empty without fabricating certification (58.345ms)
✔ A07 blockers dominate independent CNE and qualifications without erasing any finding (63.7024ms)
✔ A08 CNE dominates release qualification and informational-only stays READY (102.049ms)
✔ A09 known provider minimum failures remain blockers, including simultaneous coverage and CNE (254.8587ms)
✔ A10 Generic real execution requirement is independent of coverage verdict (46.3975ms)
✔ A11 false hosted promotion and required provider disclosure omission are rejected (38.4368ms)
✔ A12 scope qualification union rejects missing, extra, weakened and conflicting records (77.8245ms)
✔ A13 identical qualification carriers share one result with every claim and grant reference (57.1301ms)
✔ A14 missing scope or history retains known records and defers only completeness (255.4134ms)
✔ A15 preserved history remains negative; observed recurrence blocks active mandatory gates (212.0722ms)
✔ A16 currently applicable history and duplicate recurrence produce one exact blocker (59.0925ms)
✔ A17 all applicable tag predicates are collected; absent post-tag fabricates no target failure (148.0414ms)
✔ A18 expected negative Policy and operational outcomes remain accepted semantic certification (54.7809ms)
✔ A19 metadata-only proof change preserves readiness and invalidates old external decision (142.3262ms)
✔ A20 nonsemantic input collection order and repeated calls preserve exact result bytes (600.4128ms)
✔ A21 new metadata proof is distinct from normative changed qualification identity (86.1317ms)
✔ A22 exact comparison rejects existing altered and self-hashed false result fixtures (260.5983ms)
✔ A23 result recomputation rejects self-consistent alterations of each normative projection (1007.2001ms)
✔ A24 V18 retains exact five providers, ten disclosures, twelve negative history rows and human actions (194.1895ms)
✔ A25 history count 128 is retained exactly and 129 is a resource error (108.6062ms)
✔ A26 global qualification union 128 is complete and 129 cannot be truncated (151.501ms)
✔ A27 128 unique historical blockers are complete and one additional known failure rejects (164.1663ms)
✔ A28 EVALUATION numeric and logical-reference precedence is independent of collection order (61.1234ms)
✔ A29 projection boundary rejects caller gate vectors, accessors and unknown profiles (14.4821ms)
✔ A30 returned proof input uses the exact independent nonrecursive binding shape (52.9501ms)
✔ A31 all twelve external human decisions bind computed results without changing readiness (1110.4537ms)
✔ A32 every one of seven qualification codes is retained with its frozen impact (347.6826ms)
✔ A33 complete blocker CNE qualification cross-product follows frozen precedence and retains all lists (399.2467ms)
✔ A34 permutations preserve exact gate blocker qualification history JSON and text bytes (650.0473ms)
✔ A35 comparison rejects omitted mandatory CNE and substituted candidate profile or identity digest (204.573ms)
✔ A36 static pure-core import closure excludes acquisition execution network and ambient selectors (3.4972ms)
✔ A37 coverage missing duplicate cross-partition or contradictory verdict uses INTEGRITY (34.9954ms)
✔ A38 nested candidate accessor is rejected before calling user code (4.2568ms)
✔ A39 informational qualification on an inactive gate remains global without activating that gate (51.9677ms)
✔ A40 preserved-history qualification must match exact condition and affected gates (186.5373ms)
✔ A41 unavailable scope never exempts locally invalid or omitted required provider qualifications (46.5501ms)
✔ A42 minimum-met contradictory qualified support is an error; lower minimum unsupported facts are blockers (131.7907ms)
✔ A43 known history only contributes blockers to active mandatory affected gates (47.0418ms)
✔ A44 conflicting qualification scope errors choose the smallest logical ID regardless of carrier order (38.0756ms)
✔ A45 REST unevaluable required coverage yields CNE with same-host qualification retained (78.5116ms)
✔ result boundary: exactly 4 MiB is retained and +1 is OUTPUT/EVALUATION (1879.6547ms)
✔ text boundary: exactly 128 KiB is complete and +1 is OUTPUT/EVALUATION (867.3795ms)
✔ result/proof/input snapshots do not share mutable output objects (29.5717ms)
✔ global derived counts reject 128+1 before malformed rows or byte sizing (8.4677ms)
✔ result construction cannot promote a blocked aggregate to READY (6.534ms)
✔ A01 all sixteen frozen bundles produce only verified claims and exact independent graph/audit identities (1533.5645ms)
✔ A02 operator authority pin is separate and rejects an independently wrong trust root (22.654ms)
✔ A03 an evidence-controlled authority mutation cannot select its own new pin (8.4972ms)
✔ A04 raw source bytes and raw length are verified independently of intact claim identity (52.1375ms)
✔ A05 raw manifest identity and envelope hash cannot be repaired by a self-consistent claim hash (45.3934ms)
✔ A06 exact canonical claim digest is recomputed under an intact reviewed envelope grant (32.9419ms)
✔ A07 ungranted external evidence cannot satisfy a gate (32.7638ms)
✔ A08 unknown evidence type and evidence version fail closed (51.9761ms)
✔ A09 granting the wrong existing claim for a compiled gate is rejected (34.0688ms)
✔ A10 exact grant source IDs cannot substitute or omit the envelope lineage (33.7157ms)
✔ A11 source bytes cannot appoint themselves as authority provenance (32.8126ms)
✔ A12 authority source Git fields, classification, length, hash and released target bind exactly (391.9539ms)
✔ A13 candidate, manifest and independently reviewed component/contract closures cannot be substituted (98.367ms)
✔ A14 whole-candidate claims cannot use an earlier candidate root (32.0065ms)
✔ A15 a manifest cannot relabel a claim origin or dependency identity (66.1776ms)
✔ A16 declared dependency role, length and content are checked against the current inventory (96.8083ms)
✔ A17 minimum dependency closure cannot omit any relevant current component (34.1228ms)
✔ A18 changed declared grant closure and dangling dependency IDs reject rather than first-win (70.4183ms)
✔ A19 scope escalation and unapproved/changed assumptions are stale (98.1024ms)
✔ A20 unrelated root assumptions do not stale an approved claim subset (76.1669ms)
✔ A21 selective reuse is explicit and unchanged dependencies retain their exact claims (101.2834ms)
✔ A22 REUSED cannot conceal a whole-candidate claim (32.159ms)
✔ A23 old audit snapshots do not invent expiry and bounded disclosure remains mandatory (71.2083ms)
✔ A24 permitted fresh raw metadata pins change proof audit but preserve normative projection (140.326ms)
✔ A25 duplicate IDs, copied normalized grants and unconsumed evidence fail closed (76.7264ms)
✔ A26 explicit unavailable slots omit evidence safely and optional provider slots mirror the parent (94.055ms)
✔ A27 all admitted bytes are snapshots independent of subsequent caller mutations (74.9609ms)
✔ A28 raw source byte ceiling admits exact boundary and rejects plus one (101.13ms)
✔ A29 explicit source and authority references cannot dangle (67.9747ms)
✔ A30 canonical set orders remain normative and are never silently sorted by the verifier (71.7098ms)
✔ A31 input map insertion and object member order do not affect verified canonical projection (151.1543ms)
✔ A32 raw integrity failure wins over later root candidate mismatch (32.0786ms)
✔ A33 an authority failure wins over a later structurally valid provider contradiction (56.6418ms)
✔ A34 manifest file ceiling admits exactly 128 consumed files and rejects 129 (135.8328ms)
✔ A35 aggregate raw source admission accepts 8 MiB exactly and rejects one additional byte (143.1367ms)
✔ A36 authority source ceiling admits 32 explicit provenance records and rejects 33 (142.3634ms)
✔ F01 MO-1306 preserved configuration receipts have exact granted source lineage (498.1206ms)
✔ F02 correction preserves all normalized identities and every original raw source byte (22.627ms)
✔ F03 reconstructed original fixture still rejects unused configuration sources (211.0017ms)
✔ G01 exact frozen graph, authority and audit bindings: could-not-evaluate (93.4802ms)
✔ G01 exact frozen graph, authority and audit bindings: history-blocker-unavailable (60.8438ms)
✔ G01 exact frozen graph, authority and audit bindings: informational-ready (66.572ms)
✔ G01 exact frozen graph, authority and audit bindings: metadata-only (65.5967ms)
✔ G01 exact frozen graph, authority and audit bindings: mixed-precedence (58.54ms)
✔ G01 exact frozen graph, authority and audit bindings: mo1306-qualified (335.3552ms)
✔ G01 exact frozen graph, authority and audit bindings: not-ready (57.4368ms)
✔ G01 exact frozen graph, authority and audit bindings: post-tag-absent (54.3858ms)
✔ G01 exact frozen graph, authority and audit bindings: post-tag-lightweight (54.4266ms)
✔ G01 exact frozen graph, authority and audit bindings: post-tag-ready (53.8989ms)
✔ G01 exact frozen graph, authority and audit bindings: post-tag-wrong-target (52.5411ms)
✔ G01 exact frozen graph, authority and audit bindings: pre-tag-present (58.7243ms)
✔ G01 exact frozen graph, authority and audit bindings: qualified (63.7485ms)
✔ G01 exact frozen graph, authority and audit bindings: ready (51.8582ms)
✔ G01 exact frozen graph, authority and audit bindings: rest-qualified (39.5974ms)
✔ G01 exact frozen graph, authority and audit bindings: selective-reuse (52.2713ms)
✔ G02 exactly six node and five edge types, one root, content sharing and origin provenance (187.2379ms)
✔ G03 metadata and opaque historical cross-links cannot add normative authority or cycles (292.4146ms)
✔ G04 missing normative claim, dependency, authority, grant and edge endpoints reject (18.2745ms)
✔ G05 duplicate node IDs, duplicate edges, malformed content IDs and unknown types reject (18.6931ms)
✔ G06 wrong edge direction, endpoint type, root and candidate identity reject (22.5097ms)
✔ G07 every grant and claim must be rooted and every normative node reachable (44.7952ms)
✔ G08 internal normative cycles and self references retain exact GRAPH_CYCLE classification (8.8082ms)
✔ G09 dependency claims cannot mix current candidate and dependency edges (7.3458ms)
✔ G10 graph nodes exactly 2048 pass and 2049 fail before expansion (172.7227ms)
✔ G11 graph edges exactly 8192 pass and 8193 fail before expansion (326.9908ms)
✔ G12 dependencies per claim exactly 1024 pass and 1025 fail (156.0798ms)
✔ G13 derivation cannot silently drop or duplicate claims, grants or authorities (105.7081ms)
✔ G14 claimed identity, dependency identity and candidate root mismatches reject (34.9769ms)
✔ G15 normalized grant identity omits audit bytes, retains classes and scoped assumptions (3.5318ms)
✔ G16 noncanonical normative array order rejects instead of silently changing identity (16.2264ms)
✔ G17 derivation enforces the edge ceiling while expanding verified claim dependencies (916.6483ms)
✔ G18 arbitrary object property insertion order preserves exact graph and authority bytes (261.3313ms)
✔ HB01: all sixteen Phase 1 bundles preserve exact history, qualifications and independent provider projections (325.2731ms)
✔ HB02: MO-1306 binds nineteen immutable raw rows and exact twelve negative history projections (77.6148ms)
✔ HB03: MO-1306 preserves all independent provider axes and ten disclosures (69.3221ms)
✔ HB04: known recurrence links only active mandatory gates, including an unavailable current gate (13.8809ms)
✔ HB05: observed recurrence preserves historical outcome while excluding optional and inactive links (74.1161ms)
✔ HB06: current-applicable history cannot erase an unavailable gate condition (12.802ms)
✔ HB07 immutable granted history rejects FAIL to PASS rewrite (51.3132ms)
✔ HB07 immutable granted history rejects BLOCKED removal (41.2676ms)
✔ HB07 immutable granted history rejects changed historical disposition (38.3307ms)
✔ HB07 immutable granted history rejects wrong historical source (49.9218ms)
✔ HB07 immutable granted history rejects wrong candidate provenance (40.0369ms)
✔ HB07 immutable granted history rejects omitted required unresolved history (40.0531ms)
✔ HB07 immutable granted history rejects fabricated resolution (37.4996ms)
✔ HB07 immutable granted history rejects duplicate conflicting history (43.3064ms)
✔ HB08: malformed PASS history and duplicate conflicting rows remain invalid with fixture-owned updated pins (145.8558ms)
✔ HB09: reviewed history must resolve nested source and authority lineage (135.8656ms)
✔ HB10: supplied scope and history inventories reject omissions and unknown condition references (201.5005ms)
✔ QB01: qualifications reject omission (73.091ms)
✔ QB01: qualifications reject impact downgrade (71.3762ms)
✔ QB01: qualifications reject wrong provider (62.9233ms)
✔ QB01: qualifications reject wrong gate (59.0283ms)
✔ QB01: qualifications reject unknown code (60.8105ms)
✔ QB01: qualifications reject wrong scope authority (57.7996ms)
✔ QB01: qualifications reject disclosure removal (57.4121ms)
✔ QB01: qualifications reject fabricated authority member (57.5768ms)
✔ QB02: scope qualification inventory rejects extra, omitted and conflicting records (179.8355ms)
✔ QB03: an identical qualification shared by granted claims merges exact claim/grant identities (106.6369ms)
✔ QB04: historical disclosures require exact preserved condition and gate set (189.1506ms)
✔ QB05: bounded advisory and REST scope require their exact disclosures (65.3112ms)
✔ QB06: unavailable scope retains known qualified history without inventing completeness (54.4617ms)
✔ QB07: unavailable history retains known disclosures but still validates supplied scope condition inventory (151.8875ms)
✔ QB08: both unavailable inventories retain locally valid known qualifications and defer missing inventory references (88.5416ms)
✔ PB01 immutable MO-1306 authority rejects false github execution promotion (35.156ms)
✔ PB01 immutable MO-1306 authority rejects false gitlab execution promotion (33.9692ms)
✔ PB01 immutable MO-1306 authority rejects false jenkins execution promotion (39.5349ms)
✔ PB01 immutable MO-1306 authority rejects false azure execution promotion (49.298ms)
✔ PB02: full GitHub hosted certification requires all four exact case facts (48.3441ms)
✔ PB03: provider labels cannot alias, substitute provider identity, or remove Generic certification unnoticed (129.148ms)
✔ PB04: contract-only providers cannot claim SUPPORTED while not live certified (201.9468ms)
✔ PB05: known lower-minimum unsupported facts are retained for 2A blockers with no fabricated certification (25.5775ms)
✔ PB06: unavailable provider parents produce no fabricated provider observation (11.4463ms)
✔ PB07: independently reviewed validation and execution facts do not imply a universal certification ranking (11.7177ms)
✔ DB01: selection order does not affect projection bytes or mutate input, and outputs are detached (94.239ms)
✔ DB02: semantic history and qualification set order remains frozen and rejects reordered arrays (128.2654ms)
✔ LB01: history record count accepts 128 and rejects 129 without truncation (42.433ms)
✔ LB02: assessment qualification union accepts 128 and rejects 129 across individually bounded claims (49.4338ms)
✔ LB03: exact original disposition length accepts 256 printable characters and rejects 257 (22.2786ms)
✔ IB01: complete independently pinned MO-1306 verifier retains exact history, provider state and qualifications (874.1974ms)
✔ IB02: complete verifier rejects schema-valid rewritten or removed history despite fresh raw pins (463.6827ms)
✔ IB03: complete verifier rejects all four MO-1306 execution promotions with unchanged reviewed grants (618.9195ms)
✔ IB04: complete verifier uses dedicated qualification mismatch classification (237.121ms)
✔ IB05: complete verifier uses dedicated history mismatch classification for PASS rewriting (43.4076ms)
✔ IB06: independently pinned source bytes and candidate context bind historical claims (127.3186ms)
✔ L01 authority byte admission includes the exact ceiling and rejects plus one before parse/copy (22.6784ms)
✔ L02 envelope byte ceiling is enforced in acquisition before snapshot copying (54.412ms)
✔ L03 manifest claim admission is 64 envelopes, independent of the finite gate authority limit (13.8894ms)
✔ L04 grant representation admits 64 and rejects 65 without claiming all grants fit the closed profile (15.8717ms)
✔ L05 claim dependencies and every explicit dependency reference list admit 1024 and reject 1025 (71.7917ms)
✔ L06 root, grant and claim assumption sets admit 32 and reject 33 (10.2822ms)
✔ L07 history representation admits 128 immutable rows and rejects 129 (35.3607ms)
✔ L08 qualification representation admits 128 and rejects 129 without truncation (16.4128ms)
✔ L09 scope qualification/condition reference sets each enforce their exact 128 cap (9.9976ms)
✔ L10 source references admit 128 and authority source references admit 32 at their declared schemas (5.512ms)
✔ L11 normalized authority and audit digest reference capacities are explicit, not generic INPUT errors (115.2406ms)
✔ L12 independent cap failures never fabricate a partial verified projection (18.8954ms)
✔ P2B projection and independent result evidence: could-not-evaluate (253.156ms)
✔ P2B projection and independent result evidence: history-blocker-unavailable (207.7562ms)
✔ P2B projection and independent result evidence: informational-ready (199.3408ms)
✔ P2B projection and independent result evidence: metadata-only (205.3407ms)
✔ P2B projection and independent result evidence: mixed-precedence (183.1878ms)
✔ P2B projection and independent result evidence: mo1306-qualified (936.9346ms)
✔ P2B projection and independent result evidence: not-ready (176.3211ms)
✔ P2B projection and independent result evidence: post-tag-absent (188.482ms)
✔ P2B projection and independent result evidence: post-tag-lightweight (180.0384ms)
✔ P2B projection and independent result evidence: post-tag-ready (178.1027ms)
✔ P2B projection and independent result evidence: post-tag-wrong-target (186.1975ms)
✔ P2B projection and independent result evidence: pre-tag-present (227.9934ms)
✔ P2B projection and independent result evidence: qualified (199.6116ms)
✔ P2B projection and independent result evidence: ready (182.3983ms)
✔ P2B projection and independent result evidence: rest-qualified (154.7358ms)
✔ P2B projection and independent result evidence: selective-reuse (191.3815ms)
✔ P2B verified snapshots detach and freeze every returned fact (94.6697ms)
✔ P2B metadata changes only raw proof binding and diagnostics (185.6065ms)
✔ P2B opaque bounded advisory timestamp has no age window or invented syntax (431.8484ms)
✔ P2B deterministic internal projection uses canonical records, not object insertion order (164.5464ms)
✔ P2B Freeze-mandated set ordering rejects permutations instead of normalizing signed identity (234.4705ms)
✔ P2B explicit reuse dispositions preserve unrelated dependency closure (121.0951ms)
✔ P2B independently reverified source mutation cannot hide behind result self-hashes (30.649ms)
✔ P2B result evidence tamper: candidate (510.9506ms)
✔ P2B result evidence tamper: authorityIdentityDigest (440.4278ms)
✔ P2B result evidence tamper: qualification (434.3488ms)
✔ P2B result evidence tamper: history (413.3338ms)
✔ P2B result evidence tamper: provider (417.4059ms)
✔ P2B result evidence tamper: graph (419.3731ms)
✔ P2B result evidence tamper: audit (425.6283ms)
✔ P2B result evidence tamper: gateBinding (493.2406ms)
✔ P2B proof material is exact frozen audit, independent of final readiness calculation (73.4276ms)
✔ R01 raw source integrity precedes an earlier logical envelope coverage contradiction (49.6422ms)
✔ R02 earlier validation phase precedes a smaller later-phase error exit (31.2662ms)
✔ R03 independent source corruption precedes current-candidate authority mismatch (34.487ms)
✔ APIBOOT01 earlier malformed config dominates later oversized evidence (22.9281ms)
✔ APIBOOT02 config shape error dominates wrong authority pin in same phase (12.0898ms)
✔ APIBOOT03 malformed config dominates oversized authority safely (5.9544ms)
✔ APIBOOT04 exact manifest ENVELOPE cap applied before bytes copy (14.2959ms)
✔ APIBOOT05 exact manifest file set checked before copying unknown file (11.8557ms)
✔ APIBOOT06 snapshots remain detached and byte-identical (13.4933ms)
✔ APIBOOT07 TIMEOUT interruption dominates collected parse errors (0.4318ms)
✔ APIBOOT07 CANCELLED interruption dominates collected parse errors (0.2406ms)
✔ APIBOOT08 hostile typed-array byteLength override is never invoked (12.3843ms)
✔ C2C01 corrected limits leave all byte ceilings unchanged (1.9006ms)
✔ C2C02 every required observation has a canonical closed framed representation (15.1435ms)
✔ C2C03 old wire version missing session unknown fields and arbitrary operations reject (1.7695ms)
✔ C2C04 operation sequence and fixed output leaf authority are closed (3.3452ms)
✔ C2C05 bounded frames reject trailing requests responses and alternate session (1.6206ms)
✔ C2C06 complete acquisition then terminated worker then five publication requests (12.2735ms)
✔ C2C07 helper completion cannot substitute for fully quiescent exit (4.55ms)
✔ C2C08 helper and worker overlap and repeated worker transition are terminal (8.0726ms)
✔ C2C09 verify remains four reads followed by worker and cannot publish (4.2747ms)
✔ C2C10 request failure abort and transport failure permit no retry (6.2312ms)
✔ C2C11 full component chains reject missing ancestors wrong paths reparse and hardlinks (2.0197ms)
✔ C2C12 acquisition parent cannot be reused after native identity change (4.8034ms)
✔ C2C13 path and cross-invocation session substitutions terminate assessment (3.5295ms)
✔ C2C14 capability branding root binding and single claim exclude substitution (10.5428ms)
✔ C2C15 unclaimed out-of-order or concurrent inspection cannot be retried (6.0026ms)
✔ C2C16 bridge requires exact transport fields and confirmed process quiescence (4.6221ms)
✔ C2C17 per-invocation deadline includes response parsing and process exit (1.2435ms)
✔ C2C18 aggregate helper budget cannot silently multiply with sequential invocations (1.9924ms)
✔ C2C19 overall CLI deadline and nonmonotonic clock fail without grace (2.6004ms)
✔ C2C20 framed publication performs exact five observations and one final rename (50.4666ms)
✔ C2C21 cancellation after each publication inspection is terminal and retains incomplete attempt (78.2028ms)
✔ C2C22 immediate pre-rename checkpoint blocks timeout after final native observation (26.595ms)
✔ C2C23 final native pending identity comparison rejects stale replacement and retains bytes (25.858ms)
✔ C2C24 mismatched branded capability and legacy callback cannot create an output root (3.0845ms)
✔ F01 publication status is an immutable operational snapshot before submission (57.7942ms)
✔ F02 timeout before submission prevents any rename and retains pending (32.1796ms)
✔ F03 cancellation before submission prevents rename and is terminal (28.7297ms)
✔ F04 actual admission checkpoint rejects a deadline reached after final native inspection (32.5775ms)
✔ F05 admitted delayed success remains unresolved at post-submission deadline (34.7891ms)
✔ F06 cancellation after submission is recorded without early cancellation or namespace cleanup (41.1863ms)
✔ F07 admitted failure after deadline resolves OUTPUT only after exact submitted operation settles (36.5844ms)
✔ F08 no second rename or token reuse while an admitted rename is outstanding (39.7697ms)
✔ F09 commit status changes only after successful actual rename and then preserves bytes (40.3098ms)
✔ F10 mandatory checkpoint overrun after settlement is operational metadata, not precommit TIMEOUT (35.2832ms)
✔ F11 postcommit deadline or cancellation prevents a success summary and retains committed final (68.2765ms)
✔ F12 normal verified commit permits transport while precommit and failed tokens do not (30.5578ms)
✔ F13 wrong interruption code and foreign token cannot create publication authority (23.8334ms)
✔ F14 changed pending bytes before admission prevent rename (22.5985ms)
✔ F15 existing final is retained and finalization never retries or chooses another basename (23.9985ms)
✔ F16 postcommit transport error cannot retract or reclassify committed final as partial (32.7935ms)
✔ F17 bounded invocation timers are allowed and destroyed after successful operation (2.6947ms)
✔ F18 timer lifetime policy detects a persistent cross-run scheduler (1.9678ms)
✔ F19 actual foundation finalization leaves no live timers across sequential invocations (55.979ms)
✔ F20 failed and cancelled foundation calls leave no cross-run timers (50.1847ms)
✔ F21 failed read-only namespace verification retains committed output and clears its timer (39.6632ms)
✔ F22 read-only verification timeout is bounded and late handle completion only closes (2040.8353ms)
✔ F23 interruption recorded while pre-submission read is pending prevents later admission (27.1941ms)
✔ F24 the first observed pre-submission interruption remains terminal (20.1599ms)
✔ LP01 exact trusted Windows PowerShell 5.1 executable (1.0051ms)
✔ LP02 exact fixed argument ordering and Bypass value (0.6718ms)
✔ LP03 fixed packaged helper path from module location (0.1257ms)
✔ LP04 no encoded command, expression or shell authority (0.1226ms)
✔ LP05 caller object cannot supply executable, script or policy (0.1428ms)
✔ LP06 launch specification and nested authority are immutable (0.4744ms)
✔ LP07 ambient PATH, system-root, policy and script poisons cannot select launch (0.3603ms)
✔ LP08 actual transport calls spawn with fixed array and sanitized environment (1.2367ms)
✔ LP09 CLI cannot select --script (0.4977ms)
✔ LP09 CLI cannot select --execution-policy (0.1963ms)
✔ LP09 CLI cannot select --powershell (0.1071ms)
✔ LP10 no persistent policy or registry mutation code is introduced (8.4338ms)
✔ LP11 public package exports cannot expose launch override (0.9667ms)
✔ NRT01 native CPU-bound worker is terminated at fixed 10000ms CLI evaluation deadline (8.4081ms)
✔ PTERM01 a rejected second staging terminally consumes publication (46.1567ms)
✔ PTERM02 premature finalization consumes token before later staging (13.4874ms)
✔ PCHAIN5-attributes all-field cross-slot stability rejects changed attributes (6.8017ms)
✔ PCHAIN5-byteLength all-field cross-slot stability rejects changed byteLength (6.2809ms)
✔ PCHAIN5-fileId all-field cross-slot stability rejects changed fileId (5.8228ms)
✔ PCHAIN5-finalPath all-field cross-slot stability rejects changed finalPath (5.8616ms)
✔ PCHAIN5-isDirectory all-field cross-slot stability rejects changed isDirectory (6.074ms)
✔ PCHAIN5-linkCount all-field cross-slot stability rejects changed linkCount (5.9339ms)
✔ PCHAIN5-volumeSerial all-field cross-slot stability rejects changed volumeSerial (7.7773ms)
✔ PCHAIN6-attributes all-field cross-slot stability rejects changed attributes (16.0847ms)
✔ PCHAIN6-byteLength all-field cross-slot stability rejects changed byteLength (8.4263ms)
✔ PCHAIN6-fileId all-field cross-slot stability rejects changed fileId (9.5741ms)
✔ PCHAIN6-finalPath all-field cross-slot stability rejects changed finalPath (9.5003ms)
✔ PCHAIN6-isDirectory all-field cross-slot stability rejects changed isDirectory (12.3635ms)
✔ PCHAIN6-linkCount all-field cross-slot stability rejects changed linkCount (9.6231ms)
✔ PCHAIN6-volumeSerial all-field cross-slot stability rejects changed volumeSerial (12.08ms)
✔ PCHAIN7-attributes all-field cross-slot stability rejects changed attributes (12.2398ms)
✔ PCHAIN7-byteLength all-field cross-slot stability rejects changed byteLength (11.4985ms)
✔ PCHAIN7-fileId all-field cross-slot stability rejects changed fileId (12.6145ms)
✔ PCHAIN7-finalPath all-field cross-slot stability rejects changed finalPath (11.0258ms)
✔ PCHAIN7-isDirectory all-field cross-slot stability rejects changed isDirectory (10.749ms)
✔ PCHAIN7-linkCount all-field cross-slot stability rejects changed linkCount (8.4886ms)
✔ PCHAIN7-volumeSerial all-field cross-slot stability rejects changed volumeSerial (10.3973ms)
✔ PCHAIN8-attributes all-field cross-slot stability rejects changed attributes (17.3635ms)
✔ PCHAIN8-byteLength all-field cross-slot stability rejects changed byteLength (20.7929ms)
✔ PCHAIN8-fileId all-field cross-slot stability rejects changed fileId (21.6368ms)
✔ PCHAIN8-finalPath all-field cross-slot stability rejects changed finalPath (20.7227ms)
✔ PCHAIN8-isDirectory all-field cross-slot stability rejects changed isDirectory (22.5004ms)
✔ PCHAIN8-linkCount all-field cross-slot stability rejects changed linkCount (20.0839ms)
✔ PCHAIN8-volumeSerial all-field cross-slot stability rejects changed volumeSerial (18.0917ms)
✔ PCHAIN9-attributes all-field cross-slot stability rejects changed attributes (24.5593ms)
✔ PCHAIN9-byteLength all-field cross-slot stability rejects changed byteLength (25.7584ms)
✔ PCHAIN9-fileId all-field cross-slot stability rejects changed fileId (24.9797ms)
✔ PCHAIN9-finalPath all-field cross-slot stability rejects changed finalPath (29.0582ms)
✔ PCHAIN9-isDirectory all-field cross-slot stability rejects changed isDirectory (21.6319ms)
✔ PCHAIN9-linkCount all-field cross-slot stability rejects changed linkCount (23.7166ms)
✔ PCHAIN9-volumeSerial all-field cross-slot stability rejects changed volumeSerial (22.5097ms)
✔ PNEG01 pending native byteLength must equal staged detached bytes (17.3228ms)
✔ PNEG02 wrong root branded capability cannot mutate either destination (3.8009ms)
✔ PNEG03 foreign capability and legacy callback cannot create a directory (1.5494ms)
✔ PNEG04 foreign token never authorizes staging or finalization (0.7874ms)
✔ PNEG05 second capability claim terminates original token (9.2748ms)
✔ PNEG06 second finalization preserves committed exact file and cannot rename again (27.1295ms)
✔ PNEG07 same-length changed pending bytes fail final reread before slot9 (19.0735ms)
✔ PNEG08 preexisting pending file is never overwritten and remains diagnostic evidence (13.6175ms)
✔ PNEG09 preexisting final file causes failure and remains byte-identical (25.6157ms)
✔ PNEG10 existing output directory cannot be claimed or overwritten (6.2773ms)
✔ PNEG11-TIMEOUT immediate pre-rename checkpoint is terminal (20.3274ms)
✔ PNEG11-CANCELLED immediate pre-rename checkpoint is terminal (25.733ms)
✔ PNEG12-before-write cancellation retains owned pending bytes without publishing (19.2244ms)
✔ PNEG12-after-write cancellation retains owned pending bytes without publishing (18.7421ms)
✔ PNEG13 in-flight staging cannot revive token after concurrent staging rejection (18.4971ms)
✔ PNEG14 wrong session from framed transport aborts sequence and cannot publish (8.8142ms)
✔ PDET01 staging snapshots caller bytes before async work (36.8746ms)
✔ PDET02 changing roots and assessment sessions does not alter exact published bytes (69.515ms)
✔ PTERM03 concurrent rejection during final reread cannot launch slot9 (25.3057ms)
✔ PTERM04 concurrent rejection during pending close cannot launch slot8 (21.095ms)
# QUEUED_CLI {"mode":"deadline","scope":"ACTUAL_QUEUED_RENAME_AND_CLI_WITH_SYNTHETIC_IDENTITY_FRAMES","requests":1,"engineeringClock":"Monotonic elapsed-time offset at slot 8; original CLI absolute deadline has 100ms remaining, no budget restart.","finiteJobs":4,"observation":{"elapsedMs":427.4117,"settled":false,"snapshot":{"kind":"cli","deadline":30123.0779,"helpers":0,"workers":1,"helperUsedMs":0,"activeRole":null,"cleanupConfirmed":false,"publication":{"phase":"COMMIT_IN_PROGRESS","admitted":true,"deadlineExpiredAfterAdmission":true,"cancelledAfterAdmission":true,"namespaceVerified":false,"dispositionDeadline":null},"terminalCode":null,"terminalAt":null,"cleanupDeadline":null,"events":[{"type":"start","at":208.3357,"role":"worker","deadline":10208.2239,"ordinal":1},{"type":"observation","at":210.5175,"role":"worker","threadId":1,"resourceLimits":{"maxYoungGenerationSizeMb":16,"maxOldGenerationSizeMb":128,"codeRangeSizeMb":-1,"stackSizeMb":4}},{"type":"quiescent","at":344.7537,"role":"worker","ordinal":1},{"type":"publication-interruption","at":30128.166800000003,"code":"MO1307_TIMEOUT","phase":"COMMIT_IN_PROGRESS"},{"type":"publication-interruption","at":30191.7455,"code":"MO1307_CANCELLED","phase":"COMMIT_IN_PROGRESS"}]},"finalPresent":false,"pendingPresent":true,"stdoutBytes":0},"elapsedMs":1986.0597999999998,"snapshot":{"kind":"cli","deadline":30123.0779,"helpers":0,"workers":1,"helperUsedMs":0,"activeRole":null,"cleanupConfirmed":true,"publication":{"phase":"COMMITTED","admitted":true,"deadlineExpiredAfterAdmission":true,"cancelledAfterAdmission":true,"namespaceVerified":true,"dispositionDeadline":3765.4766},"terminalCode":"MO1307_OUTPUT","terminalAt":31409.711900000002,"cleanupDeadline":3765.4766,"events":[{"type":"start","at":208.3357,"role":"worker","deadline":10208.2239,"ordinal":1},{"type":"observation","at":210.5175,"role":"worker","threadId":1,"resourceLimits":{"maxYoungGenerationSizeMb":16,"maxOldGenerationSizeMb":128,"codeRangeSizeMb":-1,"stackSizeMb":4}},{"type":"quiescent","at":344.7537,"role":"worker","ordinal":1},{"type":"publication-interruption","at":30128.166800000003,"code":"MO1307_TIMEOUT","phase":"COMMIT_IN_PROGRESS"},{"type":"publication-interruption","at":30191.7455,"code":"MO1307_CANCELLED","phase":"COMMIT_IN_PROGRESS"},{"type":"terminal","at":31409.749,"code":"MO1307_OUTPUT","stage":"PUBLICATION"}]},"failure":"MO1307_OUTPUT","exitCode":21,"stdoutBytes":0,"failureCleanupDeadline":3765.4766}
✔ FCLI actual queued rename awaits settlement after deadline (2005.2173ms)
# QUEUED_CLI {"mode":"cancellation","scope":"ACTUAL_QUEUED_RENAME_AND_CLI_WITH_SYNTHETIC_IDENTITY_FRAMES","requests":1,"engineeringClock":"Real monotonic clock","finiteJobs":4,"observation":{"elapsedMs":290.9139,"settled":false,"snapshot":{"kind":"cli","deadline":32123.242,"helpers":0,"workers":1,"helperUsedMs":0,"activeRole":null,"cleanupConfirmed":false,"publication":{"phase":"COMMIT_IN_PROGRESS","admitted":true,"deadlineExpiredAfterAdmission":false,"cancelledAfterAdmission":true,"namespaceVerified":false,"dispositionDeadline":null},"terminalCode":null,"terminalAt":null,"cleanupDeadline":null,"events":[{"type":"start","at":2188.7621,"role":"worker","deadline":12188.7315,"ordinal":1},{"type":"observation","at":2189.6473,"role":"worker","threadId":2,"resourceLimits":{"maxYoungGenerationSizeMb":16,"maxOldGenerationSizeMb":128,"codeRangeSizeMb":-1,"stackSizeMb":4}},{"type":"quiescent","at":2343.9225,"role":"worker","ordinal":1},{"type":"publication-interruption","at":2414.2767,"code":"MO1307_CANCELLED","phase":"COMMIT_IN_PROGRESS"}]},"finalPresent":false,"pendingPresent":true,"stdoutBytes":0},"elapsedMs":2179.4433,"snapshot":{"kind":"cli","deadline":32123.242,"helpers":0,"workers":1,"helperUsedMs":0,"activeRole":null,"cleanupConfirmed":true,"publication":{"phase":"COMMITTED","admitted":true,"deadlineExpiredAfterAdmission":false,"cancelledAfterAdmission":true,"namespaceVerified":true,"dispositionDeadline":6092.714},"terminalCode":"MO1307_OUTPUT","terminalAt":4094.4957,"cleanupDeadline":6092.714,"events":[{"type":"start","at":2188.7621,"role":"worker","deadline":12188.7315,"ordinal":1},{"type":"observation","at":2189.6473,"role":"worker","threadId":2,"resourceLimits":{"maxYoungGenerationSizeMb":16,"maxOldGenerationSizeMb":128,"codeRangeSizeMb":-1,"stackSizeMb":4}},{"type":"quiescent","at":2343.9225,"role":"worker","ordinal":1},{"type":"publication-interruption","at":2414.2767,"code":"MO1307_CANCELLED","phase":"COMMIT_IN_PROGRESS"},{"type":"terminal","at":4094.5256,"code":"MO1307_OUTPUT","stage":"PUBLICATION"}]},"failure":"MO1307_OUTPUT","exitCode":21,"stdoutBytes":0,"failureCleanupDeadline":6092.714}
✔ FCLI actual queued rename awaits settlement after cancellation (2190.5487ms)
✔ PWAIT terminal cancellation prevents late advancement after mkdir (80.7689ms)
✔ PWAIT terminal cancellation prevents late advancement after sync (83.525ms)
✔ PWAIT terminal cancellation prevents late advancement after final-open (79.8588ms)
# STDOUT_DISPOSITION {"mode":"timeout","delivered":353,"snapshot":{"kind":"cli","deadline":34558.956,"helpers":0,"workers":1,"helperUsedMs":0,"activeRole":null,"cleanupConfirmed":true,"publication":{"phase":"COMMITTED","admitted":true,"deadlineExpiredAfterAdmission":true,"cancelledAfterAdmission":false,"namespaceVerified":true,"dispositionDeadline":6830.2928},"terminalCode":"MO1307_OUTPUT","terminalAt":34576.0956,"cleanupDeadline":36576.0956,"events":[{"type":"start","at":4638.6226,"role":"worker","deadline":14638.5656,"ordinal":1},{"type":"observation","at":4639.7796,"role":"worker","threadId":3,"resourceLimits":{"maxYoungGenerationSizeMb":16,"maxOldGenerationSizeMb":128,"codeRangeSizeMb":-1,"stackSizeMb":4}},{"type":"quiescent","at":4794.72,"role":"worker","ordinal":1},{"type":"publication-transport","at":4831.2004},{"type":"publication-interruption","at":34575.9897,"code":"MO1307_TIMEOUT","phase":"COMMITTED"},{"type":"terminal","at":34576.1287,"code":"MO1307_OUTPUT","stage":"PUBLICATION"}]}}
✔ FCLI post-commit stalled stdout timeout retains final and one transport allowance (333.4119ms)
# STDOUT_DISPOSITION {"mode":"cancellation","delivered":353,"snapshot":{"kind":"cli","deadline":34891.2337,"helpers":0,"workers":1,"helperUsedMs":0,"activeRole":null,"cleanupConfirmed":true,"publication":{"phase":"COMMITTED","admitted":true,"deadlineExpiredAfterAdmission":false,"cancelledAfterAdmission":true,"namespaceVerified":true,"dispositionDeadline":7140.8974},"terminalCode":"MO1307_OUTPUT","terminalAt":5176.297,"cleanupDeadline":7176.297,"events":[{"type":"start","at":4959.0578,"role":"worker","deadline":14959.0284,"ordinal":1},{"type":"observation","at":4959.9334,"role":"worker","threadId":4,"resourceLimits":{"maxYoungGenerationSizeMb":16,"maxOldGenerationSizeMb":128,"codeRangeSizeMb":-1,"stackSizeMb":4}},{"type":"quiescent","at":5109.0221,"role":"worker","ordinal":1},{"type":"publication-transport","at":5141.7177},{"type":"publication-interruption","at":5176.1993,"code":"MO1307_CANCELLED","phase":"COMMITTED"},{"type":"terminal","at":5176.3112,"code":"MO1307_OUTPUT","stage":"PUBLICATION"}]}}
✔ FCLI post-commit stalled stdout cancellation retains final and one transport allowance (310.1945ms)
✔ R01 api exact absolute deadline and equality (3.4937ms)
✔ R01 cli exact absolute deadline and equality (0.3118ms)
✔ R02 earlier cancellation stays terminal after deadline (0.4598ms)
✔ R03 timeout wins simultaneous first cancellation observation (0.4529ms)
✔ R04 preaborted signal prevents any launch (1.0671ms)
✔ R05 monotonic decreasing clock rejects (0.4122ms)
✔ R06 API cannot launch helper (0.5352ms)
✔ R07 helper deadline includes all active time; equality rejects (1.0888ms)
✔ R08 aggregate deadline does not reset across helpers (1.1419ms)
✔ R09 worker time is excluded from helper aggregate but inside overall (0.683ms)
✔ R10 helper overlap is terminal and cleans prior owned role (0.7124ms)
✔ R11 helper and worker cannot overlap (0.6594ms)
✔ R12 frame alone cannot advance before actual close (70.4766ms)
✔ R13 launch uses only fixed executable/script/environment and no shell (1.8558ms)
✔ R14 helper trailing byte fails closed (2.8543ms)
✔ R14 helper extra frame fails closed (9.5396ms)
✔ R14 helper debug stdout fails closed (2.2336ms)
✔ R14 helper truncated frame fails closed (1.9396ms)
✔ R14 helper oversized prefix fails closed (2.2737ms)
✔ R14 helper stderr overflow fails closed (2.3024ms)
✔ R14 helper nonzero exit fails closed (3.6249ms)
✔ R15 cancellation in launch terminates and ignores later valid frame (2.2526ms)
✔ R16 cancellation during transport cleans child (16.2391ms)
✔ R17 fixed actual worker has empty environment and exact heap intent (57.7842ms)
✔ R18 successful worker result waits for termination (159.7342ms)
✔ R19 actual worker crash fails closed (48.034ms)
✔ R19 actual worker duplicate fails closed (43.2364ms)
✔ R19 actual worker stdout fails closed (45.483ms)
✔ R20 cancellation actually terminates CPU-bound worker thread (53.0503ms)
✔ R21 production worker executes accepted 2A/2B and confirms quiescence (321.0459ms)
✔ R22 adapter matches closed 2A handoff; operational/session fields excluded (0.395ms)
✔ R23 verify evidence seam excludes result and decision bytes (0.2523ms)
✔ R24 malformed decision uses dedicated mismatch, cap uses resource (0.4516ms)
✔ R25 actual worker policy denies filesystem/network/process/module escape imports (80.1087ms)
✔ R26 cancellation preempts pending publication promise without another role (0.7235ms)
✔ R27 late publication promise cannot restore terminal success (0.3176ms)
✔ SUP01 post-rename TIMEOUT returns OUTPUT and retains exact committed result (264.0469ms)
✔ SUP01 post-rename CANCELLED returns OUTPUT and retains exact committed result (209.2886ms)
✔ SUP02 verify stdout backpressure times out without product filesystem changes (214.3225ms)
✔ SUP03 input root identity change between helper slots fails closed (24.8846ms)
✔ SUP04 physical file alias across bootstrap slots is rejected despite distinct paths (20.0641ms)
✔ SUP05 malformed external decision rejects without stdout or changes (256.071ms)
✔ SUP06 wrong external decision proof binding rejects (245.9318ms)
✔ SUP07 contrary APPROVE preserves not-ready and reports unverified authenticity (264.7785ms)
✔ SUP07 contrary APPROVE preserves could-not-evaluate and reports unverified authenticity (260.4558ms)
✔ SUP08 slot4 output inspection ERROR maps to frozen OUTPUT before worker (63.8544ms)
✔ SURFACE evaluate nine slots exact bytes/summary/exit ready (315.5908ms)
✔ SURFACE evaluate nine slots exact bytes/summary/exit qualified (243.8897ms)
✔ SURFACE evaluate nine slots exact bytes/summary/exit not-ready (244.6136ms)
✔ SURFACE evaluate nine slots exact bytes/summary/exit could-not-evaluate (235.9785ms)
✔ SURFACE verify four slots exit0 no writes (213.7011ms)
✔ SURFACE decision transport downstream and authenticity retained (273.2067ms)
✔ SURFACE verify altered supplied result rejects before stdout (221.8766ms)
✔ SURFACE tag observations transported as original bytes without Git (125.5341ms)
✔ SURFACE determinism across random sessions and output roots (505.1105ms)
✔ SURFACE complete text output (268.5727ms)
✔ SURFACE post-rename stdout failure returns OUTPUT retains committed result (236.0649ms)
✔ SURFACE cancellation before worker no directory publication (53.7999ms)
✔ SURFACE cancellation before final inspection retains pending (210.3681ms)
✔ SURFACE 2B to 2A adapter selects exact handoff fields (0.4075ms)
✔ API admission wrong argument (0.7085ms)
✔ API admission shared array (8.723ms)
✔ API admission duplicate file ID (14.0614ms)
✔ API admission oversized candidate (8.1101ms)
✔ API admission unknown property (0.2233ms)
✔ API admission wrong pin (0.1583ms)
✔ API snapshots all bytes before asynchronous work (12.1456ms)
✔ API caller mutation after entry cannot affect worker (388.1447ms)
✔ API missing declared file rejects (13.4744ms)
✔ API abort before entry is terminal (0.4941ms)
✔ API abort during worker terminates (24.5483ms)
✔ API public evaluate and verify execute accepted integrated semantics (736.7858ms)
✔ CLI dispatch "" (0.7662ms)
✔ CLI dispatch "unknown" (0.2418ms)
✔ CLI dispatch "constructor" (0.2237ms)
✔ CLI dispatch "toString" (0.1692ms)
✔ CLI dispatch "__proto__" (0.1237ms)
✔ CLI dispatch "Evaluate" (0.0966ms)
✔ CLI negative missing command (0.182ms)
✔ CLI negative missing flag (0.161ms)
✔ CLI negative duplicate flag (0.1114ms)
✔ CLI negative unknown flag (0.1023ms)
✔ CLI negative unsafe path (0.6158ms)
✔ CLI negative overlong argument (0.2446ms)
# TIMER_WITNESS [{"name":"success-a","observedTimers":5,"remainingTimers":0,"serverOrWatcherResources":0,"callbacksAfterSettlement":0,"outcome":"COMMITTED","activeRole":null},{"name":"write-failure","observedTimers":4,"remainingTimers":0,"serverOrWatcherResources":0,"callbacksAfterSettlement":0,"outcome":"MO1307_OUTPUT","activeRole":null},{"name":"write-cancellation","observedTimers":4,"remainingTimers":0,"serverOrWatcherResources":0,"callbacksAfterSettlement":0,"outcome":"MO1307_CANCELLED","activeRole":null},{"name":"rename-failure","observedTimers":6,"remainingTimers":0,"serverOrWatcherResources":0,"callbacksAfterSettlement":0,"outcome":"MO1307_OUTPUT","activeRole":null},{"name":"post-admission-cancellation","observedTimers":6,"remainingTimers":0,"serverOrWatcherResources":0,"callbacksAfterSettlement":0,"outcome":"MO1307_OUTPUT","activeRole":null},{"name":"stalled-write-cancellation","observedTimers":3,"remainingTimers":0,"serverOrWatcherResources":0,"callbacksAfterSettlement":0,"outcome":"MO1307_CANCELLED","activeRole":null},{"name":"success-b","observedTimers":5,"remainingTimers":0,"serverOrWatcherResources":0,"callbacksAfterSettlement":0,"outcome":"COMMITTED","activeRole":null}]
✔ N24-C invocation timers clear after success, write/rename failure and pre/post-admission cancellation including a stalled write; no server, watcher or cross-run callbacks (502.6846ms)
✔ D01 actual integrated evaluation and independent verify: could-not-evaluate (565.3082ms)
✔ D01 actual integrated evaluation and independent verify: history-blocker-unavailable (472.6891ms)
✔ D01 actual integrated evaluation and independent verify: informational-ready (455.0573ms)
✔ D01 actual integrated evaluation and independent verify: metadata-only (448.4124ms)
✔ D01 actual integrated evaluation and independent verify: mixed-precedence (422.4999ms)
✔ D01 actual integrated evaluation and independent verify: mo1306-qualified (2262.1911ms)
✔ D01 actual integrated evaluation and independent verify: not-ready (491.2395ms)
✔ D01 actual integrated evaluation and independent verify: post-tag-absent (451.1428ms)
✔ D01 actual integrated evaluation and independent verify: post-tag-lightweight (486.6419ms)
✔ D01 actual integrated evaluation and independent verify: post-tag-ready (479.2156ms)
✔ D01 actual integrated evaluation and independent verify: post-tag-wrong-target (439.3012ms)
✔ D01 actual integrated evaluation and independent verify: pre-tag-present (451.7222ms)
✔ D01 actual integrated evaluation and independent verify: qualified (465.1144ms)
✔ D01 actual integrated evaluation and independent verify: ready (461.1285ms)
✔ D01 actual integrated evaluation and independent verify: rest-qualified (335.0561ms)
✔ D01 actual integrated evaluation and independent verify: selective-reuse (407.2126ms)
✔ D02 all four states and blocker-over-CNE precedence survive the actual pipeline (471.0278ms)
✔ D03 adapter has exactly the accepted closed fields and never uses diagnostics as authority (161.4293ms)
✔ D04 MO1306 all nineteen source rows and twelve negative projections remain exact (442.3675ms)
✔ D05 MO1306 provider axes and ten disclosures retain their exact released limitations (468.8211ms)
✔ D06 MO1306 raw configuration lineage survives integration and original omission still rejects (269.811ms)
✔ D07 verified historical applicability blocks an unavailable mandatory gate without erasing CNE (95.728ms)
✔ D08 REST authority remains separate with mandatory same-host qualification and no providers (80.2452ms)
✔ D09 human decision binding is downstream and never changes readiness: ready/APPROVE (234.0906ms)
✔ D09 human decision binding is downstream and never changes readiness: ready/REJECT (237.8939ms)
✔ D09 human decision binding is downstream and never changes readiness: ready/DEFER (251.9928ms)
✔ D09 human decision binding is downstream and never changes readiness: qualified/APPROVE (277.208ms)
✔ D09 human decision binding is downstream and never changes readiness: not-ready/APPROVE (246.6302ms)
✔ D10 mismatched human decision rejects: candidateDigest (273.3249ms)
✔ D10 mismatched human decision rejects: readinessDigest (247.2962ms)
✔ D10 mismatched human decision rejects: proofBindingDigest (268.981ms)
✔ D11 tag-stage facts yield exact mandatory blockers and never execute Git (745.4566ms)
✔ D12 integrated operational failure remains an error: candidate substitution (6.9738ms)
✔ D12 integrated operational failure remains an error: trust-root mismatch (6.8821ms)
✔ D12 integrated operational failure remains an error: raw-source tamper (27.6105ms)
✔ D12 integrated operational failure remains an error: claim tamper under an old grant (55.467ms)
✔ D12 integrated operational failure remains an error: grant substitution (55.4511ms)
✔ D12 integrated operational failure remains an error: stale dependency (57.6519ms)
✔ D12 integrated operational failure remains an error: history rewrite with intact grant (272.1695ms)
✔ D12 integrated operational failure remains an error: history PASS fabrication (369.8546ms)
✔ D12 integrated operational failure remains an error: qualification omission (99.3333ms)
✔ D12 integrated operational failure remains an error: provider false hosted promotion (537.4503ms)
✔ D12 integrated operational failure remains an error: dangling authority reference (69.7879ms)
✔ D12 integrated operational failure remains an error: profile substitution (13.2911ms)
✔ D12 integrated operational failure remains an error: path traversal rejected by the frozen manifest schema (17.6823ms)
✔ D13 result verification independently rechecks original raw bytes before trusting a valid result (27.2198ms)
✔ D14 self-consistent changed readiness passes evidence-only support but fails integrated recomputation (243.8234ms)
✔ D15 supplied result digest tamper rejects: readinessDigest (117.282ms)
✔ D15 supplied result digest tamper rejects: proofBindingDigest (119.5433ms)
✔ D16 self-consistent result history or qualification omission cannot hide behind repaired hashes (1141.257ms)
✔ D17 derived graph is candidate-rooted, authority-rooted, closed and bounded (649.4615ms)
✔ D18 no supplied cyclic or dangling graph can replace independently derived evidence (184.8947ms)
✔ D19 repeated calls and nonsemantic object/map insertion order preserve exact normative bytes (329.869ms)
✔ D20 signed set ordering is preserved rather than silently normalized during integration (24.478ms)
✔ D21 metadata affects exact proof audit while leaving all readiness semantics byte-identical (172.5863ms)
✔ D22 selective reuse stays explicit and relevant changes fail before readiness computation (130.1023ms)
✔ D23 evidenceInput strips only known verification transport fields and adds no authority (8.2018ms)
✔ D24 integrated preflight preserves accepted authority-before-semantic error priority (111.9785ms)
ℹ tests 639
ℹ suites 0
ℹ pass 639
ℹ fail 0
ℹ cancelled 0
ℹ skipped 0
ℹ todo 0
ℹ duration_ms 117721.3004
