✔ package bin resolves to the production executable entry (7.0186ms)
✔ production CLI depends on the SDK facade and no lower platform layer (6.9367ms)
✔ CLI output preserves direct SDK transition truth (2144.0801ms)
✔ Regression output is the exact public SDK report (1302.6991ms)
✔ Investigation navigation output is the exact public SDK result (1035.5088ms)
✔ version and help expose the deterministic supported command surface (1466.1318ms)
✔ argument failures are stable, non-interactive, and use exit code 1 (3281.5739ms)
✔ observe requires explicit deterministic files and emits stable summaries (1658.4563ms)
✔ input validation failures use exit code 2 and deterministic JSON (1718.1144ms)
✔ all documented exit-code classes are observable (2075.3853ms)
✔ history grammar enumerations equal the SDK contract and the fixed usage message (1.9495ms)
✔ every valid history command fails closed and writes nothing (2246.7224ms)
✔ history grammar rejects malformed commands with MO1308_USAGE (6813.945ms)
✔ history human errors carry the history code and the fixed message (163.2944ms)
✔ history help lists the exact frozen grammar (173.1341ms)
✔ non-history error envelopes are unchanged (no historyCode) (160.507ms)
✔ history grammar performs no I/O, starts no process and reads no clock (R35, R37) (3.5857ms)
✔ CCA-MOS-CLI-004: every command emits deterministic human output through the production CLI (48895.7707ms)
✔ investigate delegates raw and enveloped Regression Reports with stable JSON (1782.015ms)
✔ investigate selects Evidence, Reflection, Retrieval, and Evolution through the SDK (1665.2503ms)
✔ investigate selects Replay, Transition, and Verification facts exactly (1408.5988ms)
✔ investigate rejects invalid grammar, reports, categories, and selector combinations (3063.8659ms)
✔ investigate remains bounded for a complete deterministic Regression Report (1196.4792ms)
✔ verify delegates valid and invalid package truth with exit code 3 on failure (2122.5096ms)
✔ import and inspect expose the same deterministic SDK investigation metadata (1953.5152ms)
✔ trace requires and preserves one exact package Trace selector (1835.5406ms)
✔ replay applies repeated SDK actions in caller order and is deterministic (4007.7815ms)
✔ compare uses one package, completes its Replay, and enters exact Evolution (5046.8611ms)
✔ regression delegates two packages to the SDK and preserves deterministic report truth (1703.0908ms)
✔ regression reports identical packages and accepts at most one stdin operand (2554.0823ms)
✔ export is a byte-for-byte SDK round trip for files and stdout (2016.1928ms)
✔ package stdin supports non-interactive verification and import (1572.5358ms)
✔ invalid package import is reported as a package error (1087.0984ms)
✔ policy namespace exposes exactly the seven frozen commands (1672.3764ms)
✔ unexpected Policy operational failure maps to exit 5 and the exact JSON semantic projection (3.0082ms)
✔ validate, digest, identities, and presentation envelopes preserve frozen bytes (2354.8364ms)
✔ evaluate preserves PASS, FAIL, CNE, exact artifacts, and outcome-last generation (4183.0073ms)
✔ all detached inspections and both verification modes remain SDK-owned (4323.2871ms)
✔ policy transport rejects collisions, multiple stdin inputs, URLs, and output-only stdin (2128.8531ms)
✔ session preserves opaque checkpoints and restores exact SDK state (7419.2082ms)
✔ checkpoint names cannot restore across live CLI sessions (1598.7946ms)
✔ session executes Trace, complete Replay, and Compare in one live SDK (6316.5238ms)
✔ session can verify and byte-preserving export through the SDK (1436.0035ms)
✔ native observations fail export safely without fabricating a MIP (1159.3461ms)
✔ session accepts a workflow file and fails malformed JSON deterministically (1995.6002ms)
ℹ tests 45
ℹ suites 0
ℹ pass 45
ℹ fail 0
ℹ cancelled 0
ℹ skipped 0
ℹ todo 0
ℹ duration_ms 142050.1999
