✔ C01 frozen public exports contain exactly two async functions (3.8645ms)
✔ C02 closed counts and every frozen exit (1.513ms)
✔ C03 deterministic key order includes numeric-looking ASCII keys (1.6174ms)
✔ C04 Unicode scalars are not normalized or escaped unnecessarily (2.9625ms)
✔ C05 parser duplicate-key (0.692ms)
✔ C05 parser escaped-duplicate-key (0.5319ms)
✔ C05 parser unknown-token (0.421ms)
✔ C05 parser negative-zero (0.3648ms)
✔ C05 parser negative-integer (0.3403ms)
✔ C05 parser fraction (0.8602ms)
✔ C05 parser exponent (0.427ms)
✔ C05 parser unsafe-integer (0.3293ms)
✔ C05 parser leading-zero (0.2981ms)
✔ C05 parser unpaired-surrogate (0.2371ms)
✔ C05 parser control-string (0.196ms)
✔ C05 parser del-string (0.1995ms)
✔ C05 parser non-ascii-key (0.2137ms)
✔ C05 parser trailing-garbage (0.1796ms)
✔ C05 parser trailing-comma (0.2015ms)
✔ C05 parser empty-document (0.241ms)
✔ C05 parser noncanonical-spaces (0.3041ms)
✔ C05 parser missing-lf (0.2322ms)
✔ C05 parser double-lf (0.1942ms)
✔ C05 parser key-order (0.2519ms)
✔ C05 parser unnecessary-escape (0.1931ms)
✔ C05 parser escaped-solidus (0.17ms)
✔ C05 parser crlf (0.1856ms)
✔ C06 invalid UTF-8 and BOM reject (0.5354ms)
✔ C07 depth limit admits16 and rejects17 (0.9125ms)
✔ C08 members/key/string exact boundaries (2.6277ms)
✔ C09 total values boundary and bounded copy (291.1494ms)
✔ C10 shared buffers/accessors/sparse arrays/cycles/undefined reject (0.7588ms)
✔ C11 SHA256 raw/claim/candidate identity and independent proof layer (0.5857ms)
✔ C12 every error has immutable fields and fixed safe diagnostic (3.3502ms)
✔ C13 errors select numeric exit then ASCII reference within a phase (0.5051ms)
✔ C14 exact configuration accepted and unknown fields/profiles/versions rejected (2.8932ms)
✔ C15 no discovery or output/trust fields in configuration (1.1282ms)
✔ C16 deterministic blocker ID excludes mutable claim provenance (0.7082ms)
✔ C17 error schema is closed and operational outcomes are not readiness states (0.4986ms)
✔ C18 public entry points reject malformed input and prior cancellation (3.0837ms)
✔ C19 shared definitions are deeply immutable (0.385ms)
✔ C20 generated definitions equal source canonical bytes (3.1377ms)
✔ C21 serializer stops at byte budget before expansive allocation (40.2116ms)
✔ C22 arrays reject hidden properties without reading getters (0.8145ms)
✔ C23 admission errors precede restrictive schema predicates (21.2984ms)
✔ C24 nested evidence version and coverage mappings (2.424ms)
✔ C25 profile product mismatch precedes schema INPUT (1.6056ms)
✔ C26 defensive internal cycle has GRAPH_CYCLE and bound has GRAPH_LIMIT (57.1021ms)
✔ C27 configuration errors precede evidence acquisition errors (28.6157ms)
✔ C28 API holder shape rejects getters/symbols/hidden fields safely (20.6653ms)
✔ C29 well formed bundle traverses integrated verifier and readiness worker (530.0741ms)
✔ C30 malformed verification versions use their own mismatch categories (18.0595ms)
✔ C31 reference aggregation rejects empty vectors and dangling CNE (13.4775ms)
✔ C32 provider representation cannot assert hosted certificate without vectors (1.3767ms)
✔ C33 malformed nested verification records preserve mismatch code and reference (32.1268ms)
✔ C34 nested authority profile errors use PROFILE_MISMATCH during bootstrap (60.9395ms)
✔ C35 verification shape remapping does not hide admission limits (21.0146ms)
✔ C36 known lower GitHub minimum remains valid without fabricated hosted cases (0.7201ms)
✔ fixture catalog is finite, complete and matches independent exact-byte SHA-256 (128.5517ms)
✔ 476 non-parser fixture records match closed schema and local foundation classifications (2693.0183ms)
✔ nine malformed byte/parser vectors reject with exact operational codes (2.2157ms)
✔ focused Phase 1 negative fixtures use the appropriate foundation seam (27.2259ms)
✔ all sixteen complete bundles pass snapshot, pin and byte-integrity foundations (602.1526ms)
✔ reference aggregation retains all records and realizes all four readiness states (58.8306ms)
✔ canonical result identities and summaries match exact independently constructed fixture bytes (491.7432ms)
✔ all fourteen evidence types and six graph node / five edge types have canonical positives (13.3522ms)
✔ MO-1306 preserves actual production, BF, tag, package and all nineteen source history rows (21.4622ms)
✔ MO-1306 provider limitations and ten disclosures cannot silently become hosted certification (3.5093ms)
✔ metadata-only proof changes and selective dependency reuse keep separate identities (5.6316ms)
✔ human decision bindings leave all readiness and proof bytes unchanged (74.8749ms)
✔ tag fixtures distinguish pre/post stage predicates from operational tampering (9.0549ms)
✔ future semantic negatives are classified without claiming a Phase 2 verifier exists (21.527ms)
✔ N01 pinned native runtime and fixed PowerShell installation (9.8905ms)
✔ N02 closed CLI commands and defaults (2.8087ms)
✔ N03 prototype-sensitive and invented commands reject as usage (1.0562ms)
✔ N04 duplicate unknown missing extra flags reject (0.5472ms)
✔ N05 forbidden runtime environment and Node options reject before I/O (0.4154ms)
✔ N04b inspectable configuration path failures select lowest logical ID (0.5097ms)
✔ N06 relative lexical boundaries and hostile spellings (0.5255ms)
✔ N07 absolute roots full paths overlap and case aliases (0.7201ms)
✔ N08 identity policy rejects any reparse flag hardlink wrong type and changes (1.1402ms)
✔ N09 helper canonical round-trip and closed operation fields (5.397ms)
✔ N10 helper frame prefix truncation trailing data and caps (0.5829ms)
✔ N11 helper sorted explicit allowlist path and per-file boundaries (1.9207ms)
✔ N12 acquisition needs four serial exits and invalid overlap or retry is terminal (6.1556ms)
✔ N13 helper response exact snapshot identity and base64 validation (1.7576ms)
✔ N14 helper decoded aggregate boundary and +1 (344.3743ms)
✔ N15 native fixed PowerShell snapshots and checked inspection sanitization (14800.3575ms)
✔ N16 native helper rejects hostile operation extra fields and oversized frame (2967.1153ms)
✔ N17 native CLI evaluates and publishes exact integrated result (13974.3801ms)
✔ N18 publication exclusive create exact pending and single-file commit (60.6881ms)
✔ N19 existing final destination never replaced and pending retained (29.4341ms)
✔ N20 pending collision and mutation fail closed without cleanup (48.8286ms)
✔ N21 publication byte ceiling boundary and +1 before write (53.1962ms)
✔ N22 branded framed inspection required and identity change rejects (14.0814ms)
✔ N23 primitive late checkpoint prevents rename and retains pending (21.2753ms)
✔ N24 foundation retains no-network and fixed orchestration boundaries (4.7227ms)
✔ package metadata and deterministic nonrecursive bindings (468.6275ms)
✔ unexpected member is rejected without refreshing the binding (241.9008ms)
✔ changed shipped source fails exact distribution binding (293.7958ms)
✔ schema drift cannot be hidden by rebuilding manifests (254.4381ms)
✔ constants drift cannot be hidden by rebuilding manifests (243.323ms)
✔ dependencies, lifecycle hooks, extra exports and traversal allowlist are rejected (987.6241ms)
✔ network and external imports are rejected before manifest regeneration (777.9682ms)
✔ missing fixed helper and mutated manifest rows are rejected (491.6557ms)
✔ A01 exact independent Phase 1 result and summary bytes: could-not-evaluate (101.6143ms)
✔ A01 exact independent Phase 1 result and summary bytes: history-blocker-unavailable (94.4474ms)
✔ A01 exact independent Phase 1 result and summary bytes: informational-ready (87.4434ms)
✔ A01 exact independent Phase 1 result and summary bytes: metadata-only (72.5879ms)
✔ A01 exact independent Phase 1 result and summary bytes: mixed-precedence (70.7342ms)
✔ A01 exact independent Phase 1 result and summary bytes: mo1306-qualified (323.473ms)
✔ A01 exact independent Phase 1 result and summary bytes: not-ready (63.345ms)
✔ A01 exact independent Phase 1 result and summary bytes: post-tag-absent (60.278ms)
✔ A01 exact independent Phase 1 result and summary bytes: post-tag-lightweight (60.9789ms)
✔ A01 exact independent Phase 1 result and summary bytes: post-tag-ready (60.0167ms)
✔ A01 exact independent Phase 1 result and summary bytes: post-tag-wrong-target (59.2927ms)
✔ A01 exact independent Phase 1 result and summary bytes: pre-tag-present (68.1282ms)
✔ A01 exact independent Phase 1 result and summary bytes: qualified (66.1912ms)
✔ A01 exact independent Phase 1 result and summary bytes: ready (69.986ms)
✔ A01 exact independent Phase 1 result and summary bytes: rest-qualified (49.7995ms)
✔ A01 exact independent Phase 1 result and summary bytes: selective-reuse (70.5296ms)
✔ A02 core consumes claims rather than caller gate states and retains complete compiled profile (98.3529ms)
✔ A03 coverage FAIL and UNEVALUABLE drive mandatory artifact (97.764ms)
✔ A03 coverage FAIL and UNEVALUABLE drive mandatory binding (101.6387ms)
✔ A03 coverage FAIL and UNEVALUABLE drive mandatory history (92.3135ms)
✔ A03 coverage FAIL and UNEVALUABLE drive mandatory provenance (104.9678ms)
✔ A03 coverage FAIL and UNEVALUABLE drive mandatory provider.azure (99.4099ms)
✔ A03 coverage FAIL and UNEVALUABLE drive mandatory provider.generic (101.7752ms)
✔ A03 coverage FAIL and UNEVALUABLE drive mandatory provider.github (105.8833ms)
✔ A03 coverage FAIL and UNEVALUABLE drive mandatory provider.gitlab (92.8846ms)
✔ A03 coverage FAIL and UNEVALUABLE drive mandatory provider.jenkins (105.1692ms)
✔ A03 coverage FAIL and UNEVALUABLE drive mandatory resources (99.7267ms)
✔ A03 coverage FAIL and UNEVALUABLE drive mandatory sbom (91.93ms)
✔ A03 coverage FAIL and UNEVALUABLE drive mandatory scope (94.0496ms)
✔ A03 coverage FAIL and UNEVALUABLE drive mandatory security (95.507ms)
✔ A03 coverage FAIL and UNEVALUABLE drive mandatory semantic (93.9772ms)
✔ A03 coverage FAIL and UNEVALUABLE drive mandatory supply (97.1943ms)
✔ A03 coverage FAIL and UNEVALUABLE drive mandatory tag (103.4843ms)
✔ A03 coverage FAIL and UNEVALUABLE drive mandatory windows (104.3026ms)
✔ A04 REST coverage failures retain same-host limitation (38.2822ms)
✔ A05 unavailable MISSING is CNE with exact reason (47.1834ms)
✔ A05 unavailable AUTHORITY_UNAVAILABLE is CNE with exact reason (52.09ms)
✔ A05 unavailable STALE is CNE with exact reason (46.8876ms)
✔ A05 unavailable UNEVALUABLE is CNE with exact reason (49.1903ms)
✔ A06 unavailable provider leaves optional observation empty without fabricating certification (44.4234ms)
✔ A07 blockers dominate independent CNE and qualifications without erasing any finding (54.9288ms)
✔ A08 CNE dominates release qualification and informational-only stays READY (100.7149ms)
✔ A09 known provider minimum failures remain blockers, including simultaneous coverage and CNE (246.1279ms)
✔ A10 Generic real execution requirement is independent of coverage verdict (45.8833ms)
✔ A11 false hosted promotion and required provider disclosure omission are rejected (34.2522ms)
✔ A12 scope qualification union rejects missing, extra, weakened and conflicting records (75.8719ms)
✔ A13 identical qualification carriers share one result with every claim and grant reference (52.7958ms)
✔ A14 missing scope or history retains known records and defers only completeness (264.2504ms)
✔ A15 preserved history remains negative; observed recurrence blocks active mandatory gates (198.248ms)
✔ A16 currently applicable history and duplicate recurrence produce one exact blocker (53.1582ms)
✔ A17 all applicable tag predicates are collected; absent post-tag fabricates no target failure (152.83ms)
✔ A18 expected negative Policy and operational outcomes remain accepted semantic certification (49.0254ms)
✔ A19 metadata-only proof change preserves readiness and invalidates old external decision (150.4548ms)
✔ A20 nonsemantic input collection order and repeated calls preserve exact result bytes (648.4883ms)
✔ A21 new metadata proof is distinct from normative changed qualification identity (91.8959ms)
✔ A22 exact comparison rejects existing altered and self-hashed false result fixtures (286.0816ms)
✔ A23 result recomputation rejects self-consistent alterations of each normative projection (1139.2175ms)
✔ A24 V18 retains exact five providers, ten disclosures, twelve negative history rows and human actions (197.1462ms)
✔ A25 history count 128 is retained exactly and 129 is a resource error (101.5503ms)
✔ A26 global qualification union 128 is complete and 129 cannot be truncated (145.0109ms)
✔ A27 128 unique historical blockers are complete and one additional known failure rejects (161.9593ms)
✔ A28 EVALUATION numeric and logical-reference precedence is independent of collection order (64.6031ms)
✔ A29 projection boundary rejects caller gate vectors, accessors and unknown profiles (13.8169ms)
✔ A30 returned proof input uses the exact independent nonrecursive binding shape (45.2858ms)
✔ A31 all twelve external human decisions bind computed results without changing readiness (1031.5788ms)
✔ A32 every one of seven qualification codes is retained with its frozen impact (343.912ms)
✔ A33 complete blocker CNE qualification cross-product follows frozen precedence and retains all lists (384.1939ms)
✔ A34 permutations preserve exact gate blocker qualification history JSON and text bytes (594.3882ms)
✔ A35 comparison rejects omitted mandatory CNE and substituted candidate profile or identity digest (207.6853ms)
✔ A36 static pure-core import closure excludes acquisition execution network and ambient selectors (3.3898ms)
✔ A37 coverage missing duplicate cross-partition or contradictory verdict uses INTEGRITY (34.2944ms)
✔ A38 nested candidate accessor is rejected before calling user code (3.9959ms)
✔ A39 informational qualification on an inactive gate remains global without activating that gate (49.7376ms)
✔ A40 preserved-history qualification must match exact condition and affected gates (191.0948ms)
✔ A41 unavailable scope never exempts locally invalid or omitted required provider qualifications (37.2115ms)
✔ A42 minimum-met contradictory qualified support is an error; lower minimum unsupported facts are blockers (127.8751ms)
✔ A43 known history only contributes blockers to active mandatory affected gates (44.3473ms)
✔ A44 conflicting qualification scope errors choose the smallest logical ID regardless of carrier order (41.6785ms)
✔ A45 REST unevaluable required coverage yields CNE with same-host qualification retained (67.7642ms)
✔ result boundary: exactly 4 MiB is retained and +1 is OUTPUT/EVALUATION (1721.3749ms)
✔ text boundary: exactly 128 KiB is complete and +1 is OUTPUT/EVALUATION (867.7579ms)
✔ result/proof/input snapshots do not share mutable output objects (27.9685ms)
✔ global derived counts reject 128+1 before malformed rows or byte sizing (8.8664ms)
✔ result construction cannot promote a blocked aggregate to READY (8.625ms)
✔ A01 all sixteen frozen bundles produce only verified claims and exact independent graph/audit identities (1639.9975ms)
✔ A02 operator authority pin is separate and rejects an independently wrong trust root (20.0619ms)
✔ A03 an evidence-controlled authority mutation cannot select its own new pin (7.2657ms)
✔ A04 raw source bytes and raw length are verified independently of intact claim identity (48.3376ms)
✔ A05 raw manifest identity and envelope hash cannot be repaired by a self-consistent claim hash (44.5768ms)
✔ A06 exact canonical claim digest is recomputed under an intact reviewed envelope grant (32.4244ms)
✔ A07 ungranted external evidence cannot satisfy a gate (32.6409ms)
✔ A08 unknown evidence type and evidence version fail closed (52.9369ms)
✔ A09 granting the wrong existing claim for a compiled gate is rejected (34.0853ms)
✔ A10 exact grant source IDs cannot substitute or omit the envelope lineage (36.1824ms)
✔ A11 source bytes cannot appoint themselves as authority provenance (33.6197ms)
✔ A12 authority source Git fields, classification, length, hash and released target bind exactly (387.4122ms)
✔ A13 candidate, manifest and independently reviewed component/contract closures cannot be substituted (98.8815ms)
✔ A14 whole-candidate claims cannot use an earlier candidate root (32.2017ms)
✔ A15 a manifest cannot relabel a claim origin or dependency identity (62.0641ms)
✔ A16 declared dependency role, length and content are checked against the current inventory (111.2331ms)
✔ A17 minimum dependency closure cannot omit any relevant current component (32.5361ms)
✔ A18 changed declared grant closure and dangling dependency IDs reject rather than first-win (77.1132ms)
✔ A19 scope escalation and unapproved/changed assumptions are stale (132.2787ms)
✔ A20 unrelated root assumptions do not stale an approved claim subset (82.9045ms)
✔ A21 selective reuse is explicit and unchanged dependencies retain their exact claims (135.5844ms)
✔ A22 REUSED cannot conceal a whole-candidate claim (35.7976ms)
✔ A23 old audit snapshots do not invent expiry and bounded disclosure remains mandatory (83.4326ms)
✔ A24 permitted fresh raw metadata pins change proof audit but preserve normative projection (162.9295ms)
✔ A25 duplicate IDs, copied normalized grants and unconsumed evidence fail closed (92.0041ms)
✔ A26 explicit unavailable slots omit evidence safely and optional provider slots mirror the parent (139.3641ms)
✔ A27 all admitted bytes are snapshots independent of subsequent caller mutations (120.6592ms)
✔ A28 raw source byte ceiling admits exact boundary and rejects plus one (126.0648ms)
✔ A29 explicit source and authority references cannot dangle (87.2937ms)
✔ A30 canonical set orders remain normative and are never silently sorted by the verifier (65.2671ms)
✔ A31 input map insertion and object member order do not affect verified canonical projection (176.8858ms)
✔ A32 raw integrity failure wins over later root candidate mismatch (33.6272ms)
✔ A33 an authority failure wins over a later structurally valid provider contradiction (64.1948ms)
✔ A34 manifest file ceiling admits exactly 128 consumed files and rejects 129 (148.7159ms)
✔ A35 aggregate raw source admission accepts 8 MiB exactly and rejects one additional byte (152.1609ms)
✔ A36 authority source ceiling admits 32 explicit provenance records and rejects 33 (128.504ms)
✔ F01 MO-1306 preserved configuration receipts have exact granted source lineage (552.3435ms)
✔ F02 correction preserves all normalized identities and every original raw source byte (24.4085ms)
✔ F03 reconstructed original fixture still rejects unused configuration sources (209.5027ms)
✔ G01 exact frozen graph, authority and audit bindings: could-not-evaluate (115.8215ms)
✔ G01 exact frozen graph, authority and audit bindings: history-blocker-unavailable (79.1659ms)
✔ G01 exact frozen graph, authority and audit bindings: informational-ready (68.8877ms)
✔ G01 exact frozen graph, authority and audit bindings: metadata-only (66.3897ms)
✔ G01 exact frozen graph, authority and audit bindings: mixed-precedence (61.294ms)
✔ G01 exact frozen graph, authority and audit bindings: mo1306-qualified (309.0415ms)
✔ G01 exact frozen graph, authority and audit bindings: not-ready (56.7017ms)
✔ G01 exact frozen graph, authority and audit bindings: post-tag-absent (59.1858ms)
✔ G01 exact frozen graph, authority and audit bindings: post-tag-lightweight (63.1997ms)
✔ G01 exact frozen graph, authority and audit bindings: post-tag-ready (59.5836ms)
✔ G01 exact frozen graph, authority and audit bindings: post-tag-wrong-target (53.1692ms)
✔ G01 exact frozen graph, authority and audit bindings: pre-tag-present (53.6631ms)
✔ G01 exact frozen graph, authority and audit bindings: qualified (55.4749ms)
✔ G01 exact frozen graph, authority and audit bindings: ready (58.2722ms)
✔ G01 exact frozen graph, authority and audit bindings: rest-qualified (47.0498ms)
✔ G01 exact frozen graph, authority and audit bindings: selective-reuse (49.9272ms)
✔ G02 exactly six node and five edge types, one root, content sharing and origin provenance (183.49ms)
✔ G03 metadata and opaque historical cross-links cannot add normative authority or cycles (326.7943ms)
✔ G04 missing normative claim, dependency, authority, grant and edge endpoints reject (23.7533ms)
✔ G05 duplicate node IDs, duplicate edges, malformed content IDs and unknown types reject (20.4074ms)
✔ G06 wrong edge direction, endpoint type, root and candidate identity reject (23.828ms)
✔ G07 every grant and claim must be rooted and every normative node reachable (50.8984ms)
✔ G08 internal normative cycles and self references retain exact GRAPH_CYCLE classification (16.0617ms)
✔ G09 dependency claims cannot mix current candidate and dependency edges (12.0111ms)
✔ G10 graph nodes exactly 2048 pass and 2049 fail before expansion (215.1251ms)
✔ G11 graph edges exactly 8192 pass and 8193 fail before expansion (379.6344ms)
✔ G12 dependencies per claim exactly 1024 pass and 1025 fail (184.2941ms)
✔ G13 derivation cannot silently drop or duplicate claims, grants or authorities (76.2497ms)
✔ G14 claimed identity, dependency identity and candidate root mismatches reject (30.8827ms)
✔ G15 normalized grant identity omits audit bytes, retains classes and scoped assumptions (3.5196ms)
✔ G16 noncanonical normative array order rejects instead of silently changing identity (14.2797ms)
✔ G17 derivation enforces the edge ceiling while expanding verified claim dependencies (971.651ms)
✔ G18 arbitrary object property insertion order preserves exact graph and authority bytes (259.0512ms)
✔ HB01: all sixteen Phase 1 bundles preserve exact history, qualifications and independent provider projections (317.2165ms)
✔ HB02: MO-1306 binds nineteen immutable raw rows and exact twelve negative history projections (79.2812ms)
✔ HB03: MO-1306 preserves all independent provider axes and ten disclosures (65.8289ms)
✔ HB04: known recurrence links only active mandatory gates, including an unavailable current gate (13.3074ms)
✔ HB05: observed recurrence preserves historical outcome while excluding optional and inactive links (72.8167ms)
✔ HB06: current-applicable history cannot erase an unavailable gate condition (12.7327ms)
✔ HB07 immutable granted history rejects FAIL to PASS rewrite (37.4226ms)
✔ HB07 immutable granted history rejects BLOCKED removal (37.726ms)
✔ HB07 immutable granted history rejects changed historical disposition (44.2134ms)
✔ HB07 immutable granted history rejects wrong historical source (38.356ms)
✔ HB07 immutable granted history rejects wrong candidate provenance (36.9028ms)
✔ HB07 immutable granted history rejects omitted required unresolved history (36.3051ms)
✔ HB07 immutable granted history rejects fabricated resolution (36.4199ms)
✔ HB07 immutable granted history rejects duplicate conflicting history (35.5832ms)
✔ HB08: malformed PASS history and duplicate conflicting rows remain invalid with fixture-owned updated pins (136.7199ms)
✔ HB09: reviewed history must resolve nested source and authority lineage (135.4455ms)
✔ HB10: supplied scope and history inventories reject omissions and unknown condition references (181.1864ms)
✔ QB01: qualifications reject omission (61.1696ms)
✔ QB01: qualifications reject impact downgrade (74.2951ms)
✔ QB01: qualifications reject wrong provider (60.4627ms)
✔ QB01: qualifications reject wrong gate (63.1503ms)
✔ QB01: qualifications reject unknown code (67.5252ms)
✔ QB01: qualifications reject wrong scope authority (59.7295ms)
✔ QB01: qualifications reject disclosure removal (59.1172ms)
✔ QB01: qualifications reject fabricated authority member (57.2648ms)
✔ QB02: scope qualification inventory rejects extra, omitted and conflicting records (200.9357ms)
✔ QB03: an identical qualification shared by granted claims merges exact claim/grant identities (120.7167ms)
✔ QB04: historical disclosures require exact preserved condition and gate set (188.7856ms)
✔ QB05: bounded advisory and REST scope require their exact disclosures (76.258ms)
✔ QB06: unavailable scope retains known qualified history without inventing completeness (57.7286ms)
✔ QB07: unavailable history retains known disclosures but still validates supplied scope condition inventory (135.9998ms)
✔ QB08: both unavailable inventories retain locally valid known qualifications and defer missing inventory references (93.883ms)
✔ PB01 immutable MO-1306 authority rejects false github execution promotion (36.0408ms)
✔ PB01 immutable MO-1306 authority rejects false gitlab execution promotion (35.9549ms)
✔ PB01 immutable MO-1306 authority rejects false jenkins execution promotion (34.297ms)
✔ PB01 immutable MO-1306 authority rejects false azure execution promotion (37.6396ms)
✔ PB02: full GitHub hosted certification requires all four exact case facts (46.7659ms)
✔ PB03: provider labels cannot alias, substitute provider identity, or remove Generic certification unnoticed (119.0047ms)
✔ PB04: contract-only providers cannot claim SUPPORTED while not live certified (193.3884ms)
✔ PB05: known lower-minimum unsupported facts are retained for 2A blockers with no fabricated certification (20.2584ms)
✔ PB06: unavailable provider parents produce no fabricated provider observation (14.2621ms)
✔ PB07: independently reviewed validation and execution facts do not imply a universal certification ranking (13.6444ms)
✔ DB01: selection order does not affect projection bytes or mutate input, and outputs are detached (94.9677ms)
✔ DB02: semantic history and qualification set order remains frozen and rejects reordered arrays (117.1399ms)
✔ LB01: history record count accepts 128 and rejects 129 without truncation (44.0775ms)
✔ LB02: assessment qualification union accepts 128 and rejects 129 across individually bounded claims (52.7596ms)
✔ LB03: exact original disposition length accepts 256 printable characters and rejects 257 (22.4464ms)
✔ IB01: complete independently pinned MO-1306 verifier retains exact history, provider state and qualifications (918.1579ms)
✔ IB02: complete verifier rejects schema-valid rewritten or removed history despite fresh raw pins (531.7816ms)
✔ IB03: complete verifier rejects all four MO-1306 execution promotions with unchanged reviewed grants (681.5381ms)
✔ IB04: complete verifier uses dedicated qualification mismatch classification (258.4362ms)
✔ IB05: complete verifier uses dedicated history mismatch classification for PASS rewriting (46.1517ms)
✔ IB06: independently pinned source bytes and candidate context bind historical claims (134.5173ms)
✔ L01 authority byte admission includes the exact ceiling and rejects plus one before parse/copy (20.8756ms)
✔ L02 envelope byte ceiling is enforced in acquisition before snapshot copying (49.6023ms)
✔ L03 manifest claim admission is 64 envelopes, independent of the finite gate authority limit (13.327ms)
✔ L04 grant representation admits 64 and rejects 65 without claiming all grants fit the closed profile (15.1427ms)
✔ L05 claim dependencies and every explicit dependency reference list admit 1024 and reject 1025 (64.1617ms)
✔ L06 root, grant and claim assumption sets admit 32 and reject 33 (10.5833ms)
✔ L07 history representation admits 128 immutable rows and rejects 129 (29.1741ms)
✔ L08 qualification representation admits 128 and rejects 129 without truncation (14.7864ms)
✔ L09 scope qualification/condition reference sets each enforce their exact 128 cap (9.8451ms)
✔ L10 source references admit 128 and authority source references admit 32 at their declared schemas (5.341ms)
✔ L11 normalized authority and audit digest reference capacities are explicit, not generic INPUT errors (89.4624ms)
✔ L12 independent cap failures never fabricate a partial verified projection (15.8402ms)
✔ P2B projection and independent result evidence: could-not-evaluate (212.0472ms)
✔ P2B projection and independent result evidence: history-blocker-unavailable (176.6092ms)
✔ P2B projection and independent result evidence: informational-ready (176.9529ms)
✔ P2B projection and independent result evidence: metadata-only (171.5984ms)
✔ P2B projection and independent result evidence: mixed-precedence (164.6951ms)
✔ P2B projection and independent result evidence: mo1306-qualified (856.2815ms)
✔ P2B projection and independent result evidence: not-ready (161.4959ms)
✔ P2B projection and independent result evidence: post-tag-absent (182.1943ms)
✔ P2B projection and independent result evidence: post-tag-lightweight (176.1188ms)
✔ P2B projection and independent result evidence: post-tag-ready (170.8419ms)
✔ P2B projection and independent result evidence: post-tag-wrong-target (197.7239ms)
✔ P2B projection and independent result evidence: pre-tag-present (202.1768ms)
✔ P2B projection and independent result evidence: qualified (170.5128ms)
✔ P2B projection and independent result evidence: ready (174.9534ms)
✔ P2B projection and independent result evidence: rest-qualified (139.5462ms)
✔ P2B projection and independent result evidence: selective-reuse (159.3726ms)
✔ P2B verified snapshots detach and freeze every returned fact (73.1078ms)
✔ P2B metadata changes only raw proof binding and diagnostics (141.909ms)
✔ P2B opaque bounded advisory timestamp has no age window or invented syntax (367.692ms)
✔ P2B deterministic internal projection uses canonical records, not object insertion order (190.6895ms)
✔ P2B Freeze-mandated set ordering rejects permutations instead of normalizing signed identity (234.4538ms)
✔ P2B explicit reuse dispositions preserve unrelated dependency closure (99.0992ms)
✔ P2B independently reverified source mutation cannot hide behind result self-hashes (27.4231ms)
✔ P2B result evidence tamper: candidate (499.8957ms)
✔ P2B result evidence tamper: authorityIdentityDigest (471.4868ms)
✔ P2B result evidence tamper: qualification (467.4934ms)
✔ P2B result evidence tamper: history (465.3605ms)
✔ P2B result evidence tamper: provider (441.9021ms)
✔ P2B result evidence tamper: graph (428.5931ms)
✔ P2B result evidence tamper: audit (423.3847ms)
✔ P2B result evidence tamper: gateBinding (413.9287ms)
✔ P2B proof material is exact frozen audit, independent of final readiness calculation (64.8201ms)
✔ R01 raw source integrity precedes an earlier logical envelope coverage contradiction (48.474ms)
✔ R02 earlier validation phase precedes a smaller later-phase error exit (31.8714ms)
✔ R03 independent source corruption precedes current-candidate authority mismatch (38.4779ms)
✔ APIBOOT01 earlier malformed config dominates later oversized evidence (24.3225ms)
✔ APIBOOT02 config shape error dominates wrong authority pin in same phase (13.1819ms)
✔ APIBOOT03 malformed config dominates oversized authority safely (7.4681ms)
✔ APIBOOT04 exact manifest ENVELOPE cap applied before bytes copy (15.7054ms)
✔ APIBOOT05 exact manifest file set checked before copying unknown file (12.7531ms)
✔ APIBOOT06 snapshots remain detached and byte-identical (16.699ms)
✔ APIBOOT07 TIMEOUT interruption dominates collected parse errors (0.6671ms)
✔ APIBOOT07 CANCELLED interruption dominates collected parse errors (0.2519ms)
✔ APIBOOT08 hostile typed-array byteLength override is never invoked (16.313ms)
✔ C2C01 corrected limits leave all byte ceilings unchanged (1.3665ms)
✔ C2C02 every required observation has a canonical closed framed representation (9.9672ms)
✔ C2C03 old wire version missing session unknown fields and arbitrary operations reject (1.2323ms)
✔ C2C04 operation sequence and fixed output leaf authority are closed (2.3396ms)
✔ C2C05 bounded frames reject trailing requests responses and alternate session (1.0347ms)
✔ C2C06 complete acquisition then terminated worker then five publication requests (7.0834ms)
✔ C2C07 helper completion cannot substitute for fully quiescent exit (3.7611ms)
✔ C2C08 helper and worker overlap and repeated worker transition are terminal (4.3002ms)
✔ C2C09 verify remains four reads followed by worker and cannot publish (2.5362ms)
✔ C2C10 request failure abort and transport failure permit no retry (3.7581ms)
✔ C2C11 full component chains reject missing ancestors wrong paths reparse and hardlinks (1.3288ms)
✔ C2C12 acquisition parent cannot be reused after native identity change (4.1416ms)
✔ C2C13 path and cross-invocation session substitutions terminate assessment (2.1102ms)
✔ C2C14 capability branding root binding and single claim exclude substitution (7.4476ms)
✔ C2C15 unclaimed out-of-order or concurrent inspection cannot be retried (5.8044ms)
✔ C2C16 bridge requires exact transport fields and confirmed process quiescence (4.2299ms)
✔ C2C17 per-invocation deadline includes response parsing and process exit (1.1467ms)
✔ C2C18 aggregate helper budget cannot silently multiply with sequential invocations (1.8573ms)
✔ C2C19 overall CLI deadline and nonmonotonic clock fail without grace (2.1527ms)
✔ C2C20 framed publication performs exact five observations and one final rename (48.0759ms)
✔ C2C21 cancellation after each publication inspection is terminal and retains incomplete attempt (87.1391ms)
✔ C2C22 immediate pre-rename checkpoint blocks timeout after final native observation (22.5256ms)
✔ C2C23 final native pending identity comparison rejects stale replacement and retains bytes (21.8934ms)
✔ C2C24 mismatched branded capability and legacy callback cannot create an output root (2.834ms)
✔ F01 publication status is an immutable operational snapshot before submission (53.4675ms)
✔ F02 timeout before submission prevents any rename and retains pending (27.8106ms)
✔ F03 cancellation before submission prevents rename and is terminal (26.5922ms)
✔ F04 actual admission checkpoint rejects a deadline reached after final native inspection (34.0192ms)
✔ F05 admitted delayed success remains unresolved at post-submission deadline (33.2207ms)
✔ F06 cancellation after submission is recorded without early cancellation or namespace cleanup (35.3849ms)
✔ F07 admitted failure after deadline resolves OUTPUT only after exact submitted operation settles (34.5286ms)
✔ F08 no second rename or token reuse while an admitted rename is outstanding (33.0524ms)
✔ F09 commit status changes only after successful actual rename and then preserves bytes (31.0131ms)
✔ F10 mandatory checkpoint overrun after settlement is operational metadata, not precommit TIMEOUT (34.2925ms)
✔ F11 postcommit deadline or cancellation prevents a success summary and retains committed final (60.332ms)
✔ F12 normal verified commit permits transport while precommit and failed tokens do not (28.427ms)
✔ F13 wrong interruption code and foreign token cannot create publication authority (22.3299ms)
✔ F14 changed pending bytes before admission prevent rename (25.3755ms)
✔ F15 existing final is retained and finalization never retries or chooses another basename (26.876ms)
✔ F16 postcommit transport error cannot retract or reclassify committed final as partial (37.1318ms)
✔ F17 bounded invocation timers are allowed and destroyed after successful operation (2.0905ms)
✔ F18 timer lifetime policy detects a persistent cross-run scheduler (1.8957ms)
✔ F19 actual foundation finalization leaves no live timers across sequential invocations (57.4342ms)
✔ F20 failed and cancelled foundation calls leave no cross-run timers (51.2985ms)
✔ F21 failed read-only namespace verification retains committed output and clears its timer (42.927ms)
✔ F22 read-only verification timeout is bounded and late handle completion only closes (2036.5747ms)
✔ F23 interruption recorded while pre-submission read is pending prevents later admission (27.8286ms)
✔ F24 the first observed pre-submission interruption remains terminal (22.8819ms)
✔ LP01 exact trusted Windows PowerShell 5.1 executable (0.8595ms)
✔ LP02 exact fixed argument ordering and Bypass value (0.6881ms)
✔ LP03 fixed packaged helper path from module location (0.1125ms)
✔ LP04 no encoded command, expression or shell authority (0.094ms)
✔ LP05 caller object cannot supply executable, script or policy (0.1468ms)
✔ LP06 launch specification and nested authority are immutable (0.4235ms)
✔ LP07 ambient PATH, system-root, policy and script poisons cannot select launch (0.3789ms)
✔ LP08 actual transport calls spawn with fixed array and sanitized environment (1.2657ms)
✔ LP09 CLI cannot select --script (0.5444ms)
✔ LP09 CLI cannot select --execution-policy (0.1955ms)
✔ LP09 CLI cannot select --powershell (0.1035ms)
✔ LP10 no persistent policy or registry mutation code is introduced (9.2305ms)
✔ LP11 public package exports cannot expose launch override (1.1496ms)
✔ NRT01 native CPU-bound worker is terminated at fixed 10000ms CLI evaluation deadline (8.8461ms)
✔ PTERM01 a rejected second staging terminally consumes publication (49.9661ms)
✔ PTERM02 premature finalization consumes token before later staging (10.2161ms)
✔ PCHAIN5-attributes all-field cross-slot stability rejects changed attributes (7.0727ms)
✔ PCHAIN5-byteLength all-field cross-slot stability rejects changed byteLength (7.5757ms)
✔ PCHAIN5-fileId all-field cross-slot stability rejects changed fileId (6.4579ms)
✔ PCHAIN5-finalPath all-field cross-slot stability rejects changed finalPath (7.5649ms)
✔ PCHAIN5-isDirectory all-field cross-slot stability rejects changed isDirectory (6.4977ms)
✔ PCHAIN5-linkCount all-field cross-slot stability rejects changed linkCount (8.1427ms)
✔ PCHAIN5-volumeSerial all-field cross-slot stability rejects changed volumeSerial (8.9064ms)
✔ PCHAIN6-attributes all-field cross-slot stability rejects changed attributes (13.5784ms)
✔ PCHAIN6-byteLength all-field cross-slot stability rejects changed byteLength (10.6139ms)
✔ PCHAIN6-fileId all-field cross-slot stability rejects changed fileId (12.0455ms)
✔ PCHAIN6-finalPath all-field cross-slot stability rejects changed finalPath (9.4338ms)
✔ PCHAIN6-isDirectory all-field cross-slot stability rejects changed isDirectory (9.8027ms)
✔ PCHAIN6-linkCount all-field cross-slot stability rejects changed linkCount (10.3973ms)
✔ PCHAIN6-volumeSerial all-field cross-slot stability rejects changed volumeSerial (10.0854ms)
✔ PCHAIN7-attributes all-field cross-slot stability rejects changed attributes (12.5392ms)
✔ PCHAIN7-byteLength all-field cross-slot stability rejects changed byteLength (13.8604ms)
✔ PCHAIN7-fileId all-field cross-slot stability rejects changed fileId (19.4962ms)
✔ PCHAIN7-finalPath all-field cross-slot stability rejects changed finalPath (11.9371ms)
✔ PCHAIN7-isDirectory all-field cross-slot stability rejects changed isDirectory (12.7002ms)
✔ PCHAIN7-linkCount all-field cross-slot stability rejects changed linkCount (12.9144ms)
✔ PCHAIN7-volumeSerial all-field cross-slot stability rejects changed volumeSerial (14.9757ms)
✔ PCHAIN8-attributes all-field cross-slot stability rejects changed attributes (18.6954ms)
✔ PCHAIN8-byteLength all-field cross-slot stability rejects changed byteLength (20.5541ms)
✔ PCHAIN8-fileId all-field cross-slot stability rejects changed fileId (25.4475ms)
✔ PCHAIN8-finalPath all-field cross-slot stability rejects changed finalPath (22.0608ms)
✔ PCHAIN8-isDirectory all-field cross-slot stability rejects changed isDirectory (18.2397ms)
✔ PCHAIN8-linkCount all-field cross-slot stability rejects changed linkCount (18.6211ms)
✔ PCHAIN8-volumeSerial all-field cross-slot stability rejects changed volumeSerial (19.871ms)
✔ PCHAIN9-attributes all-field cross-slot stability rejects changed attributes (30.0289ms)
✔ PCHAIN9-byteLength all-field cross-slot stability rejects changed byteLength (39.2769ms)
✔ PCHAIN9-fileId all-field cross-slot stability rejects changed fileId (37.2052ms)
✔ PCHAIN9-finalPath all-field cross-slot stability rejects changed finalPath (31.1649ms)
✔ PCHAIN9-isDirectory all-field cross-slot stability rejects changed isDirectory (21.8893ms)
✔ PCHAIN9-linkCount all-field cross-slot stability rejects changed linkCount (21.4652ms)
✔ PCHAIN9-volumeSerial all-field cross-slot stability rejects changed volumeSerial (19.3983ms)
✔ PNEG01 pending native byteLength must equal staged detached bytes (15.8858ms)
✔ PNEG02 wrong root branded capability cannot mutate either destination (3.6623ms)
✔ PNEG03 foreign capability and legacy callback cannot create a directory (1.0578ms)
✔ PNEG04 foreign token never authorizes staging or finalization (0.7499ms)
✔ PNEG05 second capability claim terminates original token (7.9874ms)
✔ PNEG06 second finalization preserves committed exact file and cannot rename again (23.7868ms)
✔ PNEG07 same-length changed pending bytes fail final reread before slot9 (23.4647ms)
✔ PNEG08 preexisting pending file is never overwritten and remains diagnostic evidence (13.3084ms)
✔ PNEG09 preexisting final file causes failure and remains byte-identical (20.795ms)
✔ PNEG10 existing output directory cannot be claimed or overwritten (5.4119ms)
✔ PNEG11-TIMEOUT immediate pre-rename checkpoint is terminal (20.5357ms)
✔ PNEG11-CANCELLED immediate pre-rename checkpoint is terminal (20.568ms)
✔ PNEG12-before-write cancellation retains owned pending bytes without publishing (14.6285ms)
✔ PNEG12-after-write cancellation retains owned pending bytes without publishing (21.0066ms)
✔ PNEG13 in-flight staging cannot revive token after concurrent staging rejection (16.8939ms)
✔ PNEG14 wrong session from framed transport aborts sequence and cannot publish (6.4573ms)
✔ PDET01 staging snapshots caller bytes before async work (22.6081ms)
✔ PDET02 changing roots and assessment sessions does not alter exact published bytes (37.9256ms)
✔ PTERM03 concurrent rejection during final reread cannot launch slot9 (17.3334ms)
✔ PTERM04 concurrent rejection during pending close cannot launch slot8 (14.8246ms)
# QUEUED_CLI {"mode":"deadline","scope":"ACTUAL_QUEUED_RENAME_AND_CLI_WITH_SYNTHETIC_IDENTITY_FRAMES","requests":1,"engineeringClock":"Monotonic elapsed-time offset at slot 8; original CLI absolute deadline has 100ms remaining, no budget restart.","finiteJobs":4,"observation":{"elapsedMs":392.5917,"settled":false,"snapshot":{"kind":"cli","deadline":30092.5846,"helpers":0,"workers":1,"helperUsedMs":0,"activeRole":null,"cleanupConfirmed":false,"publication":{"phase":"COMMIT_IN_PROGRESS","admitted":true,"deadlineExpiredAfterAdmission":true,"cancelledAfterAdmission":true,"namespaceVerified":false,"dispositionDeadline":null},"terminalCode":null,"terminalAt":null,"cleanupDeadline":null,"events":[{"type":"start","at":159.5055,"role":"worker","deadline":10159.415,"ordinal":1},{"type":"observation","at":161.4561,"role":"worker","threadId":1,"resourceLimits":{"maxYoungGenerationSizeMb":16,"maxOldGenerationSizeMb":128,"codeRangeSizeMb":-1,"stackSizeMb":4}},{"type":"quiescent","at":288.5594,"role":"worker","ordinal":1},{"type":"publication-interruption","at":30101.0804,"code":"MO1307_TIMEOUT","phase":"COMMIT_IN_PROGRESS"},{"type":"publication-interruption","at":30163.6338,"code":"MO1307_CANCELLED","phase":"COMMIT_IN_PROGRESS"}]},"finalPresent":false,"pendingPresent":true,"stdoutBytes":0},"elapsedMs":1692.7288,"snapshot":{"kind":"cli","deadline":30092.5846,"helpers":0,"workers":1,"helperUsedMs":0,"activeRole":null,"cleanupConfirmed":true,"publication":{"phase":"COMMITTED","admitted":true,"deadlineExpiredAfterAdmission":true,"cancelledAfterAdmission":true,"namespaceVerified":true,"dispositionDeadline":3592.4465},"terminalCode":"MO1307_OUTPUT","terminalAt":31273.5072,"cleanupDeadline":3592.4465,"events":[{"type":"start","at":159.5055,"role":"worker","deadline":10159.415,"ordinal":1},{"type":"observation","at":161.4561,"role":"worker","threadId":1,"resourceLimits":{"maxYoungGenerationSizeMb":16,"maxOldGenerationSizeMb":128,"codeRangeSizeMb":-1,"stackSizeMb":4}},{"type":"quiescent","at":288.5594,"role":"worker","ordinal":1},{"type":"publication-interruption","at":30101.0804,"code":"MO1307_TIMEOUT","phase":"COMMIT_IN_PROGRESS"},{"type":"publication-interruption","at":30163.6338,"code":"MO1307_CANCELLED","phase":"COMMIT_IN_PROGRESS"},{"type":"terminal","at":31273.553399999997,"code":"MO1307_OUTPUT","stage":"PUBLICATION"}]},"failure":"MO1307_OUTPUT","exitCode":21,"stdoutBytes":0,"failureCleanupDeadline":3592.4465}
✔ FCLI actual queued rename awaits settlement after deadline (1710.9617ms)
# QUEUED_CLI {"mode":"cancellation","scope":"ACTUAL_QUEUED_RENAME_AND_CLI_WITH_SYNTHETIC_IDENTITY_FRAMES","requests":1,"engineeringClock":"Real monotonic clock","finiteJobs":4,"observation":{"elapsedMs":291.5692999999999,"settled":false,"snapshot":{"kind":"cli","deadline":31795.1241,"helpers":0,"workers":1,"helperUsedMs":0,"activeRole":null,"cleanupConfirmed":false,"publication":{"phase":"COMMIT_IN_PROGRESS","admitted":true,"deadlineExpiredAfterAdmission":false,"cancelledAfterAdmission":true,"namespaceVerified":false,"dispositionDeadline":null},"terminalCode":null,"terminalAt":null,"cleanupDeadline":null,"events":[{"type":"start","at":1859.3939,"role":"worker","deadline":11859.3652,"ordinal":1},{"type":"observation","at":1860.1532,"role":"worker","threadId":2,"resourceLimits":{"maxYoungGenerationSizeMb":16,"maxOldGenerationSizeMb":128,"codeRangeSizeMb":-1,"stackSizeMb":4}},{"type":"quiescent","at":2015.7015,"role":"worker","ordinal":1},{"type":"publication-interruption","at":2086.6673,"code":"MO1307_CANCELLED","phase":"COMMIT_IN_PROGRESS"}]},"finalPresent":false,"pendingPresent":true,"stdoutBytes":0},"elapsedMs":1947.6451,"snapshot":{"kind":"cli","deadline":31795.1241,"helpers":0,"workers":1,"helperUsedMs":0,"activeRole":null,"cleanupConfirmed":true,"publication":{"phase":"COMMITTED","admitted":true,"deadlineExpiredAfterAdmission":false,"cancelledAfterAdmission":true,"namespaceVerified":true,"dispositionDeadline":5574.0365},"terminalCode":"MO1307_OUTPUT","terminalAt":3575.7123,"cleanupDeadline":5574.0365,"events":[{"type":"start","at":1859.3939,"role":"worker","deadline":11859.3652,"ordinal":1},{"type":"observation","at":1860.1532,"role":"worker","threadId":2,"resourceLimits":{"maxYoungGenerationSizeMb":16,"maxOldGenerationSizeMb":128,"codeRangeSizeMb":-1,"stackSizeMb":4}},{"type":"quiescent","at":2015.7015,"role":"worker","ordinal":1},{"type":"publication-interruption","at":2086.6673,"code":"MO1307_CANCELLED","phase":"COMMIT_IN_PROGRESS"},{"type":"terminal","at":3575.742,"code":"MO1307_OUTPUT","stage":"PUBLICATION"}]},"failure":"MO1307_OUTPUT","exitCode":21,"stdoutBytes":0,"failureCleanupDeadline":5574.0365}
✔ FCLI actual queued rename awaits settlement after cancellation (1954.9783ms)
✔ PWAIT terminal cancellation prevents late advancement after mkdir (68.8522ms)
✔ PWAIT terminal cancellation prevents late advancement after sync (93.7688ms)
✔ PWAIT terminal cancellation prevents late advancement after final-open (83.1921ms)
# STDOUT_DISPOSITION {"mode":"timeout","delivered":353,"snapshot":{"kind":"cli","deadline":34001.3343,"helpers":0,"workers":1,"helperUsedMs":0,"activeRole":null,"cleanupConfirmed":true,"publication":{"phase":"COMMITTED","admitted":true,"deadlineExpiredAfterAdmission":true,"cancelledAfterAdmission":false,"namespaceVerified":true,"dispositionDeadline":6254.1458},"terminalCode":"MO1307_OUTPUT","terminalAt":34002.5666,"cleanupDeadline":36002.5666,"events":[{"type":"start","at":4065.3366,"role":"worker","deadline":14065.2748,"ordinal":1},{"type":"observation","at":4066.4222,"role":"worker","threadId":3,"resourceLimits":{"maxYoungGenerationSizeMb":16,"maxOldGenerationSizeMb":128,"codeRangeSizeMb":-1,"stackSizeMb":4}},{"type":"quiescent","at":4223.115,"role":"worker","ordinal":1},{"type":"publication-transport","at":4255.1159},{"type":"publication-interruption","at":34002.4682,"code":"MO1307_TIMEOUT","phase":"COMMITTED"},{"type":"terminal","at":34002.5899,"code":"MO1307_OUTPUT","stage":"PUBLICATION"}]}}
✔ FCLI post-commit stalled stdout timeout retains final and one transport allowance (310.1251ms)
# STDOUT_DISPOSITION {"mode":"cancellation","delivered":353,"snapshot":{"kind":"cli","deadline":34311.7266,"helpers":0,"workers":1,"helperUsedMs":0,"activeRole":null,"cleanupConfirmed":true,"publication":{"phase":"COMMITTED","admitted":true,"deadlineExpiredAfterAdmission":false,"cancelledAfterAdmission":true,"namespaceVerified":true,"dispositionDeadline":6559.7115},"terminalCode":"MO1307_OUTPUT","terminalAt":4593.8673,"cleanupDeadline":6593.8673,"events":[{"type":"start","at":4376.8807,"role":"worker","deadline":14376.8417,"ordinal":1},{"type":"observation","at":4377.8176,"role":"worker","threadId":4,"resourceLimits":{"maxYoungGenerationSizeMb":16,"maxOldGenerationSizeMb":128,"codeRangeSizeMb":-1,"stackSizeMb":4}},{"type":"quiescent","at":4522.9555,"role":"worker","ordinal":1},{"type":"publication-transport","at":4560.7728},{"type":"publication-interruption","at":4593.7224,"code":"MO1307_CANCELLED","phase":"COMMITTED"},{"type":"terminal","at":4593.8904,"code":"MO1307_OUTPUT","stage":"PUBLICATION"}]}}
✔ FCLI post-commit stalled stdout cancellation retains final and one transport allowance (309.5529ms)
✔ R01 api exact absolute deadline and equality (3.4904ms)
✔ R01 cli exact absolute deadline and equality (0.3046ms)
✔ R02 earlier cancellation stays terminal after deadline (0.4431ms)
✔ R03 timeout wins simultaneous first cancellation observation (0.4392ms)
✔ R04 preaborted signal prevents any launch (1.0846ms)
✔ R05 monotonic decreasing clock rejects (0.5882ms)
✔ R06 API cannot launch helper (0.5132ms)
✔ R07 helper deadline includes all active time; equality rejects (1.564ms)
✔ R08 aggregate deadline does not reset across helpers (1.029ms)
✔ R09 worker time is excluded from helper aggregate but inside overall (0.6695ms)
✔ R10 helper overlap is terminal and cleans prior owned role (0.7494ms)
✔ R11 helper and worker cannot overlap (0.7275ms)
✔ R12 frame alone cannot advance before actual close (58.3754ms)
✔ R13 launch uses only fixed executable/script/environment and no shell (1.909ms)
✔ R14 helper trailing byte fails closed (2.7841ms)
✔ R14 helper extra frame fails closed (2.1517ms)
✔ R14 helper debug stdout fails closed (2.385ms)
✔ R14 helper truncated frame fails closed (1.8867ms)
✔ R14 helper oversized prefix fails closed (2.1242ms)
✔ R14 helper stderr overflow fails closed (2.669ms)
✔ R14 helper nonzero exit fails closed (3.8341ms)
✔ R15 cancellation in launch terminates and ignores later valid frame (1.9713ms)
✔ R16 cancellation during transport cleans child (23.1856ms)
✔ R17 fixed actual worker has empty environment and exact heap intent (54.674ms)
✔ R18 successful worker result waits for termination (163.4324ms)
✔ R19 actual worker crash fails closed (43.7519ms)
✔ R19 actual worker duplicate fails closed (40.9498ms)
✔ R19 actual worker stdout fails closed (59.4096ms)
✔ R20 cancellation actually terminates CPU-bound worker thread (45.0983ms)
✔ R21 production worker executes accepted 2A/2B and confirms quiescence (372.9354ms)
✔ R22 adapter matches closed 2A handoff; operational/session fields excluded (0.7431ms)
✔ R23 verify evidence seam excludes result and decision bytes (0.2952ms)
✔ R24 malformed decision uses dedicated mismatch, cap uses resource (0.4709ms)
✔ R25 actual worker policy denies filesystem/network/process/module escape imports (81.7656ms)
✔ R26 cancellation preempts pending publication promise without another role (0.9382ms)
✔ R27 late publication promise cannot restore terminal success (0.3597ms)
✔ SUP01 post-rename TIMEOUT returns OUTPUT and retains exact committed result (280.3536ms)
✔ SUP01 post-rename CANCELLED returns OUTPUT and retains exact committed result (204.0235ms)
✔ SUP02 verify stdout backpressure times out without product filesystem changes (208.0143ms)
✔ SUP03 input root identity change between helper slots fails closed (19.4458ms)
✔ SUP04 physical file alias across bootstrap slots is rejected despite distinct paths (21.6874ms)
✔ SUP05 malformed external decision rejects without stdout or changes (276.479ms)
✔ SUP06 wrong external decision proof binding rejects (275.3631ms)
✔ SUP07 contrary APPROVE preserves not-ready and reports unverified authenticity (293.7663ms)
✔ SUP07 contrary APPROVE preserves could-not-evaluate and reports unverified authenticity (268.7866ms)
✔ SUP08 slot4 output inspection ERROR maps to frozen OUTPUT before worker (56.2827ms)
✔ SURFACE evaluate nine slots exact bytes/summary/exit ready (306.8524ms)
✔ SURFACE evaluate nine slots exact bytes/summary/exit qualified (246.3609ms)
✔ SURFACE evaluate nine slots exact bytes/summary/exit not-ready (233.1126ms)
✔ SURFACE evaluate nine slots exact bytes/summary/exit could-not-evaluate (219.7953ms)
✔ SURFACE verify four slots exit0 no writes (196.5834ms)
✔ SURFACE decision transport downstream and authenticity retained (263.2132ms)
✔ SURFACE verify altered supplied result rejects before stdout (202.8331ms)
✔ SURFACE tag observations transported as original bytes without Git (130.8164ms)
✔ SURFACE determinism across random sessions and output roots (433.2951ms)
✔ SURFACE complete text output (279.5227ms)
✔ SURFACE post-rename stdout failure returns OUTPUT retains committed result (231.8162ms)
✔ SURFACE cancellation before worker no directory publication (57.8279ms)
✔ SURFACE cancellation before final inspection retains pending (233.2211ms)
✔ SURFACE 2B to 2A adapter selects exact handoff fields (0.4404ms)
✔ API admission wrong argument (0.7179ms)
✔ API admission shared array (9.3398ms)
✔ API admission duplicate file ID (13.5302ms)
✔ API admission oversized candidate (8.8801ms)
✔ API admission unknown property (0.2291ms)
✔ API admission wrong pin (0.1672ms)
✔ API snapshots all bytes before asynchronous work (13.7906ms)
✔ API caller mutation after entry cannot affect worker (374.5124ms)
✔ API missing declared file rejects (16.4081ms)
✔ API abort before entry is terminal (0.4209ms)
✔ API abort during worker terminates (22.186ms)
✔ API public evaluate and verify execute accepted integrated semantics (764.0368ms)
✔ CLI dispatch "" (0.7162ms)
✔ CLI dispatch "unknown" (0.1178ms)
✔ CLI dispatch "constructor" (0.1066ms)
✔ CLI dispatch "toString" (0.0721ms)
✔ CLI dispatch "__proto__" (0.0665ms)
✔ CLI dispatch "Evaluate" (0.0701ms)
✔ CLI negative missing command (0.1209ms)
✔ CLI negative missing flag (0.1112ms)
✔ CLI negative duplicate flag (0.0766ms)
✔ CLI negative unknown flag (0.0743ms)
✔ CLI negative unsafe path (0.3763ms)
✔ CLI negative overlong argument (0.1304ms)
# TIMER_WITNESS [{"name":"success-a","observedTimers":5,"remainingTimers":0,"serverOrWatcherResources":0,"callbacksAfterSettlement":0,"outcome":"COMMITTED","activeRole":null},{"name":"write-failure","observedTimers":4,"remainingTimers":0,"serverOrWatcherResources":0,"callbacksAfterSettlement":0,"outcome":"MO1307_OUTPUT","activeRole":null},{"name":"write-cancellation","observedTimers":4,"remainingTimers":0,"serverOrWatcherResources":0,"callbacksAfterSettlement":0,"outcome":"MO1307_CANCELLED","activeRole":null},{"name":"rename-failure","observedTimers":6,"remainingTimers":0,"serverOrWatcherResources":0,"callbacksAfterSettlement":0,"outcome":"MO1307_OUTPUT","activeRole":null},{"name":"post-admission-cancellation","observedTimers":6,"remainingTimers":0,"serverOrWatcherResources":0,"callbacksAfterSettlement":0,"outcome":"MO1307_OUTPUT","activeRole":null},{"name":"stalled-write-cancellation","observedTimers":3,"remainingTimers":0,"serverOrWatcherResources":0,"callbacksAfterSettlement":0,"outcome":"MO1307_CANCELLED","activeRole":null},{"name":"success-b","observedTimers":5,"remainingTimers":0,"serverOrWatcherResources":0,"callbacksAfterSettlement":0,"outcome":"COMMITTED","activeRole":null}]
✔ N24-C invocation timers clear after success, write/rename failure and pre/post-admission cancellation including a stalled write; no server, watcher or cross-run callbacks (492.4795ms)
✔ D01 actual integrated evaluation and independent verify: could-not-evaluate (644.6129ms)
✔ D01 actual integrated evaluation and independent verify: history-blocker-unavailable (564.8458ms)
✔ D01 actual integrated evaluation and independent verify: informational-ready (501.6813ms)
✔ D01 actual integrated evaluation and independent verify: metadata-only (494.652ms)
✔ D01 actual integrated evaluation and independent verify: mixed-precedence (456.6488ms)
✔ D01 actual integrated evaluation and independent verify: mo1306-qualified (2590.2793ms)
✔ D01 actual integrated evaluation and independent verify: not-ready (456.6194ms)
✔ D01 actual integrated evaluation and independent verify: post-tag-absent (476.6056ms)
✔ D01 actual integrated evaluation and independent verify: post-tag-lightweight (479.023ms)
✔ D01 actual integrated evaluation and independent verify: post-tag-ready (482.4574ms)
✔ D01 actual integrated evaluation and independent verify: post-tag-wrong-target (446.6706ms)
✔ D01 actual integrated evaluation and independent verify: pre-tag-present (481.9812ms)
✔ D01 actual integrated evaluation and independent verify: qualified (498.3639ms)
✔ D01 actual integrated evaluation and independent verify: ready (457.6058ms)
✔ D01 actual integrated evaluation and independent verify: rest-qualified (336.6716ms)
✔ D01 actual integrated evaluation and independent verify: selective-reuse (445.5584ms)
✔ D02 all four states and blocker-over-CNE precedence survive the actual pipeline (505.1744ms)
✔ D03 adapter has exactly the accepted closed fields and never uses diagnostics as authority (166.7458ms)
✔ D04 MO1306 all nineteen source rows and twelve negative projections remain exact (495.663ms)
✔ D05 MO1306 provider axes and ten disclosures retain their exact released limitations (459.9328ms)
✔ D06 MO1306 raw configuration lineage survives integration and original omission still rejects (242.1621ms)
✔ D07 verified historical applicability blocks an unavailable mandatory gate without erasing CNE (93.6303ms)
✔ D08 REST authority remains separate with mandatory same-host qualification and no providers (71.6114ms)
✔ D09 human decision binding is downstream and never changes readiness: ready/APPROVE (212.0429ms)
✔ D09 human decision binding is downstream and never changes readiness: ready/REJECT (225.4769ms)
✔ D09 human decision binding is downstream and never changes readiness: ready/DEFER (225.0315ms)
✔ D09 human decision binding is downstream and never changes readiness: qualified/APPROVE (291.7747ms)
✔ D09 human decision binding is downstream and never changes readiness: not-ready/APPROVE (251.5529ms)
✔ D10 mismatched human decision rejects: candidateDigest (247.59ms)
✔ D10 mismatched human decision rejects: readinessDigest (230.3703ms)
✔ D10 mismatched human decision rejects: proofBindingDigest (237.3352ms)
✔ D11 tag-stage facts yield exact mandatory blockers and never execute Git (655.9258ms)
✔ D12 integrated operational failure remains an error: candidate substitution (6.3784ms)
✔ D12 integrated operational failure remains an error: trust-root mismatch (6.2034ms)
✔ D12 integrated operational failure remains an error: raw-source tamper (23.7636ms)
✔ D12 integrated operational failure remains an error: claim tamper under an old grant (50.7414ms)
✔ D12 integrated operational failure remains an error: grant substitution (54.1955ms)
✔ D12 integrated operational failure remains an error: stale dependency (51.2899ms)
✔ D12 integrated operational failure remains an error: history rewrite with intact grant (280.1587ms)
✔ D12 integrated operational failure remains an error: history PASS fabrication (347.2579ms)
✔ D12 integrated operational failure remains an error: qualification omission (90.0815ms)
✔ D12 integrated operational failure remains an error: provider false hosted promotion (492.0652ms)
✔ D12 integrated operational failure remains an error: dangling authority reference (53.6696ms)
✔ D12 integrated operational failure remains an error: profile substitution (12.3008ms)
✔ D12 integrated operational failure remains an error: path traversal rejected by the frozen manifest schema (16.2013ms)
✔ D13 result verification independently rechecks original raw bytes before trusting a valid result (26.028ms)
✔ D14 self-consistent changed readiness passes evidence-only support but fails integrated recomputation (231.4476ms)
✔ D15 supplied result digest tamper rejects: readinessDigest (107.4393ms)
✔ D15 supplied result digest tamper rejects: proofBindingDigest (112.0021ms)
✔ D16 self-consistent result history or qualification omission cannot hide behind repaired hashes (1145.5828ms)
✔ D17 derived graph is candidate-rooted, authority-rooted, closed and bounded (699.0848ms)
✔ D18 no supplied cyclic or dangling graph can replace independently derived evidence (189.586ms)
✔ D19 repeated calls and nonsemantic object/map insertion order preserve exact normative bytes (347.3375ms)
✔ D20 signed set ordering is preserved rather than silently normalized during integration (25.712ms)
✔ D21 metadata affects exact proof audit while leaving all readiness semantics byte-identical (184.1476ms)
✔ D22 selective reuse stays explicit and relevant changes fail before readiness computation (161.1294ms)
✔ D23 evidenceInput strips only known verification transport fields and adds no authority (13.1677ms)
✔ D24 integrated preflight preserves accepted authority-before-semantic error priority (138.0967ms)
ℹ tests 639
ℹ suites 0
ℹ pass 639
ℹ fail 0
ℹ cancelled 0
ℹ skipped 0
ℹ todo 0
ℹ duration_ms 118971.5888
