✔ EO1 every MO-1306/MO-1307 J-canonical fixture equals JCS plus one trailing LF (434.3798ms)
✔ EO1 MO-1306 and MO-1307 J serialize every fixture value in their domain exactly as JCS plus LF (629.4355ms)
✔ EO1 boundary vectors: key order, escapes, integers and nesting agree (1.0648ms)
✔ EO2 inspectRegressionReport accepts a genuine report and returns its Standard identity (73.7043ms)
✔ EO2 inspectRegressionReport rejects identifier and content tampering (43.3916ms)
✔ EO2 identity is integrity, not origin: a self-consistent recomputed forgery is accepted (41.1303ms)
✔ EO3 released SDK copies are byte-identical to the SDK released at memoryos-1.3-mo1302 (226.4379ms)
✔ EO3 the workspace verifier pins the MO-1302 vendored runtime to its release, not to current source (7848.3207ms)
✔ WC01 unchanged Action passes the corrected check (1833.556ms)
✔ WC02 one-byte SDK or CLI source edits now pass; the replaced rule rejected them (0.3864ms)
✔ WC03 any bundled byte change fails (0.2329ms)
✔ WC04 a bundled change with a consistently rewritten manifest still fails on the released manifest (0.17ms)
✔ WC05 an added or removed bundled file fails (0.1699ms)
✔ WC06 a manifest that no longer matches the released bytes fails (0.1669ms)
✔ WC07 the tag exists, is annotated and peels to the commit the MO-1302 records name (713.8371ms)
✔ WC08 every pin equals the exact blob at the release tag (17076.6735ms)
✔ WC09 the released Action bytes are unchanged since the tag (R32) (207.7922ms)
✔ WC10 the correction replaces only the source comparison (235.7497ms)
✔ WC11 every other verifier check reports exactly as before the correction (2050.2491ms)
✔ B01 MIP_PACKAGE: MIP-001 verified; subjects copy the package values; recordDigest equals the oracle (R07) (20.8206ms)
✔ B02 MIP_PACKAGE rejections: tampered, non-canonical, truncated, wrong Workspace (R11) (25.0129ms)
✔ B03 INVESTIGATION_CHECKPOINT: accepts a Core checkpoint of a MIP-backed investigation (H13 option A) (222.2803ms)
✔ B04 INVESTIGATION_CHECKPOINT rejections: every tampered field, native, wrong Workspace, forged package (R12) (277.5189ms)
✔ B05 a native investigation checkpoint is rejected (R12) (26.1121ms)
✔ B06 POLICY_EVALUATION: accepts every released Policy and Policy Set artifact pair (24.2313ms)
✔ B07 POLICY_EVALUATION rejections: swapped, cross-bound to another identity, tampered, non-canonical; agrees with the SDK verifiers (434.9295ms)
✔ B08 REGRESSION_REPORT: SDK inspection accepted; both Workspaces must equal the ledger Workspace (R11) (56.4191ms)
✔ B09 CICD_RUN: every real MO-1306 bundle in the repository evidence is admitted (completed and operational-failure) (626.8043ms)
✔ B10 CICD_RUN rejections: structure, integrity, cross-links, forged semantic block (self-consistent forgeries included) (800.5243ms)
✔ B11 CICD_RUN J parsing agrees with the MO-1306 parser on structural limits (R03) (9.641ms)
✔ B12 READINESS_RESULT: every released MO-1307 result is admitted with recomputed digests; forged variants are not (R08) (281.9533ms)
✔ B13 READINESS_RESULT rejections: stale digests, re-sealed forgeries, shape, non-J (R03) (2681.8961ms)
✔ B14 READINESS_RESULT J parsing agrees with the MO-1307 parser on structural limits (154.0781ms)
✔ B15 HUMAN_DECISION_CLAIM: admitted only against a matching READINESS_RESULT entry (H16, R13) (181.2776ms)
✔ B16 HUMAN_DECISION_CLAIM shape rejections: exact MO-1307 section 13 shape and value rules (92.9426ms)
✔ B17 duplicates and purged records are refused before any verification (R10, R20) (32.0181ms)
✔ B18 member rules: exact names, sets, duplicates, per-kind byte limits, argument shapes (608.7715ms)
✔ B19 admission is deterministic: member order, view construction and repetition do not change the record (R04) (4.6724ms)
✔ B20 every admitted record has the closed Freeze entry shape and no time, path or actor field (R24, R35) (41.9668ms)
✔ B21 the admission module delegates to owners, imports no SDK, Core, fs or predecessor package, and never runs verifyReadiness (R08, R28, R29, R35, R37) (1.2345ms)
✔ B22 no admission verdict leaks input content in its error (1.0547ms)
✔ B23 self-consistent forgeries that only a single rule can catch (checkpoint chain, evidence cross-hashes) (88.4576ms)
✔ B24 CICD result rules agree with the MO-1306 checkResult over the whole error-catalog space (R03, R07) (2030.4808ms)
✔ B25 the embedded MO-1306 semantic-code allowlist equals the owner list (drift guard) (74.5442ms)
✔ B26 decisionConsistency is computed from the verified claim and result for every decision and readiness state (A4.1) (330.9251ms)
✔ B27 a claim is rejected, never stored with a guessed value, for an absent, purged, unavailable, unverified or inconsistent result (A4.1) (57.982ms)
✔ B28 the incremental SHA-256 equals the standard hash for every length, split and clone (A4.5) (65.799ms)
✔ B29 linear checkpoint admission gives byte-identical results to the quadratic construction on the corpus and tampered variants (A4.5) (1569.1617ms)
✔ B30 linear admission equals the quadratic construction on generated checkpoints up to 10,000 transitions (A4.5) (103760.2129ms)
ℹ tests 49
ℹ suites 0
ℹ pass 49
ℹ fail 0
ℹ cancelled 0
ℹ skipped 0
ℹ todo 0
ℹ duration_ms 146572.1661
