✔ package bin resolves to the production executable entry (8.6007ms)
✔ production CLI depends on the SDK facade and no lower platform layer (7.5179ms)
✔ CLI output preserves direct SDK transition truth (2945.3589ms)
✔ Regression output is the exact public SDK report (2562.377ms)
✔ Investigation navigation output is the exact public SDK result (2312.1766ms)
✔ version and help expose the deterministic supported command surface (14678.8537ms)
✔ argument failures are stable, non-interactive, and use exit code 1 (32139.0382ms)
✔ observe requires explicit deterministic files and emits stable summaries (5410.9164ms)
✔ input validation failures use exit code 2 and deterministic JSON (9736.4072ms)
✔ all documented exit-code classes are observable (10263.1317ms)
✔ L3a a closed stdout after a committed init: no crash, no trace, exit 0, the ledger exists (1520.0211ms)
✔ L3b a closed stdout on a read-only command: no crash, no trace, exit 0 (3183.0113ms)
✔ L3c a failure whose error output cannot be written keeps its exit category and prints no trace (1354.6414ms)
✔ history grammar enumerations equal the SDK contract and the fixed usage message (1.4602ms)
✔ every valid history command is accepted by the grammar and answered by the store with a frozen code (25727.1958ms)
✔ history grammar rejects malformed commands with MO1308_USAGE (58000.5277ms)
✔ history human errors carry the history code and the fixed message (1376.1743ms)
✔ history help lists the exact frozen grammar (1428.8691ms)
✔ non-history error envelopes are unchanged (no historyCode) (1443.84ms)
✔ history grammar performs no I/O, starts no process and reads no clock (R35, R37) (3.2309ms)
✔ W01 junctions and directory symlinks anywhere on the path or inside the ledger fail closed on every operation (R17, H40) (472.7874ms)
✔ W01b a reparse point that is neither a junction nor a symlink (an app-execution alias) is refused as an input file (H40) (14.2725ms)
✔ W02 a junction swapped in for a record directory during an append is detected; decoy content survives; the entry is never committed; reads then fail closed (H40) (268.6149ms)
✔ W03 the entries directory swapped for a junction at the commit point is detected after the fact: the real entries stay unchanged, reads fail closed (H40) (382.9734ms)
✔ W04 NTFS hard links: publication leaves one link per file, never replaces a name, and an unremoved staging link is only an anomaly (R06, section 9.2) (532.0692ms)
✔ W05 exclusive-create semantics: an existing name is never opened for writing, even one locked by another process or differing only in case (R06) (2902.1616ms)
✔ W05b a sharing violation (another process holds a ledger file with no sharing) fails closed with a typed IO error and changes nothing; releasing restores service (R17) (2304.22ms)
✔ W06 the case-insensitive realpath comparison accepts any casing of the real path and refuses a short (8.3) alias; case-only renames inside a ledger are corruption (R17, H40) (282.6219ms)
✔ W07 drive-letter, UNC and long-path forms work end to end; the \\?\ and \\.\ forms are refused fail-closed without creating anything (R17) (1471.3356ms)
✔ W07b an export into the ledger is refused under every Windows spelling of the ledger: drive-letter, UNC and differently cased forms (3C-F4, Amendment A9) (166.738ms)
✔ W08 NTFS concurrency: ten real appender processes with concurrent readers; every append that succeeded is in the ledger exactly once, every record that is not was reported as a typed failure, and no failed writer left a record (R15) (26838.364ms)
ℹ W08 attempts=30 succeeded=30 failedByCode={} fsErrorsByCodeErrnoSyscall={}
✔ W08b concurrent tombstones and appends in separate processes leave one tombstone per target and a verifying chain (R15, section 10.2) (9319.306ms)
✔ W08c a junction swapper racing real appender processes: the race is exercised, nothing outside is overwritten, and the ledger only ever verifies or fails closed with a typed error (H40) (8523.0368ms)
✔ W09 a link planted at a staging name is detected before anything is created: typed FILESYSTEM_BOUNDARY, nothing is created at its target (3A-D4, Amendment A10) (756.0734ms)
✔ W10 a record directory swapped for a junction after the tombstone commit: the purge deletes nothing outside the ledger and fails closed (3A-G3, Amendment A10) (215.279ms)
✔ W11 staging names carry the writer's process id, so concurrent writers never contend for one name (3A-F7, Amendment A10) (176.6384ms)
✔ T01 store constants equal the Freeze contract module (layout, limits, member names) (1.9702ms)
✔ T02 init creates exactly the frozen layout once; an existing target or a missing parent is refused (section 9.1) (30.092ms)
✔ T03 append publishes members, then the entry; every earlier file is untouched (R06, R15) (209.6801ms)
✔ T04 rejected appends change nothing: duplicates, wrong members, purged re-supply (R09, R10, R20) (171.587ms)
✔ T05 the commit point is exclusive creation of entries/<n>.json: a lost race is LEDGER_CONFLICT and publishes nothing (R15, H41) (451.9504ms)
✔ T06 interruption at every mutating step before the commit point publishes nothing; after it, a complete entry (R16) (1867.8499ms)
✔ T07 tombstone commits first, then purges every member; the chain still verifies (R18, R19, section 10.2) (111.8124ms)
✔ T08 a crash during purge leaves purgePending; re-running the same command finishes it without a new entry (section 10.2) (245.6045ms)
✔ T09 verify fails closed on every layout defect (section 11.1) (309.5438ms)
✔ T10 verify reports staging and unreferenced artifacts; tampered bytes fail closed (R21) (162.477ms)
✔ T11 filesystem boundary: a link anywhere on the path or inside the ledger fails closed on every operation (R17, H40) (211.9207ms)
✔ T12 a handle/path identity mismatch fails closed (H40) (17.9304ms)
✔ T12b a published name whose identity differs from the staged file is detected after the link (H40) (157.1748ms)
✔ T13 a directory swapped for a link during an append is detected after the fact; no content is overwritten; reads then fail closed (H40 risk acceptance) (312.6939ms)
✔ T13b the same swap with no decoy is detected after the link: a boundary failure, the entry is never committed (H40) (195.5964ms)
✔ T14 export is written once, marker last, byte-identical for equal ledgers, and verify-export fails closed (R23, section 12) (700.3798ms)
✔ T15 query and verify-export are read-only; query verifies the chain and never reads member bytes (R22) (93.1257ms)
✔ T16 commands: arguments become store operations, inputs are read through the boundary, errors carry only fixed text (section 13.3, 14.1) (647.8381ms)
✔ T17 concurrent appenders in separate processes: exactly one entry per index, losers get LEDGER_CONFLICT, the chain verifies (R15) (8678.5862ms)
✔ T18 the store is Node-only, helper-free, timeless and never overwrites (R06, R35, R37, H40) (1.7033ms)
✔ T19 nothing outside the SDK facade and the contract is imported by the history sources; commands.js stays the only SDK importer (ARCHITECTURE section 5) (0.6399ms)
✔ T20 a purge committed between the entry listing and the member listing never produces RECORD_BYTES_MISMATCH: the read is repeated on a consistent snapshot (section 10.2, found by W08b) (700.8911ms)
✔ T21 when writers overtake every pass the read fails with LEDGER_CONFLICT after exactly the fixed number of passes, never with an integrity code, and publishes nothing (2666.183ms)
✔ T22 on a stable snapshot every mismatch is reported exactly as before: corruption of a quiescent ledger is an integrity error found in a single pass (93.0699ms)
✔ T23 export never writes into the ledger it is made from: every spelling that resolves to the ledger root, entries/, records/ or .pending/ is a FILESYSTEM_BOUNDARY failure that creates nothing and leaves the ledger unchanged (3C-F4, Amendment A9) (242.2518ms)
✔ CCA-MOS-CLI-004: every command emits deterministic human output through the production CLI (118430.8222ms)
✔ investigate delegates raw and enveloped Regression Reports with stable JSON (9848.0357ms)
✔ investigate selects Evidence, Reflection, Retrieval, and Evolution through the SDK (8484.9295ms)
✔ investigate selects Replay, Transition, and Verification facts exactly (5694.503ms)
✔ investigate rejects invalid grammar, reports, categories, and selector combinations (20031.9495ms)
✔ investigate remains bounded for a complete deterministic Regression Report (2541.4659ms)
✔ verify delegates valid and invalid package truth with exit code 3 on failure (8342.7487ms)
✔ import and inspect expose the same deterministic SDK investigation metadata (4372.0406ms)
✔ trace requires and preserves one exact package Trace selector (4544.5918ms)
✔ replay applies repeated SDK actions in caller order and is deterministic (7871.9833ms)
✔ compare uses one package, completes its Replay, and enters exact Evolution (8416.135ms)
✔ regression delegates two packages to the SDK and preserves deterministic report truth (4352.558ms)
✔ regression reports identical packages and accepts at most one stdin operand (7124.0409ms)
✔ export is a byte-for-byte SDK round trip for files and stdout (5166.4128ms)
✔ package stdin supports non-interactive verification and import (3445.8712ms)
✔ invalid package import is reported as a package error (1831.5847ms)
✔ policy namespace exposes exactly the seven frozen commands (12199.7237ms)
✔ unexpected Policy operational failure maps to exit 5 and the exact JSON semantic projection (1.5089ms)
✔ validate, digest, identities, and presentation envelopes preserve frozen bytes (8998.3401ms)
✔ evaluate preserves PASS, FAIL, CNE, exact artifacts, and outcome-last generation (12480.781ms)
✔ all detached inspections and both verification modes remain SDK-owned (19406.1418ms)
✔ policy transport rejects collisions, multiple stdin inputs, URLs, and output-only stdin (9147.1026ms)
✔ session preserves opaque checkpoints and restores exact SDK state (7218.0515ms)
✔ checkpoint names cannot restore across live CLI sessions (3212.514ms)
✔ session executes Trace, complete Replay, and Compare in one live SDK (6618.7715ms)
✔ session can verify and byte-preserving export through the SDK (2019.07ms)
✔ native observations fail export safely without fabricating a MIP (2074.7942ms)
✔ session accepts a workflow file and fails malformed JSON deterministically (3321.2453ms)
ℹ tests 89
ℹ suites 0
ℹ pass 89
ℹ fail 0
ℹ cancelled 0
ℹ skipped 0
ℹ todo 0
ℹ duration_ms 569804.7548
