✔ C01 frozen public exports contain exactly two async functions (2.1874ms)
✔ C02 closed counts and every frozen exit (0.9421ms)
✔ C03 deterministic key order includes numeric-looking ASCII keys (0.6831ms)
✔ C04 Unicode scalars are not normalized or escaped unnecessarily (1.1945ms)
✔ C05 parser duplicate-key (0.2796ms)
✔ C05 parser escaped-duplicate-key (0.2112ms)
✔ C05 parser unknown-token (0.1313ms)
✔ C05 parser negative-zero (0.1294ms)
✔ C05 parser negative-integer (0.1401ms)
✔ C05 parser fraction (0.199ms)
✔ C05 parser exponent (0.1351ms)
✔ C05 parser unsafe-integer (0.1515ms)
✔ C05 parser leading-zero (0.1255ms)
✔ C05 parser unpaired-surrogate (0.0939ms)
✔ C05 parser control-string (0.0832ms)
✔ C05 parser del-string (0.0721ms)
✔ C05 parser non-ascii-key (0.0727ms)
✔ C05 parser trailing-garbage (0.0626ms)
✔ C05 parser trailing-comma (0.0769ms)
✔ C05 parser empty-document (0.0952ms)
✔ C05 parser noncanonical-spaces (0.1059ms)
✔ C05 parser missing-lf (0.0827ms)
✔ C05 parser double-lf (0.0751ms)
✔ C05 parser key-order (0.0926ms)
✔ C05 parser unnecessary-escape (0.0801ms)
✔ C05 parser escaped-solidus (0.0698ms)
✔ C05 parser crlf (0.0959ms)
✔ C06 invalid UTF-8 and BOM reject (0.2018ms)
✔ C07 depth limit admits16 and rejects17 (0.3493ms)
✔ C08 members/key/string exact boundaries (0.9282ms)
✔ C09 total values boundary and bounded copy (161.6784ms)
✔ C10 shared buffers/accessors/sparse arrays/cycles/undefined reject (0.4512ms)
✔ C11 SHA256 raw/claim/candidate identity and independent proof layer (0.2729ms)
✔ C12 every error has immutable fields and fixed safe diagnostic (1.8669ms)
✔ C13 errors select numeric exit then ASCII reference within a phase (0.2849ms)
✔ C14 exact configuration accepted and unknown fields/profiles/versions rejected (1.6355ms)
✔ C15 no discovery or output/trust fields in configuration (0.5452ms)
✔ C16 deterministic blocker ID excludes mutable claim provenance (0.3609ms)
✔ C17 error schema is closed and operational outcomes are not readiness states (0.2774ms)
✔ C18 public entry points reject malformed input and prior cancellation (1.769ms)
✔ C19 shared definitions are deeply immutable (0.1317ms)
✔ C20 generated definitions equal source canonical bytes (1.5729ms)
✔ C21 serializer stops at byte budget before expansive allocation (20.6468ms)
✔ C22 arrays reject hidden properties without reading getters (0.3354ms)
✔ C23 admission errors precede restrictive schema predicates (10.6919ms)
✔ C24 nested evidence version and coverage mappings (1.1046ms)
✔ C25 profile product mismatch precedes schema INPUT (0.5905ms)
✔ C26 defensive internal cycle has GRAPH_CYCLE and bound has GRAPH_LIMIT (34.0927ms)
✔ C27 configuration errors precede evidence acquisition errors (15.9041ms)
✔ C28 API holder shape rejects getters/symbols/hidden fields safely (15.5484ms)
✔ C29 well formed bundle traverses integrated verifier and readiness worker (375.0289ms)
✔ C30 malformed verification versions use their own mismatch categories (6.6278ms)
✔ C31 reference aggregation rejects empty vectors and dangling CNE (6.6746ms)
✔ C32 provider representation cannot assert hosted certificate without vectors (0.7122ms)
✔ C33 malformed nested verification records preserve mismatch code and reference (12.0884ms)
✔ C34 nested authority profile errors use PROFILE_MISMATCH during bootstrap (27.2687ms)
✔ C35 verification shape remapping does not hide admission limits (10.8762ms)
✔ C36 known lower GitHub minimum remains valid without fabricated hosted cases (0.3573ms)
✔ fixture catalog is finite, complete and matches independent exact-byte SHA-256 (96.0522ms)
✔ 476 non-parser fixture records match closed schema and local foundation classifications (1945.3325ms)
✔ nine malformed byte/parser vectors reject with exact operational codes (1.9943ms)
✔ focused Phase 1 negative fixtures use the appropriate foundation seam (25.4975ms)
✔ all sixteen complete bundles pass snapshot, pin and byte-integrity foundations (449.272ms)
✔ reference aggregation retains all records and realizes all four readiness states (38.7714ms)
✔ canonical result identities and summaries match exact independently constructed fixture bytes (325.8252ms)
✔ all fourteen evidence types and six graph node / five edge types have canonical positives (7.9396ms)
✔ MO-1306 preserves actual production, BF, tag, package and all nineteen source history rows (9.7384ms)
✔ MO-1306 provider limitations and ten disclosures cannot silently become hosted certification (5.4775ms)
✔ metadata-only proof changes and selective dependency reuse keep separate identities (5.4327ms)
✔ human decision bindings leave all readiness and proof bytes unchanged (54.2146ms)
✔ tag fixtures distinguish pre/post stage predicates from operational tampering (5.8345ms)
✔ future semantic negatives are classified without claiming a Phase 2 verifier exists (16.19ms)
✔ N01 pinned native runtime and fixed PowerShell installation (6.1093ms)
✔ N02 closed CLI commands and defaults (1.4669ms)
✔ N03 prototype-sensitive and invented commands reject as usage (0.6491ms)
✔ N04 duplicate unknown missing extra flags reject (0.4169ms)
✔ N05 forbidden runtime environment and Node options reject before I/O (0.2988ms)
✔ N04b inspectable configuration path failures select lowest logical ID (0.367ms)
✔ N06 relative lexical boundaries and hostile spellings (0.3633ms)
✔ N07 absolute roots full paths overlap and case aliases (0.5395ms)
✔ N08 identity policy rejects any reparse flag hardlink wrong type and changes (0.8573ms)
✔ N09 helper canonical round-trip and closed operation fields (3.6432ms)
✔ N10 helper frame prefix truncation trailing data and caps (0.5438ms)
✔ N11 helper sorted explicit allowlist path and per-file boundaries (1.6592ms)
✔ N12 acquisition needs four serial exits and invalid overlap or retry is terminal (6.395ms)
✔ N13 helper response exact snapshot identity and base64 validation (0.9753ms)
✔ N14 helper decoded aggregate boundary and +1 (267.5043ms)
✔ N15 native fixed PowerShell snapshots and checked inspection sanitization (12759.6449ms)
✔ N16 native helper rejects hostile operation extra fields and oversized frame (2652.443ms)
✔ N17 native CLI evaluates and publishes exact integrated result (13158.837ms)
✔ N18 publication exclusive create exact pending and single-file commit (39.4202ms)
✔ N19 existing final destination never replaced and pending retained (19.6722ms)
✔ N20 pending collision and mutation fail closed without cleanup (34.6451ms)
✔ N21 publication byte ceiling boundary and +1 before write (48.9547ms)
✔ N22 branded framed inspection required and identity change rejects (14.0514ms)
✔ N23 primitive late checkpoint prevents rename and retains pending (20.7244ms)
✔ N24 foundation retains no-network and fixed orchestration boundaries (5.616ms)
✔ package metadata and deterministic nonrecursive bindings (383.1858ms)
✔ unexpected member is rejected without refreshing the binding (161.1139ms)
✔ changed shipped source fails exact distribution binding (189.5873ms)
✔ schema drift cannot be hidden by rebuilding manifests (181.0381ms)
✔ constants drift cannot be hidden by rebuilding manifests (169.5817ms)
✔ dependencies, lifecycle hooks, extra exports and traversal allowlist are rejected (665.924ms)
✔ network and external imports are rejected before manifest regeneration (544.1567ms)
✔ missing fixed helper and mutated manifest rows are rejected (384.5864ms)
✔ A01 exact independent Phase 1 result and summary bytes: could-not-evaluate (96.7356ms)
✔ A01 exact independent Phase 1 result and summary bytes: history-blocker-unavailable (76.9498ms)
✔ A01 exact independent Phase 1 result and summary bytes: informational-ready (61.7039ms)
✔ A01 exact independent Phase 1 result and summary bytes: metadata-only (70.395ms)
✔ A01 exact independent Phase 1 result and summary bytes: mixed-precedence (59.3809ms)
✔ A01 exact independent Phase 1 result and summary bytes: mo1306-qualified (291.5141ms)
✔ A01 exact independent Phase 1 result and summary bytes: not-ready (61.3069ms)
✔ A01 exact independent Phase 1 result and summary bytes: post-tag-absent (54.4307ms)
✔ A01 exact independent Phase 1 result and summary bytes: post-tag-lightweight (53.5176ms)
✔ A01 exact independent Phase 1 result and summary bytes: post-tag-ready (49.7165ms)
✔ A01 exact independent Phase 1 result and summary bytes: post-tag-wrong-target (67.4098ms)
✔ A01 exact independent Phase 1 result and summary bytes: pre-tag-present (60.4833ms)
✔ A01 exact independent Phase 1 result and summary bytes: qualified (59.2261ms)
✔ A01 exact independent Phase 1 result and summary bytes: ready (57.3315ms)
✔ A01 exact independent Phase 1 result and summary bytes: rest-qualified (43.1821ms)
✔ A01 exact independent Phase 1 result and summary bytes: selective-reuse (51.7235ms)
✔ A02 core consumes claims rather than caller gate states and retains complete compiled profile (72.5816ms)
✔ A03 coverage FAIL and UNEVALUABLE drive mandatory artifact (83.178ms)
✔ A03 coverage FAIL and UNEVALUABLE drive mandatory binding (81.2238ms)
✔ A03 coverage FAIL and UNEVALUABLE drive mandatory history (73.3711ms)
✔ A03 coverage FAIL and UNEVALUABLE drive mandatory provenance (72.5737ms)
✔ A03 coverage FAIL and UNEVALUABLE drive mandatory provider.azure (71.0242ms)
✔ A03 coverage FAIL and UNEVALUABLE drive mandatory provider.generic (78.9126ms)
✔ A03 coverage FAIL and UNEVALUABLE drive mandatory provider.github (87.8051ms)
✔ A03 coverage FAIL and UNEVALUABLE drive mandatory provider.gitlab (77.2607ms)
✔ A03 coverage FAIL and UNEVALUABLE drive mandatory provider.jenkins (75.4278ms)
✔ A03 coverage FAIL and UNEVALUABLE drive mandatory resources (78.7802ms)
✔ A03 coverage FAIL and UNEVALUABLE drive mandatory sbom (77.1463ms)
✔ A03 coverage FAIL and UNEVALUABLE drive mandatory scope (76.8926ms)
✔ A03 coverage FAIL and UNEVALUABLE drive mandatory security (75.5014ms)
✔ A03 coverage FAIL and UNEVALUABLE drive mandatory semantic (69.9155ms)
✔ A03 coverage FAIL and UNEVALUABLE drive mandatory supply (70.0429ms)
✔ A03 coverage FAIL and UNEVALUABLE drive mandatory tag (73.2789ms)
✔ A03 coverage FAIL and UNEVALUABLE drive mandatory windows (70.1685ms)
✔ A04 REST coverage failures retain same-host limitation (29.4574ms)
✔ A05 unavailable MISSING is CNE with exact reason (35.3493ms)
✔ A05 unavailable AUTHORITY_UNAVAILABLE is CNE with exact reason (37.1618ms)
✔ A05 unavailable STALE is CNE with exact reason (35.1317ms)
✔ A05 unavailable UNEVALUABLE is CNE with exact reason (34.7067ms)
✔ A06 unavailable provider leaves optional observation empty without fabricating certification (34.6073ms)
✔ A07 blockers dominate independent CNE and qualifications without erasing any finding (39.1871ms)
✔ A08 CNE dominates release qualification and informational-only stays READY (76.5059ms)
✔ A09 known provider minimum failures remain blockers, including simultaneous coverage and CNE (199.7783ms)
✔ A10 Generic real execution requirement is independent of coverage verdict (35.3906ms)
✔ A11 false hosted promotion and required provider disclosure omission are rejected (28.6951ms)
✔ A12 scope qualification union rejects missing, extra, weakened and conflicting records (60.5032ms)
✔ A13 identical qualification carriers share one result with every claim and grant reference (37.162ms)
✔ A14 missing scope or history retains known records and defers only completeness (245.2431ms)
✔ A15 preserved history remains negative; observed recurrence blocks active mandatory gates (202.8282ms)
✔ A16 currently applicable history and duplicate recurrence produce one exact blocker (37.4597ms)
✔ A17 all applicable tag predicates are collected; absent post-tag fabricates no target failure (149.3662ms)
✔ A18 expected negative Policy and operational outcomes remain accepted semantic certification (61.5152ms)
✔ A19 metadata-only proof change preserves readiness and invalidates old external decision (157.2012ms)
✔ A20 nonsemantic input collection order and repeated calls preserve exact result bytes (552.4435ms)
✔ A21 new metadata proof is distinct from normative changed qualification identity (87.0062ms)
✔ A22 exact comparison rejects existing altered and self-hashed false result fixtures (251.6994ms)
✔ A23 result recomputation rejects self-consistent alterations of each normative projection (965.0588ms)
✔ A24 V18 retains exact five providers, ten disclosures, twelve negative history rows and human actions (217.6791ms)
✔ A25 history count 128 is retained exactly and 129 is a resource error (99.4664ms)
✔ A26 global qualification union 128 is complete and 129 cannot be truncated (136.8322ms)
✔ A27 128 unique historical blockers are complete and one additional known failure rejects (135.0254ms)
✔ A28 EVALUATION numeric and logical-reference precedence is independent of collection order (65.4629ms)
✔ A29 projection boundary rejects caller gate vectors, accessors and unknown profiles (13.3123ms)
✔ A30 returned proof input uses the exact independent nonrecursive binding shape (44.9546ms)
✔ A31 all twelve external human decisions bind computed results without changing readiness (900.5705ms)
✔ A32 every one of seven qualification codes is retained with its frozen impact (257.2491ms)
✔ A33 complete blocker CNE qualification cross-product follows frozen precedence and retains all lists (309.5005ms)
✔ A34 permutations preserve exact gate blocker qualification history JSON and text bytes (519.0983ms)
✔ A35 comparison rejects omitted mandatory CNE and substituted candidate profile or identity digest (195.0113ms)
✔ A36 static pure-core import closure excludes acquisition execution network and ambient selectors (2.9038ms)
✔ A37 coverage missing duplicate cross-partition or contradictory verdict uses INTEGRITY (31.4461ms)
✔ A38 nested candidate accessor is rejected before calling user code (4.2152ms)
✔ A39 informational qualification on an inactive gate remains global without activating that gate (43.9449ms)
✔ A40 preserved-history qualification must match exact condition and affected gates (161.9809ms)
✔ A41 unavailable scope never exempts locally invalid or omitted required provider qualifications (33.2648ms)
✔ A42 minimum-met contradictory qualified support is an error; lower minimum unsupported facts are blockers (112.0758ms)
✔ A43 known history only contributes blockers to active mandatory affected gates (37.7766ms)
✔ A44 conflicting qualification scope errors choose the smallest logical ID regardless of carrier order (34.1336ms)
✔ A45 REST unevaluable required coverage yields CNE with same-host qualification retained (58.8939ms)
✔ result boundary: exactly 4 MiB is retained and +1 is OUTPUT/EVALUATION (1372.6328ms)
✔ text boundary: exactly 128 KiB is complete and +1 is OUTPUT/EVALUATION (686.0751ms)
✔ result/proof/input snapshots do not share mutable output objects (24.0596ms)
✔ global derived counts reject 128+1 before malformed rows or byte sizing (6.4186ms)
✔ result construction cannot promote a blocked aggregate to READY (5.0884ms)
✔ A01 all sixteen frozen bundles produce only verified claims and exact independent graph/audit identities (1577.06ms)
✔ A02 operator authority pin is separate and rejects an independently wrong trust root (17.917ms)
✔ A03 an evidence-controlled authority mutation cannot select its own new pin (5.6476ms)
✔ A04 raw source bytes and raw length are verified independently of intact claim identity (40.5599ms)
✔ A05 raw manifest identity and envelope hash cannot be repaired by a self-consistent claim hash (40.9206ms)
✔ A06 exact canonical claim digest is recomputed under an intact reviewed envelope grant (28.9644ms)
✔ A07 ungranted external evidence cannot satisfy a gate (29.0663ms)
✔ A08 unknown evidence type and evidence version fail closed (55.0295ms)
✔ A09 granting the wrong existing claim for a compiled gate is rejected (30.1739ms)
✔ A10 exact grant source IDs cannot substitute or omit the envelope lineage (30.9235ms)
✔ A11 source bytes cannot appoint themselves as authority provenance (32.1818ms)
✔ A12 authority source Git fields, classification, length, hash and released target bind exactly (360.6925ms)
✔ A13 candidate, manifest and independently reviewed component/contract closures cannot be substituted (87.7773ms)
✔ A14 whole-candidate claims cannot use an earlier candidate root (29.1109ms)
✔ A15 a manifest cannot relabel a claim origin or dependency identity (53.5889ms)
✔ A16 declared dependency role, length and content are checked against the current inventory (88.7938ms)
✔ A17 minimum dependency closure cannot omit any relevant current component (27.9762ms)
✔ A18 changed declared grant closure and dangling dependency IDs reject rather than first-win (58.6528ms)
✔ A19 scope escalation and unapproved/changed assumptions are stale (85.8549ms)
✔ A20 unrelated root assumptions do not stale an approved claim subset (63.1459ms)
✔ A21 selective reuse is explicit and unchanged dependencies retain their exact claims (90.2434ms)
✔ A22 REUSED cannot conceal a whole-candidate claim (46.1977ms)
✔ A23 old audit snapshots do not invent expiry and bounded disclosure remains mandatory (71.6968ms)
✔ A24 permitted fresh raw metadata pins change proof audit but preserve normative projection (143.6978ms)
✔ A25 duplicate IDs, copied normalized grants and unconsumed evidence fail closed (76.0754ms)
✔ A26 explicit unavailable slots omit evidence safely and optional provider slots mirror the parent (88.517ms)
✔ A27 all admitted bytes are snapshots independent of subsequent caller mutations (57.0363ms)
✔ A28 raw source byte ceiling admits exact boundary and rejects plus one (81.4094ms)
✔ A29 explicit source and authority references cannot dangle (52.7802ms)
✔ A30 canonical set orders remain normative and are never silently sorted by the verifier (43.1427ms)
✔ A31 input map insertion and object member order do not affect verified canonical projection (112.622ms)
✔ A32 raw integrity failure wins over later root candidate mismatch (23.0929ms)
✔ A33 an authority failure wins over a later structurally valid provider contradiction (41.7599ms)
✔ A34 manifest file ceiling admits exactly 128 consumed files and rejects 129 (99.2521ms)
✔ A35 aggregate raw source admission accepts 8 MiB exactly and rejects one additional byte (99.6791ms)
✔ A36 authority source ceiling admits 32 explicit provenance records and rejects 33 (88.4534ms)
✔ F01 MO-1306 preserved configuration receipts have exact granted source lineage (406.454ms)
✔ F02 correction preserves all normalized identities and every original raw source byte (27.5882ms)
✔ F03 reconstructed original fixture still rejects unused configuration sources (174.019ms)
✔ G01 exact frozen graph, authority and audit bindings: could-not-evaluate (87.9759ms)
✔ G01 exact frozen graph, authority and audit bindings: history-blocker-unavailable (51.7192ms)
✔ G01 exact frozen graph, authority and audit bindings: informational-ready (69.4073ms)
✔ G01 exact frozen graph, authority and audit bindings: metadata-only (68.7144ms)
✔ G01 exact frozen graph, authority and audit bindings: mixed-precedence (52.4977ms)
✔ G01 exact frozen graph, authority and audit bindings: mo1306-qualified (238.7646ms)
✔ G01 exact frozen graph, authority and audit bindings: not-ready (41.8554ms)
✔ G01 exact frozen graph, authority and audit bindings: post-tag-absent (43.1343ms)
✔ G01 exact frozen graph, authority and audit bindings: post-tag-lightweight (42.6242ms)
✔ G01 exact frozen graph, authority and audit bindings: post-tag-ready (46.4724ms)
✔ G01 exact frozen graph, authority and audit bindings: post-tag-wrong-target (45.7178ms)
✔ G01 exact frozen graph, authority and audit bindings: pre-tag-present (46.7421ms)
✔ G01 exact frozen graph, authority and audit bindings: qualified (42.3807ms)
✔ G01 exact frozen graph, authority and audit bindings: ready (41.0302ms)
✔ G01 exact frozen graph, authority and audit bindings: rest-qualified (29.146ms)
✔ G01 exact frozen graph, authority and audit bindings: selective-reuse (48.0285ms)
✔ G02 exactly six node and five edge types, one root, content sharing and origin provenance (161.1431ms)
✔ G03 metadata and opaque historical cross-links cannot add normative authority or cycles (245.2227ms)
✔ G04 missing normative claim, dependency, authority, grant and edge endpoints reject (16.0872ms)
✔ G05 duplicate node IDs, duplicate edges, malformed content IDs and unknown types reject (13.6482ms)
✔ G06 wrong edge direction, endpoint type, root and candidate identity reject (19.243ms)
✔ G07 every grant and claim must be rooted and every normative node reachable (34.9779ms)
✔ G08 internal normative cycles and self references retain exact GRAPH_CYCLE classification (6.3159ms)
✔ G09 dependency claims cannot mix current candidate and dependency edges (6.0946ms)
✔ G10 graph nodes exactly 2048 pass and 2049 fail before expansion (162.7645ms)
✔ G11 graph edges exactly 8192 pass and 8193 fail before expansion (245.5795ms)
✔ G12 dependencies per claim exactly 1024 pass and 1025 fail (117.9649ms)
✔ G13 derivation cannot silently drop or duplicate claims, grants or authorities (59.4943ms)
✔ G14 claimed identity, dependency identity and candidate root mismatches reject (24.3602ms)
✔ G15 normalized grant identity omits audit bytes, retains classes and scoped assumptions (2.2312ms)
✔ G16 noncanonical normative array order rejects instead of silently changing identity (10.4969ms)
✔ G17 derivation enforces the edge ceiling while expanding verified claim dependencies (718.1053ms)
✔ G18 arbitrary object property insertion order preserves exact graph and authority bytes (203.6363ms)
✔ HB01: all sixteen Phase 1 bundles preserve exact history, qualifications and independent provider projections (344.5843ms)
✔ HB02: MO-1306 binds nineteen immutable raw rows and exact twelve negative history projections (70.5975ms)
✔ HB03: MO-1306 preserves all independent provider axes and ten disclosures (50.1937ms)
✔ HB04: known recurrence links only active mandatory gates, including an unavailable current gate (14.8046ms)
✔ HB05: observed recurrence preserves historical outcome while excluding optional and inactive links (95.3505ms)
✔ HB06: current-applicable history cannot erase an unavailable gate condition (15.0228ms)
✔ HB07 immutable granted history rejects FAIL to PASS rewrite (30.5872ms)
✔ HB07 immutable granted history rejects BLOCKED removal (32.6807ms)
✔ HB07 immutable granted history rejects changed historical disposition (31.1147ms)
✔ HB07 immutable granted history rejects wrong historical source (32.823ms)
✔ HB07 immutable granted history rejects wrong candidate provenance (29.9771ms)
✔ HB07 immutable granted history rejects omitted required unresolved history (29.352ms)
✔ HB07 immutable granted history rejects fabricated resolution (27.0234ms)
✔ HB07 immutable granted history rejects duplicate conflicting history (31.6651ms)
✔ HB08: malformed PASS history and duplicate conflicting rows remain invalid with fixture-owned updated pins (116.3929ms)
✔ HB09: reviewed history must resolve nested source and authority lineage (126.5829ms)
✔ HB10: supplied scope and history inventories reject omissions and unknown condition references (170.2023ms)
✔ QB01: qualifications reject omission (59.2778ms)
✔ QB01: qualifications reject impact downgrade (55.6779ms)
✔ QB01: qualifications reject wrong provider (55.6556ms)
✔ QB01: qualifications reject wrong gate (51.1849ms)
✔ QB01: qualifications reject unknown code (54.1907ms)
✔ QB01: qualifications reject wrong scope authority (49.4977ms)
✔ QB01: qualifications reject disclosure removal (46.4059ms)
✔ QB01: qualifications reject fabricated authority member (49.4008ms)
✔ QB02: scope qualification inventory rejects extra, omitted and conflicting records (212.1564ms)
✔ QB03: an identical qualification shared by granted claims merges exact claim/grant identities (106.4126ms)
✔ QB04: historical disclosures require exact preserved condition and gate set (154.2672ms)
✔ QB05: bounded advisory and REST scope require their exact disclosures (56.7757ms)
✔ QB06: unavailable scope retains known qualified history without inventing completeness (45.7134ms)
✔ QB07: unavailable history retains known disclosures but still validates supplied scope condition inventory (127.368ms)
✔ QB08: both unavailable inventories retain locally valid known qualifications and defer missing inventory references (85.8875ms)
✔ PB01 immutable MO-1306 authority rejects false github execution promotion (27.0892ms)
✔ PB01 immutable MO-1306 authority rejects false gitlab execution promotion (27.1997ms)
✔ PB01 immutable MO-1306 authority rejects false jenkins execution promotion (28.2126ms)
✔ PB01 immutable MO-1306 authority rejects false azure execution promotion (25.3141ms)
✔ PB02: full GitHub hosted certification requires all four exact case facts (40.4218ms)
✔ PB03: provider labels cannot alias, substitute provider identity, or remove Generic certification unnoticed (93.7231ms)
✔ PB04: contract-only providers cannot claim SUPPORTED while not live certified (149.6992ms)
✔ PB05: known lower-minimum unsupported facts are retained for 2A blockers with no fabricated certification (16.1059ms)
✔ PB06: unavailable provider parents produce no fabricated provider observation (9.5391ms)
✔ PB07: independently reviewed validation and execution facts do not imply a universal certification ranking (8.607ms)
✔ DB01: selection order does not affect projection bytes or mutate input, and outputs are detached (75.6507ms)
✔ DB02: semantic history and qualification set order remains frozen and rejects reordered arrays (86.3828ms)
✔ LB01: history record count accepts 128 and rejects 129 without truncation (32.9981ms)
✔ LB02: assessment qualification union accepts 128 and rejects 129 across individually bounded claims (35.8938ms)
✔ LB03: exact original disposition length accepts 256 printable characters and rejects 257 (16.2658ms)
✔ IB01: complete independently pinned MO-1306 verifier retains exact history, provider state and qualifications (711.2299ms)
✔ IB02: complete verifier rejects schema-valid rewritten or removed history despite fresh raw pins (431.834ms)
✔ IB03: complete verifier rejects all four MO-1306 execution promotions with unchanged reviewed grants (607.8941ms)
✔ IB04: complete verifier uses dedicated qualification mismatch classification (225.4791ms)
✔ IB05: complete verifier uses dedicated history mismatch classification for PASS rewriting (39.3856ms)
✔ IB06: independently pinned source bytes and candidate context bind historical claims (114.451ms)
✔ L01 authority byte admission includes the exact ceiling and rejects plus one before parse/copy (19.9424ms)
✔ L02 envelope byte ceiling is enforced in acquisition before snapshot copying (61.3975ms)
✔ L03 manifest claim admission is 64 envelopes, independent of the finite gate authority limit (20.4713ms)
✔ L04 grant representation admits 64 and rejects 65 without claiming all grants fit the closed profile (15.2933ms)
✔ L05 claim dependencies and every explicit dependency reference list admit 1024 and reject 1025 (79.1178ms)
✔ L06 root, grant and claim assumption sets admit 32 and reject 33 (13.5507ms)
✔ L07 history representation admits 128 immutable rows and rejects 129 (30.1679ms)
✔ L08 qualification representation admits 128 and rejects 129 without truncation (21.0062ms)
✔ L09 scope qualification/condition reference sets each enforce their exact 128 cap (10.8103ms)
✔ L10 source references admit 128 and authority source references admit 32 at their declared schemas (5.6988ms)
✔ L11 normalized authority and audit digest reference capacities are explicit, not generic INPUT errors (90.5312ms)
✔ L12 independent cap failures never fabricate a partial verified projection (17.1942ms)
✔ P2B projection and independent result evidence: could-not-evaluate (235.7883ms)
✔ P2B projection and independent result evidence: history-blocker-unavailable (157.8865ms)
✔ P2B projection and independent result evidence: informational-ready (138.0207ms)
✔ P2B projection and independent result evidence: metadata-only (166.2377ms)
✔ P2B projection and independent result evidence: mixed-precedence (160.3259ms)
✔ P2B projection and independent result evidence: mo1306-qualified (741.4943ms)
✔ P2B projection and independent result evidence: not-ready (189.701ms)
✔ P2B projection and independent result evidence: post-tag-absent (137.8072ms)
✔ P2B projection and independent result evidence: post-tag-lightweight (159.2757ms)
✔ P2B projection and independent result evidence: post-tag-ready (154.6027ms)
✔ P2B projection and independent result evidence: post-tag-wrong-target (146.4974ms)
✔ P2B projection and independent result evidence: pre-tag-present (157.2909ms)
✔ P2B projection and independent result evidence: qualified (152.6805ms)
✔ P2B projection and independent result evidence: ready (157.7121ms)
✔ P2B projection and independent result evidence: rest-qualified (120.0403ms)
✔ P2B projection and independent result evidence: selective-reuse (177.5219ms)
✔ P2B verified snapshots detach and freeze every returned fact (63.6708ms)
✔ P2B metadata changes only raw proof binding and diagnostics (122.2604ms)
✔ P2B opaque bounded advisory timestamp has no age window or invented syntax (320.4022ms)
✔ P2B deterministic internal projection uses canonical records, not object insertion order (125.675ms)
✔ P2B Freeze-mandated set ordering rejects permutations instead of normalizing signed identity (193.8433ms)
✔ P2B explicit reuse dispositions preserve unrelated dependency closure (81.9411ms)
✔ P2B independently reverified source mutation cannot hide behind result self-hashes (20.1273ms)
✔ P2B result evidence tamper: candidate (407.3282ms)
✔ P2B result evidence tamper: authorityIdentityDigest (425.3498ms)
✔ P2B result evidence tamper: qualification (379.5705ms)
✔ P2B result evidence tamper: history (361.4967ms)
✔ P2B result evidence tamper: provider (357.5523ms)
✔ P2B result evidence tamper: graph (343.8021ms)
✔ P2B result evidence tamper: audit (333.054ms)
✔ P2B result evidence tamper: gateBinding (444.4505ms)
✔ P2B proof material is exact frozen audit, independent of final readiness calculation (74.0311ms)
✔ R01 raw source integrity precedes an earlier logical envelope coverage contradiction (75.2437ms)
✔ R02 earlier validation phase precedes a smaller later-phase error exit (48.5953ms)
✔ R03 independent source corruption precedes current-candidate authority mismatch (46.8973ms)
✔ APIBOOT01 earlier malformed config dominates later oversized evidence (22.0969ms)
✔ APIBOOT02 config shape error dominates wrong authority pin in same phase (15.7745ms)
✔ APIBOOT03 malformed config dominates oversized authority safely (8.1345ms)
✔ APIBOOT04 exact manifest ENVELOPE cap applied before bytes copy (11.804ms)
✔ APIBOOT05 exact manifest file set checked before copying unknown file (11.0414ms)
✔ APIBOOT06 snapshots remain detached and byte-identical (15.9406ms)
✔ APIBOOT07 TIMEOUT interruption dominates collected parse errors (0.4919ms)
✔ APIBOOT07 CANCELLED interruption dominates collected parse errors (0.3475ms)
✔ APIBOOT08 hostile typed-array byteLength override is never invoked (11.7407ms)
✔ C2C01 corrected limits leave all byte ceilings unchanged (1.6329ms)
✔ C2C02 every required observation has a canonical closed framed representation (20.2873ms)
✔ C2C03 old wire version missing session unknown fields and arbitrary operations reject (2.1336ms)
✔ C2C04 operation sequence and fixed output leaf authority are closed (2.8139ms)
✔ C2C05 bounded frames reject trailing requests responses and alternate session (0.8641ms)
✔ C2C06 complete acquisition then terminated worker then five publication requests (8.2613ms)
✔ C2C07 helper completion cannot substitute for fully quiescent exit (6.0106ms)
✔ C2C08 helper and worker overlap and repeated worker transition are terminal (9.2245ms)
✔ C2C09 verify remains four reads followed by worker and cannot publish (5.3977ms)
✔ C2C10 request failure abort and transport failure permit no retry (6.1943ms)
✔ C2C11 full component chains reject missing ancestors wrong paths reparse and hardlinks (1.5565ms)
✔ C2C12 acquisition parent cannot be reused after native identity change (4.1195ms)
✔ C2C13 path and cross-invocation session substitutions terminate assessment (2.2473ms)
✔ C2C14 capability branding root binding and single claim exclude substitution (14.2344ms)
✔ C2C15 unclaimed out-of-order or concurrent inspection cannot be retried (11.8577ms)
✔ C2C16 bridge requires exact transport fields and confirmed process quiescence (6.5088ms)
✔ C2C17 per-invocation deadline includes response parsing and process exit (1.785ms)
✔ C2C18 aggregate helper budget cannot silently multiply with sequential invocations (4.6737ms)
✔ C2C19 overall CLI deadline and nonmonotonic clock fail without grace (5.0812ms)
✔ C2C20 framed publication performs exact five observations and one final rename (50.5779ms)
✔ C2C21 cancellation after each publication inspection is terminal and retains incomplete attempt (64.4894ms)
✔ C2C22 immediate pre-rename checkpoint blocks timeout after final native observation (15.4ms)
✔ C2C23 final native pending identity comparison rejects stale replacement and retains bytes (17.6817ms)
✔ C2C24 mismatched branded capability and legacy callback cannot create an output root (2.2945ms)
✔ F01 publication status is an immutable operational snapshot before submission (43.1595ms)
✔ F02 timeout before submission prevents any rename and retains pending (22.3821ms)
✔ F03 cancellation before submission prevents rename and is terminal (23.5325ms)
✔ F04 actual admission checkpoint rejects a deadline reached after final native inspection (27.7899ms)
✔ F05 admitted delayed success remains unresolved at post-submission deadline (28.2168ms)
✔ F06 cancellation after submission is recorded without early cancellation or namespace cleanup (23.3877ms)
✔ F07 admitted failure after deadline resolves OUTPUT only after exact submitted operation settles (23.8446ms)
✔ F08 no second rename or token reuse while an admitted rename is outstanding (24.203ms)
✔ F09 commit status changes only after successful actual rename and then preserves bytes (21.35ms)
✔ F10 mandatory checkpoint overrun after settlement is operational metadata, not precommit TIMEOUT (19.7558ms)
✔ F11 postcommit deadline or cancellation prevents a success summary and retains committed final (32.6025ms)
✔ F12 normal verified commit permits transport while precommit and failed tokens do not (18.3797ms)
✔ F13 wrong interruption code and foreign token cannot create publication authority (14.9487ms)
✔ F14 changed pending bytes before admission prevent rename (14.3348ms)
✔ F15 existing final is retained and finalization never retries or chooses another basename (14.6424ms)
✔ F16 postcommit transport error cannot retract or reclassify committed final as partial (18.3188ms)
✔ F17 bounded invocation timers are allowed and destroyed after successful operation (1.0658ms)
✔ F18 timer lifetime policy detects a persistent cross-run scheduler (1.4213ms)
✔ F19 actual foundation finalization leaves no live timers across sequential invocations (42.0494ms)
✔ F20 failed and cancelled foundation calls leave no cross-run timers (37.1024ms)
✔ F21 failed read-only namespace verification retains committed output and clears its timer (20.278ms)
✔ F22 read-only verification timeout is bounded and late handle completion only closes (2025.8217ms)
✔ F23 interruption recorded while pre-submission read is pending prevents later admission (15.6401ms)
✔ F24 the first observed pre-submission interruption remains terminal (15.8556ms)
✔ LP01 exact trusted Windows PowerShell 5.1 executable (1.1947ms)
✔ LP02 exact fixed argument ordering and Bypass value (0.7949ms)
✔ LP03 fixed packaged helper path from module location (0.143ms)
✔ LP04 no encoded command, expression or shell authority (0.1257ms)
✔ LP05 caller object cannot supply executable, script or policy (0.1569ms)
✔ LP06 launch specification and nested authority are immutable (0.4984ms)
✔ LP07 ambient PATH, system-root, policy and script poisons cannot select launch (0.4009ms)
✔ LP08 actual transport calls spawn with fixed array and sanitized environment (1.2707ms)
✔ LP09 CLI cannot select --script (0.5115ms)
✔ LP09 CLI cannot select --execution-policy (0.2248ms)
✔ LP09 CLI cannot select --powershell (0.1847ms)
✔ LP10 no persistent policy or registry mutation code is introduced (8.463ms)
✔ LP11 public package exports cannot expose launch override (2.0857ms)
✔ NRT01 native CPU-bound worker is terminated at fixed 10000ms CLI evaluation deadline (8.2791ms)
✔ PTERM01 a rejected second staging terminally consumes publication (52.8203ms)
✔ PTERM02 premature finalization consumes token before later staging (11.6139ms)
✔ PCHAIN5-attributes all-field cross-slot stability rejects changed attributes (10.1129ms)
✔ PCHAIN5-byteLength all-field cross-slot stability rejects changed byteLength (5.5986ms)
✔ PCHAIN5-fileId all-field cross-slot stability rejects changed fileId (6.1826ms)
✔ PCHAIN5-finalPath all-field cross-slot stability rejects changed finalPath (7.3959ms)
✔ PCHAIN5-isDirectory all-field cross-slot stability rejects changed isDirectory (6.1323ms)
✔ PCHAIN5-linkCount all-field cross-slot stability rejects changed linkCount (6.8273ms)
✔ PCHAIN5-volumeSerial all-field cross-slot stability rejects changed volumeSerial (7.4903ms)
✔ PCHAIN6-attributes all-field cross-slot stability rejects changed attributes (11.7922ms)
✔ PCHAIN6-byteLength all-field cross-slot stability rejects changed byteLength (7.1584ms)
✔ PCHAIN6-fileId all-field cross-slot stability rejects changed fileId (11.1257ms)
✔ PCHAIN6-finalPath all-field cross-slot stability rejects changed finalPath (11.1746ms)
✔ PCHAIN6-isDirectory all-field cross-slot stability rejects changed isDirectory (8.2383ms)
✔ PCHAIN6-linkCount all-field cross-slot stability rejects changed linkCount (11.7632ms)
✔ PCHAIN6-volumeSerial all-field cross-slot stability rejects changed volumeSerial (10.8116ms)
✔ PCHAIN7-attributes all-field cross-slot stability rejects changed attributes (10.8929ms)
✔ PCHAIN7-byteLength all-field cross-slot stability rejects changed byteLength (9.2335ms)
✔ PCHAIN7-fileId all-field cross-slot stability rejects changed fileId (8.4316ms)
✔ PCHAIN7-finalPath all-field cross-slot stability rejects changed finalPath (9.809ms)
✔ PCHAIN7-isDirectory all-field cross-slot stability rejects changed isDirectory (9.7935ms)
✔ PCHAIN7-linkCount all-field cross-slot stability rejects changed linkCount (12.2644ms)
✔ PCHAIN7-volumeSerial all-field cross-slot stability rejects changed volumeSerial (8.5769ms)
✔ PCHAIN8-attributes all-field cross-slot stability rejects changed attributes (16.3844ms)
✔ PCHAIN8-byteLength all-field cross-slot stability rejects changed byteLength (16.4556ms)
✔ PCHAIN8-fileId all-field cross-slot stability rejects changed fileId (17.9927ms)
✔ PCHAIN8-finalPath all-field cross-slot stability rejects changed finalPath (19.2498ms)
✔ PCHAIN8-isDirectory all-field cross-slot stability rejects changed isDirectory (19.5923ms)
✔ PCHAIN8-linkCount all-field cross-slot stability rejects changed linkCount (15.1496ms)
✔ PCHAIN8-volumeSerial all-field cross-slot stability rejects changed volumeSerial (15.9938ms)
✔ PCHAIN9-attributes all-field cross-slot stability rejects changed attributes (19.3802ms)
✔ PCHAIN9-byteLength all-field cross-slot stability rejects changed byteLength (21.9031ms)
✔ PCHAIN9-fileId all-field cross-slot stability rejects changed fileId (23.6685ms)
✔ PCHAIN9-finalPath all-field cross-slot stability rejects changed finalPath (18.868ms)
✔ PCHAIN9-isDirectory all-field cross-slot stability rejects changed isDirectory (19.3874ms)
✔ PCHAIN9-linkCount all-field cross-slot stability rejects changed linkCount (17.5438ms)
✔ PCHAIN9-volumeSerial all-field cross-slot stability rejects changed volumeSerial (19.0309ms)
✔ PNEG01 pending native byteLength must equal staged detached bytes (19.2208ms)
✔ PNEG02 wrong root branded capability cannot mutate either destination (4.174ms)
✔ PNEG03 foreign capability and legacy callback cannot create a directory (1.3089ms)
✔ PNEG04 foreign token never authorizes staging or finalization (0.4762ms)
✔ PNEG05 second capability claim terminates original token (8.1413ms)
✔ PNEG06 second finalization preserves committed exact file and cannot rename again (20.557ms)
✔ PNEG07 same-length changed pending bytes fail final reread before slot9 (18.0852ms)
✔ PNEG08 preexisting pending file is never overwritten and remains diagnostic evidence (9.892ms)
✔ PNEG09 preexisting final file causes failure and remains byte-identical (17.3416ms)
✔ PNEG10 existing output directory cannot be claimed or overwritten (5.8645ms)
✔ PNEG11-TIMEOUT immediate pre-rename checkpoint is terminal (17.1621ms)
✔ PNEG11-CANCELLED immediate pre-rename checkpoint is terminal (18.1967ms)
✔ PNEG12-before-write cancellation retains owned pending bytes without publishing (10.1606ms)
✔ PNEG12-after-write cancellation retains owned pending bytes without publishing (10.9503ms)
✔ PNEG13 in-flight staging cannot revive token after concurrent staging rejection (9.6152ms)
✔ PNEG14 wrong session from framed transport aborts sequence and cannot publish (4.1589ms)
✔ PDET01 staging snapshots caller bytes before async work (19.8566ms)
✔ PDET02 changing roots and assessment sessions does not alter exact published bytes (39.3329ms)
✔ PTERM03 concurrent rejection during final reread cannot launch slot9 (16.9829ms)
✔ PTERM04 concurrent rejection during pending close cannot launch slot8 (13.9776ms)
# QUEUED_CLI {"mode":"deadline","scope":"ACTUAL_QUEUED_RENAME_AND_CLI_WITH_SYNTHETIC_IDENTITY_FRAMES","requests":1,"engineeringClock":"Monotonic elapsed-time offset at slot 8; original CLI absolute deadline has 100ms remaining, no budget restart.","finiteJobs":4,"observation":{"elapsedMs":336.47139999999996,"settled":false,"snapshot":{"kind":"cli","deadline":30081.2879,"helpers":0,"workers":1,"helperUsedMs":0,"activeRole":null,"cleanupConfirmed":false,"publication":{"phase":"COMMIT_IN_PROGRESS","admitted":true,"deadlineExpiredAfterAdmission":true,"cancelledAfterAdmission":true,"namespaceVerified":false,"dispositionDeadline":null},"terminalCode":null,"terminalAt":null,"cleanupDeadline":null,"events":[{"type":"start","at":139.3195,"role":"worker","deadline":10139.2463,"ordinal":1},{"type":"observation","at":140.76,"role":"worker","threadId":1,"resourceLimits":{"maxYoungGenerationSizeMb":16,"maxOldGenerationSizeMb":128,"codeRangeSizeMb":-1,"stackSizeMb":4}},{"type":"quiescent","at":236.7818,"role":"worker","ordinal":1},{"type":"publication-interruption","at":30086.970599999997,"code":"MO1307_TIMEOUT","phase":"COMMIT_IN_PROGRESS"},{"type":"publication-interruption","at":30138.524199999996,"code":"MO1307_CANCELLED","phase":"COMMIT_IN_PROGRESS"}]},"finalPresent":false,"pendingPresent":true,"stdoutBytes":0},"elapsedMs":1561.043,"snapshot":{"kind":"cli","deadline":30081.2879,"helpers":0,"workers":1,"helperUsedMs":0,"activeRole":null,"cleanupConfirmed":true,"publication":{"phase":"COMMITTED","admitted":true,"deadlineExpiredAfterAdmission":true,"cancelledAfterAdmission":true,"namespaceVerified":true,"dispositionDeadline":3545.6065},"terminalCode":"MO1307_OUTPUT","terminalAt":31269.163299999997,"cleanupDeadline":3545.6065,"events":[{"type":"start","at":139.3195,"role":"worker","deadline":10139.2463,"ordinal":1},{"type":"observation","at":140.76,"role":"worker","threadId":1,"resourceLimits":{"maxYoungGenerationSizeMb":16,"maxOldGenerationSizeMb":128,"codeRangeSizeMb":-1,"stackSizeMb":4}},{"type":"quiescent","at":236.7818,"role":"worker","ordinal":1},{"type":"publication-interruption","at":30086.970599999997,"code":"MO1307_TIMEOUT","phase":"COMMIT_IN_PROGRESS"},{"type":"publication-interruption","at":30138.524199999996,"code":"MO1307_CANCELLED","phase":"COMMIT_IN_PROGRESS"},{"type":"terminal","at":31269.2061,"code":"MO1307_OUTPUT","stage":"PUBLICATION"}]},"failure":"MO1307_OUTPUT","exitCode":21,"stdoutBytes":0,"failureCleanupDeadline":3545.6065}
✔ FCLI actual queued rename awaits settlement after deadline (1575.8757ms)
# QUEUED_CLI {"mode":"cancellation","scope":"ACTUAL_QUEUED_RENAME_AND_CLI_WITH_SYNTHETIC_IDENTITY_FRAMES","requests":1,"engineeringClock":"Real monotonic clock","finiteJobs":4,"observation":{"elapsedMs":248.0429999999999,"settled":false,"snapshot":{"kind":"cli","deadline":31651.5128,"helpers":0,"workers":1,"helperUsedMs":0,"activeRole":null,"cleanupConfirmed":false,"publication":{"phase":"COMMIT_IN_PROGRESS","admitted":true,"deadlineExpiredAfterAdmission":false,"cancelledAfterAdmission":true,"namespaceVerified":false,"dispositionDeadline":null},"terminalCode":null,"terminalAt":null,"cleanupDeadline":null,"events":[{"type":"start","at":1697.6891,"role":"worker","deadline":11697.6671,"ordinal":1},{"type":"observation","at":1698.3857,"role":"worker","threadId":2,"resourceLimits":{"maxYoungGenerationSizeMb":16,"maxOldGenerationSizeMb":128,"codeRangeSizeMb":-1,"stackSizeMb":4}},{"type":"quiescent","at":1844.0116,"role":"worker","ordinal":1},{"type":"publication-interruption","at":1899.6774,"code":"MO1307_CANCELLED","phase":"COMMIT_IN_PROGRESS"}]},"finalPresent":false,"pendingPresent":true,"stdoutBytes":0},"elapsedMs":1676.6876999999997,"snapshot":{"kind":"cli","deadline":31651.5128,"helpers":0,"workers":1,"helperUsedMs":0,"activeRole":null,"cleanupConfirmed":true,"publication":{"phase":"COMMITTED","admitted":true,"deadlineExpiredAfterAdmission":false,"cancelledAfterAdmission":true,"namespaceVerified":true,"dispositionDeadline":5207.6636},"terminalCode":"MO1307_OUTPUT","terminalAt":3209.6096,"cleanupDeadline":5207.6636,"events":[{"type":"start","at":1697.6891,"role":"worker","deadline":11697.6671,"ordinal":1},{"type":"observation","at":1698.3857,"role":"worker","threadId":2,"resourceLimits":{"maxYoungGenerationSizeMb":16,"maxOldGenerationSizeMb":128,"codeRangeSizeMb":-1,"stackSizeMb":4}},{"type":"quiescent","at":1844.0116,"role":"worker","ordinal":1},{"type":"publication-interruption","at":1899.6774,"code":"MO1307_CANCELLED","phase":"COMMIT_IN_PROGRESS"},{"type":"terminal","at":3209.6298,"code":"MO1307_OUTPUT","stage":"PUBLICATION"}]},"failure":"MO1307_OUTPUT","exitCode":21,"stdoutBytes":0,"failureCleanupDeadline":5207.6636}
✔ FCLI actual queued rename awaits settlement after cancellation (1684.3371ms)
✔ PWAIT terminal cancellation prevents late advancement after mkdir (70.7809ms)
✔ PWAIT terminal cancellation prevents late advancement after sync (81.767ms)
✔ PWAIT terminal cancellation prevents late advancement after final-open (84.1133ms)
# STDOUT_DISPOSITION {"mode":"timeout","delivered":353,"snapshot":{"kind":"cli","deadline":33572.7305,"helpers":0,"workers":1,"helperUsedMs":0,"activeRole":null,"cleanupConfirmed":true,"publication":{"phase":"COMMITTED","admitted":true,"deadlineExpiredAfterAdmission":true,"cancelledAfterAdmission":false,"namespaceVerified":true,"dispositionDeadline":5746.113600000001},"terminalCode":"MO1307_OUTPUT","terminalAt":33589.4977,"cleanupDeadline":35589.4977,"events":[{"type":"start","at":3619.9678,"role":"worker","deadline":13619.9225,"ordinal":1},{"type":"observation","at":3620.6998,"role":"worker","threadId":3,"resourceLimits":{"maxYoungGenerationSizeMb":16,"maxOldGenerationSizeMb":128,"codeRangeSizeMb":-1,"stackSizeMb":4}},{"type":"quiescent","at":3726.975,"role":"worker","ordinal":1},{"type":"publication-transport","at":3747.5472},{"type":"publication-interruption","at":33589.4101,"code":"MO1307_TIMEOUT","phase":"COMMITTED"},{"type":"terminal","at":33589.5168,"code":"MO1307_OUTPUT","stage":"PUBLICATION"}]}}
✔ FCLI post-commit stalled stdout timeout retains final and one transport allowance (235.1721ms)
# STDOUT_DISPOSITION {"mode":"cancellation","delivered":353,"snapshot":{"kind":"cli","deadline":33807.2718,"helpers":0,"workers":1,"helperUsedMs":0,"activeRole":null,"cleanupConfirmed":true,"publication":{"phase":"COMMITTED","admitted":true,"deadlineExpiredAfterAdmission":false,"cancelledAfterAdmission":true,"namespaceVerified":true,"dispositionDeadline":5976.4241},"terminalCode":"MO1307_OUTPUT","terminalAt":4019.484,"cleanupDeadline":6019.484,"events":[{"type":"start","at":3846.6673,"role":"worker","deadline":13846.648799999999,"ordinal":1},{"type":"observation","at":3847.1953,"role":"worker","threadId":4,"resourceLimits":{"maxYoungGenerationSizeMb":16,"maxOldGenerationSizeMb":128,"codeRangeSizeMb":-1,"stackSizeMb":4}},{"type":"quiescent","at":3956.093,"role":"worker","ordinal":1},{"type":"publication-transport","at":3977.2738},{"type":"publication-interruption","at":4019.4182,"code":"MO1307_CANCELLED","phase":"COMMITTED"},{"type":"terminal","at":4019.4963,"code":"MO1307_OUTPUT","stage":"PUBLICATION"}]}}
✔ FCLI post-commit stalled stdout cancellation retains final and one transport allowance (234.6026ms)
✔ R01 api exact absolute deadline and equality (1.9995ms)
✔ R01 cli exact absolute deadline and equality (0.1811ms)
✔ R02 earlier cancellation stays terminal after deadline (0.2725ms)
✔ R03 timeout wins simultaneous first cancellation observation (0.2571ms)
✔ R04 preaborted signal prevents any launch (0.6048ms)
✔ R05 monotonic decreasing clock rejects (0.2861ms)
✔ R06 API cannot launch helper (0.352ms)
✔ R07 helper deadline includes all active time; equality rejects (0.72ms)
✔ R08 aggregate deadline does not reset across helpers (0.7802ms)
✔ R09 worker time is excluded from helper aggregate but inside overall (0.4281ms)
✔ R10 helper overlap is terminal and cleans prior owned role (0.446ms)
✔ R11 helper and worker cannot overlap (0.3971ms)
✔ R12 frame alone cannot advance before actual close (70.522ms)
✔ R13 launch uses only fixed executable/script/environment and no shell (2.011ms)
✔ R14 helper trailing byte fails closed (2.7595ms)
✔ R14 helper extra frame fails closed (9.3193ms)
✔ R14 helper debug stdout fails closed (2.0155ms)
✔ R14 helper truncated frame fails closed (1.0215ms)
✔ R14 helper oversized prefix fails closed (1.0858ms)
✔ R14 helper stderr overflow fails closed (1.431ms)
✔ R14 helper nonzero exit fails closed (11.9596ms)
✔ R15 cancellation in launch terminates and ignores later valid frame (1.7241ms)
✔ R16 cancellation during transport cleans child (13.7309ms)
✔ R17 fixed actual worker has empty environment and exact heap intent (36.2695ms)
✔ R18 successful worker result waits for termination (148.5587ms)
✔ R19 actual worker crash fails closed (36.3182ms)
✔ R19 actual worker duplicate fails closed (31.9422ms)
✔ R19 actual worker stdout fails closed (33.1826ms)
✔ R20 cancellation actually terminates CPU-bound worker thread (47.9553ms)
✔ R21 production worker executes accepted 2A/2B and confirms quiescence (253.9376ms)
✔ R22 adapter matches closed 2A handoff; operational/session fields excluded (0.351ms)
✔ R23 verify evidence seam excludes result and decision bytes (0.1742ms)
✔ R24 malformed decision uses dedicated mismatch, cap uses resource (0.3713ms)
✔ R25 actual worker policy denies filesystem/network/process/module escape imports (60.1735ms)
✔ R26 cancellation preempts pending publication promise without another role (1.2971ms)
✔ R27 late publication promise cannot restore terminal success (0.3359ms)
✔ SUP01 post-rename TIMEOUT returns OUTPUT and retains exact committed result (225.2142ms)
✔ SUP01 post-rename CANCELLED returns OUTPUT and retains exact committed result (168.4218ms)
✔ SUP02 verify stdout backpressure times out without product filesystem changes (175.6765ms)
✔ SUP03 input root identity change between helper slots fails closed (14.9818ms)
✔ SUP04 physical file alias across bootstrap slots is rejected despite distinct paths (20.2973ms)
✔ SUP05 malformed external decision rejects without stdout or changes (226.1089ms)
✔ SUP06 wrong external decision proof binding rejects (204.1356ms)
✔ SUP07 contrary APPROVE preserves not-ready and reports unverified authenticity (209.0938ms)
✔ SUP07 contrary APPROVE preserves could-not-evaluate and reports unverified authenticity (226.6887ms)
✔ SUP08 slot4 output inspection ERROR maps to frozen OUTPUT before worker (44.5027ms)
✔ SURFACE evaluate nine slots exact bytes/summary/exit ready (218.0803ms)
✔ SURFACE evaluate nine slots exact bytes/summary/exit qualified (163.1501ms)
✔ SURFACE evaluate nine slots exact bytes/summary/exit not-ready (152.2343ms)
✔ SURFACE evaluate nine slots exact bytes/summary/exit could-not-evaluate (155.4028ms)
✔ SURFACE verify four slots exit0 no writes (138.9795ms)
✔ SURFACE decision transport downstream and authenticity retained (184.9297ms)
✔ SURFACE verify altered supplied result rejects before stdout (165.5792ms)
✔ SURFACE tag observations transported as original bytes without Git (96.7372ms)
✔ SURFACE determinism across random sessions and output roots (377.2063ms)
✔ SURFACE complete text output (181.5693ms)
✔ SURFACE post-rename stdout failure returns OUTPUT retains committed result (164.8434ms)
✔ SURFACE cancellation before worker no directory publication (41.9686ms)
✔ SURFACE cancellation before final inspection retains pending (179.5303ms)
✔ SURFACE 2B to 2A adapter selects exact handoff fields (0.4538ms)
✔ API admission wrong argument (0.769ms)
✔ API admission shared array (12.1857ms)
✔ API admission duplicate file ID (13.6855ms)
✔ API admission oversized candidate (7.8781ms)
✔ API admission unknown property (0.3661ms)
✔ API admission wrong pin (0.2137ms)
✔ API snapshots all bytes before asynchronous work (12.854ms)
✔ API caller mutation after entry cannot affect worker (303.6023ms)
✔ API missing declared file rejects (9.219ms)
✔ API abort before entry is terminal (0.3138ms)
✔ API abort during worker terminates (25.6757ms)
✔ API public evaluate and verify execute accepted integrated semantics (609.8151ms)
✔ CLI dispatch "" (0.5373ms)
✔ CLI dispatch "unknown" (0.0856ms)
✔ CLI dispatch "constructor" (0.0808ms)
✔ CLI dispatch "toString" (0.0541ms)
✔ CLI dispatch "__proto__" (0.0519ms)
✔ CLI dispatch "Evaluate" (0.0513ms)
✔ CLI negative missing command (0.0834ms)
✔ CLI negative missing flag (0.1046ms)
✔ CLI negative duplicate flag (0.0483ms)
✔ CLI negative unknown flag (0.0411ms)
✔ CLI negative unsafe path (0.2592ms)
✔ CLI negative overlong argument (0.0956ms)
# TIMER_WITNESS [{"name":"success-a","observedTimers":5,"remainingTimers":0,"serverOrWatcherResources":0,"callbacksAfterSettlement":0,"outcome":"COMMITTED","activeRole":null},{"name":"write-failure","observedTimers":4,"remainingTimers":0,"serverOrWatcherResources":0,"callbacksAfterSettlement":0,"outcome":"MO1307_OUTPUT","activeRole":null},{"name":"write-cancellation","observedTimers":4,"remainingTimers":0,"serverOrWatcherResources":0,"callbacksAfterSettlement":0,"outcome":"MO1307_CANCELLED","activeRole":null},{"name":"rename-failure","observedTimers":6,"remainingTimers":0,"serverOrWatcherResources":0,"callbacksAfterSettlement":0,"outcome":"MO1307_OUTPUT","activeRole":null},{"name":"post-admission-cancellation","observedTimers":6,"remainingTimers":0,"serverOrWatcherResources":0,"callbacksAfterSettlement":0,"outcome":"MO1307_OUTPUT","activeRole":null},{"name":"stalled-write-cancellation","observedTimers":3,"remainingTimers":0,"serverOrWatcherResources":0,"callbacksAfterSettlement":0,"outcome":"MO1307_CANCELLED","activeRole":null},{"name":"success-b","observedTimers":5,"remainingTimers":0,"serverOrWatcherResources":0,"callbacksAfterSettlement":0,"outcome":"COMMITTED","activeRole":null}]
✔ N24-C invocation timers clear after success, write/rename failure and pre/post-admission cancellation including a stalled write; no server, watcher or cross-run callbacks (422.4761ms)
✔ D01 actual integrated evaluation and independent verify: could-not-evaluate (568.8917ms)
✔ D01 actual integrated evaluation and independent verify: history-blocker-unavailable (516.1461ms)
✔ D01 actual integrated evaluation and independent verify: informational-ready (436.5259ms)
✔ D01 actual integrated evaluation and independent verify: metadata-only (398.8163ms)
✔ D01 actual integrated evaluation and independent verify: mixed-precedence (540.5076ms)
✔ D01 actual integrated evaluation and independent verify: mo1306-qualified (2212.0459ms)
✔ D01 actual integrated evaluation and independent verify: not-ready (401.8501ms)
✔ D01 actual integrated evaluation and independent verify: post-tag-absent (362.3819ms)
✔ D01 actual integrated evaluation and independent verify: post-tag-lightweight (382.6464ms)
✔ D01 actual integrated evaluation and independent verify: post-tag-ready (444.1059ms)
✔ D01 actual integrated evaluation and independent verify: post-tag-wrong-target (376.2982ms)
✔ D01 actual integrated evaluation and independent verify: pre-tag-present (413.0424ms)
✔ D01 actual integrated evaluation and independent verify: qualified (396.6477ms)
✔ D01 actual integrated evaluation and independent verify: ready (385.7083ms)
✔ D01 actual integrated evaluation and independent verify: rest-qualified (343.2134ms)
✔ D01 actual integrated evaluation and independent verify: selective-reuse (440.9127ms)
✔ D02 all four states and blocker-over-CNE precedence survive the actual pipeline (486.2399ms)
✔ D03 adapter has exactly the accepted closed fields and never uses diagnostics as authority (130.2071ms)
✔ D04 MO1306 all nineteen source rows and twelve negative projections remain exact (385.4286ms)
✔ D05 MO1306 provider axes and ten disclosures retain their exact released limitations (408.8333ms)
✔ D06 MO1306 raw configuration lineage survives integration and original omission still rejects (217.3554ms)
✔ D07 verified historical applicability blocks an unavailable mandatory gate without erasing CNE (75.4876ms)
✔ D08 REST authority remains separate with mandatory same-host qualification and no providers (67.7519ms)
✔ D09 human decision binding is downstream and never changes readiness: ready/APPROVE (186.2224ms)
✔ D09 human decision binding is downstream and never changes readiness: ready/REJECT (180.3156ms)
✔ D09 human decision binding is downstream and never changes readiness: ready/DEFER (187.2384ms)
✔ D09 human decision binding is downstream and never changes readiness: qualified/APPROVE (225.3347ms)
✔ D09 human decision binding is downstream and never changes readiness: not-ready/APPROVE (210.8451ms)
✔ D10 mismatched human decision rejects: candidateDigest (203.4024ms)
✔ D10 mismatched human decision rejects: readinessDigest (206.2822ms)
✔ D10 mismatched human decision rejects: proofBindingDigest (201.1414ms)
✔ D11 tag-stage facts yield exact mandatory blockers and never execute Git (525.5986ms)
✔ D12 integrated operational failure remains an error: candidate substitution (4.8784ms)
✔ D12 integrated operational failure remains an error: trust-root mismatch (5.5456ms)
✔ D12 integrated operational failure remains an error: raw-source tamper (19.7011ms)
✔ D12 integrated operational failure remains an error: claim tamper under an old grant (42.0225ms)
✔ D12 integrated operational failure remains an error: grant substitution (46.5534ms)
✔ D12 integrated operational failure remains an error: stale dependency (50.0315ms)
✔ D12 integrated operational failure remains an error: history rewrite with intact grant (261.3399ms)
✔ D12 integrated operational failure remains an error: history PASS fabrication (384.4569ms)
✔ D12 integrated operational failure remains an error: qualification omission (97.3962ms)
✔ D12 integrated operational failure remains an error: provider false hosted promotion (414.2128ms)
✔ D12 integrated operational failure remains an error: dangling authority reference (41.2252ms)
✔ D12 integrated operational failure remains an error: profile substitution (10.2383ms)
✔ D12 integrated operational failure remains an error: path traversal rejected by the frozen manifest schema (10.6599ms)
✔ D13 result verification independently rechecks original raw bytes before trusting a valid result (30.5689ms)
✔ D14 self-consistent changed readiness passes evidence-only support but fails integrated recomputation (195.5784ms)
✔ D15 supplied result digest tamper rejects: readinessDigest (88.8827ms)
✔ D15 supplied result digest tamper rejects: proofBindingDigest (85.4292ms)
✔ D16 self-consistent result history or qualification omission cannot hide behind repaired hashes (847.0536ms)
✔ D17 derived graph is candidate-rooted, authority-rooted, closed and bounded (593.4238ms)
✔ D18 no supplied cyclic or dangling graph can replace independently derived evidence (202.7484ms)
✔ D19 repeated calls and nonsemantic object/map insertion order preserve exact normative bytes (343.292ms)
✔ D20 signed set ordering is preserved rather than silently normalized during integration (26.5408ms)
✔ D21 metadata affects exact proof audit while leaving all readiness semantics byte-identical (201.2656ms)
✔ D22 selective reuse stays explicit and relevant changes fail before readiness computation (180.5967ms)
✔ D23 evidenceInput strips only known verification transport fields and adds no authority (8.7666ms)
✔ D24 integrated preflight preserves accepted authority-before-semantic error priority (119.2957ms)
ℹ tests 639
ℹ suites 0
ℹ pass 639
ℹ fail 0
ℹ cancelled 0
ℹ skipped 0
ℹ todo 0
ℹ duration_ms 128173.234
