✔ package bin resolves to the production executable entry (7.3104ms)
✔ production CLI depends on the SDK facade and no lower platform layer (7.034ms)
✔ CLI output preserves direct SDK transition truth (1513.6916ms)
✔ Regression output is the exact public SDK report (1005.7972ms)
✔ Investigation navigation output is the exact public SDK result (1459.4125ms)
✔ version and help expose the deterministic supported command surface (1335.314ms)
✔ argument failures are stable, non-interactive, and use exit code 1 (3033.5875ms)
✔ observe requires explicit deterministic files and emits stable summaries (1964.0998ms)
✔ input validation failures use exit code 2 and deterministic JSON (2140.6468ms)
✔ all documented exit-code classes are observable (2755.3399ms)
✔ history grammar enumerations equal the SDK contract and the fixed usage message (1.6062ms)
✔ every valid history command fails closed and writes nothing (2149.7782ms)
✔ history grammar rejects malformed commands with MO1308_USAGE (5749.9456ms)
✔ history human errors carry the history code and the fixed message (137.0353ms)
✔ history help lists the exact frozen grammar (121.4151ms)
✔ non-history error envelopes are unchanged (no historyCode) (123.6051ms)
✔ history grammar performs no I/O, starts no process and reads no clock (R35, R37) (7.2208ms)
✔ W01 junctions and directory symlinks anywhere on the path or inside the ledger fail closed on every operation (R17, H40) (118.2776ms)
✔ W01b a reparse point that is neither a junction nor a symlink (an app-execution alias) is refused as an input file (H40) (107.5456ms)
✔ W02 a junction swapped in for a record directory during an append is detected; decoy content survives; the entry is never committed; reads then fail closed (H40) (44.097ms)
✔ W03 the entries directory swapped for a junction at the commit point is detected after the fact: the real entries stay unchanged, reads fail closed (H40) (39.2867ms)
✔ W04 NTFS hard links: publication leaves one link per file, never replaces a name, and an unremoved staging link is only an anomaly (R06, section 9.2) (97.3124ms)
✔ W05 exclusive-create semantics: an existing name is never opened for writing, even one locked by another process or differing only in case (R06) (1697.5361ms)
✔ W05b a sharing violation (another process holds a ledger file with no sharing) fails closed with a typed IO error and changes nothing; releasing restores service (R17) (1959.4348ms)
✔ W06 the case-insensitive realpath comparison accepts any casing of the real path and refuses a short (8.3) alias; case-only renames inside a ledger are corruption (R17, H40) (436.9493ms)
✔ W07 drive-letter, UNC and long-path forms work end to end; the \\?\ and \\.\ forms are refused fail-closed without creating anything (R17) (1337.0263ms)
✔ W08 NTFS concurrency: ten real appender processes with concurrent readers; every append that succeeded is in the ledger exactly once, every record that is not was reported as a typed failure, and no failed writer left a record (R15) (12331.5553ms)
ℹ W08 attempts=88 succeeded=30 failedByCode={"MO1308_LEDGER_CONFLICT":58} fsErrorsByCodeErrnoSyscall={}
✔ W08b concurrent tombstones and appends in separate processes leave one tombstone per target and a verifying chain (R15, section 10.2) (652.4882ms)
✔ W08c a junction swapper racing real appender processes: the race is exercised, nothing outside is overwritten, and the ledger only ever verifies or fails closed with a typed error (H40) (6157.0785ms)
✔ T01 store constants equal the Freeze contract module (layout, limits, member names) (1.7535ms)
✔ T02 init creates exactly the frozen layout once; an existing target or a missing parent is refused (section 9.1) (21.9556ms)
✔ T03 append publishes members, then the entry; every earlier file is untouched (R06, R15) (48.9675ms)
✔ T04 rejected appends change nothing: duplicates, wrong members, purged re-supply (R09, R10, R20) (39.5254ms)
✔ T05 the commit point is exclusive creation of entries/<n>.json: a lost race is LEDGER_CONFLICT and publishes nothing (R15, H41) (217.2735ms)
✔ T06 interruption at every mutating step before the commit point publishes nothing; after it, a complete entry (R16) (1691.0383ms)
✔ T07 tombstone commits first, then purges every member; the chain still verifies (R18, R19, section 10.2) (153.2183ms)
✔ T08 a crash during purge leaves purgePending; re-running the same command finishes it without a new entry (section 10.2) (257.0073ms)
✔ T09 verify fails closed on every layout defect (section 11.1) (97.6409ms)
✔ T10 verify reports staging and unreferenced artifacts; tampered bytes fail closed (R21) (73.7411ms)
✔ T11 filesystem boundary: a link anywhere on the path or inside the ledger fails closed on every operation (R17, H40) (151.1405ms)
✔ T12 a handle/path identity mismatch fails closed (H40) (11.2378ms)
✔ T12b a published name whose identity differs from the staged file is detected after the link (H40) (18.921ms)
✔ T13 a directory swapped for a link during an append is detected after the fact; no content is overwritten; reads then fail closed (H40 risk acceptance) (34.7066ms)
✔ T13b the same swap with no decoy is detected after the link: a boundary failure, the entry is never committed (H40) (30.0559ms)
✔ T14 export is written once, marker last, byte-identical for equal ledgers, and verify-export fails closed (R23, section 12) (800.8706ms)
✔ T15 query and verify-export are read-only; query verifies the chain and never reads member bytes (R22) (72.0974ms)
✔ T16 commands: arguments become store operations, inputs are read through the boundary, errors carry only fixed text (section 13.3, 14.1) (379.8776ms)
✔ T17 concurrent appenders in separate processes: exactly one entry per index, losers get LEDGER_CONFLICT, the chain verifies (R15) (358.3495ms)
✔ T18 the store is Node-only, helper-free, timeless and never overwrites (R06, R35, R37, H40) (1.464ms)
✔ T19 nothing outside the SDK facade and the contract is imported by the history sources; commands.js stays the only SDK importer (ARCHITECTURE section 5) (0.7987ms)
✔ T20 a purge committed between the entry listing and the member listing never produces RECORD_BYTES_MISMATCH: the read is repeated on a consistent snapshot (section 10.2, found by W08b) (593.3121ms)
✔ T21 when writers overtake every pass the read fails with LEDGER_CONFLICT after exactly the fixed number of passes, never with an integrity code, and publishes nothing (1358.9714ms)
✔ T22 on a stable snapshot every mismatch is reported exactly as before: corruption of a quiescent ledger is an integrity error found in a single pass (167.8549ms)
✔ CCA-MOS-CLI-004: every command emits deterministic human output through the production CLI (52107.5438ms)
✔ investigate delegates raw and enveloped Regression Reports with stable JSON (2225.9748ms)
✔ investigate selects Evidence, Reflection, Retrieval, and Evolution through the SDK (2266.8598ms)
✔ investigate selects Replay, Transition, and Verification facts exactly (1936.4002ms)
✔ investigate rejects invalid grammar, reports, categories, and selector combinations (3683.5405ms)
✔ investigate remains bounded for a complete deterministic Regression Report (1856.939ms)
✔ verify delegates valid and invalid package truth with exit code 3 on failure (1938.0717ms)
✔ import and inspect expose the same deterministic SDK investigation metadata (1944.4562ms)
✔ trace requires and preserves one exact package Trace selector (3119.1458ms)
✔ replay applies repeated SDK actions in caller order and is deterministic (5983.8079ms)
✔ compare uses one package, completes its Replay, and enters exact Evolution (6255.6792ms)
✔ regression delegates two packages to the SDK and preserves deterministic report truth (2504.9712ms)
✔ regression reports identical packages and accepts at most one stdin operand (2607.3609ms)
✔ export is a byte-for-byte SDK round trip for files and stdout (2036.5038ms)
✔ package stdin supports non-interactive verification and import (1664.666ms)
✔ invalid package import is reported as a package error (1190.7994ms)
✔ policy namespace exposes exactly the seven frozen commands (1352.3343ms)
✔ unexpected Policy operational failure maps to exit 5 and the exact JSON semantic projection (2.6404ms)
✔ validate, digest, identities, and presentation envelopes preserve frozen bytes (2110.0549ms)
✔ evaluate preserves PASS, FAIL, CNE, exact artifacts, and outcome-last generation (4429.4493ms)
✔ all detached inspections and both verification modes remain SDK-owned (6671.3527ms)
✔ policy transport rejects collisions, multiple stdin inputs, URLs, and output-only stdin (4101.0198ms)
✔ session preserves opaque checkpoints and restores exact SDK state (8905.5907ms)
✔ checkpoint names cannot restore across live CLI sessions (2700.1131ms)
✔ session executes Trace, complete Replay, and Compare in one live SDK (7551.1085ms)
✔ session can verify and byte-preserving export through the SDK (1870.618ms)
✔ native observations fail export safely without fabricating a MIP (1353.4012ms)
✔ session accepts a workflow file and fails malformed JSON deterministically (1929.203ms)
ℹ tests 81
ℹ suites 0
ℹ pass 81
ℹ fail 0
ℹ cancelled 0
ℹ skipped 0
ℹ todo 0
ℹ duration_ms 192940.4568
