✔ EO1 every MO-1306/MO-1307 J-canonical fixture equals JCS plus one trailing LF (615.1446ms)
✔ EO1 MO-1306 and MO-1307 J serialize every fixture value in their domain exactly as JCS plus LF (611.9906ms)
✔ EO1 boundary vectors: key order, escapes, integers and nesting agree (1.0377ms)
✔ EO2 inspectRegressionReport accepts a genuine report and returns its Standard identity (64.6822ms)
✔ EO2 inspectRegressionReport rejects identifier and content tampering (33.3081ms)
✔ EO2 identity is integrity, not origin: a self-consistent recomputed forgery is accepted (29.5534ms)
✔ EO3 released SDK copies are byte-identical to the SDK released at memoryos-1.3-mo1302 (159.7857ms)
✔ EO3 the workspace verifier pins the MO-1302 vendored runtime to its release, not to current source (5764.3828ms)
✔ WC01 unchanged Action passes the corrected check (1895.641ms)
✔ WC02 one-byte SDK or CLI source edits now pass; the replaced rule rejected them (0.2855ms)
✔ WC03 any bundled byte change fails (0.1849ms)
✔ WC04 a bundled change with a consistently rewritten manifest still fails on the released manifest (0.1276ms)
✔ WC05 an added or removed bundled file fails (0.1121ms)
✔ WC06 a manifest that no longer matches the released bytes fails (0.1097ms)
✔ WC07 the tag exists, is annotated and peels to the commit the MO-1302 records name (470.8056ms)
✔ WC08 every pin equals the exact blob at the release tag (11856.5578ms)
✔ WC09 the released Action bytes are unchanged since the tag (R32) (182.1664ms)
✔ WC10 the correction replaces only the source comparison (178.092ms)
✔ WC11 every other verifier check reports exactly as before the correction (1748.1401ms)
ℹ tests 19
ℹ suites 0
ℹ pass 19
ℹ fail 0
ℹ cancelled 0
ℹ skipped 0
ℹ todo 0
ℹ duration_ms 23972.5944
