✔ C01 frozen public exports contain exactly two async functions (1.9564ms)
✔ C02 closed counts and every frozen exit (0.5891ms)
✔ C03 deterministic key order includes numeric-looking ASCII keys (0.6776ms)
✔ C04 Unicode scalars are not normalized or escaped unnecessarily (1.2642ms)
✔ C05 parser duplicate-key (0.2602ms)
✔ C05 parser escaped-duplicate-key (0.1941ms)
✔ C05 parser unknown-token (0.1236ms)
✔ C05 parser negative-zero (0.1764ms)
✔ C05 parser negative-integer (0.1342ms)
✔ C05 parser fraction (0.2268ms)
✔ C05 parser exponent (0.1446ms)
✔ C05 parser unsafe-integer (0.14ms)
✔ C05 parser leading-zero (0.1291ms)
✔ C05 parser unpaired-surrogate (0.0934ms)
✔ C05 parser control-string (0.0698ms)
✔ C05 parser del-string (0.0705ms)
✔ C05 parser non-ascii-key (0.068ms)
✔ C05 parser trailing-garbage (0.0566ms)
✔ C05 parser trailing-comma (0.0696ms)
✔ C05 parser empty-document (0.0927ms)
✔ C05 parser noncanonical-spaces (0.1103ms)
✔ C05 parser missing-lf (0.0936ms)
✔ C05 parser double-lf (0.0722ms)
✔ C05 parser key-order (0.0989ms)
✔ C05 parser unnecessary-escape (0.0772ms)
✔ C05 parser escaped-solidus (0.0672ms)
✔ C05 parser crlf (0.0686ms)
✔ C06 invalid UTF-8 and BOM reject (0.1842ms)
✔ C07 depth limit admits16 and rejects17 (0.3114ms)
✔ C08 members/key/string exact boundaries (0.9731ms)
✔ C09 total values boundary and bounded copy (145.8595ms)
✔ C10 shared buffers/accessors/sparse arrays/cycles/undefined reject (0.377ms)
✔ C11 SHA256 raw/claim/candidate identity and independent proof layer (0.2825ms)
✔ C12 every error has immutable fields and fixed safe diagnostic (2.4761ms)
✔ C13 errors select numeric exit then ASCII reference within a phase (0.3098ms)
✔ C14 exact configuration accepted and unknown fields/profiles/versions rejected (1.6352ms)
✔ C15 no discovery or output/trust fields in configuration (0.6448ms)
✔ C16 deterministic blocker ID excludes mutable claim provenance (0.4965ms)
✔ C17 error schema is closed and operational outcomes are not readiness states (0.2855ms)
✔ C18 public entry points reject malformed input and prior cancellation (1.8506ms)
✔ C19 shared definitions are deeply immutable (0.1388ms)
✔ C20 generated definitions equal source canonical bytes (1.663ms)
✔ C21 serializer stops at byte budget before expansive allocation (17.4726ms)
✔ C22 arrays reject hidden properties without reading getters (0.2838ms)
✔ C23 admission errors precede restrictive schema predicates (10.7749ms)
✔ C24 nested evidence version and coverage mappings (1.2082ms)
✔ C25 profile product mismatch precedes schema INPUT (0.5804ms)
✔ C26 defensive internal cycle has GRAPH_CYCLE and bound has GRAPH_LIMIT (31.0246ms)
✔ C27 configuration errors precede evidence acquisition errors (18.4224ms)
✔ C28 API holder shape rejects getters/symbols/hidden fields safely (9.4037ms)
✔ C29 well formed bundle traverses integrated verifier and readiness worker (308.0553ms)
✔ C30 malformed verification versions use their own mismatch categories (6.3339ms)
✔ C31 reference aggregation rejects empty vectors and dangling CNE (5.064ms)
✔ C32 provider representation cannot assert hosted certificate without vectors (0.5524ms)
✔ C33 malformed nested verification records preserve mismatch code and reference (13.4902ms)
✔ C34 nested authority profile errors use PROFILE_MISMATCH during bootstrap (23.4067ms)
✔ C35 verification shape remapping does not hide admission limits (12.5729ms)
✔ C36 known lower GitHub minimum remains valid without fabricated hosted cases (0.4481ms)
✔ fixture catalog is finite, complete and matches independent exact-byte SHA-256 (70.2461ms)
✔ 476 non-parser fixture records match closed schema and local foundation classifications (1698.2965ms)
✔ nine malformed byte/parser vectors reject with exact operational codes (1.7949ms)
✔ focused Phase 1 negative fixtures use the appropriate foundation seam (17.9483ms)
✔ all sixteen complete bundles pass snapshot, pin and byte-integrity foundations (444.8585ms)
✔ reference aggregation retains all records and realizes all four readiness states (35.9928ms)
✔ canonical result identities and summaries match exact independently constructed fixture bytes (362.1172ms)
✔ all fourteen evidence types and six graph node / five edge types have canonical positives (8.5567ms)
✔ MO-1306 preserves actual production, BF, tag, package and all nineteen source history rows (13.5896ms)
✔ MO-1306 provider limitations and ten disclosures cannot silently become hosted certification (2.5784ms)
✔ metadata-only proof changes and selective dependency reuse keep separate identities (3.1325ms)
✔ human decision bindings leave all readiness and proof bytes unchanged (61.6672ms)
✔ tag fixtures distinguish pre/post stage predicates from operational tampering (4.996ms)
✔ future semantic negatives are classified without claiming a Phase 2 verifier exists (14.579ms)
✔ N01 pinned native runtime and fixed PowerShell installation (6.8205ms)
✔ N02 closed CLI commands and defaults (1.3005ms)
✔ N03 prototype-sensitive and invented commands reject as usage (0.6357ms)
✔ N04 duplicate unknown missing extra flags reject (0.394ms)
✔ N05 forbidden runtime environment and Node options reject before I/O (0.2925ms)
✔ N04b inspectable configuration path failures select lowest logical ID (0.3801ms)
✔ N06 relative lexical boundaries and hostile spellings (0.3577ms)
✔ N07 absolute roots full paths overlap and case aliases (0.5585ms)
✔ N08 identity policy rejects any reparse flag hardlink wrong type and changes (0.8951ms)
✔ N09 helper canonical round-trip and closed operation fields (4.6765ms)
✔ N10 helper frame prefix truncation trailing data and caps (0.6746ms)
✔ N11 helper sorted explicit allowlist path and per-file boundaries (1.7791ms)
✔ N12 acquisition needs four serial exits and invalid overlap or retry is terminal (5.7368ms)
✔ N13 helper response exact snapshot identity and base64 validation (1.4691ms)
✔ N14 helper decoded aggregate boundary and +1 (275.2834ms)
✔ N15 native fixed PowerShell snapshots and checked inspection sanitization (11864.7445ms)
✔ N16 native helper rejects hostile operation extra fields and oversized frame (2367.0109ms)
✔ N17 native CLI evaluates and publishes exact integrated result (10789.6742ms)
✔ N18 publication exclusive create exact pending and single-file commit (60.5683ms)
✔ N19 existing final destination never replaced and pending retained (34.4174ms)
✔ N20 pending collision and mutation fail closed without cleanup (56.4866ms)
✔ N21 publication byte ceiling boundary and +1 before write (156.1652ms)
✔ N22 branded framed inspection required and identity change rejects (23.2061ms)
✔ N23 primitive late checkpoint prevents rename and retains pending (33.3895ms)
✔ N24 foundation retains no-network and fixed orchestration boundaries (6.203ms)
✔ package metadata and deterministic nonrecursive bindings (410.2539ms)
✔ unexpected member is rejected without refreshing the binding (158.7298ms)
✔ changed shipped source fails exact distribution binding (188.4417ms)
✔ schema drift cannot be hidden by rebuilding manifests (375.094ms)
✔ constants drift cannot be hidden by rebuilding manifests (177.0342ms)
✔ dependencies, lifecycle hooks, extra exports and traversal allowlist are rejected (1152.2895ms)
✔ network and external imports are rejected before manifest regeneration (912.274ms)
✔ missing fixed helper and mutated manifest rows are rejected (888.6452ms)
✔ A01 exact independent Phase 1 result and summary bytes: could-not-evaluate (80.5109ms)
✔ A01 exact independent Phase 1 result and summary bytes: history-blocker-unavailable (60.9754ms)
✔ A01 exact independent Phase 1 result and summary bytes: informational-ready (51.4908ms)
✔ A01 exact independent Phase 1 result and summary bytes: metadata-only (51.837ms)
✔ A01 exact independent Phase 1 result and summary bytes: mixed-precedence (50.9505ms)
✔ A01 exact independent Phase 1 result and summary bytes: mo1306-qualified (262.447ms)
✔ A01 exact independent Phase 1 result and summary bytes: not-ready (49.635ms)
✔ A01 exact independent Phase 1 result and summary bytes: post-tag-absent (42.867ms)
✔ A01 exact independent Phase 1 result and summary bytes: post-tag-lightweight (43.0958ms)
✔ A01 exact independent Phase 1 result and summary bytes: post-tag-ready (51.9036ms)
✔ A01 exact independent Phase 1 result and summary bytes: post-tag-wrong-target (49.0078ms)
✔ A01 exact independent Phase 1 result and summary bytes: pre-tag-present (45.2787ms)
✔ A01 exact independent Phase 1 result and summary bytes: qualified (51.0952ms)
✔ A01 exact independent Phase 1 result and summary bytes: ready (45.7386ms)
✔ A01 exact independent Phase 1 result and summary bytes: rest-qualified (33.5879ms)
✔ A01 exact independent Phase 1 result and summary bytes: selective-reuse (50.7453ms)
✔ A02 core consumes claims rather than caller gate states and retains complete compiled profile (70.7754ms)
✔ A03 coverage FAIL and UNEVALUABLE drive mandatory artifact (72.9016ms)
✔ A03 coverage FAIL and UNEVALUABLE drive mandatory binding (71.7862ms)
✔ A03 coverage FAIL and UNEVALUABLE drive mandatory history (63.3981ms)
✔ A03 coverage FAIL and UNEVALUABLE drive mandatory provenance (70.0014ms)
✔ A03 coverage FAIL and UNEVALUABLE drive mandatory provider.azure (69.6541ms)
✔ A03 coverage FAIL and UNEVALUABLE drive mandatory provider.generic (72.0414ms)
✔ A03 coverage FAIL and UNEVALUABLE drive mandatory provider.github (79.8548ms)
✔ A03 coverage FAIL and UNEVALUABLE drive mandatory provider.gitlab (71.1139ms)
✔ A03 coverage FAIL and UNEVALUABLE drive mandatory provider.jenkins (61.3429ms)
✔ A03 coverage FAIL and UNEVALUABLE drive mandatory resources (66.6831ms)
✔ A03 coverage FAIL and UNEVALUABLE drive mandatory sbom (68.3055ms)
✔ A03 coverage FAIL and UNEVALUABLE drive mandatory scope (64.8887ms)
✔ A03 coverage FAIL and UNEVALUABLE drive mandatory security (65.2086ms)
✔ A03 coverage FAIL and UNEVALUABLE drive mandatory semantic (66.4461ms)
✔ A03 coverage FAIL and UNEVALUABLE drive mandatory supply (82.4323ms)
✔ A03 coverage FAIL and UNEVALUABLE drive mandatory tag (81.8231ms)
✔ A03 coverage FAIL and UNEVALUABLE drive mandatory windows (92.3155ms)
✔ A04 REST coverage failures retain same-host limitation (29.9755ms)
✔ A05 unavailable MISSING is CNE with exact reason (37.91ms)
✔ A05 unavailable AUTHORITY_UNAVAILABLE is CNE with exact reason (46.8098ms)
✔ A05 unavailable STALE is CNE with exact reason (37.7525ms)
✔ A05 unavailable UNEVALUABLE is CNE with exact reason (43.2706ms)
✔ A06 unavailable provider leaves optional observation empty without fabricating certification (38.353ms)
✔ A07 blockers dominate independent CNE and qualifications without erasing any finding (52.6612ms)
✔ A08 CNE dominates release qualification and informational-only stays READY (79.9112ms)
✔ A09 known provider minimum failures remain blockers, including simultaneous coverage and CNE (231.571ms)
✔ A10 Generic real execution requirement is independent of coverage verdict (89.5874ms)
✔ A11 false hosted promotion and required provider disclosure omission are rejected (58.9601ms)
✔ A12 scope qualification union rejects missing, extra, weakened and conflicting records (129.1937ms)
✔ A13 identical qualification carriers share one result with every claim and grant reference (83.0875ms)
✔ A14 missing scope or history retains known records and defers only completeness (438.9488ms)
✔ A15 preserved history remains negative; observed recurrence blocks active mandatory gates (336.677ms)
✔ A16 currently applicable history and duplicate recurrence produce one exact blocker (84.0329ms)
✔ A17 all applicable tag predicates are collected; absent post-tag fabricates no target failure (218.8714ms)
✔ A18 expected negative Policy and operational outcomes remain accepted semantic certification (86.177ms)
✔ A19 metadata-only proof change preserves readiness and invalidates old external decision (266.4663ms)
✔ A20 nonsemantic input collection order and repeated calls preserve exact result bytes (785.1282ms)
✔ A21 new metadata proof is distinct from normative changed qualification identity (127.5051ms)
✔ A22 exact comparison rejects existing altered and self-hashed false result fixtures (307.8255ms)
✔ A23 result recomputation rejects self-consistent alterations of each normative projection (1304.3974ms)
✔ A24 V18 retains exact five providers, ten disclosures, twelve negative history rows and human actions (310.932ms)
✔ A25 history count 128 is retained exactly and 129 is a resource error (134.5471ms)
✔ A26 global qualification union 128 is complete and 129 cannot be truncated (232.5455ms)
✔ A27 128 unique historical blockers are complete and one additional known failure rejects (217.0713ms)
✔ A28 EVALUATION numeric and logical-reference precedence is independent of collection order (82.6543ms)
✔ A29 projection boundary rejects caller gate vectors, accessors and unknown profiles (21.2392ms)
✔ A30 returned proof input uses the exact independent nonrecursive binding shape (52.9818ms)
✔ A31 all twelve external human decisions bind computed results without changing readiness (1426.9656ms)
✔ A32 every one of seven qualification codes is retained with its frozen impact (415.1985ms)
✔ A33 complete blocker CNE qualification cross-product follows frozen precedence and retains all lists (483.9598ms)
✔ A34 permutations preserve exact gate blocker qualification history JSON and text bytes (763.3699ms)
✔ A35 comparison rejects omitted mandatory CNE and substituted candidate profile or identity digest (262.4352ms)
✔ A36 static pure-core import closure excludes acquisition execution network and ambient selectors (3.8244ms)
✔ A37 coverage missing duplicate cross-partition or contradictory verdict uses INTEGRITY (35.7978ms)
✔ A38 nested candidate accessor is rejected before calling user code (4.4536ms)
✔ A39 informational qualification on an inactive gate remains global without activating that gate (59.6923ms)
✔ A40 preserved-history qualification must match exact condition and affected gates (246.3621ms)
✔ A41 unavailable scope never exempts locally invalid or omitted required provider qualifications (49.5249ms)
✔ A42 minimum-met contradictory qualified support is an error; lower minimum unsupported facts are blockers (178.3754ms)
✔ A43 known history only contributes blockers to active mandatory affected gates (66.4514ms)
✔ A44 conflicting qualification scope errors choose the smallest logical ID regardless of carrier order (44.3467ms)
✔ A45 REST unevaluable required coverage yields CNE with same-host qualification retained (93.6968ms)
✔ result boundary: exactly 4 MiB is retained and +1 is OUTPUT/EVALUATION (1252.9573ms)
✔ text boundary: exactly 128 KiB is complete and +1 is OUTPUT/EVALUATION (624.992ms)
✔ result/proof/input snapshots do not share mutable output objects (22.7245ms)
✔ global derived counts reject 128+1 before malformed rows or byte sizing (6.6268ms)
✔ result construction cannot promote a blocked aggregate to READY (5.4566ms)
✔ A01 all sixteen frozen bundles produce only verified claims and exact independent graph/audit identities (1349.7965ms)
✔ A02 operator authority pin is separate and rejects an independently wrong trust root (18.8697ms)
✔ A03 an evidence-controlled authority mutation cannot select its own new pin (6.918ms)
✔ A04 raw source bytes and raw length are verified independently of intact claim identity (38.969ms)
✔ A05 raw manifest identity and envelope hash cannot be repaired by a self-consistent claim hash (35.0665ms)
✔ A06 exact canonical claim digest is recomputed under an intact reviewed envelope grant (26.2784ms)
✔ A07 ungranted external evidence cannot satisfy a gate (27.0508ms)
✔ A08 unknown evidence type and evidence version fail closed (49.3282ms)
✔ A09 granting the wrong existing claim for a compiled gate is rejected (35.422ms)
✔ A10 exact grant source IDs cannot substitute or omit the envelope lineage (32.776ms)
✔ A11 source bytes cannot appoint themselves as authority provenance (27.715ms)
✔ A12 authority source Git fields, classification, length, hash and released target bind exactly (371.8236ms)
✔ A13 candidate, manifest and independently reviewed component/contract closures cannot be substituted (91.6965ms)
✔ A14 whole-candidate claims cannot use an earlier candidate root (23.6579ms)
✔ A15 a manifest cannot relabel a claim origin or dependency identity (54.542ms)
✔ A16 declared dependency role, length and content are checked against the current inventory (98.0871ms)
✔ A17 minimum dependency closure cannot omit any relevant current component (31.0729ms)
✔ A18 changed declared grant closure and dangling dependency IDs reject rather than first-win (59.4744ms)
✔ A19 scope escalation and unapproved/changed assumptions are stale (81.7085ms)
✔ A20 unrelated root assumptions do not stale an approved claim subset (64.7628ms)
✔ A21 selective reuse is explicit and unchanged dependencies retain their exact claims (90.9238ms)
✔ A22 REUSED cannot conceal a whole-candidate claim (32.3116ms)
✔ A23 old audit snapshots do not invent expiry and bounded disclosure remains mandatory (64.1587ms)
✔ A24 permitted fresh raw metadata pins change proof audit but preserve normative projection (114.437ms)
✔ A25 duplicate IDs, copied normalized grants and unconsumed evidence fail closed (66.1737ms)
✔ A26 explicit unavailable slots omit evidence safely and optional provider slots mirror the parent (141.2144ms)
✔ A27 all admitted bytes are snapshots independent of subsequent caller mutations (120.9783ms)
✔ A28 raw source byte ceiling admits exact boundary and rejects plus one (123.0822ms)
✔ A29 explicit source and authority references cannot dangle (130.3829ms)
✔ A30 canonical set orders remain normative and are never silently sorted by the verifier (79.1117ms)
✔ A31 input map insertion and object member order do not affect verified canonical projection (177.8758ms)
✔ A32 raw integrity failure wins over later root candidate mismatch (28.6376ms)
✔ A33 an authority failure wins over a later structurally valid provider contradiction (66.7876ms)
✔ A34 manifest file ceiling admits exactly 128 consumed files and rejects 129 (182.1259ms)
✔ A35 aggregate raw source admission accepts 8 MiB exactly and rejects one additional byte (172.6755ms)
✔ A36 authority source ceiling admits 32 explicit provenance records and rejects 33 (177.0686ms)
✔ F01 MO-1306 preserved configuration receipts have exact granted source lineage (378.5393ms)
✔ F02 correction preserves all normalized identities and every original raw source byte (22.575ms)
✔ F03 reconstructed original fixture still rejects unused configuration sources (156.24ms)
✔ G01 exact frozen graph, authority and audit bindings: could-not-evaluate (69.6141ms)
✔ G01 exact frozen graph, authority and audit bindings: history-blocker-unavailable (49.7107ms)
✔ G01 exact frozen graph, authority and audit bindings: informational-ready (48.4068ms)
✔ G01 exact frozen graph, authority and audit bindings: metadata-only (42.7679ms)
✔ G01 exact frozen graph, authority and audit bindings: mixed-precedence (52.108ms)
✔ G01 exact frozen graph, authority and audit bindings: mo1306-qualified (239.2375ms)
✔ G01 exact frozen graph, authority and audit bindings: not-ready (38.882ms)
✔ G01 exact frozen graph, authority and audit bindings: post-tag-absent (38.8918ms)
✔ G01 exact frozen graph, authority and audit bindings: post-tag-lightweight (37.6057ms)
✔ G01 exact frozen graph, authority and audit bindings: post-tag-ready (41.7079ms)
✔ G01 exact frozen graph, authority and audit bindings: post-tag-wrong-target (38.5635ms)
✔ G01 exact frozen graph, authority and audit bindings: pre-tag-present (39.5166ms)
✔ G01 exact frozen graph, authority and audit bindings: qualified (40.4102ms)
✔ G01 exact frozen graph, authority and audit bindings: ready (37.644ms)
✔ G01 exact frozen graph, authority and audit bindings: rest-qualified (30.6561ms)
✔ G01 exact frozen graph, authority and audit bindings: selective-reuse (38.5412ms)
✔ G02 exactly six node and five edge types, one root, content sharing and origin provenance (128.1656ms)
✔ G03 metadata and opaque historical cross-links cannot add normative authority or cycles (244.2754ms)
✔ G04 missing normative claim, dependency, authority, grant and edge endpoints reject (16.5851ms)
✔ G05 duplicate node IDs, duplicate edges, malformed content IDs and unknown types reject (17.5485ms)
✔ G06 wrong edge direction, endpoint type, root and candidate identity reject (21.6741ms)
✔ G07 every grant and claim must be rooted and every normative node reachable (37.3775ms)
✔ G08 internal normative cycles and self references retain exact GRAPH_CYCLE classification (7.3576ms)
✔ G09 dependency claims cannot mix current candidate and dependency edges (6.7019ms)
✔ G10 graph nodes exactly 2048 pass and 2049 fail before expansion (147.5858ms)
✔ G11 graph edges exactly 8192 pass and 8193 fail before expansion (264.9563ms)
✔ G12 dependencies per claim exactly 1024 pass and 1025 fail (128.5938ms)
✔ G13 derivation cannot silently drop or duplicate claims, grants or authorities (59.9551ms)
✔ G14 claimed identity, dependency identity and candidate root mismatches reject (23.9989ms)
✔ G15 normalized grant identity omits audit bytes, retains classes and scoped assumptions (2.8197ms)
✔ G16 noncanonical normative array order rejects instead of silently changing identity (10.9218ms)
✔ G17 derivation enforces the edge ceiling while expanding verified claim dependencies (726.7085ms)
✔ G18 arbitrary object property insertion order preserves exact graph and authority bytes (236.0043ms)
✔ HB01: all sixteen Phase 1 bundles preserve exact history, qualifications and independent provider projections (266.6051ms)
✔ HB02: MO-1306 binds nineteen immutable raw rows and exact twelve negative history projections (63.4146ms)
✔ HB03: MO-1306 preserves all independent provider axes and ten disclosures (49.6154ms)
✔ HB04: known recurrence links only active mandatory gates, including an unavailable current gate (10.4785ms)
✔ HB05: observed recurrence preserves historical outcome while excluding optional and inactive links (63.0219ms)
✔ HB06: current-applicable history cannot erase an unavailable gate condition (11.2998ms)
✔ HB07 immutable granted history rejects FAIL to PASS rewrite (31.7136ms)
✔ HB07 immutable granted history rejects BLOCKED removal (31.0811ms)
✔ HB07 immutable granted history rejects changed historical disposition (31.8521ms)
✔ HB07 immutable granted history rejects wrong historical source (30.5188ms)
✔ HB07 immutable granted history rejects wrong candidate provenance (32.3007ms)
✔ HB07 immutable granted history rejects omitted required unresolved history (37.6693ms)
✔ HB07 immutable granted history rejects fabricated resolution (26.2461ms)
✔ HB07 immutable granted history rejects duplicate conflicting history (35.6785ms)
✔ HB08: malformed PASS history and duplicate conflicting rows remain invalid with fixture-owned updated pins (107.2191ms)
✔ HB09: reviewed history must resolve nested source and authority lineage (107.4119ms)
✔ HB10: supplied scope and history inventories reject omissions and unknown condition references (160.0623ms)
✔ QB01: qualifications reject omission (44.7575ms)
✔ QB01: qualifications reject impact downgrade (59.2471ms)
✔ QB01: qualifications reject wrong provider (60.2871ms)
✔ QB01: qualifications reject wrong gate (53.9029ms)
✔ QB01: qualifications reject unknown code (51.1337ms)
✔ QB01: qualifications reject wrong scope authority (48.0195ms)
✔ QB01: qualifications reject disclosure removal (63.4271ms)
✔ QB01: qualifications reject fabricated authority member (46.9695ms)
✔ QB02: scope qualification inventory rejects extra, omitted and conflicting records (162.4188ms)
✔ QB03: an identical qualification shared by granted claims merges exact claim/grant identities (95.1201ms)
✔ QB04: historical disclosures require exact preserved condition and gate set (164.1452ms)
✔ QB05: bounded advisory and REST scope require their exact disclosures (64.3565ms)
✔ QB06: unavailable scope retains known qualified history without inventing completeness (42.9693ms)
✔ QB07: unavailable history retains known disclosures but still validates supplied scope condition inventory (118.0046ms)
✔ QB08: both unavailable inventories retain locally valid known qualifications and defer missing inventory references (72.6777ms)
✔ PB01 immutable MO-1306 authority rejects false github execution promotion (26.8801ms)
✔ PB01 immutable MO-1306 authority rejects false gitlab execution promotion (28.2614ms)
✔ PB01 immutable MO-1306 authority rejects false jenkins execution promotion (39.2368ms)
✔ PB01 immutable MO-1306 authority rejects false azure execution promotion (28.5343ms)
✔ PB02: full GitHub hosted certification requires all four exact case facts (40.7461ms)
✔ PB03: provider labels cannot alias, substitute provider identity, or remove Generic certification unnoticed (100.4925ms)
✔ PB04: contract-only providers cannot claim SUPPORTED while not live certified (151.8325ms)
✔ PB05: known lower-minimum unsupported facts are retained for 2A blockers with no fabricated certification (16.5355ms)
✔ PB06: unavailable provider parents produce no fabricated provider observation (9.2885ms)
✔ PB07: independently reviewed validation and execution facts do not imply a universal certification ranking (10.43ms)
✔ DB01: selection order does not affect projection bytes or mutate input, and outputs are detached (73.8026ms)
✔ DB02: semantic history and qualification set order remains frozen and rejects reordered arrays (98.3561ms)
✔ LB01: history record count accepts 128 and rejects 129 without truncation (38.3488ms)
✔ LB02: assessment qualification union accepts 128 and rejects 129 across individually bounded claims (119.0882ms)
✔ LB03: exact original disposition length accepts 256 printable characters and rejects 257 (43.2085ms)
✔ IB01: complete independently pinned MO-1306 verifier retains exact history, provider state and qualifications (1859.8802ms)
✔ IB02: complete verifier rejects schema-valid rewritten or removed history despite fresh raw pins (793.2646ms)
✔ IB03: complete verifier rejects all four MO-1306 execution promotions with unchanged reviewed grants (944.1036ms)
✔ IB04: complete verifier uses dedicated qualification mismatch classification (369.3554ms)
✔ IB05: complete verifier uses dedicated history mismatch classification for PASS rewriting (78.0359ms)
✔ IB06: independently pinned source bytes and candidate context bind historical claims (267.5828ms)
✔ L01 authority byte admission includes the exact ceiling and rejects plus one before parse/copy (25.9936ms)
✔ L02 envelope byte ceiling is enforced in acquisition before snapshot copying (59.1834ms)
✔ L03 manifest claim admission is 64 envelopes, independent of the finite gate authority limit (15.532ms)
✔ L04 grant representation admits 64 and rejects 65 without claiming all grants fit the closed profile (14.685ms)
✔ L05 claim dependencies and every explicit dependency reference list admit 1024 and reject 1025 (67.0883ms)
✔ L06 root, grant and claim assumption sets admit 32 and reject 33 (9.6159ms)
✔ L07 history representation admits 128 immutable rows and rejects 129 (32.7328ms)
✔ L08 qualification representation admits 128 and rejects 129 without truncation (12.2018ms)
✔ L09 scope qualification/condition reference sets each enforce their exact 128 cap (8.0342ms)
✔ L10 source references admit 128 and authority source references admit 32 at their declared schemas (4.2753ms)
✔ L11 normalized authority and audit digest reference capacities are explicit, not generic INPUT errors (79.7366ms)
✔ L12 independent cap failures never fabricate a partial verified projection (14.04ms)
✔ P2B projection and independent result evidence: could-not-evaluate (202.932ms)
✔ P2B projection and independent result evidence: history-blocker-unavailable (157.1613ms)
✔ P2B projection and independent result evidence: informational-ready (142.0432ms)
✔ P2B projection and independent result evidence: metadata-only (153.6436ms)
✔ P2B projection and independent result evidence: mixed-precedence (151.9404ms)
✔ P2B projection and independent result evidence: mo1306-qualified (675.5992ms)
✔ P2B projection and independent result evidence: not-ready (143.4645ms)
✔ P2B projection and independent result evidence: post-tag-absent (142.8752ms)
✔ P2B projection and independent result evidence: post-tag-lightweight (132.0134ms)
✔ P2B projection and independent result evidence: post-tag-ready (126.9005ms)
✔ P2B projection and independent result evidence: post-tag-wrong-target (122.7829ms)
✔ P2B projection and independent result evidence: pre-tag-present (132.6456ms)
✔ P2B projection and independent result evidence: qualified (154.5447ms)
✔ P2B projection and independent result evidence: ready (130.4108ms)
✔ P2B projection and independent result evidence: rest-qualified (101.8043ms)
✔ P2B projection and independent result evidence: selective-reuse (129.386ms)
✔ P2B verified snapshots detach and freeze every returned fact (59.9185ms)
✔ P2B metadata changes only raw proof binding and diagnostics (202.4794ms)
✔ P2B opaque bounded advisory timestamp has no age window or invented syntax (966.1686ms)
✔ P2B deterministic internal projection uses canonical records, not object insertion order (354.3174ms)
✔ P2B Freeze-mandated set ordering rejects permutations instead of normalizing signed identity (463.4101ms)
✔ P2B explicit reuse dispositions preserve unrelated dependency closure (168.2656ms)
✔ P2B independently reverified source mutation cannot hide behind result self-hashes (59.4782ms)
✔ P2B result evidence tamper: candidate (830.4202ms)
✔ P2B result evidence tamper: authorityIdentityDigest (711.8405ms)
✔ P2B result evidence tamper: qualification (604.0103ms)
✔ P2B result evidence tamper: history (626.8389ms)
✔ P2B result evidence tamper: provider (634.7111ms)
✔ P2B result evidence tamper: graph (812.2822ms)
✔ P2B result evidence tamper: audit (718.749ms)
✔ P2B result evidence tamper: gateBinding (725.2928ms)
✔ P2B proof material is exact frozen audit, independent of final readiness calculation (100.135ms)
✔ R01 raw source integrity precedes an earlier logical envelope coverage contradiction (44.7495ms)
✔ R02 earlier validation phase precedes a smaller later-phase error exit (25.1832ms)
✔ R03 independent source corruption precedes current-candidate authority mismatch (28.7063ms)
✔ APIBOOT01 earlier malformed config dominates later oversized evidence (19.8967ms)
✔ APIBOOT02 config shape error dominates wrong authority pin in same phase (10.1783ms)
✔ APIBOOT03 malformed config dominates oversized authority safely (4.9652ms)
✔ APIBOOT04 exact manifest ENVELOPE cap applied before bytes copy (10.3386ms)
✔ APIBOOT05 exact manifest file set checked before copying unknown file (8.6036ms)
✔ APIBOOT06 snapshots remain detached and byte-identical (12.6047ms)
✔ APIBOOT07 TIMEOUT interruption dominates collected parse errors (0.5542ms)
✔ APIBOOT07 CANCELLED interruption dominates collected parse errors (0.2308ms)
✔ APIBOOT08 hostile typed-array byteLength override is never invoked (10.7611ms)
✔ C2C01 corrected limits leave all byte ceilings unchanged (1.0298ms)
✔ C2C02 every required observation has a canonical closed framed representation (7.1311ms)
✔ C2C03 old wire version missing session unknown fields and arbitrary operations reject (0.865ms)
✔ C2C04 operation sequence and fixed output leaf authority are closed (1.3298ms)
✔ C2C05 bounded frames reject trailing requests responses and alternate session (0.7493ms)
✔ C2C06 complete acquisition then terminated worker then five publication requests (6.0879ms)
✔ C2C07 helper completion cannot substitute for fully quiescent exit (2.3724ms)
✔ C2C08 helper and worker overlap and repeated worker transition are terminal (3.6483ms)
✔ C2C09 verify remains four reads followed by worker and cannot publish (2.1386ms)
✔ C2C10 request failure abort and transport failure permit no retry (2.9613ms)
✔ C2C11 full component chains reject missing ancestors wrong paths reparse and hardlinks (1.0221ms)
✔ C2C12 acquisition parent cannot be reused after native identity change (3.1117ms)
✔ C2C13 path and cross-invocation session substitutions terminate assessment (1.6696ms)
✔ C2C14 capability branding root binding and single claim exclude substitution (5.5603ms)
✔ C2C15 unclaimed out-of-order or concurrent inspection cannot be retried (4.3671ms)
✔ C2C16 bridge requires exact transport fields and confirmed process quiescence (3.5795ms)
✔ C2C17 per-invocation deadline includes response parsing and process exit (0.8627ms)
✔ C2C18 aggregate helper budget cannot silently multiply with sequential invocations (1.4133ms)
✔ C2C19 overall CLI deadline and nonmonotonic clock fail without grace (1.5964ms)
✔ C2C20 framed publication performs exact five observations and one final rename (42.3876ms)
✔ C2C21 cancellation after each publication inspection is terminal and retains incomplete attempt (73.3505ms)
✔ C2C22 immediate pre-rename checkpoint blocks timeout after final native observation (36.761ms)
✔ C2C23 final native pending identity comparison rejects stale replacement and retains bytes (36.7413ms)
✔ C2C24 mismatched branded capability and legacy callback cannot create an output root (4.2188ms)
✔ F01 publication status is an immutable operational snapshot before submission (35.1233ms)
✔ F02 timeout before submission prevents any rename and retains pending (19.9049ms)
✔ F03 cancellation before submission prevents rename and is terminal (19.6948ms)
✔ F04 actual admission checkpoint rejects a deadline reached after final native inspection (24.809ms)
✔ F05 admitted delayed success remains unresolved at post-submission deadline (20.4722ms)
✔ F06 cancellation after submission is recorded without early cancellation or namespace cleanup (28.4052ms)
✔ F07 admitted failure after deadline resolves OUTPUT only after exact submitted operation settles (25.5702ms)
✔ F08 no second rename or token reuse while an admitted rename is outstanding (20ms)
✔ F09 commit status changes only after successful actual rename and then preserves bytes (21.3395ms)
✔ F10 mandatory checkpoint overrun after settlement is operational metadata, not precommit TIMEOUT (20.5738ms)
✔ F11 postcommit deadline or cancellation prevents a success summary and retains committed final (44.8332ms)
✔ F12 normal verified commit permits transport while precommit and failed tokens do not (25.1375ms)
✔ F13 wrong interruption code and foreign token cannot create publication authority (24.8807ms)
✔ F14 changed pending bytes before admission prevent rename (21.8724ms)
✔ F15 existing final is retained and finalization never retries or chooses another basename (26.4976ms)
✔ F16 postcommit transport error cannot retract or reclassify committed final as partial (32.4984ms)
✔ F17 bounded invocation timers are allowed and destroyed after successful operation (2.8449ms)
✔ F18 timer lifetime policy detects a persistent cross-run scheduler (3.6552ms)
✔ F19 actual foundation finalization leaves no live timers across sequential invocations (62.3006ms)
✔ F20 failed and cancelled foundation calls leave no cross-run timers (32.8497ms)
✔ F21 failed read-only namespace verification retains committed output and clears its timer (22.495ms)
✔ F22 read-only verification timeout is bounded and late handle completion only closes (2032.8945ms)
✔ F23 interruption recorded while pre-submission read is pending prevents later admission (19.7175ms)
✔ F24 the first observed pre-submission interruption remains terminal (18.3919ms)
✔ LP01 exact trusted Windows PowerShell 5.1 executable (0.8136ms)
✔ LP02 exact fixed argument ordering and Bypass value (0.6659ms)
✔ LP03 fixed packaged helper path from module location (0.1292ms)
✔ LP04 no encoded command, expression or shell authority (0.1002ms)
✔ LP05 caller object cannot supply executable, script or policy (0.1372ms)
✔ LP06 launch specification and nested authority are immutable (0.4915ms)
✔ LP07 ambient PATH, system-root, policy and script poisons cannot select launch (0.3937ms)
✔ LP08 actual transport calls spawn with fixed array and sanitized environment (1.2091ms)
✔ LP09 CLI cannot select --script (0.4946ms)
✔ LP09 CLI cannot select --execution-policy (0.1888ms)
✔ LP09 CLI cannot select --powershell (0.1014ms)
✔ LP10 no persistent policy or registry mutation code is introduced (7.7612ms)
✔ LP11 public package exports cannot expose launch override (0.9434ms)
✔ NRT01 native CPU-bound worker is terminated at fixed 10000ms CLI evaluation deadline (9.3799ms)
✔ PTERM01 a rejected second staging terminally consumes publication (48.4024ms)
✔ PTERM02 premature finalization consumes token before later staging (11.3246ms)
✔ PCHAIN5-attributes all-field cross-slot stability rejects changed attributes (7.484ms)
✔ PCHAIN5-byteLength all-field cross-slot stability rejects changed byteLength (8.7943ms)
✔ PCHAIN5-fileId all-field cross-slot stability rejects changed fileId (7.134ms)
✔ PCHAIN5-finalPath all-field cross-slot stability rejects changed finalPath (6.3648ms)
✔ PCHAIN5-isDirectory all-field cross-slot stability rejects changed isDirectory (6.9094ms)
✔ PCHAIN5-linkCount all-field cross-slot stability rejects changed linkCount (5.9935ms)
✔ PCHAIN5-volumeSerial all-field cross-slot stability rejects changed volumeSerial (7.9027ms)
✔ PCHAIN6-attributes all-field cross-slot stability rejects changed attributes (14.1481ms)
✔ PCHAIN6-byteLength all-field cross-slot stability rejects changed byteLength (15.3381ms)
✔ PCHAIN6-fileId all-field cross-slot stability rejects changed fileId (12.749ms)
✔ PCHAIN6-finalPath all-field cross-slot stability rejects changed finalPath (16.1934ms)
✔ PCHAIN6-isDirectory all-field cross-slot stability rejects changed isDirectory (14.1082ms)
✔ PCHAIN6-linkCount all-field cross-slot stability rejects changed linkCount (9.9351ms)
✔ PCHAIN6-volumeSerial all-field cross-slot stability rejects changed volumeSerial (8.7752ms)
✔ PCHAIN7-attributes all-field cross-slot stability rejects changed attributes (11.6255ms)
✔ PCHAIN7-byteLength all-field cross-slot stability rejects changed byteLength (11.0124ms)
✔ PCHAIN7-fileId all-field cross-slot stability rejects changed fileId (8.8226ms)
✔ PCHAIN7-finalPath all-field cross-slot stability rejects changed finalPath (9.3256ms)
✔ PCHAIN7-isDirectory all-field cross-slot stability rejects changed isDirectory (8.933ms)
✔ PCHAIN7-linkCount all-field cross-slot stability rejects changed linkCount (9.2563ms)
✔ PCHAIN7-volumeSerial all-field cross-slot stability rejects changed volumeSerial (8.8417ms)
✔ PCHAIN8-attributes all-field cross-slot stability rejects changed attributes (14.0744ms)
✔ PCHAIN8-byteLength all-field cross-slot stability rejects changed byteLength (14.2654ms)
✔ PCHAIN8-fileId all-field cross-slot stability rejects changed fileId (19.3965ms)
✔ PCHAIN8-finalPath all-field cross-slot stability rejects changed finalPath (17.2767ms)
✔ PCHAIN8-isDirectory all-field cross-slot stability rejects changed isDirectory (20.0053ms)
✔ PCHAIN8-linkCount all-field cross-slot stability rejects changed linkCount (21.7349ms)
✔ PCHAIN8-volumeSerial all-field cross-slot stability rejects changed volumeSerial (17.8992ms)
✔ PCHAIN9-attributes all-field cross-slot stability rejects changed attributes (21.4052ms)
✔ PCHAIN9-byteLength all-field cross-slot stability rejects changed byteLength (21.7164ms)
✔ PCHAIN9-fileId all-field cross-slot stability rejects changed fileId (21.9347ms)
✔ PCHAIN9-finalPath all-field cross-slot stability rejects changed finalPath (19.0687ms)
✔ PCHAIN9-isDirectory all-field cross-slot stability rejects changed isDirectory (19.1624ms)
✔ PCHAIN9-linkCount all-field cross-slot stability rejects changed linkCount (17.6936ms)
✔ PCHAIN9-volumeSerial all-field cross-slot stability rejects changed volumeSerial (19.2793ms)
✔ PNEG01 pending native byteLength must equal staged detached bytes (15.5626ms)
✔ PNEG02 wrong root branded capability cannot mutate either destination (3.6046ms)
✔ PNEG03 foreign capability and legacy callback cannot create a directory (0.6441ms)
✔ PNEG04 foreign token never authorizes staging or finalization (0.404ms)
✔ PNEG05 second capability claim terminates original token (8.0588ms)
✔ PNEG06 second finalization preserves committed exact file and cannot rename again (26.651ms)
✔ PNEG07 same-length changed pending bytes fail final reread before slot9 (23.9415ms)
✔ PNEG08 preexisting pending file is never overwritten and remains diagnostic evidence (11.7917ms)
✔ PNEG09 preexisting final file causes failure and remains byte-identical (18.7498ms)
✔ PNEG10 existing output directory cannot be claimed or overwritten (5.5463ms)
✔ PNEG11-TIMEOUT immediate pre-rename checkpoint is terminal (19.4335ms)
✔ PNEG11-CANCELLED immediate pre-rename checkpoint is terminal (18.0776ms)
✔ PNEG12-before-write cancellation retains owned pending bytes without publishing (11.5339ms)
✔ PNEG12-after-write cancellation retains owned pending bytes without publishing (12.3098ms)
✔ PNEG13 in-flight staging cannot revive token after concurrent staging rejection (10.1285ms)
✔ PNEG14 wrong session from framed transport aborts sequence and cannot publish (4.0026ms)
✔ PDET01 staging snapshots caller bytes before async work (18.9351ms)
✔ PDET02 changing roots and assessment sessions does not alter exact published bytes (38.5252ms)
✔ PTERM03 concurrent rejection during final reread cannot launch slot9 (18.1183ms)
✔ PTERM04 concurrent rejection during pending close cannot launch slot8 (15.049ms)
# QUEUED_CLI {"mode":"deadline","scope":"ACTUAL_QUEUED_RENAME_AND_CLI_WITH_SYNTHETIC_IDENTITY_FRAMES","requests":1,"engineeringClock":"Monotonic elapsed-time offset at slot 8; original CLI absolute deadline has 100ms remaining, no budget restart.","finiteJobs":4,"observation":{"elapsedMs":339.1031,"settled":false,"snapshot":{"kind":"cli","deadline":30078.9558,"helpers":0,"workers":1,"helperUsedMs":0,"activeRole":null,"cleanupConfirmed":false,"publication":{"phase":"COMMIT_IN_PROGRESS","admitted":true,"deadlineExpiredAfterAdmission":true,"cancelledAfterAdmission":true,"namespaceVerified":false,"dispositionDeadline":null},"terminalCode":null,"terminalAt":null,"cleanupDeadline":null,"events":[{"type":"start","at":145.6268,"role":"worker","deadline":10145.5465,"ordinal":1},{"type":"observation","at":147.1933,"role":"worker","threadId":1,"resourceLimits":{"maxYoungGenerationSizeMb":16,"maxOldGenerationSizeMb":128,"codeRangeSizeMb":-1,"stackSizeMb":4}},{"type":"quiescent","at":239.2326,"role":"worker","ordinal":1},{"type":"publication-interruption","at":30088.800799999997,"code":"MO1307_TIMEOUT","phase":"COMMIT_IN_PROGRESS"},{"type":"publication-interruption","at":30136.947099999998,"code":"MO1307_CANCELLED","phase":"COMMIT_IN_PROGRESS"}]},"finalPresent":false,"pendingPresent":true,"stdoutBytes":0},"elapsedMs":1343.2409,"snapshot":{"kind":"cli","deadline":30078.9558,"helpers":0,"workers":1,"helperUsedMs":0,"activeRole":null,"cleanupConfirmed":true,"publication":{"phase":"COMMITTED","admitted":true,"deadlineExpiredAfterAdmission":true,"cancelledAfterAdmission":true,"namespaceVerified":true,"dispositionDeadline":3333.9166},"terminalCode":"MO1307_OUTPUT","terminalAt":31054.539099999998,"cleanupDeadline":3333.9166,"events":[{"type":"start","at":145.6268,"role":"worker","deadline":10145.5465,"ordinal":1},{"type":"observation","at":147.1933,"role":"worker","threadId":1,"resourceLimits":{"maxYoungGenerationSizeMb":16,"maxOldGenerationSizeMb":128,"codeRangeSizeMb":-1,"stackSizeMb":4}},{"type":"quiescent","at":239.2326,"role":"worker","ordinal":1},{"type":"publication-interruption","at":30088.800799999997,"code":"MO1307_TIMEOUT","phase":"COMMIT_IN_PROGRESS"},{"type":"publication-interruption","at":30136.947099999998,"code":"MO1307_CANCELLED","phase":"COMMIT_IN_PROGRESS"},{"type":"terminal","at":31054.5679,"code":"MO1307_OUTPUT","stage":"PUBLICATION"}]},"failure":"MO1307_OUTPUT","exitCode":21,"stdoutBytes":0,"failureCleanupDeadline":3333.9166}
✔ FCLI actual queued rename awaits settlement after deadline (1360.2365ms)
# QUEUED_CLI {"mode":"cancellation","scope":"ACTUAL_QUEUED_RENAME_AND_CLI_WITH_SYNTHETIC_IDENTITY_FRAMES","requests":1,"engineeringClock":"Real monotonic clock","finiteJobs":4,"observation":{"elapsedMs":223.60439999999994,"settled":false,"snapshot":{"kind":"cli","deadline":31433.2944,"helpers":0,"workers":1,"helperUsedMs":0,"activeRole":null,"cleanupConfirmed":false,"publication":{"phase":"COMMIT_IN_PROGRESS","admitted":true,"deadlineExpiredAfterAdmission":false,"cancelledAfterAdmission":true,"namespaceVerified":false,"dispositionDeadline":null},"terminalCode":null,"terminalAt":null,"cleanupDeadline":null,"events":[{"type":"start","at":1483.1742,"role":"worker","deadline":11483.1551,"ordinal":1},{"type":"observation","at":1483.8586,"role":"worker","threadId":2,"resourceLimits":{"maxYoungGenerationSizeMb":16,"maxOldGenerationSizeMb":128,"codeRangeSizeMb":-1,"stackSizeMb":4}},{"type":"quiescent","at":1596.445,"role":"worker","ordinal":1},{"type":"publication-interruption","at":1656.9642,"code":"MO1307_CANCELLED","phase":"COMMIT_IN_PROGRESS"}]},"finalPresent":false,"pendingPresent":true,"stdoutBytes":0},"elapsedMs":1657.6289000000002,"snapshot":{"kind":"cli","deadline":31433.2944,"helpers":0,"workers":1,"helperUsedMs":0,"activeRole":null,"cleanupConfirmed":true,"publication":{"phase":"COMMITTED","admitted":true,"deadlineExpiredAfterAdmission":false,"cancelledAfterAdmission":true,"namespaceVerified":true,"dispositionDeadline":4960.5214},"terminalCode":"MO1307_OUTPUT","terminalAt":2962.9746,"cleanupDeadline":4960.5214,"events":[{"type":"start","at":1483.1742,"role":"worker","deadline":11483.1551,"ordinal":1},{"type":"observation","at":1483.8586,"role":"worker","threadId":2,"resourceLimits":{"maxYoungGenerationSizeMb":16,"maxOldGenerationSizeMb":128,"codeRangeSizeMb":-1,"stackSizeMb":4}},{"type":"quiescent","at":1596.445,"role":"worker","ordinal":1},{"type":"publication-interruption","at":1656.9642,"code":"MO1307_CANCELLED","phase":"COMMIT_IN_PROGRESS"},{"type":"terminal","at":2962.9941,"code":"MO1307_OUTPUT","stage":"PUBLICATION"}]},"failure":"MO1307_OUTPUT","exitCode":21,"stdoutBytes":0,"failureCleanupDeadline":4960.5214}
✔ FCLI actual queued rename awaits settlement after cancellation (1665.4166ms)
✔ PWAIT terminal cancellation prevents late advancement after mkdir (69.9577ms)
✔ PWAIT terminal cancellation prevents late advancement after sync (79.5138ms)
✔ PWAIT terminal cancellation prevents late advancement after final-open (105.7606ms)
# STDOUT_DISPOSITION {"mode":"timeout","delivered":353,"snapshot":{"kind":"cli","deadline":33358.9379,"helpers":0,"workers":1,"helperUsedMs":0,"activeRole":null,"cleanupConfirmed":true,"publication":{"phase":"COMMITTED","admitted":true,"deadlineExpiredAfterAdmission":true,"cancelledAfterAdmission":false,"namespaceVerified":true,"dispositionDeadline":5651.721},"terminalCode":"MO1307_OUTPUT","terminalAt":33360.107899999995,"cleanupDeadline":35360.107899999995,"events":[{"type":"start","at":3436.8795,"role":"worker","deadline":13436.7589,"ordinal":1},{"type":"observation","at":3438.6668,"role":"worker","threadId":3,"resourceLimits":{"maxYoungGenerationSizeMb":16,"maxOldGenerationSizeMb":128,"codeRangeSizeMb":-1,"stackSizeMb":4}},{"type":"quiescent","at":3614.723,"role":"worker","ordinal":1},{"type":"publication-transport","at":3653.4171},{"type":"publication-interruption","at":33360.015699999996,"code":"MO1307_TIMEOUT","phase":"COMMITTED"},{"type":"terminal","at":33360.1386,"code":"MO1307_OUTPUT","stage":"PUBLICATION"}]}}
✔ FCLI post-commit stalled stdout timeout retains final and one transport allowance (351.1671ms)
# STDOUT_DISPOSITION {"mode":"cancellation","delivered":353,"snapshot":{"kind":"cli","deadline":33706.0466,"helpers":0,"workers":1,"helperUsedMs":0,"activeRole":null,"cleanupConfirmed":true,"publication":{"phase":"COMMITTED","admitted":true,"deadlineExpiredAfterAdmission":false,"cancelledAfterAdmission":true,"namespaceVerified":true,"dispositionDeadline":5952.701300000001},"terminalCode":"MO1307_OUTPUT","terminalAt":3991.804,"cleanupDeadline":5991.804,"events":[{"type":"start","at":3773.328,"role":"worker","deadline":13773.300299999999,"ordinal":1},{"type":"observation","at":3773.926,"role":"worker","threadId":4,"resourceLimits":{"maxYoungGenerationSizeMb":16,"maxOldGenerationSizeMb":128,"codeRangeSizeMb":-1,"stackSizeMb":4}},{"type":"quiescent","at":3912.1586,"role":"worker","ordinal":1},{"type":"publication-transport","at":3953.4862},{"type":"publication-interruption","at":3991.7443,"code":"MO1307_CANCELLED","phase":"COMMITTED"},{"type":"terminal","at":3991.8142,"code":"MO1307_OUTPUT","stage":"PUBLICATION"}]}}
✔ FCLI post-commit stalled stdout cancellation retains final and one transport allowance (309.5118ms)
✔ R01 api exact absolute deadline and equality (2.1031ms)
✔ R01 cli exact absolute deadline and equality (0.2097ms)
✔ R02 earlier cancellation stays terminal after deadline (0.2678ms)
✔ R03 timeout wins simultaneous first cancellation observation (0.2475ms)
✔ R04 preaborted signal prevents any launch (0.5843ms)
✔ R05 monotonic decreasing clock rejects (0.5097ms)
✔ R06 API cannot launch helper (0.3604ms)
✔ R07 helper deadline includes all active time; equality rejects (0.7243ms)
✔ R08 aggregate deadline does not reset across helpers (0.7169ms)
✔ R09 worker time is excluded from helper aggregate but inside overall (0.4352ms)
✔ R10 helper overlap is terminal and cleans prior owned role (0.5034ms)
✔ R11 helper and worker cannot overlap (0.4188ms)
✔ R12 frame alone cannot advance before actual close (65.7263ms)
✔ R13 launch uses only fixed executable/script/environment and no shell (1.6745ms)
✔ R14 helper trailing byte fails closed (2.7665ms)
✔ R14 helper extra frame fails closed (1.5307ms)
✔ R14 helper debug stdout fails closed (1.237ms)
✔ R14 helper truncated frame fails closed (7.2737ms)
✔ R14 helper oversized prefix fails closed (1.2419ms)
✔ R14 helper stderr overflow fails closed (1.1729ms)
✔ R14 helper nonzero exit fails closed (0.8603ms)
✔ R15 cancellation in launch terminates and ignores later valid frame (2.8724ms)
✔ R16 cancellation during transport cleans child (25.345ms)
✔ R17 fixed actual worker has empty environment and exact heap intent (39.912ms)
✔ R18 successful worker result waits for termination (131.6802ms)
✔ R19 actual worker crash fails closed (38.0147ms)
✔ R19 actual worker duplicate fails closed (30.1799ms)
✔ R19 actual worker stdout fails closed (30.8125ms)
✔ R20 cancellation actually terminates CPU-bound worker thread (57.9486ms)
✔ R21 production worker executes accepted 2A/2B and confirms quiescence (237.8495ms)
✔ R22 adapter matches closed 2A handoff; operational/session fields excluded (0.2893ms)
✔ R23 verify evidence seam excludes result and decision bytes (0.1464ms)
✔ R24 malformed decision uses dedicated mismatch, cap uses resource (0.3571ms)
✔ R25 actual worker policy denies filesystem/network/process/module escape imports (65.4111ms)
✔ R26 cancellation preempts pending publication promise without another role (0.6992ms)
✔ R27 late publication promise cannot restore terminal success (0.2654ms)
✔ SUP01 post-rename TIMEOUT returns OUTPUT and retains exact committed result (209.9522ms)
✔ SUP01 post-rename CANCELLED returns OUTPUT and retains exact committed result (165.5245ms)
✔ SUP02 verify stdout backpressure times out without product filesystem changes (183.6866ms)
✔ SUP03 input root identity change between helper slots fails closed (23.4659ms)
✔ SUP04 physical file alias across bootstrap slots is rejected despite distinct paths (25.9791ms)
✔ SUP05 malformed external decision rejects without stdout or changes (209.1906ms)
✔ SUP06 wrong external decision proof binding rejects (216.0995ms)
✔ SUP07 contrary APPROVE preserves not-ready and reports unverified authenticity (195.1544ms)
✔ SUP07 contrary APPROVE preserves could-not-evaluate and reports unverified authenticity (189.884ms)
✔ SUP08 slot4 output inspection ERROR maps to frozen OUTPUT before worker (40.3878ms)
✔ SURFACE evaluate nine slots exact bytes/summary/exit ready (212.141ms)
✔ SURFACE evaluate nine slots exact bytes/summary/exit qualified (185.3878ms)
✔ SURFACE evaluate nine slots exact bytes/summary/exit not-ready (187.4559ms)
✔ SURFACE evaluate nine slots exact bytes/summary/exit could-not-evaluate (169.1063ms)
✔ SURFACE verify four slots exit0 no writes (145.1884ms)
✔ SURFACE decision transport downstream and authenticity retained (205.2153ms)
✔ SURFACE verify altered supplied result rejects before stdout (143.6174ms)
✔ SURFACE tag observations transported as original bytes without Git (80.5248ms)
✔ SURFACE determinism across random sessions and output roots (318.3527ms)
✔ SURFACE complete text output (167.7102ms)
✔ SURFACE post-rename stdout failure returns OUTPUT retains committed result (153.9631ms)
✔ SURFACE cancellation before worker no directory publication (41.6732ms)
✔ SURFACE cancellation before final inspection retains pending (152.7497ms)
✔ SURFACE 2B to 2A adapter selects exact handoff fields (0.3206ms)
✔ API admission wrong argument (0.4627ms)
✔ API admission shared array (6.3223ms)
✔ API admission duplicate file ID (9.2535ms)
✔ API admission oversized candidate (5.5744ms)
✔ API admission unknown property (0.147ms)
✔ API admission wrong pin (0.1153ms)
✔ API snapshots all bytes before asynchronous work (9.0934ms)
✔ API caller mutation after entry cannot affect worker (246.4006ms)
✔ API missing declared file rejects (11.6477ms)
✔ API abort before entry is terminal (0.302ms)
✔ API abort during worker terminates (15.6648ms)
✔ API public evaluate and verify execute accepted integrated semantics (761.3035ms)
✔ CLI dispatch "" (0.5461ms)
✔ CLI dispatch "unknown" (0.0954ms)
✔ CLI dispatch "constructor" (0.0868ms)
✔ CLI dispatch "toString" (0.0581ms)
✔ CLI dispatch "__proto__" (0.0569ms)
✔ CLI dispatch "Evaluate" (0.0702ms)
✔ CLI negative missing command (0.1838ms)
✔ CLI negative missing flag (0.1696ms)
✔ CLI negative duplicate flag (0.1161ms)
✔ CLI negative unknown flag (0.1052ms)
✔ CLI negative unsafe path (0.6683ms)
✔ CLI negative overlong argument (0.2187ms)
# TIMER_WITNESS [{"name":"success-a","observedTimers":5,"remainingTimers":0,"serverOrWatcherResources":0,"callbacksAfterSettlement":0,"outcome":"COMMITTED","activeRole":null},{"name":"write-failure","observedTimers":4,"remainingTimers":0,"serverOrWatcherResources":0,"callbacksAfterSettlement":0,"outcome":"MO1307_OUTPUT","activeRole":null},{"name":"write-cancellation","observedTimers":4,"remainingTimers":0,"serverOrWatcherResources":0,"callbacksAfterSettlement":0,"outcome":"MO1307_CANCELLED","activeRole":null},{"name":"rename-failure","observedTimers":6,"remainingTimers":0,"serverOrWatcherResources":0,"callbacksAfterSettlement":0,"outcome":"MO1307_OUTPUT","activeRole":null},{"name":"post-admission-cancellation","observedTimers":6,"remainingTimers":0,"serverOrWatcherResources":0,"callbacksAfterSettlement":0,"outcome":"MO1307_OUTPUT","activeRole":null},{"name":"stalled-write-cancellation","observedTimers":3,"remainingTimers":0,"serverOrWatcherResources":0,"callbacksAfterSettlement":0,"outcome":"MO1307_CANCELLED","activeRole":null},{"name":"success-b","observedTimers":5,"remainingTimers":0,"serverOrWatcherResources":0,"callbacksAfterSettlement":0,"outcome":"COMMITTED","activeRole":null}]
✔ N24-C invocation timers clear after success, write/rename failure and pre/post-admission cancellation including a stalled write; no server, watcher or cross-run callbacks (419.7843ms)
✔ D01 actual integrated evaluation and independent verify: could-not-evaluate (473.9029ms)
✔ D01 actual integrated evaluation and independent verify: history-blocker-unavailable (383.9711ms)
✔ D01 actual integrated evaluation and independent verify: informational-ready (414.5499ms)
✔ D01 actual integrated evaluation and independent verify: metadata-only (376.273ms)
✔ D01 actual integrated evaluation and independent verify: mixed-precedence (408.9908ms)
✔ D01 actual integrated evaluation and independent verify: mo1306-qualified (3299.9531ms)
✔ D01 actual integrated evaluation and independent verify: not-ready (813.6601ms)
✔ D01 actual integrated evaluation and independent verify: post-tag-absent (856.1924ms)
✔ D01 actual integrated evaluation and independent verify: post-tag-lightweight (782.1277ms)
✔ D01 actual integrated evaluation and independent verify: post-tag-ready (926.7236ms)
✔ D01 actual integrated evaluation and independent verify: post-tag-wrong-target (728.7893ms)
✔ D01 actual integrated evaluation and independent verify: pre-tag-present (773.3029ms)
✔ D01 actual integrated evaluation and independent verify: qualified (724.236ms)
✔ D01 actual integrated evaluation and independent verify: ready (672.868ms)
✔ D01 actual integrated evaluation and independent verify: rest-qualified (584.8414ms)
✔ D01 actual integrated evaluation and independent verify: selective-reuse (817.1685ms)
✔ D02 all four states and blocker-over-CNE precedence survive the actual pipeline (749.4951ms)
✔ D03 adapter has exactly the accepted closed fields and never uses diagnostics as authority (177.2932ms)
✔ D04 MO1306 all nineteen source rows and twelve negative projections remain exact (695.1485ms)
✔ D05 MO1306 provider axes and ten disclosures retain their exact released limitations (627.2229ms)
✔ D06 MO1306 raw configuration lineage survives integration and original omission still rejects (440.0293ms)
✔ D07 verified historical applicability blocks an unavailable mandatory gate without erasing CNE (155.4568ms)
✔ D08 REST authority remains separate with mandatory same-host qualification and no providers (152.4466ms)
✔ D09 human decision binding is downstream and never changes readiness: ready/APPROVE (365.5043ms)
✔ D09 human decision binding is downstream and never changes readiness: ready/REJECT (391.3009ms)
✔ D09 human decision binding is downstream and never changes readiness: ready/DEFER (362.6302ms)
✔ D09 human decision binding is downstream and never changes readiness: qualified/APPROVE (397.3254ms)
✔ D09 human decision binding is downstream and never changes readiness: not-ready/APPROVE (363.7479ms)
✔ D10 mismatched human decision rejects: candidateDigest (331.9394ms)
✔ D10 mismatched human decision rejects: readinessDigest (348.9226ms)
✔ D10 mismatched human decision rejects: proofBindingDigest (332.3204ms)
✔ D11 tag-stage facts yield exact mandatory blockers and never execute Git (893.7371ms)
✔ D12 integrated operational failure remains an error: candidate substitution (7.6935ms)
✔ D12 integrated operational failure remains an error: trust-root mismatch (10.4314ms)
✔ D12 integrated operational failure remains an error: raw-source tamper (33.2299ms)
✔ D12 integrated operational failure remains an error: claim tamper under an old grant (74.7244ms)
✔ D12 integrated operational failure remains an error: grant substitution (67.1171ms)
✔ D12 integrated operational failure remains an error: stale dependency (79.1112ms)
✔ D12 integrated operational failure remains an error: history rewrite with intact grant (366.4178ms)
✔ D12 integrated operational failure remains an error: history PASS fabrication (557.3403ms)
✔ D12 integrated operational failure remains an error: qualification omission (89.6403ms)
✔ D12 integrated operational failure remains an error: provider false hosted promotion (647.6786ms)
✔ D12 integrated operational failure remains an error: dangling authority reference (75.8781ms)
✔ D12 integrated operational failure remains an error: profile substitution (21.3829ms)
✔ D12 integrated operational failure remains an error: path traversal rejected by the frozen manifest schema (13.8009ms)
✔ D13 result verification independently rechecks original raw bytes before trusting a valid result (22.3799ms)
✔ D14 self-consistent changed readiness passes evidence-only support but fails integrated recomputation (253.0284ms)
✔ D15 supplied result digest tamper rejects: readinessDigest (128.035ms)
✔ D15 supplied result digest tamper rejects: proofBindingDigest (132.3011ms)
✔ D16 self-consistent result history or qualification omission cannot hide behind repaired hashes (1579.3244ms)
✔ D17 derived graph is candidate-rooted, authority-rooted, closed and bounded (1160.4327ms)
✔ D18 no supplied cyclic or dangling graph can replace independently derived evidence (273.0203ms)
✔ D19 repeated calls and nonsemantic object/map insertion order preserve exact normative bytes (552.3996ms)
✔ D20 signed set ordering is preserved rather than silently normalized during integration (62.5664ms)
✔ D21 metadata affects exact proof audit while leaving all readiness semantics byte-identical (296.7438ms)
✔ D22 selective reuse stays explicit and relevant changes fail before readiness computation (232.4385ms)
✔ D23 evidenceInput strips only known verification transport fields and adds no authority (11.6964ms)
✔ D24 integrated preflight preserves accepted authority-before-semantic error priority (196.2302ms)
ℹ tests 639
ℹ suites 0
ℹ pass 639
ℹ fail 0
ℹ cancelled 0
ℹ skipped 0
ℹ todo 0
ℹ duration_ms 117635.8638
