✔ C01 frozen public exports contain exactly two async functions (2.3852ms)
✔ C02 closed counts and every frozen exit (0.6352ms)
✔ C03 deterministic key order includes numeric-looking ASCII keys (0.635ms)
✔ C04 Unicode scalars are not normalized or escaped unnecessarily (1.2187ms)
✔ C05 parser duplicate-key (0.256ms)
✔ C05 parser escaped-duplicate-key (0.1801ms)
✔ C05 parser unknown-token (0.1189ms)
✔ C05 parser negative-zero (0.1492ms)
✔ C05 parser negative-integer (0.1495ms)
✔ C05 parser fraction (0.1866ms)
✔ C05 parser exponent (0.1343ms)
✔ C05 parser unsafe-integer (0.158ms)
✔ C05 parser leading-zero (0.1111ms)
✔ C05 parser unpaired-surrogate (0.0978ms)
✔ C05 parser control-string (0.0714ms)
✔ C05 parser del-string (0.0693ms)
✔ C05 parser non-ascii-key (0.074ms)
✔ C05 parser trailing-garbage (0.0639ms)
✔ C05 parser trailing-comma (0.0654ms)
✔ C05 parser empty-document (0.0806ms)
✔ C05 parser noncanonical-spaces (0.0982ms)
✔ C05 parser missing-lf (0.0919ms)
✔ C05 parser double-lf (0.068ms)
✔ C05 parser key-order (0.0845ms)
✔ C05 parser unnecessary-escape (0.0719ms)
✔ C05 parser escaped-solidus (0.0666ms)
✔ C05 parser crlf (0.0676ms)
✔ C06 invalid UTF-8 and BOM reject (0.1718ms)
✔ C07 depth limit admits16 and rejects17 (0.3003ms)
✔ C08 members/key/string exact boundaries (0.8755ms)
✔ C09 total values boundary and bounded copy (186.0408ms)
✔ C10 shared buffers/accessors/sparse arrays/cycles/undefined reject (0.4982ms)
✔ C11 SHA256 raw/claim/candidate identity and independent proof layer (0.3235ms)
✔ C12 every error has immutable fields and fixed safe diagnostic (3.9254ms)
✔ C13 errors select numeric exit then ASCII reference within a phase (0.5097ms)
✔ C14 exact configuration accepted and unknown fields/profiles/versions rejected (2.1316ms)
✔ C15 no discovery or output/trust fields in configuration (0.6066ms)
✔ C16 deterministic blocker ID excludes mutable claim provenance (0.3878ms)
✔ C17 error schema is closed and operational outcomes are not readiness states (0.3705ms)
✔ C18 public entry points reject malformed input and prior cancellation (1.8737ms)
✔ C19 shared definitions are deeply immutable (0.1516ms)
✔ C20 generated definitions equal source canonical bytes (1.5872ms)
✔ C21 serializer stops at byte budget before expansive allocation (21.1461ms)
✔ C22 arrays reject hidden properties without reading getters (0.2357ms)
✔ C23 admission errors precede restrictive schema predicates (11.4866ms)
✔ C24 nested evidence version and coverage mappings (1.1053ms)
✔ C25 profile product mismatch precedes schema INPUT (0.6348ms)
✔ C26 defensive internal cycle has GRAPH_CYCLE and bound has GRAPH_LIMIT (34.2078ms)
✔ C27 configuration errors precede evidence acquisition errors (18.7566ms)
✔ C28 API holder shape rejects getters/symbols/hidden fields safely (11.135ms)
✔ C29 well formed bundle traverses integrated verifier and readiness worker (329.6443ms)
✔ C30 malformed verification versions use their own mismatch categories (7.1422ms)
✔ C31 reference aggregation rejects empty vectors and dangling CNE (6.4508ms)
✔ C32 provider representation cannot assert hosted certificate without vectors (0.7021ms)
✔ C33 malformed nested verification records preserve mismatch code and reference (11.5445ms)
✔ C34 nested authority profile errors use PROFILE_MISMATCH during bootstrap (26.8246ms)
✔ C35 verification shape remapping does not hide admission limits (12.4422ms)
✔ C36 known lower GitHub minimum remains valid without fabricated hosted cases (0.43ms)
✔ fixture catalog is finite, complete and matches independent exact-byte SHA-256 (87.9507ms)
✔ 476 non-parser fixture records match closed schema and local foundation classifications (2394.7629ms)
✔ nine malformed byte/parser vectors reject with exact operational codes (2.8698ms)
✔ focused Phase 1 negative fixtures use the appropriate foundation seam (22.9166ms)
✔ all sixteen complete bundles pass snapshot, pin and byte-integrity foundations (676.8529ms)
✔ reference aggregation retains all records and realizes all four readiness states (57.4291ms)
✔ canonical result identities and summaries match exact independently constructed fixture bytes (482.3977ms)
✔ all fourteen evidence types and six graph node / five edge types have canonical positives (9.4599ms)
✔ MO-1306 preserves actual production, BF, tag, package and all nineteen source history rows (14.9547ms)
✔ MO-1306 provider limitations and ten disclosures cannot silently become hosted certification (3.4089ms)
✔ metadata-only proof changes and selective dependency reuse keep separate identities (4.5683ms)
✔ human decision bindings leave all readiness and proof bytes unchanged (73.0259ms)
✔ tag fixtures distinguish pre/post stage predicates from operational tampering (9.9338ms)
✔ future semantic negatives are classified without claiming a Phase 2 verifier exists (31.5515ms)
✔ N01 pinned native runtime and fixed PowerShell installation (8.1452ms)
✔ N02 closed CLI commands and defaults (2.0152ms)
✔ N03 prototype-sensitive and invented commands reject as usage (1.0506ms)
✔ N04 duplicate unknown missing extra flags reject (0.5623ms)
✔ N05 forbidden runtime environment and Node options reject before I/O (0.3108ms)
✔ N04b inspectable configuration path failures select lowest logical ID (0.4006ms)
✔ N06 relative lexical boundaries and hostile spellings (0.3771ms)
✔ N07 absolute roots full paths overlap and case aliases (0.5365ms)
✔ N08 identity policy rejects any reparse flag hardlink wrong type and changes (0.8216ms)
✔ N09 helper canonical round-trip and closed operation fields (4.371ms)
✔ N10 helper frame prefix truncation trailing data and caps (0.9392ms)
✔ N11 helper sorted explicit allowlist path and per-file boundaries (3.4478ms)
✔ N12 acquisition needs four serial exits and invalid overlap or retry is terminal (5.4169ms)
✔ N13 helper response exact snapshot identity and base64 validation (1.4023ms)
✔ N14 helper decoded aggregate boundary and +1 (306.5322ms)
✔ N15 native fixed PowerShell snapshots and checked inspection sanitization (15366.8117ms)
✔ N16 native helper rejects hostile operation extra fields and oversized frame (3098.7747ms)
✔ N17 native CLI evaluates and publishes exact integrated result (17730.5434ms)
✔ N18 publication exclusive create exact pending and single-file commit (46.402ms)
✔ N19 existing final destination never replaced and pending retained (29.1375ms)
✔ N20 pending collision and mutation fail closed without cleanup (41.879ms)
✔ N21 publication byte ceiling boundary and +1 before write (47.176ms)
✔ N22 branded framed inspection required and identity change rejects (24.1092ms)
✔ N23 primitive late checkpoint prevents rename and retains pending (18.2355ms)
✔ N24 foundation retains no-network and fixed orchestration boundaries (3.6961ms)
✔ package metadata and deterministic nonrecursive bindings (341.4456ms)
✔ unexpected member is rejected without refreshing the binding (183.1445ms)
✔ changed shipped source fails exact distribution binding (209.227ms)
✔ schema drift cannot be hidden by rebuilding manifests (189.9635ms)
✔ constants drift cannot be hidden by rebuilding manifests (221.956ms)
✔ dependencies, lifecycle hooks, extra exports and traversal allowlist are rejected (781.8709ms)
✔ network and external imports are rejected before manifest regeneration (673.7724ms)
✔ missing fixed helper and mutated manifest rows are rejected (529.0961ms)
✔ A01 exact independent Phase 1 result and summary bytes: could-not-evaluate (115.6309ms)
✔ A01 exact independent Phase 1 result and summary bytes: history-blocker-unavailable (76.2005ms)
✔ A01 exact independent Phase 1 result and summary bytes: informational-ready (74.3379ms)
✔ A01 exact independent Phase 1 result and summary bytes: metadata-only (88.48ms)
✔ A01 exact independent Phase 1 result and summary bytes: mixed-precedence (87.3378ms)
✔ A01 exact independent Phase 1 result and summary bytes: mo1306-qualified (333.5389ms)
✔ A01 exact independent Phase 1 result and summary bytes: not-ready (75.706ms)
✔ A01 exact independent Phase 1 result and summary bytes: post-tag-absent (81.0202ms)
✔ A01 exact independent Phase 1 result and summary bytes: post-tag-lightweight (80.8483ms)
✔ A01 exact independent Phase 1 result and summary bytes: post-tag-ready (77.8778ms)
✔ A01 exact independent Phase 1 result and summary bytes: post-tag-wrong-target (85.4414ms)
✔ A01 exact independent Phase 1 result and summary bytes: pre-tag-present (76.2095ms)
✔ A01 exact independent Phase 1 result and summary bytes: qualified (79.763ms)
✔ A01 exact independent Phase 1 result and summary bytes: ready (75.9361ms)
✔ A01 exact independent Phase 1 result and summary bytes: rest-qualified (65.1353ms)
✔ A01 exact independent Phase 1 result and summary bytes: selective-reuse (76.1447ms)
✔ A02 core consumes claims rather than caller gate states and retains complete compiled profile (96.9591ms)
✔ A03 coverage FAIL and UNEVALUABLE drive mandatory artifact (108.9454ms)
✔ A03 coverage FAIL and UNEVALUABLE drive mandatory binding (104.7078ms)
✔ A03 coverage FAIL and UNEVALUABLE drive mandatory history (107.0475ms)
✔ A03 coverage FAIL and UNEVALUABLE drive mandatory provenance (100.5705ms)
✔ A03 coverage FAIL and UNEVALUABLE drive mandatory provider.azure (124.4271ms)
✔ A03 coverage FAIL and UNEVALUABLE drive mandatory provider.generic (103.8332ms)
✔ A03 coverage FAIL and UNEVALUABLE drive mandatory provider.github (103.4746ms)
✔ A03 coverage FAIL and UNEVALUABLE drive mandatory provider.gitlab (95.8208ms)
✔ A03 coverage FAIL and UNEVALUABLE drive mandatory provider.jenkins (110.9198ms)
✔ A03 coverage FAIL and UNEVALUABLE drive mandatory resources (93.5865ms)
✔ A03 coverage FAIL and UNEVALUABLE drive mandatory sbom (101.8207ms)
✔ A03 coverage FAIL and UNEVALUABLE drive mandatory scope (86.9127ms)
✔ A03 coverage FAIL and UNEVALUABLE drive mandatory security (90.3321ms)
✔ A03 coverage FAIL and UNEVALUABLE drive mandatory semantic (92.3955ms)
✔ A03 coverage FAIL and UNEVALUABLE drive mandatory supply (90.201ms)
✔ A03 coverage FAIL and UNEVALUABLE drive mandatory tag (90.813ms)
✔ A03 coverage FAIL and UNEVALUABLE drive mandatory windows (93.8174ms)
✔ A04 REST coverage failures retain same-host limitation (34.7457ms)
✔ A05 unavailable MISSING is CNE with exact reason (42.5236ms)
✔ A05 unavailable AUTHORITY_UNAVAILABLE is CNE with exact reason (47.893ms)
✔ A05 unavailable STALE is CNE with exact reason (41.867ms)
✔ A05 unavailable UNEVALUABLE is CNE with exact reason (42.7501ms)
✔ A06 unavailable provider leaves optional observation empty without fabricating certification (43.8998ms)
✔ A07 blockers dominate independent CNE and qualifications without erasing any finding (47.799ms)
✔ A08 CNE dominates release qualification and informational-only stays READY (100.5725ms)
✔ A09 known provider minimum failures remain blockers, including simultaneous coverage and CNE (252.524ms)
✔ A10 Generic real execution requirement is independent of coverage verdict (53.7478ms)
✔ A11 false hosted promotion and required provider disclosure omission are rejected (36.133ms)
✔ A12 scope qualification union rejects missing, extra, weakened and conflicting records (89.4549ms)
✔ A13 identical qualification carriers share one result with every claim and grant reference (58.583ms)
✔ A14 missing scope or history retains known records and defers only completeness (289.3389ms)
✔ A15 preserved history remains negative; observed recurrence blocks active mandatory gates (235.7543ms)
✔ A16 currently applicable history and duplicate recurrence produce one exact blocker (50.9315ms)
✔ A17 all applicable tag predicates are collected; absent post-tag fabricates no target failure (156.9244ms)
✔ A18 expected negative Policy and operational outcomes remain accepted semantic certification (46.7942ms)
✔ A19 metadata-only proof change preserves readiness and invalidates old external decision (141.7446ms)
✔ A20 nonsemantic input collection order and repeated calls preserve exact result bytes (658.5274ms)
✔ A21 new metadata proof is distinct from normative changed qualification identity (112.1901ms)
✔ A22 exact comparison rejects existing altered and self-hashed false result fixtures (300.178ms)
✔ A23 result recomputation rejects self-consistent alterations of each normative projection (1244.4692ms)
✔ A24 V18 retains exact five providers, ten disclosures, twelve negative history rows and human actions (227.7151ms)
✔ A25 history count 128 is retained exactly and 129 is a resource error (115.5873ms)
✔ A26 global qualification union 128 is complete and 129 cannot be truncated (173.1549ms)
✔ A27 128 unique historical blockers are complete and one additional known failure rejects (213.6487ms)
✔ A28 EVALUATION numeric and logical-reference precedence is independent of collection order (65.2915ms)
✔ A29 projection boundary rejects caller gate vectors, accessors and unknown profiles (17.3242ms)
✔ A30 returned proof input uses the exact independent nonrecursive binding shape (59.4388ms)
✔ A31 all twelve external human decisions bind computed results without changing readiness (1172.1533ms)
✔ A32 every one of seven qualification codes is retained with its frozen impact (323.0911ms)
✔ A33 complete blocker CNE qualification cross-product follows frozen precedence and retains all lists (370.5899ms)
✔ A34 permutations preserve exact gate blocker qualification history JSON and text bytes (578.9958ms)
✔ A35 comparison rejects omitted mandatory CNE and substituted candidate profile or identity digest (227.9182ms)
✔ A36 static pure-core import closure excludes acquisition execution network and ambient selectors (3.6788ms)
✔ A37 coverage missing duplicate cross-partition or contradictory verdict uses INTEGRITY (38.465ms)
✔ A38 nested candidate accessor is rejected before calling user code (5.2232ms)
✔ A39 informational qualification on an inactive gate remains global without activating that gate (48.1138ms)
✔ A40 preserved-history qualification must match exact condition and affected gates (193.2888ms)
✔ A41 unavailable scope never exempts locally invalid or omitted required provider qualifications (35.5219ms)
✔ A42 minimum-met contradictory qualified support is an error; lower minimum unsupported facts are blockers (130.8523ms)
✔ A43 known history only contributes blockers to active mandatory affected gates (65.2025ms)
✔ A44 conflicting qualification scope errors choose the smallest logical ID regardless of carrier order (44.1513ms)
✔ A45 REST unevaluable required coverage yields CNE with same-host qualification retained (69.3894ms)
✔ result boundary: exactly 4 MiB is retained and +1 is OUTPUT/EVALUATION (1745.1696ms)
✔ text boundary: exactly 128 KiB is complete and +1 is OUTPUT/EVALUATION (943.5098ms)
✔ result/proof/input snapshots do not share mutable output objects (33.9285ms)
✔ global derived counts reject 128+1 before malformed rows or byte sizing (12.5211ms)
✔ result construction cannot promote a blocked aggregate to READY (6.819ms)
✔ A01 all sixteen frozen bundles produce only verified claims and exact independent graph/audit identities (1765.6577ms)
✔ A02 operator authority pin is separate and rejects an independently wrong trust root (23.9871ms)
✔ A03 an evidence-controlled authority mutation cannot select its own new pin (8.8684ms)
✔ A04 raw source bytes and raw length are verified independently of intact claim identity (62.5246ms)
✔ A05 raw manifest identity and envelope hash cannot be repaired by a self-consistent claim hash (64.9996ms)
✔ A06 exact canonical claim digest is recomputed under an intact reviewed envelope grant (40.9599ms)
✔ A07 ungranted external evidence cannot satisfy a gate (40.3222ms)
✔ A08 unknown evidence type and evidence version fail closed (57.6703ms)
✔ A09 granting the wrong existing claim for a compiled gate is rejected (44.9048ms)
✔ A10 exact grant source IDs cannot substitute or omit the envelope lineage (48.0474ms)
✔ A11 source bytes cannot appoint themselves as authority provenance (37.2037ms)
✔ A12 authority source Git fields, classification, length, hash and released target bind exactly (460.9488ms)
✔ A13 candidate, manifest and independently reviewed component/contract closures cannot be substituted (118.1076ms)
✔ A14 whole-candidate claims cannot use an earlier candidate root (34.9413ms)
✔ A15 a manifest cannot relabel a claim origin or dependency identity (73.0406ms)
✔ A16 declared dependency role, length and content are checked against the current inventory (110.0251ms)
✔ A17 minimum dependency closure cannot omit any relevant current component (33.3624ms)
✔ A18 changed declared grant closure and dangling dependency IDs reject rather than first-win (84.9819ms)
✔ A19 scope escalation and unapproved/changed assumptions are stale (118.2131ms)
✔ A20 unrelated root assumptions do not stale an approved claim subset (96.5194ms)
✔ A21 selective reuse is explicit and unchanged dependencies retain their exact claims (133.4853ms)
✔ A22 REUSED cannot conceal a whole-candidate claim (40.5309ms)
✔ A23 old audit snapshots do not invent expiry and bounded disclosure remains mandatory (102.8395ms)
✔ A24 permitted fresh raw metadata pins change proof audit but preserve normative projection (190.4248ms)
✔ A25 duplicate IDs, copied normalized grants and unconsumed evidence fail closed (101.7546ms)
✔ A26 explicit unavailable slots omit evidence safely and optional provider slots mirror the parent (135.7081ms)
✔ A27 all admitted bytes are snapshots independent of subsequent caller mutations (105.1172ms)
✔ A28 raw source byte ceiling admits exact boundary and rejects plus one (119.5099ms)
✔ A29 explicit source and authority references cannot dangle (85.7457ms)
✔ A30 canonical set orders remain normative and are never silently sorted by the verifier (71.8895ms)
✔ A31 input map insertion and object member order do not affect verified canonical projection (181.6539ms)
✔ A32 raw integrity failure wins over later root candidate mismatch (36.6133ms)
✔ A33 an authority failure wins over a later structurally valid provider contradiction (58.1399ms)
✔ A34 manifest file ceiling admits exactly 128 consumed files and rejects 129 (135.3005ms)
✔ A35 aggregate raw source admission accepts 8 MiB exactly and rejects one additional byte (133.2307ms)
✔ A36 authority source ceiling admits 32 explicit provenance records and rejects 33 (120.4881ms)
✔ F01 MO-1306 preserved configuration receipts have exact granted source lineage (421.6211ms)
✔ F02 correction preserves all normalized identities and every original raw source byte (21.4436ms)
✔ F03 reconstructed original fixture still rejects unused configuration sources (221.2921ms)
✔ G01 exact frozen graph, authority and audit bindings: could-not-evaluate (71.5825ms)
✔ G01 exact frozen graph, authority and audit bindings: history-blocker-unavailable (53.8719ms)
✔ G01 exact frozen graph, authority and audit bindings: informational-ready (51.0195ms)
✔ G01 exact frozen graph, authority and audit bindings: metadata-only (49.2404ms)
✔ G01 exact frozen graph, authority and audit bindings: mixed-precedence (47.0348ms)
✔ G01 exact frozen graph, authority and audit bindings: mo1306-qualified (257.6032ms)
✔ G01 exact frozen graph, authority and audit bindings: not-ready (46.7547ms)
✔ G01 exact frozen graph, authority and audit bindings: post-tag-absent (57.5879ms)
✔ G01 exact frozen graph, authority and audit bindings: post-tag-lightweight (52.8898ms)
✔ G01 exact frozen graph, authority and audit bindings: post-tag-ready (61.2695ms)
✔ G01 exact frozen graph, authority and audit bindings: post-tag-wrong-target (53.1218ms)
✔ G01 exact frozen graph, authority and audit bindings: pre-tag-present (55.2302ms)
✔ G01 exact frozen graph, authority and audit bindings: qualified (59.0303ms)
✔ G01 exact frozen graph, authority and audit bindings: ready (63.389ms)
✔ G01 exact frozen graph, authority and audit bindings: rest-qualified (57.3182ms)
✔ G01 exact frozen graph, authority and audit bindings: selective-reuse (47.8516ms)
✔ G02 exactly six node and five edge types, one root, content sharing and origin provenance (163.0525ms)
✔ G03 metadata and opaque historical cross-links cannot add normative authority or cycles (388.2008ms)
✔ G04 missing normative claim, dependency, authority, grant and edge endpoints reject (34.7667ms)
✔ G05 duplicate node IDs, duplicate edges, malformed content IDs and unknown types reject (37.3165ms)
✔ G06 wrong edge direction, endpoint type, root and candidate identity reject (44.1345ms)
✔ G07 every grant and claim must be rooted and every normative node reachable (76.611ms)
✔ G08 internal normative cycles and self references retain exact GRAPH_CYCLE classification (17.8042ms)
✔ G09 dependency claims cannot mix current candidate and dependency edges (15.0685ms)
✔ G10 graph nodes exactly 2048 pass and 2049 fail before expansion (311.6869ms)
✔ G11 graph edges exactly 8192 pass and 8193 fail before expansion (417.4487ms)
✔ G12 dependencies per claim exactly 1024 pass and 1025 fail (218.2885ms)
✔ G13 derivation cannot silently drop or duplicate claims, grants or authorities (105.5062ms)
✔ G14 claimed identity, dependency identity and candidate root mismatches reject (33.5448ms)
✔ G15 normalized grant identity omits audit bytes, retains classes and scoped assumptions (3.729ms)
✔ G16 noncanonical normative array order rejects instead of silently changing identity (14.9872ms)
✔ G17 derivation enforces the edge ceiling while expanding verified claim dependencies (1116.2433ms)
✔ G18 arbitrary object property insertion order preserves exact graph and authority bytes (310.8838ms)
✔ HB01: all sixteen Phase 1 bundles preserve exact history, qualifications and independent provider projections (318.9349ms)
✔ HB02: MO-1306 binds nineteen immutable raw rows and exact twelve negative history projections (82.3109ms)
✔ HB03: MO-1306 preserves all independent provider axes and ten disclosures (64.0207ms)
✔ HB04: known recurrence links only active mandatory gates, including an unavailable current gate (14.4458ms)
✔ HB05: observed recurrence preserves historical outcome while excluding optional and inactive links (73.6494ms)
✔ HB06: current-applicable history cannot erase an unavailable gate condition (15.6974ms)
✔ HB07 immutable granted history rejects FAIL to PASS rewrite (40.1348ms)
✔ HB07 immutable granted history rejects BLOCKED removal (41.1998ms)
✔ HB07 immutable granted history rejects changed historical disposition (43.3509ms)
✔ HB07 immutable granted history rejects wrong historical source (37.305ms)
✔ HB07 immutable granted history rejects wrong candidate provenance (35.7358ms)
✔ HB07 immutable granted history rejects omitted required unresolved history (36.6503ms)
✔ HB07 immutable granted history rejects fabricated resolution (45.7464ms)
✔ HB07 immutable granted history rejects duplicate conflicting history (40.3285ms)
✔ HB08: malformed PASS history and duplicate conflicting rows remain invalid with fixture-owned updated pins (137.6144ms)
✔ HB09: reviewed history must resolve nested source and authority lineage (170.8332ms)
✔ HB10: supplied scope and history inventories reject omissions and unknown condition references (370.0576ms)
✔ QB01: qualifications reject omission (142.2125ms)
✔ QB01: qualifications reject impact downgrade (170.4282ms)
✔ QB01: qualifications reject wrong provider (155.8892ms)
✔ QB01: qualifications reject wrong gate (218.1953ms)
✔ QB01: qualifications reject unknown code (197.9836ms)
✔ QB01: qualifications reject wrong scope authority (186.3761ms)
✔ QB01: qualifications reject disclosure removal (200.332ms)
✔ QB01: qualifications reject fabricated authority member (156.693ms)
✔ QB02: scope qualification inventory rejects extra, omitted and conflicting records (543.5022ms)
✔ QB03: an identical qualification shared by granted claims merges exact claim/grant identities (381.8627ms)
✔ QB04: historical disclosures require exact preserved condition and gate set (592.2503ms)
✔ QB05: bounded advisory and REST scope require their exact disclosures (219.6467ms)
✔ QB06: unavailable scope retains known qualified history without inventing completeness (229.5783ms)
✔ QB07: unavailable history retains known disclosures but still validates supplied scope condition inventory (438.0702ms)
✔ QB08: both unavailable inventories retain locally valid known qualifications and defer missing inventory references (258.5322ms)
✔ PB01 immutable MO-1306 authority rejects false github execution promotion (90.3509ms)
✔ PB01 immutable MO-1306 authority rejects false gitlab execution promotion (104.6867ms)
✔ PB01 immutable MO-1306 authority rejects false jenkins execution promotion (113.6411ms)
✔ PB01 immutable MO-1306 authority rejects false azure execution promotion (92.2925ms)
✔ PB02: full GitHub hosted certification requires all four exact case facts (145.4086ms)
✔ PB03: provider labels cannot alias, substitute provider identity, or remove Generic certification unnoticed (357.7254ms)
✔ PB04: contract-only providers cannot claim SUPPORTED while not live certified (466.3541ms)
✔ PB05: known lower-minimum unsupported facts are retained for 2A blockers with no fabricated certification (59.0068ms)
✔ PB06: unavailable provider parents produce no fabricated provider observation (41.3036ms)
✔ PB07: independently reviewed validation and execution facts do not imply a universal certification ranking (35.1112ms)
✔ DB01: selection order does not affect projection bytes or mutate input, and outputs are detached (256.9579ms)
✔ DB02: semantic history and qualification set order remains frozen and rejects reordered arrays (304.941ms)
✔ LB01: history record count accepts 128 and rejects 129 without truncation (114.7258ms)
✔ LB02: assessment qualification union accepts 128 and rejects 129 across individually bounded claims (145.6964ms)
✔ LB03: exact original disposition length accepts 256 printable characters and rejects 257 (57.4401ms)
✔ IB01: complete independently pinned MO-1306 verifier retains exact history, provider state and qualifications (2359.8994ms)
✔ IB02: complete verifier rejects schema-valid rewritten or removed history despite fresh raw pins (1357.4418ms)
✔ IB03: complete verifier rejects all four MO-1306 execution promotions with unchanged reviewed grants (1125.4661ms)
✔ IB04: complete verifier uses dedicated qualification mismatch classification (326.0136ms)
✔ IB05: complete verifier uses dedicated history mismatch classification for PASS rewriting (64.3751ms)
✔ IB06: independently pinned source bytes and candidate context bind historical claims (164.0404ms)
✔ L01 authority byte admission includes the exact ceiling and rejects plus one before parse/copy (23.5007ms)
✔ L02 envelope byte ceiling is enforced in acquisition before snapshot copying (60.3072ms)
✔ L03 manifest claim admission is 64 envelopes, independent of the finite gate authority limit (21.3456ms)
✔ L04 grant representation admits 64 and rejects 65 without claiming all grants fit the closed profile (20.8258ms)
✔ L05 claim dependencies and every explicit dependency reference list admit 1024 and reject 1025 (104.3832ms)
✔ L06 root, grant and claim assumption sets admit 32 and reject 33 (13.6604ms)
✔ L07 history representation admits 128 immutable rows and rejects 129 (36.0953ms)
✔ L08 qualification representation admits 128 and rejects 129 without truncation (16.2984ms)
✔ L09 scope qualification/condition reference sets each enforce their exact 128 cap (10.8655ms)
✔ L10 source references admit 128 and authority source references admit 32 at their declared schemas (5.9992ms)
✔ L11 normalized authority and audit digest reference capacities are explicit, not generic INPUT errors (109.3298ms)
✔ L12 independent cap failures never fabricate a partial verified projection (17.0144ms)
✔ P2B projection and independent result evidence: could-not-evaluate (255.5825ms)
✔ P2B projection and independent result evidence: history-blocker-unavailable (215.7173ms)
✔ P2B projection and independent result evidence: informational-ready (180.2014ms)
✔ P2B projection and independent result evidence: metadata-only (192.5011ms)
✔ P2B projection and independent result evidence: mixed-precedence (178.5955ms)
✔ P2B projection and independent result evidence: mo1306-qualified (884.2186ms)
✔ P2B projection and independent result evidence: not-ready (165.9431ms)
✔ P2B projection and independent result evidence: post-tag-absent (180.3981ms)
✔ P2B projection and independent result evidence: post-tag-lightweight (175.473ms)
✔ P2B projection and independent result evidence: post-tag-ready (171.8302ms)
✔ P2B projection and independent result evidence: post-tag-wrong-target (190.7977ms)
✔ P2B projection and independent result evidence: pre-tag-present (196.9005ms)
✔ P2B projection and independent result evidence: qualified (177.1255ms)
✔ P2B projection and independent result evidence: ready (184.869ms)
✔ P2B projection and independent result evidence: rest-qualified (125.7692ms)
✔ P2B projection and independent result evidence: selective-reuse (178.1621ms)
✔ P2B verified snapshots detach and freeze every returned fact (82.7004ms)
✔ P2B metadata changes only raw proof binding and diagnostics (157.4081ms)
✔ P2B opaque bounded advisory timestamp has no age window or invented syntax (398.8925ms)
✔ P2B deterministic internal projection uses canonical records, not object insertion order (174.3147ms)
✔ P2B Freeze-mandated set ordering rejects permutations instead of normalizing signed identity (280.0904ms)
✔ P2B explicit reuse dispositions preserve unrelated dependency closure (100.1595ms)
✔ P2B independently reverified source mutation cannot hide behind result self-hashes (26.8409ms)
✔ P2B result evidence tamper: candidate (476.0676ms)
✔ P2B result evidence tamper: authorityIdentityDigest (476.6512ms)
✔ P2B result evidence tamper: qualification (525.3572ms)
✔ P2B result evidence tamper: history (497.66ms)
✔ P2B result evidence tamper: provider (446.0005ms)
✔ P2B result evidence tamper: graph (418.3623ms)
✔ P2B result evidence tamper: audit (410.4746ms)
✔ P2B result evidence tamper: gateBinding (414.2071ms)
✔ P2B proof material is exact frozen audit, independent of final readiness calculation (62.165ms)
✔ R01 raw source integrity precedes an earlier logical envelope coverage contradiction (51.862ms)
✔ R02 earlier validation phase precedes a smaller later-phase error exit (32.8138ms)
✔ R03 independent source corruption precedes current-candidate authority mismatch (32.6588ms)
✔ APIBOOT01 earlier malformed config dominates later oversized evidence (22.6929ms)
✔ APIBOOT02 config shape error dominates wrong authority pin in same phase (16.027ms)
✔ APIBOOT03 malformed config dominates oversized authority safely (8.0975ms)
✔ APIBOOT04 exact manifest ENVELOPE cap applied before bytes copy (12.687ms)
✔ APIBOOT05 exact manifest file set checked before copying unknown file (11.8084ms)
✔ APIBOOT06 snapshots remain detached and byte-identical (12.2315ms)
✔ APIBOOT07 TIMEOUT interruption dominates collected parse errors (0.8415ms)
✔ APIBOOT07 CANCELLED interruption dominates collected parse errors (0.3378ms)
✔ APIBOOT08 hostile typed-array byteLength override is never invoked (12.6055ms)
✔ C2C01 corrected limits leave all byte ceilings unchanged (1.0143ms)
✔ C2C02 every required observation has a canonical closed framed representation (8.1934ms)
✔ C2C03 old wire version missing session unknown fields and arbitrary operations reject (0.9119ms)
✔ C2C04 operation sequence and fixed output leaf authority are closed (1.4355ms)
✔ C2C05 bounded frames reject trailing requests responses and alternate session (0.6922ms)
✔ C2C06 complete acquisition then terminated worker then five publication requests (5.5998ms)
✔ C2C07 helper completion cannot substitute for fully quiescent exit (2.4042ms)
✔ C2C08 helper and worker overlap and repeated worker transition are terminal (4.7415ms)
✔ C2C09 verify remains four reads followed by worker and cannot publish (2.0766ms)
✔ C2C10 request failure abort and transport failure permit no retry (3.7682ms)
✔ C2C11 full component chains reject missing ancestors wrong paths reparse and hardlinks (1.2172ms)
✔ C2C12 acquisition parent cannot be reused after native identity change (1.6467ms)
✔ C2C13 path and cross-invocation session substitutions terminate assessment (1.8452ms)
✔ C2C14 capability branding root binding and single claim exclude substitution (6.7577ms)
✔ C2C15 unclaimed out-of-order or concurrent inspection cannot be retried (4.1775ms)
✔ C2C16 bridge requires exact transport fields and confirmed process quiescence (3.1702ms)
✔ C2C17 per-invocation deadline includes response parsing and process exit (0.8307ms)
✔ C2C18 aggregate helper budget cannot silently multiply with sequential invocations (1.3967ms)
✔ C2C19 overall CLI deadline and nonmonotonic clock fail without grace (1.8161ms)
✔ C2C20 framed publication performs exact five observations and one final rename (45.774ms)
✔ C2C21 cancellation after each publication inspection is terminal and retains incomplete attempt (84.926ms)
✔ C2C22 immediate pre-rename checkpoint blocks timeout after final native observation (25.7582ms)
✔ C2C23 final native pending identity comparison rejects stale replacement and retains bytes (25.3837ms)
✔ C2C24 mismatched branded capability and legacy callback cannot create an output root (3.5736ms)
✔ F01 publication status is an immutable operational snapshot before submission (45.4787ms)
✔ F02 timeout before submission prevents any rename and retains pending (23.5232ms)
✔ F03 cancellation before submission prevents rename and is terminal (22.5765ms)
✔ F04 actual admission checkpoint rejects a deadline reached after final native inspection (28.7284ms)
✔ F05 admitted delayed success remains unresolved at post-submission deadline (31.4999ms)
✔ F06 cancellation after submission is recorded without early cancellation or namespace cleanup (32.6143ms)
✔ F07 admitted failure after deadline resolves OUTPUT only after exact submitted operation settles (36.5302ms)
✔ F08 no second rename or token reuse while an admitted rename is outstanding (33.1913ms)
✔ F09 commit status changes only after successful actual rename and then preserves bytes (36.0179ms)
✔ F10 mandatory checkpoint overrun after settlement is operational metadata, not precommit TIMEOUT (31.4966ms)
✔ F11 postcommit deadline or cancellation prevents a success summary and retains committed final (79.1441ms)
✔ F12 normal verified commit permits transport while precommit and failed tokens do not (33.1466ms)
✔ F13 wrong interruption code and foreign token cannot create publication authority (29.2784ms)
✔ F14 changed pending bytes before admission prevent rename (26.4714ms)
✔ F15 existing final is retained and finalization never retries or chooses another basename (21.2108ms)
✔ F16 postcommit transport error cannot retract or reclassify committed final as partial (37.4119ms)
✔ F17 bounded invocation timers are allowed and destroyed after successful operation (3.5037ms)
✔ F18 timer lifetime policy detects a persistent cross-run scheduler (2.9182ms)
✔ F19 actual foundation finalization leaves no live timers across sequential invocations (51.8417ms)
✔ F20 failed and cancelled foundation calls leave no cross-run timers (35.7745ms)
✔ F21 failed read-only namespace verification retains committed output and clears its timer (27.4142ms)
✔ F22 read-only verification timeout is bounded and late handle completion only closes (2024.9721ms)
✔ F23 interruption recorded while pre-submission read is pending prevents later admission (25.4017ms)
✔ F24 the first observed pre-submission interruption remains terminal (24.5896ms)
✔ LP01 exact trusted Windows PowerShell 5.1 executable (1.3184ms)
✔ LP02 exact fixed argument ordering and Bypass value (1.0419ms)
✔ LP03 fixed packaged helper path from module location (0.1676ms)
✔ LP04 no encoded command, expression or shell authority (0.0972ms)
✔ LP05 caller object cannot supply executable, script or policy (0.127ms)
✔ LP06 launch specification and nested authority are immutable (0.3961ms)
✔ LP07 ambient PATH, system-root, policy and script poisons cannot select launch (0.3829ms)
✔ LP08 actual transport calls spawn with fixed array and sanitized environment (1.2257ms)
✔ LP09 CLI cannot select --script (0.5462ms)
✔ LP09 CLI cannot select --execution-policy (0.2055ms)
✔ LP09 CLI cannot select --powershell (0.1152ms)
✔ LP10 no persistent policy or registry mutation code is introduced (8.3838ms)
✔ LP11 public package exports cannot expose launch override (1.2603ms)
✔ NRT01 native CPU-bound worker is terminated at fixed 10000ms CLI evaluation deadline (7.8617ms)
✔ PTERM01 a rejected second staging terminally consumes publication (50.3546ms)
✔ PTERM02 premature finalization consumes token before later staging (12.6407ms)
✔ PCHAIN5-attributes all-field cross-slot stability rejects changed attributes (6.5269ms)
✔ PCHAIN5-byteLength all-field cross-slot stability rejects changed byteLength (10.3557ms)
✔ PCHAIN5-fileId all-field cross-slot stability rejects changed fileId (7.4279ms)
✔ PCHAIN5-finalPath all-field cross-slot stability rejects changed finalPath (10.6831ms)
✔ PCHAIN5-isDirectory all-field cross-slot stability rejects changed isDirectory (4.9011ms)
✔ PCHAIN5-linkCount all-field cross-slot stability rejects changed linkCount (4.7203ms)
✔ PCHAIN5-volumeSerial all-field cross-slot stability rejects changed volumeSerial (8.2114ms)
✔ PCHAIN6-attributes all-field cross-slot stability rejects changed attributes (10.3623ms)
✔ PCHAIN6-byteLength all-field cross-slot stability rejects changed byteLength (8.4784ms)
✔ PCHAIN6-fileId all-field cross-slot stability rejects changed fileId (8.3343ms)
✔ PCHAIN6-finalPath all-field cross-slot stability rejects changed finalPath (8.0821ms)
✔ PCHAIN6-isDirectory all-field cross-slot stability rejects changed isDirectory (8.0974ms)
✔ PCHAIN6-linkCount all-field cross-slot stability rejects changed linkCount (8.6117ms)
✔ PCHAIN6-volumeSerial all-field cross-slot stability rejects changed volumeSerial (9.1766ms)
✔ PCHAIN7-attributes all-field cross-slot stability rejects changed attributes (10.2217ms)
✔ PCHAIN7-byteLength all-field cross-slot stability rejects changed byteLength (12.1206ms)
✔ PCHAIN7-fileId all-field cross-slot stability rejects changed fileId (9.3664ms)
✔ PCHAIN7-finalPath all-field cross-slot stability rejects changed finalPath (9.6579ms)
✔ PCHAIN7-isDirectory all-field cross-slot stability rejects changed isDirectory (12.9813ms)
✔ PCHAIN7-linkCount all-field cross-slot stability rejects changed linkCount (13.3852ms)
✔ PCHAIN7-volumeSerial all-field cross-slot stability rejects changed volumeSerial (11.3522ms)
✔ PCHAIN8-attributes all-field cross-slot stability rejects changed attributes (16.372ms)
✔ PCHAIN8-byteLength all-field cross-slot stability rejects changed byteLength (19.751ms)
✔ PCHAIN8-fileId all-field cross-slot stability rejects changed fileId (24.7203ms)
✔ PCHAIN8-finalPath all-field cross-slot stability rejects changed finalPath (27.249ms)
✔ PCHAIN8-isDirectory all-field cross-slot stability rejects changed isDirectory (23.8603ms)
✔ PCHAIN8-linkCount all-field cross-slot stability rejects changed linkCount (16.9721ms)
✔ PCHAIN8-volumeSerial all-field cross-slot stability rejects changed volumeSerial (17.3842ms)
✔ PCHAIN9-attributes all-field cross-slot stability rejects changed attributes (25.9901ms)
✔ PCHAIN9-byteLength all-field cross-slot stability rejects changed byteLength (19.8026ms)
✔ PCHAIN9-fileId all-field cross-slot stability rejects changed fileId (19.685ms)
✔ PCHAIN9-finalPath all-field cross-slot stability rejects changed finalPath (23.5173ms)
✔ PCHAIN9-isDirectory all-field cross-slot stability rejects changed isDirectory (21.3731ms)
✔ PCHAIN9-linkCount all-field cross-slot stability rejects changed linkCount (17.0018ms)
✔ PCHAIN9-volumeSerial all-field cross-slot stability rejects changed volumeSerial (17.7584ms)
✔ PNEG01 pending native byteLength must equal staged detached bytes (16.4949ms)
✔ PNEG02 wrong root branded capability cannot mutate either destination (3.4066ms)
✔ PNEG03 foreign capability and legacy callback cannot create a directory (0.8175ms)
✔ PNEG04 foreign token never authorizes staging or finalization (0.5407ms)
✔ PNEG05 second capability claim terminates original token (9.0954ms)
✔ PNEG06 second finalization preserves committed exact file and cannot rename again (20.519ms)
✔ PNEG07 same-length changed pending bytes fail final reread before slot9 (17.4295ms)
✔ PNEG08 preexisting pending file is never overwritten and remains diagnostic evidence (12.5721ms)
✔ PNEG09 preexisting final file causes failure and remains byte-identical (16.634ms)
✔ PNEG10 existing output directory cannot be claimed or overwritten (4.7232ms)
✔ PNEG11-TIMEOUT immediate pre-rename checkpoint is terminal (18.9818ms)
✔ PNEG11-CANCELLED immediate pre-rename checkpoint is terminal (17.2237ms)
✔ PNEG12-before-write cancellation retains owned pending bytes without publishing (12.7962ms)
✔ PNEG12-after-write cancellation retains owned pending bytes without publishing (13.8487ms)
✔ PNEG13 in-flight staging cannot revive token after concurrent staging rejection (12.4316ms)
✔ PNEG14 wrong session from framed transport aborts sequence and cannot publish (7.7386ms)
✔ PDET01 staging snapshots caller bytes before async work (31.5195ms)
✔ PDET02 changing roots and assessment sessions does not alter exact published bytes (54.9746ms)
✔ PTERM03 concurrent rejection during final reread cannot launch slot9 (16.7513ms)
✔ PTERM04 concurrent rejection during pending close cannot launch slot8 (18.6633ms)
# QUEUED_CLI {"mode":"deadline","scope":"ACTUAL_QUEUED_RENAME_AND_CLI_WITH_SYNTHETIC_IDENTITY_FRAMES","requests":1,"engineeringClock":"Monotonic elapsed-time offset at slot 8; original CLI absolute deadline has 100ms remaining, no budget restart.","finiteJobs":4,"observation":{"elapsedMs":385.32399999999996,"settled":false,"snapshot":{"kind":"cli","deadline":30098.0682,"helpers":0,"workers":1,"helperUsedMs":0,"activeRole":null,"cleanupConfirmed":false,"publication":{"phase":"COMMIT_IN_PROGRESS","admitted":true,"deadlineExpiredAfterAdmission":true,"cancelledAfterAdmission":true,"namespaceVerified":false,"dispositionDeadline":null},"terminalCode":null,"terminalAt":null,"cleanupDeadline":null,"events":[{"type":"start","at":185.9201,"role":"worker","deadline":10185.8284,"ordinal":1},{"type":"observation","at":187.7542,"role":"worker","threadId":1,"resourceLimits":{"maxYoungGenerationSizeMb":16,"maxOldGenerationSizeMb":128,"codeRangeSizeMb":-1,"stackSizeMb":4}},{"type":"quiescent","at":302.7677,"role":"worker","ordinal":1},{"type":"publication-interruption","at":30104.121400000004,"code":"MO1307_TIMEOUT","phase":"COMMIT_IN_PROGRESS"},{"type":"publication-interruption","at":30156.139300000003,"code":"MO1307_CANCELLED","phase":"COMMIT_IN_PROGRESS"}]},"finalPresent":false,"pendingPresent":true,"stdoutBytes":0},"elapsedMs":1616.6061,"snapshot":{"kind":"cli","deadline":30098.0682,"helpers":0,"workers":1,"helperUsedMs":0,"activeRole":null,"cleanupConfirmed":true,"publication":{"phase":"COMMITTED","admitted":true,"deadlineExpiredAfterAdmission":true,"cancelledAfterAdmission":true,"namespaceVerified":true,"dispositionDeadline":3657.7898},"terminalCode":"MO1307_OUTPUT","terminalAt":31332.402100000003,"cleanupDeadline":3657.7898,"events":[{"type":"start","at":185.9201,"role":"worker","deadline":10185.8284,"ordinal":1},{"type":"observation","at":187.7542,"role":"worker","threadId":1,"resourceLimits":{"maxYoungGenerationSizeMb":16,"maxOldGenerationSizeMb":128,"codeRangeSizeMb":-1,"stackSizeMb":4}},{"type":"quiescent","at":302.7677,"role":"worker","ordinal":1},{"type":"publication-interruption","at":30104.121400000004,"code":"MO1307_TIMEOUT","phase":"COMMIT_IN_PROGRESS"},{"type":"publication-interruption","at":30156.139300000003,"code":"MO1307_CANCELLED","phase":"COMMIT_IN_PROGRESS"},{"type":"terminal","at":31332.4334,"code":"MO1307_OUTPUT","stage":"PUBLICATION"}]},"failure":"MO1307_OUTPUT","exitCode":21,"stdoutBytes":0,"failureCleanupDeadline":3657.7898}
✔ FCLI actual queued rename awaits settlement after deadline (1632.7913ms)
# QUEUED_CLI {"mode":"cancellation","scope":"ACTUAL_QUEUED_RENAME_AND_CLI_WITH_SYNTHETIC_IDENTITY_FRAMES","requests":1,"engineeringClock":"Real monotonic clock","finiteJobs":4,"observation":{"elapsedMs":305.5217,"settled":false,"snapshot":{"kind":"cli","deadline":31726.727,"helpers":0,"workers":1,"helperUsedMs":0,"activeRole":null,"cleanupConfirmed":false,"publication":{"phase":"COMMIT_IN_PROGRESS","admitted":true,"deadlineExpiredAfterAdmission":false,"cancelledAfterAdmission":true,"namespaceVerified":false,"dispositionDeadline":null},"terminalCode":null,"terminalAt":null,"cleanupDeadline":null,"events":[{"type":"start","at":1790.7572,"role":"worker","deadline":11790.7274,"ordinal":1},{"type":"observation","at":1791.5718,"role":"worker","threadId":2,"resourceLimits":{"maxYoungGenerationSizeMb":16,"maxOldGenerationSizeMb":128,"codeRangeSizeMb":-1,"stackSizeMb":4}},{"type":"quiescent","at":1952.7083,"role":"worker","ordinal":1},{"type":"publication-interruption","at":2032.0455,"code":"MO1307_CANCELLED","phase":"COMMIT_IN_PROGRESS"}]},"finalPresent":false,"pendingPresent":true,"stdoutBytes":0},"elapsedMs":2221.8433000000005,"snapshot":{"kind":"cli","deadline":31726.727,"helpers":0,"workers":1,"helperUsedMs":0,"activeRole":null,"cleanupConfirmed":true,"publication":{"phase":"COMMITTED","admitted":true,"deadlineExpiredAfterAdmission":false,"cancelledAfterAdmission":true,"namespaceVerified":true,"dispositionDeadline":5860.3074},"terminalCode":"MO1307_OUTPUT","terminalAt":3862.7665,"cleanupDeadline":5860.3074,"events":[{"type":"start","at":1790.7572,"role":"worker","deadline":11790.7274,"ordinal":1},{"type":"observation","at":1791.5718,"role":"worker","threadId":2,"resourceLimits":{"maxYoungGenerationSizeMb":16,"maxOldGenerationSizeMb":128,"codeRangeSizeMb":-1,"stackSizeMb":4}},{"type":"quiescent","at":1952.7083,"role":"worker","ordinal":1},{"type":"publication-interruption","at":2032.0455,"code":"MO1307_CANCELLED","phase":"COMMIT_IN_PROGRESS"},{"type":"terminal","at":3862.8079,"code":"MO1307_OUTPUT","stage":"PUBLICATION"}]},"failure":"MO1307_OUTPUT","exitCode":21,"stdoutBytes":0,"failureCleanupDeadline":5860.3074}
✔ FCLI actual queued rename awaits settlement after cancellation (2230.7891ms)
✔ PWAIT terminal cancellation prevents late advancement after mkdir (83.1127ms)
✔ PWAIT terminal cancellation prevents late advancement after sync (84.5651ms)
✔ PWAIT terminal cancellation prevents late advancement after final-open (96.8506ms)
# STDOUT_DISPOSITION {"mode":"timeout","delivered":353,"snapshot":{"kind":"cli","deadline":34239.6215,"helpers":0,"workers":1,"helperUsedMs":0,"activeRole":null,"cleanupConfirmed":true,"publication":{"phase":"COMMITTED","admitted":true,"deadlineExpiredAfterAdmission":true,"cancelledAfterAdmission":false,"namespaceVerified":true,"dispositionDeadline":6569.4078},"terminalCode":"MO1307_OUTPUT","terminalAt":34240.785,"cleanupDeadline":36240.785,"events":[{"type":"start","at":4345.4459,"role":"worker","deadline":14345.382300000001,"ordinal":1},{"type":"observation","at":4346.5727,"role":"worker","threadId":3,"resourceLimits":{"maxYoungGenerationSizeMb":16,"maxOldGenerationSizeMb":128,"codeRangeSizeMb":-1,"stackSizeMb":4}},{"type":"quiescent","at":4536.3186,"role":"worker","ordinal":1},{"type":"publication-transport","at":4570.9577},{"type":"publication-interruption","at":34240.7041,"code":"MO1307_TIMEOUT","phase":"COMMITTED"},{"type":"terminal","at":34240.802500000005,"code":"MO1307_OUTPUT","stage":"PUBLICATION"}]}}
✔ FCLI post-commit stalled stdout timeout retains final and one transport allowance (398.7534ms)
# STDOUT_DISPOSITION {"mode":"cancellation","delivered":353,"snapshot":{"kind":"cli","deadline":34625.3394,"helpers":0,"workers":1,"helperUsedMs":0,"activeRole":null,"cleanupConfirmed":true,"publication":{"phase":"COMMITTED","admitted":true,"deadlineExpiredAfterAdmission":false,"cancelledAfterAdmission":true,"namespaceVerified":true,"dispositionDeadline":6921.6961},"terminalCode":"MO1307_OUTPUT","terminalAt":4965.3727,"cleanupDeadline":6965.3727,"events":[{"type":"start","at":4699.2323,"role":"worker","deadline":14699.1917,"ordinal":1},{"type":"observation","at":4700.4615,"role":"worker","threadId":4,"resourceLimits":{"maxYoungGenerationSizeMb":16,"maxOldGenerationSizeMb":128,"codeRangeSizeMb":-1,"stackSizeMb":4}},{"type":"quiescent","at":4880.0111,"role":"worker","ordinal":1},{"type":"publication-transport","at":4922.5171},{"type":"publication-interruption","at":4965.2782,"code":"MO1307_CANCELLED","phase":"COMMITTED"},{"type":"terminal","at":4965.3917,"code":"MO1307_OUTPUT","stage":"PUBLICATION"}]}}
✔ FCLI post-commit stalled stdout cancellation retains final and one transport allowance (349.6303ms)
✔ R01 api exact absolute deadline and equality (3.0154ms)
✔ R01 cli exact absolute deadline and equality (0.36ms)
✔ R02 earlier cancellation stays terminal after deadline (0.3587ms)
✔ R03 timeout wins simultaneous first cancellation observation (0.3426ms)
✔ R04 preaborted signal prevents any launch (0.7399ms)
✔ R05 monotonic decreasing clock rejects (0.3763ms)
✔ R06 API cannot launch helper (0.3734ms)
✔ R07 helper deadline includes all active time; equality rejects (0.78ms)
✔ R08 aggregate deadline does not reset across helpers (0.8238ms)
✔ R09 worker time is excluded from helper aggregate but inside overall (0.4788ms)
✔ R10 helper overlap is terminal and cleans prior owned role (0.5391ms)
✔ R11 helper and worker cannot overlap (0.506ms)
✔ R12 frame alone cannot advance before actual close (60.3758ms)
✔ R13 launch uses only fixed executable/script/environment and no shell (1.9941ms)
✔ R14 helper trailing byte fails closed (2.9567ms)
✔ R14 helper extra frame fails closed (9.1917ms)
✔ R14 helper debug stdout fails closed (2.3183ms)
✔ R14 helper truncated frame fails closed (15.5772ms)
✔ R14 helper oversized prefix fails closed (1.8926ms)
✔ R14 helper stderr overflow fails closed (1.4104ms)
✔ R14 helper nonzero exit fails closed (12.8771ms)
✔ R15 cancellation in launch terminates and ignores later valid frame (3.9668ms)
✔ R16 cancellation during transport cleans child (12.0255ms)
✔ R17 fixed actual worker has empty environment and exact heap intent (57.5301ms)
✔ R18 successful worker result waits for termination (143.9416ms)
✔ R19 actual worker crash fails closed (50.5098ms)
✔ R19 actual worker duplicate fails closed (42.276ms)
✔ R19 actual worker stdout fails closed (42.4438ms)
✔ R20 cancellation actually terminates CPU-bound worker thread (48.2906ms)
✔ R21 production worker executes accepted 2A/2B and confirms quiescence (326.1398ms)
✔ R22 adapter matches closed 2A handoff; operational/session fields excluded (0.3273ms)
✔ R23 verify evidence seam excludes result and decision bytes (0.1923ms)
✔ R24 malformed decision uses dedicated mismatch, cap uses resource (0.4116ms)
✔ R25 actual worker policy denies filesystem/network/process/module escape imports (92.2445ms)
✔ R26 cancellation preempts pending publication promise without another role (0.8937ms)
✔ R27 late publication promise cannot restore terminal success (0.3232ms)
✔ SUP01 post-rename TIMEOUT returns OUTPUT and retains exact committed result (220.7189ms)
✔ SUP01 post-rename CANCELLED returns OUTPUT and retains exact committed result (173.1383ms)
✔ SUP02 verify stdout backpressure times out without product filesystem changes (179.0294ms)
✔ SUP03 input root identity change between helper slots fails closed (22.455ms)
✔ SUP04 physical file alias across bootstrap slots is rejected despite distinct paths (19.366ms)
✔ SUP05 malformed external decision rejects without stdout or changes (231.9131ms)
✔ SUP06 wrong external decision proof binding rejects (208.1358ms)
✔ SUP07 contrary APPROVE preserves not-ready and reports unverified authenticity (228.2766ms)
✔ SUP07 contrary APPROVE preserves could-not-evaluate and reports unverified authenticity (243.0787ms)
✔ SUP08 slot4 output inspection ERROR maps to frozen OUTPUT before worker (47.3603ms)
✔ SURFACE evaluate nine slots exact bytes/summary/exit ready (252.4497ms)
✔ SURFACE evaluate nine slots exact bytes/summary/exit qualified (211.6892ms)
✔ SURFACE evaluate nine slots exact bytes/summary/exit not-ready (202.0258ms)
✔ SURFACE evaluate nine slots exact bytes/summary/exit could-not-evaluate (213.2683ms)
✔ SURFACE verify four slots exit0 no writes (188.2001ms)
✔ SURFACE decision transport downstream and authenticity retained (236.8467ms)
✔ SURFACE verify altered supplied result rejects before stdout (230.0655ms)
✔ SURFACE tag observations transported as original bytes without Git (109.244ms)
✔ SURFACE determinism across random sessions and output roots (434.1139ms)
✔ SURFACE complete text output (255.2975ms)
✔ SURFACE post-rename stdout failure returns OUTPUT retains committed result (232.0049ms)
✔ SURFACE cancellation before worker no directory publication (58.4756ms)
✔ SURFACE cancellation before final inspection retains pending (207.1933ms)
✔ SURFACE 2B to 2A adapter selects exact handoff fields (0.366ms)
✔ API admission wrong argument (0.6426ms)
✔ API admission shared array (8.7708ms)
✔ API admission duplicate file ID (11.6159ms)
✔ API admission oversized candidate (7.6708ms)
✔ API admission unknown property (0.2384ms)
✔ API admission wrong pin (0.1557ms)
✔ API snapshots all bytes before asynchronous work (12.2454ms)
✔ API caller mutation after entry cannot affect worker (314.7331ms)
✔ API missing declared file rejects (11.9205ms)
✔ API abort before entry is terminal (0.4092ms)
✔ API abort during worker terminates (20.4835ms)
✔ API public evaluate and verify execute accepted integrated semantics (688.9764ms)
✔ CLI dispatch "" (0.6428ms)
✔ CLI dispatch "unknown" (0.1122ms)
✔ CLI dispatch "constructor" (0.0981ms)
✔ CLI dispatch "toString" (0.0672ms)
✔ CLI dispatch "__proto__" (0.0924ms)
✔ CLI dispatch "Evaluate" (0.0652ms)
✔ CLI negative missing command (0.1094ms)
✔ CLI negative missing flag (0.1059ms)
✔ CLI negative duplicate flag (0.0705ms)
✔ CLI negative unknown flag (0.0682ms)
✔ CLI negative unsafe path (0.3718ms)
✔ CLI negative overlong argument (0.1317ms)
# TIMER_WITNESS [{"name":"success-a","observedTimers":5,"remainingTimers":0,"serverOrWatcherResources":0,"callbacksAfterSettlement":0,"outcome":"COMMITTED","activeRole":null},{"name":"write-failure","observedTimers":4,"remainingTimers":0,"serverOrWatcherResources":0,"callbacksAfterSettlement":0,"outcome":"MO1307_OUTPUT","activeRole":null},{"name":"write-cancellation","observedTimers":4,"remainingTimers":0,"serverOrWatcherResources":0,"callbacksAfterSettlement":0,"outcome":"MO1307_CANCELLED","activeRole":null},{"name":"rename-failure","observedTimers":6,"remainingTimers":0,"serverOrWatcherResources":0,"callbacksAfterSettlement":0,"outcome":"MO1307_OUTPUT","activeRole":null},{"name":"post-admission-cancellation","observedTimers":6,"remainingTimers":0,"serverOrWatcherResources":0,"callbacksAfterSettlement":0,"outcome":"MO1307_OUTPUT","activeRole":null},{"name":"stalled-write-cancellation","observedTimers":3,"remainingTimers":0,"serverOrWatcherResources":0,"callbacksAfterSettlement":0,"outcome":"MO1307_CANCELLED","activeRole":null},{"name":"success-b","observedTimers":5,"remainingTimers":0,"serverOrWatcherResources":0,"callbacksAfterSettlement":0,"outcome":"COMMITTED","activeRole":null}]
✔ N24-C invocation timers clear after success, write/rename failure and pre/post-admission cancellation including a stalled write; no server, watcher or cross-run callbacks (428.6279ms)
✔ D01 actual integrated evaluation and independent verify: could-not-evaluate (471.5449ms)
✔ D01 actual integrated evaluation and independent verify: history-blocker-unavailable (400.2485ms)
✔ D01 actual integrated evaluation and independent verify: informational-ready (483.4066ms)
✔ D01 actual integrated evaluation and independent verify: metadata-only (438.1871ms)
✔ D01 actual integrated evaluation and independent verify: mixed-precedence (423.7031ms)
✔ D01 actual integrated evaluation and independent verify: mo1306-qualified (2435.0638ms)
✔ D01 actual integrated evaluation and independent verify: not-ready (462.1609ms)
✔ D01 actual integrated evaluation and independent verify: post-tag-absent (531.9459ms)
✔ D01 actual integrated evaluation and independent verify: post-tag-lightweight (509.0066ms)
✔ D01 actual integrated evaluation and independent verify: post-tag-ready (474.9472ms)
✔ D01 actual integrated evaluation and independent verify: post-tag-wrong-target (459.8448ms)
✔ D01 actual integrated evaluation and independent verify: pre-tag-present (429.2898ms)
✔ D01 actual integrated evaluation and independent verify: qualified (470.726ms)
✔ D01 actual integrated evaluation and independent verify: ready (444.1949ms)
✔ D01 actual integrated evaluation and independent verify: rest-qualified (356.2937ms)
✔ D01 actual integrated evaluation and independent verify: selective-reuse (466.9565ms)
✔ D02 all four states and blocker-over-CNE precedence survive the actual pipeline (546.3439ms)
✔ D03 adapter has exactly the accepted closed fields and never uses diagnostics as authority (194.4384ms)
✔ D04 MO1306 all nineteen source rows and twelve negative projections remain exact (587.94ms)
✔ D05 MO1306 provider axes and ten disclosures retain their exact released limitations (556.2538ms)
✔ D06 MO1306 raw configuration lineage survives integration and original omission still rejects (303.6885ms)
✔ D07 verified historical applicability blocks an unavailable mandatory gate without erasing CNE (105.2875ms)
✔ D08 REST authority remains separate with mandatory same-host qualification and no providers (97.5819ms)
✔ D09 human decision binding is downstream and never changes readiness: ready/APPROVE (252.5422ms)
✔ D09 human decision binding is downstream and never changes readiness: ready/REJECT (286.8263ms)
✔ D09 human decision binding is downstream and never changes readiness: ready/DEFER (285.8981ms)
✔ D09 human decision binding is downstream and never changes readiness: qualified/APPROVE (289.2622ms)
✔ D09 human decision binding is downstream and never changes readiness: not-ready/APPROVE (328.803ms)
✔ D10 mismatched human decision rejects: candidateDigest (271.6097ms)
✔ D10 mismatched human decision rejects: readinessDigest (290.341ms)
✔ D10 mismatched human decision rejects: proofBindingDigest (287.935ms)
✔ D11 tag-stage facts yield exact mandatory blockers and never execute Git (771.0136ms)
✔ D12 integrated operational failure remains an error: candidate substitution (7.3272ms)
✔ D12 integrated operational failure remains an error: trust-root mismatch (7.1231ms)
✔ D12 integrated operational failure remains an error: raw-source tamper (27.0555ms)
✔ D12 integrated operational failure remains an error: claim tamper under an old grant (56.4937ms)
✔ D12 integrated operational failure remains an error: grant substitution (55.5662ms)
✔ D12 integrated operational failure remains an error: stale dependency (58.0019ms)
✔ D12 integrated operational failure remains an error: history rewrite with intact grant (292.8474ms)
✔ D12 integrated operational failure remains an error: history PASS fabrication (413.0745ms)
✔ D12 integrated operational failure remains an error: qualification omission (133.0591ms)
✔ D12 integrated operational failure remains an error: provider false hosted promotion (562.1569ms)
✔ D12 integrated operational failure remains an error: dangling authority reference (57.9523ms)
✔ D12 integrated operational failure remains an error: profile substitution (13.3146ms)
✔ D12 integrated operational failure remains an error: path traversal rejected by the frozen manifest schema (17.2737ms)
✔ D13 result verification independently rechecks original raw bytes before trusting a valid result (38.3141ms)
✔ D14 self-consistent changed readiness passes evidence-only support but fails integrated recomputation (288.0927ms)
✔ D15 supplied result digest tamper rejects: readinessDigest (131.8813ms)
✔ D15 supplied result digest tamper rejects: proofBindingDigest (116.7201ms)
✔ D16 self-consistent result history or qualification omission cannot hide behind repaired hashes (1423.905ms)
✔ D17 derived graph is candidate-rooted, authority-rooted, closed and bounded (889.0552ms)
✔ D18 no supplied cyclic or dangling graph can replace independently derived evidence (242.6034ms)
✔ D19 repeated calls and nonsemantic object/map insertion order preserve exact normative bytes (460.1419ms)
✔ D20 signed set ordering is preserved rather than silently normalized during integration (32.824ms)
✔ D21 metadata affects exact proof audit while leaving all readiness semantics byte-identical (229.1302ms)
✔ D22 selective reuse stays explicit and relevant changes fail before readiness computation (160.2608ms)
✔ D23 evidenceInput strips only known verification transport fields and adds no authority (9.517ms)
✔ D24 integrated preflight preserves accepted authority-before-semantic error priority (148.9116ms)
ℹ tests 639
ℹ suites 0
ℹ pass 639
ℹ fail 0
ℹ cancelled 0
ℹ skipped 0
ℹ todo 0
ℹ duration_ms 166947.5133
