✔ runtime closure manifest and identities reproduce the frozen independent digests (83.6245ms)
✔ verifier copies exact bytes into a disposable private immutable snapshot (342.1208ms)
▶ closed runtime verifier rejects missing, unexpected, traversal, and symbolic members
  ✔ missing (90.1884ms)
  ✔ unexpected (89.3279ms)
  ✔ traversal manifest mutation (0.9246ms)
  ✔ duplicate normalized manifest path (1.1066ms)
  ✔ non-normalized manifest path (1.2493ms)
  ✔ symbolic leaf where supported (93.2487ms)
✔ closed runtime verifier rejects missing, unexpected, traversal, and symbolic members (277.666ms)
▶ secure input snapshots enforce below, exact, and first-byte-above measured limits
  ✔ policy (18.5339ms)
  ✔ policySet (19.1999ms)
  ✔ candidateMip (23.1555ms)
✔ secure input snapshots enforce below, exact, and first-byte-above measured limits (61.7619ms)
ℹ policy exact snapshot RSS delta=16384 bytes; fixed copy buffer=65536
ℹ policySet exact snapshot RSS delta=65536 bytes; fixed copy buffer=65536
ℹ candidateMip exact snapshot RSS delta=4096 bytes; fixed copy buffer=65536
✔ verification inputs use the frozen normative outcome ceiling without creating a transport limit (30.0918ms)
✔ input snapshots reject unsupported authorities and close acquire/dispose races (19.3074ms)
✔ opaque operation capability confines every CLI path to fixed private roles (36.0785ms)
✔ actual worker enforces exact stdout/stderr bounds and persists caught overflow (214.3223ms)
✔ actual worker disables stdin and treats crashes as adapter failures (41.6897ms)
▶ actual worker enforces the closed bounded worker request
  ✔ extra request member (35.0601ms)
  ✔ relative module path (35.9219ms)
  ✔ oversized argument (37.2787ms)
  ✔ too many arguments (46.0532ms)
  ✔ oversized encoded request (43.2627ms)
✔ actual worker enforces the closed bounded worker request (238.3183ms)
▶ actual worker rejects caught direct process output as an output-contract violation
  ✔ stdout (41.6988ms)
  ✔ stderr (40.6608ms)
  ✔ console (43.8472ms)
✔ actual worker rejects caught direct process output as an output-contract violation (127.2245ms)
✔ adapter preflight succeeds, rejects concurrency, and executes only through workers (347.007ms)
✔ adapter cancellation hard-terminates a worker and dispose waits for the operation (168.2091ms)
✔ adapter rejects out-of-band worker output immediately and terminates a non-reporting worker (184.737ms)
✔ adapter rejects out-of-band output even when a worker also posts a valid result (196.2026ms)
✔ adapter terminates a worker after its single result message (217.4013ms)
✔ MemoryOS stable CLI codes pass through without becoming adapter decisions (296.2876ms)
▶ adapter rejects malformed envelopes and enforces command-aware exit binding
  ✔ exact digest success shape (270.142ms)
  ✔ empty digest result (255.0699ms)
  ✔ wrong digest artifact kind (270.4493ms)
  ✔ malformed digest (264.483ms)
  ✔ extra digest member (336.9961ms)
  ✔ undefined worker message is a closed worker failure (274.9201ms)
  ✔ worker failure with extra member (293.1542ms)
  ✔ worker failure with non-string message (259.4649ms)
  ✔ malformed JSON (308.6537ms)
  ✔ non-evaluation success with nonzero exit (301.6497ms)
  ✔ error envelope exit mismatch (264.4591ms)
  ✔ FAIL decision uses frozen exit 6 (318.7447ms)
  ✔ evaluation decision/exit mismatch (293.6755ms)
  ✔ evaluation rejects an extra success member (305.1338ms)
  ✔ exact identity-verification success shape (329.1136ms)
  ✔ identity verification rejects wrong scope and false success (265.2533ms)
  ✔ exact outcome-verification success shape (310.9335ms)
  ✔ outcome verification rejects missing and unexpected members (303.5844ms)
✔ adapter rejects malformed envelopes and enforces command-aware exit binding (5261.9878ms)
✔ postflight mismatch blocks completion and invalidates the cached snapshot (502.6841ms)
ℹ tests 54
ℹ suites 0
ℹ pass 54
ℹ fail 0
ℹ cancelled 0
ℹ skipped 0
ℹ todo 0
ℹ duration_ms 11259.4751
